Configuration 'ffmpegConfig' was resolved during configuration time.
This is a build performance and scalability issue.
See https://github.com/gradle/gradle/issues/2298
Run with --info for a stacktrace.
> Task :app:checkKotlinGradlePluginConfigurationErrors SKIPPED
> Task :app:extractFFmpegJni UP-TO-DATE
> Task :app:preBuild UP-TO-DATE
> Task :app:preDebugBuild UP-TO-DATE
> Task :app:checkDebugAarMetadata UP-TO-DATE
> Task :app:processDebugNavigationResources UP-TO-DATE
> Task :app:compileDebugNavigationResources UP-TO-DATE
> Task :app:generateDebugResValues UP-TO-DATE
> Task :app:mapDebugSourceSetPaths UP-TO-DATE
> Task :app:generateDebugResources UP-TO-DATE
> Task :app:mergeDebugResources UP-TO-DATE
> Task :app:packageDebugResources UP-TO-DATE
> Task :app:parseDebugLocalResources UP-TO-DATE
> Task :app:createDebugCompatibleScreenManifests UP-TO-DATE
> Task :app:extractDeepLinksDebug UP-TO-DATE
> Task :app:processDebugMainManifest
> Task :app:processDebugManifest
> Task :app:processDebugManifestForPackage
> Task :app:processDebugResources

> Task :app:compileDebugKotlin FAILED
.\gradlew.bat : e: file:///C
:/Android/DevsonPlayer/app/s
rc/main/java/com/devson/devs
onplayer/ui/PlayerScreen.kt:
90:45 Unresolved reference '
WindowInsetsControllerCompat
'.
At line:1 char:1
+ .\gradlew.bat 
:app:compileDebugKotlin > 
build_error.log 2>&1; cat 
bui ...
+ ~~~~~~~~~~~~~~~~~~~~~~~~~~
~~~~~~~~~~~~~~~~~~~~~~~~~~~~
~~~~~~
    + CategoryInfo          
    : NotSpecified: (e: fi  
  le:///C:/A...trollerCom   
 pat'.:String) [], Remot    
eException
    + FullyQualifiedErrorId 
    : NativeCommandError
 
e: file:///C:/Android/Devson
Player/app/src/main/java/com
/devson/devsonplayer/ui/Vide
oListScreen.kt:80:13 This 
material API is 
experimental and is likely 
to change or to be removed 
in the future.
e: file:///C:/Android/Devson
Player/app/src/main/java/com
/devson/devsonplayer/ui/Vide
oListScreen.kt:88:26 This 
material API is 
experimental and is likely 
to change or to be removed 
in the future.
e: file:///C:/Android/Devson
Player/app/src/main/java/com
/devson/devsonplayer/ui/Vide
oListScreen.kt:88:44 This 
material API is 
experimental and is likely 
to change or to be removed 
in the future.

FAILURE: Build failed with 
an exception.

* What went wrong:
Execution failed for task 
':app:compileDebugKotlin'.
> A failure occurred while 
executing org.jetbrains.kotl
in.compilerRunner.GradleComp
ilerRunnerWithWorkers$Gradle
KotlinCompilerWorkAction
   > Compilation error. See 
log for more details

* Try:
> Run with --stacktrace 
option to get the stack 
trace.
> Run with --info or 
--debug option to get more 
log output.
> Run with --scan to get 
full insights.
> Get more help at 
https://help.gradle.org.

BUILD FAILED in 8s
17 actionable tasks: 5 executed, 12 up-to-date
