2026-03-16 18:32:49.159 14912-18100 gralloc4                com.devson.devsonplayer              I  @set_metadata: update dataspace from GM (0x00000000 -> 0x10010000)
2026-03-16 18:32:49.178 14912-18114 PipelineWatcher         com.devson.devsonplayer              D  [0xb400006f7da9b680] pipelineFull: too many frames in pipeline (6)
2026-03-16 18:32:49.209 14912-14912 OplusScrollToTopManager com.devson.devsonplayer              D  com.devson.devsonplayer/com.devson.devsonplayer.MainActivity,This DecorView@c803f57[MainActivity] change focus to true
2026-03-16 18:32:49.210 14912-18100 gralloc4                com.devson.devsonplayer              I  @set_metadata: update dataspace from GM (0x00000000 -> 0x10010000)
2026-03-16 18:32:49.240 14912-18100 gralloc4                com.devson.devsonplayer              I  @set_metadata: update dataspace from GM (0x00000000 -> 0x10010000)
2026-03-16 18:32:49.289 14912-14912 OplusScrollToTopManager com.devson.devsonplayer              D  com.devson.devsonplayer/com.devson.devsonplayer.MainActivity,window dying
2026-03-16 18:32:49.290 14912-14912 OplusScrollToTopManager com.devson.devsonplayer              D  com.devson.devsonplayer/com.devson.devsonplayer.MainActivity,unregisterSystemUIBroadcastReceiver 
2026-03-16 18:32:49.290 14912-14912 OplusScrollToTopManager com.devson.devsonplayer              D  com.devson.devsonplayer/com.devson.devsonplayer.MainActivity, unregisterSystemUIBroadcastReceiver failed java.lang.IllegalArgumentException: Receiver not registered: android.view.OplusScrollToTopManager$2@903e949
2026-03-16 18:32:49.292 14912-18100 gralloc4                com.devson.devsonplayer              I  @set_metadata: update dataspace from GM (0x00000000 -> 0x10010000)
2026-03-16 18:32:49.303 14912-14912 ZoomWindowDecorView     com.devson.devsonplayer              V  removeZoomView
2026-03-16 18:32:49.304 14912-14912 OpenGLRenderer          com.devson.devsonplayer              D  RenderProxy::destroy: this=0xb400006f0fa5f400, mContext=0xb400006ee60811c0
2026-03-16 18:32:49.304 14912-15146 OpenGLRenderer          com.devson.devsonplayer              D  SkiaOpenGLPipeline::setSurface: this=0xb400006f0fbc5d00, surface=NULL
2026-03-16 18:32:49.306 14912-14912 BLASTBufferQueue        com.devson.devsonplayer              D  [VRI[MainActivity]#6](f:0,a:1) destructor()
2026-03-16 18:32:49.306 14912-14912 BufferQueueConsumer     com.devson.devsonplayer              D  [VRI[MainActivity]#6(BLAST Consumer)6](id:3a4000000008,api:0,p:-1,c:14912) disconnect
2026-03-16 18:32:49.323 14912-18100 gralloc4                com.devson.devsonplayer              I  @set_metadata: update dataspace from GM (0x00000000 -> 0x10010000)
2026-03-16 18:32:49.333 14912-14912 Quality                 com.devson.devsonplayer              I  Skipped: false 2 cost 34.395638 refreshRate 16706446 bit true processName com.devson.devsonplayer
2026-03-16 18:32:49.358 14912-14912 VRI[MainActivity]       com.devson.devsonplayer              D  onFocusEvent true
2026-03-16 18:32:49.374 14912-18100 gralloc4                com.devson.devsonplayer              I  @set_metadata: update dataspace from GM (0x00000000 -> 0x10010000)
2026-03-16 18:32:49.404 14912-18100 gralloc4                com.devson.devsonplayer              I  @set_metadata: update dataspace from GM (0x00000000 -> 0x10010000)
2026-03-16 18:32:49.451 14912-14912 Quality                 com.devson.devsonplayer              I  Skipped: true 1 cost 19.044115 refreshRate 16689660 bit true processName com.devson.devsonplayer
2026-03-16 18:32:49.455 14912-18100 gralloc4                com.devson.devsonplayer              I  @set_metadata: update dataspace from GM (0x00000000 -> 0x10010000)
2026-03-16 18:32:49.497 14912-18100 gralloc4                com.devson.devsonplayer              I  @set_metadata: update dataspace from GM (0x00000000 -> 0x10010000)
2026-03-16 18:32:49.515 14912-15269 PipelineWatcher         com.devson.devsonplayer              D  [0xb400006f7da9b680] pipelineFull: too many frames in pipeline (6)
2026-03-16 18:32:49.515 14912-18114 PipelineWatcher         com.devson.devsonplayer              D  [0xb400006f7da9b680] pipelineFull: too many frames in pipeline (6)
2026-03-16 18:32:49.536 14912-18100 gralloc4                com.devson.devsonplayer              I  @set_metadata: update dataspace from GM (0x00000000 -> 0x10010000)
2026-03-16 18:32:49.577 14912-18100 gralloc4                com.devson.devsonplayer              I  @set_metadata: update dataspace from GM (0x00000000 -> 0x10010000)
2026-03-16 18:32:49.625 14912-18101 OplusFeedbackInfo       com.devson.devsonplayer              I  0xb400006f0fa3ac00 c2.mtk.avc.decoder 1280x692 inputFps=24 outputFps=24 renderFps=23, discardFps=0
2026-03-16 18:32:49.628 14912-18100 gralloc4                com.devson.devsonplayer              I  @set_metadata: update dataspace from GM (0x00000000 -> 0x10010000)
2026-03-16 18:32:49.660 14912-18100 gralloc4                com.devson.devsonplayer              I  @set_metadata: update dataspace from GM (0x00000000 -> 0x10010000)
2026-03-16 18:32:49.711 14912-18100 gralloc4                com.devson.devsonplayer              I  @set_metadata: update dataspace from GM (0x00000000 -> 0x10010000)
2026-03-16 18:32:49.741 14912-18100 gralloc4                com.devson.devsonplayer              I  @set_metadata: update dataspace from GM (0x00000000 -> 0x10010000)
2026-03-16 18:32:49.792 14912-18100 gralloc4                com.devson.devsonplayer              I  @set_metadata: update dataspace from GM (0x00000000 -> 0x10010000)
2026-03-16 18:32:49.823 14912-18100 gralloc4                com.devson.devsonplayer              I  @set_metadata: update dataspace from GM (0x00000000 -> 0x10010000)
2026-03-16 18:32:49.874 14912-18100 gralloc4                com.devson.devsonplayer              I  @set_metadata: update dataspace from GM (0x00000000 -> 0x10010000)
2026-03-16 18:32:49.905 14912-18100 gralloc4                com.devson.devsonplayer              I  @set_metadata: update dataspace from GM (0x00000000 -> 0x10010000)
2026-03-16 18:32:49.905 14912-18114 PipelineWatcher         com.devson.devsonplayer              D  [0xb400006f7da9b680] pipelineFull: too many frames in pipeline (6)
2026-03-16 18:32:49.956 14912-18100 gralloc4                com.devson.devsonplayer              I  @set_metadata: update dataspace from GM (0x00000000 -> 0x10010000)
2026-03-16 18:32:49.997 14912-18100 gralloc4                com.devson.devsonplayer              I  @set_metadata: update dataspace from GM (0x00000000 -> 0x10010000)
2026-03-16 18:32:50.037 14912-18100 gralloc4                com.devson.devsonplayer              I  @set_metadata: update dataspace from GM (0x00000000 -> 0x10010000)
2026-03-16 18:32:50.077 14912-18100 gralloc4                com.devson.devsonplayer              I  @set_metadata: update dataspace from GM (0x00000000 -> 0x10010000)
2026-03-16 18:32:50.120 14912-15269 PipelineWatcher         com.devson.devsonplayer              D  [0xb400006f7da9b680] pipelineFull: too many frames in pipeline (6)
2026-03-16 18:32:50.121 14912-18114 PipelineWatcher         com.devson.devsonplayer              D  [0xb400006f7da9b680] pipelineFull: too many frames in pipeline (6)
2026-03-16 18:32:50.129 14912-18100 gralloc4                com.devson.devsonplayer              I  @set_metadata: update dataspace from GM (0x00000000 -> 0x10010000)
2026-03-16 18:32:50.161 14912-18100 gralloc4                com.devson.devsonplayer              I  @set_metadata: update dataspace from GM (0x00000000 -> 0x10010000)
2026-03-16 18:32:50.214 14912-18100 gralloc4                com.devson.devsonplayer              I  @set_metadata: update dataspace from GM (0x00000000 -> 0x10010000)
2026-03-16 18:32:50.246 14912-18100 gralloc4                com.devson.devsonplayer              I  @set_metadata: update dataspace from GM (0x00000000 -> 0x10010000)
2026-03-16 18:32:50.287 14912-15269 PipelineWatcher         com.devson.devsonplayer              D  [0xb400006f7da9b680] pipelineFull: too many frames in pipeline (6)
2026-03-16 18:32:50.287 14912-18114 PipelineWatcher         com.devson.devsonplayer              D  [0xb400006f7da9b680] pipelineFull: too many frames in pipeline (6)
2026-03-16 18:32:50.298 14912-18100 gralloc4                com.devson.devsonplayer              I  @set_metadata: update dataspace from GM (0x00000000 -> 0x10010000)
2026-03-16 18:32:50.330 14912-18100 gralloc4                com.devson.devsonplayer              I  @set_metadata: update dataspace from GM (0x00000000 -> 0x10010000)
2026-03-16 18:32:50.359 14912-14912 OplusScrollToTopManager com.devson.devsonplayer              D  com.devson.devsonplayer/com.devson.devsonplayer.MainActivity,This DecorView@e728dcf[MainActivity] change focus to true
2026-03-16 18:32:50.379 14912-18100 gralloc4                com.devson.devsonplayer              I  @set_metadata: update dataspace from GM (0x00000000 -> 0x10010000)
2026-03-16 18:32:50.410 14912-18100 gralloc4                com.devson.devsonplayer              I  @set_metadata: update dataspace from GM (0x00000000 -> 0x10010000)
2026-03-16 18:32:50.460 14912-18114 PipelineWatcher         com.devson.devsonplayer              D  [0xb400006f7da9b680] pipelineFull: too many frames in pipeline (6)
2026-03-16 18:32:50.461 14912-18100 gralloc4                com.devson.devsonplayer              I  @set_metadata: update dataspace from GM (0x00000000 -> 0x10010000)
2026-03-16 18:32:50.490 14912-18100 gralloc4                com.devson.devsonplayer              I  @set_metadata: update dataspace from GM (0x00000000 -> 0x10010000)
2026-03-16 18:32:50.541 14912-18100 gralloc4                com.devson.devsonplayer              I  @set_metadata: update dataspace from GM (0x00000000 -> 0x10010000)
2026-03-16 18:32:50.573 14912-18100 gralloc4                com.devson.devsonplayer              I  @set_metadata: update dataspace from GM (0x00000000 -> 0x10010000)
2026-03-16 18:32:50.621 14912-18114 PipelineWatcher         com.devson.devsonplayer              D  [0xb400006f7da9b680] pipelineFull: too many frames in pipeline (6)
2026-03-16 18:32:50.622 14912-15269 PipelineWatcher         com.devson.devsonplayer              D  [0xb400006f7da9b680] pipelineFull: too many frames in pipeline (6)
2026-03-16 18:32:50.622 14912-18100 gralloc4                com.devson.devsonplayer              I  @set_metadata: update dataspace from GM (0x00000000 -> 0x10010000)
2026-03-16 18:32:50.625 14912-18101 OplusFeedbackInfo       com.devson.devsonplayer              I  0xb400006f0fa3ac00 c2.mtk.avc.decoder 1280x692 inputFps=23 outputFps=24 renderFps=25, discardFps=0
2026-03-16 18:32:50.663 14912-18100 gralloc4                com.devson.devsonplayer              I  @set_metadata: update dataspace from GM (0x00000000 -> 0x10010000)
2026-03-16 18:32:50.705 14912-14912 Quality                 com.devson.devsonplayer              I  Skipped: true 1 cost 20.199272 refreshRate 16701896 bit true processName com.devson.devsonplayer
2026-03-16 18:32:50.715 14912-18100 gralloc4                com.devson.devsonplayer              I  @set_metadata: update dataspace from GM (0x00000000 -> 0x10010000)
2026-03-16 18:32:50.747 14912-18100 gralloc4                com.devson.devsonplayer              I  @set_metadata: update dataspace from GM (0x00000000 -> 0x10010000)
2026-03-16 18:32:50.798 14912-18100 gralloc4                com.devson.devsonplayer              I  @set_metadata: update dataspace from GM (0x00000000 -> 0x10010000)
2026-03-16 18:32:50.798 14912-18114 PipelineWatcher         com.devson.devsonplayer              D  [0xb400006f7da9b680] pipelineFull: too many frames in pipeline (6)
2026-03-16 18:32:50.828 14912-18100 gralloc4                com.devson.devsonplayer              I  @set_metadata: update dataspace from GM (0x00000000 -> 0x10010000)
2026-03-16 18:32:50.879 14912-18100 gralloc4                com.devson.devsonplayer              I  @set_metadata: update dataspace from GM (0x00000000 -> 0x10010000)
2026-03-16 18:32:50.909 14912-18100 gralloc4                com.devson.devsonplayer              I  @set_metadata: update dataspace from GM (0x00000000 -> 0x10010000)
2026-03-16 18:32:50.959 14912-15269 PipelineWatcher         com.devson.devsonplayer              D  [0xb400006f7da9b680] pipelineFull: too many frames in pipeline (6)
2026-03-16 18:32:50.959 14912-18114 PipelineWatcher         com.devson.devsonplayer              D  [0xb400006f7da9b680] pipelineFull: too many frames in pipeline (6)
2026-03-16 18:32:50.962 14912-18100 gralloc4                com.devson.devsonplayer              I  @set_metadata: update dataspace from GM (0x00000000 -> 0x10010000)
2026-03-16 18:32:50.990 14912-14912 Quality                 com.devson.devsonplayer              I  Skipped: true 1 cost 20.308004 refreshRate 16724748 bit true processName com.devson.devsonplayer
2026-03-16 18:32:50.992 14912-18100 gralloc4                com.devson.devsonplayer              I  @set_metadata: update dataspace from GM (0x00000000 -> 0x10010000)
2026-03-16 18:32:51.043 14912-18100 gralloc4                com.devson.devsonplayer              I  @set_metadata: update dataspace from GM (0x00000000 -> 0x10010000)
2026-03-16 18:32:51.045 14912-14912 Quality                 com.devson.devsonplayer              I  Skipped: true 1 cost 25.260124 refreshRate 16717182 bit true processName com.devson.devsonplayer
2026-03-16 18:32:51.073 14912-18100 gralloc4                com.devson.devsonplayer              I  @set_metadata: update dataspace from GM (0x00000000 -> 0x10010000)
2026-03-16 18:32:51.124 14912-18100 gralloc4                com.devson.devsonplayer              I  @set_metadata: update dataspace from GM (0x00000000 -> 0x10010000)
2026-03-16 18:32:51.165 14912-18100 gralloc4                com.devson.devsonplayer              I  @set_metadata: update dataspace from GM (0x00000000 -> 0x10010000)
2026-03-16 18:32:51.216 14912-18100 gralloc4                com.devson.devsonplayer              I  @set_metadata: update dataspace from GM (0x00000000 -> 0x10010000)
2026-03-16 18:32:51.245 14912-18100 gralloc4                com.devson.devsonplayer              I  @set_metadata: update dataspace from GM (0x00000000 -> 0x10010000)
2026-03-16 18:32:51.297 14912-18100 gralloc4                com.devson.devsonplayer              I  @set_metadata: update dataspace from GM (0x00000000 -> 0x10010000)
2026-03-16 18:32:51.318 14912-18114 PipelineWatcher         com.devson.devsonplayer              D  [0xb400006f7da9b680] pipelineFull: too many frames in pipeline (6)
2026-03-16 18:32:51.328 14912-18100 gralloc4                com.devson.devsonplayer              I  @set_metadata: update dataspace from GM (0x00000000 -> 0x10010000)
2026-03-16 18:32:51.379 14912-18100 gralloc4                com.devson.devsonplayer              I  @set_metadata: update dataspace from GM (0x00000000 -> 0x10010000)
2026-03-16 18:32:51.410 14912-18100 gralloc4                com.devson.devsonplayer              I  @set_metadata: update dataspace from GM (0x00000000 -> 0x10010000)
2026-03-16 18:32:51.462 14912-18100 gralloc4                com.devson.devsonplayer              I  @set_metadata: update dataspace from GM (0x00000000 -> 0x10010000)
2026-03-16 18:32:51.476 14912-18114 PipelineWatcher         com.devson.devsonplayer              D  [0xb400006f7da9b680] pipelineFull: too many frames in pipeline (6)
2026-03-16 18:32:51.476 14912-16938 CCodecBufferChannel     com.devson.devsonplayer              D  [c2.android.aac.decoder#576] DEBUG: elapsed: mInputMetEos 2, hasPendingOutputsInClient 0, n=1 [in=0 pipeline=0 out=2]
2026-03-16 18:32:51.476 14912-16938 PipelineWatcher         com.devson.devsonplayer              D  [0xb400006f7da9b680] elapsed: mFramesInPipeline 6, n 2
2026-03-16 18:32:51.476 14912-16938 PipelineWatcher         com.devson.devsonplayer              D  [0xb400006f7da9b680] elapsed: frameIndex = 260 elapsed = 159ms
2026-03-16 18:32:51.476 14912-16938 PipelineWatcher         com.devson.devsonplayer              D  [0xb400006f7da9b680] elapsed: frameIndex = 261 elapsed = 158ms
2026-03-16 18:32:51.476 14912-16938 PipelineWatcher         com.devson.devsonplayer              D  [0xb400006f7da9b680] elapsed: frameIndex = 262 elapsed = 6ms
2026-03-16 18:32:51.476 14912-16938 PipelineWatcher         com.devson.devsonplayer              D  [0xb400006f7da9b680] elapsed: frameIndex = 263 elapsed = 4ms
2026-03-16 18:32:51.476 14912-16938 PipelineWatcher         com.devson.devsonplayer              D  [0xb400006f7da9b680] elapsed: frameIndex = 264 elapsed = 2ms
2026-03-16 18:32:51.476 14912-16938 PipelineWatcher         com.devson.devsonplayer              D  [0xb400006f7da9b680] elapsed: frameIndex = 265 elapsed = 1ms
2026-03-16 18:32:51.476 14912-16938 CCodecBufferChannel     com.devson.devsonplayer              D  [c2.mtk.avc.decoder#590] DEBUG: elapsed: mInputMetEos 22, hasPendingOutputsInClient 0, n=1 [in=4 pipeline=0 out=18]
2026-03-16 18:32:51.476 14912-16938 PipelineWatcher         com.devson.devsonplayer              D  [0xb400006f7da9b080] elapsed: mFramesInPipeline 15, n 22
2026-03-16 18:32:51.476 14912-15269 PipelineWatcher         com.devson.devsonplayer              D  [0xb400006f7da9b680] pipelineFull: too many frames in pipeline (6)
2026-03-16 18:32:51.493 14912-18100 gralloc4                com.devson.devsonplayer              I  @set_metadata: update dataspace from GM (0x00000000 -> 0x10010000)
2026-03-16 18:32:51.544 14912-18100 gralloc4                com.devson.devsonplayer              I  @set_metadata: update dataspace from GM (0x00000000 -> 0x10010000)
2026-03-16 18:32:51.577 14912-18100 gralloc4                com.devson.devsonplayer              I  @set_metadata: update dataspace from GM (0x00000000 -> 0x10010000)
2026-03-16 18:32:51.625 14912-18101 OplusFeedbackInfo       com.devson.devsonplayer              I  0xb400006f0fa3ac00 c2.mtk.avc.decoder 1280x692 inputFps=25 outputFps=24 renderFps=23, discardFps=0
2026-03-16 18:32:51.626 14912-18101 AtlasEventUploadUtils   com.devson.devsonplayer              D  setEvent event:atlas_event_video_monitor_network_switch
2026-03-16 18:32:51.627 14912-18100 gralloc4                com.devson.devsonplayer              I  @set_metadata: update dataspace from GM (0x00000000 -> 0x10010000)
2026-03-16 18:32:51.641 14912-18114 PipelineWatcher         com.devson.devsonplayer              D  [0xb400006f7da9b680] pipelineFull: too many frames in pipeline (6)
2026-03-16 18:32:51.658 14912-18100 gralloc4                com.devson.devsonplayer              I  @set_metadata: update dataspace from GM (0x00000000 -> 0x10010000)
2026-03-16 18:32:51.709 14912-18100 gralloc4                com.devson.devsonplayer              I  @set_metadata: update dataspace from GM (0x00000000 -> 0x10010000)
2026-03-16 18:32:51.751 14912-18100 gralloc4                com.devson.devsonplayer              I  @set_metadata: update dataspace from GM (0x00000000 -> 0x10010000)
2026-03-16 18:32:51.800 14912-18100 gralloc4                com.devson.devsonplayer              I  @set_metadata: update dataspace from GM (0x00000000 -> 0x10010000)
2026-03-16 18:32:51.824 14912-18114 PipelineWatcher         com.devson.devsonplayer              D  [0xb400006f7da9b680] pipelineFull: too many frames in pipeline (6)
2026-03-16 18:32:51.824 14912-15269 PipelineWatcher         com.devson.devsonplayer              D  [0xb400006f7da9b680] pipelineFull: too many frames in pipeline (6)
2026-03-16 18:32:51.831 14912-18100 gralloc4                com.devson.devsonplayer              I  @set_metadata: update dataspace from GM (0x00000000 -> 0x10010000)
2026-03-16 18:32:51.881 14912-18100 gralloc4                com.devson.devsonplayer              I  @set_metadata: update dataspace from GM (0x00000000 -> 0x10010000)
2026-03-16 18:32:51.913 14912-18100 gralloc4                com.devson.devsonplayer              I  @set_metadata: update dataspace from GM (0x00000000 -> 0x10010000)
2026-03-16 18:32:51.964 14912-18100 gralloc4                com.devson.devsonplayer              I  @set_metadata: update dataspace from GM (0x00000000 -> 0x10010000)
2026-03-16 18:32:51.995 14912-18114 PipelineWatcher         com.devson.devsonplayer              D  [0xb400006f7da9b680] pipelineFull: too many frames in pipeline (6)
2026-03-16 18:32:51.995 14912-18100 gralloc4                com.devson.devsonplayer              I  @set_metadata: update dataspace from GM (0x00000000 -> 0x10010000)
2026-03-16 18:32:52.047 14912-18100 gralloc4                com.devson.devsonplayer              I  @set_metadata: update dataspace from GM (0x00000000 -> 0x10010000)
2026-03-16 18:32:52.077 14912-18100 gralloc4                com.devson.devsonplayer              I  @set_metadata: update dataspace from GM (0x00000000 -> 0x10010000)
2026-03-16 18:32:52.132 14912-18100 gralloc4                com.devson.devsonplayer              I  @set_metadata: update dataspace from GM (0x00000000 -> 0x10010000)
2026-03-16 18:32:52.161 14912-18100 gralloc4                com.devson.devsonplayer              I  @set_metadata: update dataspace from GM (0x00000000 -> 0x10010000)
2026-03-16 18:32:52.163 14912-18114 PipelineWatcher         com.devson.devsonplayer              D  [0xb400006f7da9b680] pipelineFull: too many frames in pipeline (6)
2026-03-16 18:32:52.182 14912-18100 BufferPoolAccessor2.0   com.devson.devsonplayer              D  bufferpool2 0xb400006efaa89028 : 9(18846720 size) total buffers - 8(16752640 size) used buffers - 347/357 (recycle/alloc) - 10/361 (fetch/transfer)