2026-03-16 18:32:42.621 14912-18101 AtlasEventUploadUtils   com.devson.devsonplayer              D  setEvent event:atlas_event_atlasserver_feedback
2026-03-16 18:32:42.623 14912-18101 OplusFeedbackInfo       com.devson.devsonplayer              I  send vpp stutter message MM_FB_EventID#11012#ClientPid#14912#Component#c2.mtk.avc.decoder#VppStutter#no_stutter#VideoInputFps#43#VideoOutputFps#32#VideoRenderFps#9#VideoHeight#692#VideoWidth#1280#FpsArray#43/
2026-03-16 18:32:42.647 14912-18100 gralloc4                com.devson.devsonplayer              I  @set_metadata: update dataspace from GM (0x00000000 -> 0x10010000)
2026-03-16 18:32:42.678 14912-18100 OplusCCode...ferChannel com.devson.devsonplayer              D  [renderOutputBuffer:L118]isChanged:FileFps:1 Speed:0 old:FileFps:23.980816 FF:0
2026-03-16 18:32:42.678 14912-18100 gralloc4                com.devson.devsonplayer              I  @set_metadata: update dataspace from GM (0x00000000 -> 0x10010000)
2026-03-16 18:32:42.716 14912-15269 PipelineWatcher         com.devson.devsonplayer              D  [0xb400006f7da9b680] pipelineFull: too many frames in pipeline (6)
2026-03-16 18:32:42.716 14912-18114 PipelineWatcher         com.devson.devsonplayer              D  [0xb400006f7da9b680] pipelineFull: too many frames in pipeline (6)
2026-03-16 18:32:42.730 14912-18100 gralloc4                com.devson.devsonplayer              I  @set_metadata: update dataspace from GM (0x00000000 -> 0x10010000)
2026-03-16 18:32:42.761 14912-18100 gralloc4                com.devson.devsonplayer              I  @set_metadata: update dataspace from GM (0x00000000 -> 0x10010000)
2026-03-16 18:32:42.812 14912-18100 gralloc4                com.devson.devsonplayer              I  @set_metadata: update dataspace from GM (0x00000000 -> 0x10010000)
2026-03-16 18:32:42.843 14912-18100 gralloc4                com.devson.devsonplayer              I  @set_metadata: update dataspace from GM (0x00000000 -> 0x10010000)
2026-03-16 18:32:42.891 14912-18100 gralloc4                com.devson.devsonplayer              I  @set_metadata: update dataspace from GM (0x00000000 -> 0x10010000)
2026-03-16 18:32:42.922 14912-18100 gralloc4                com.devson.devsonplayer              I  @set_metadata: update dataspace from GM (0x00000000 -> 0x10010000)
2026-03-16 18:32:42.975 14912-18100 gralloc4                com.devson.devsonplayer              I  @set_metadata: update dataspace from GM (0x00000000 -> 0x10010000)
2026-03-16 18:32:43.007 14912-18100 gralloc4                com.devson.devsonplayer              I  @set_metadata: update dataspace from GM (0x00000000 -> 0x10010000)
2026-03-16 18:32:43.053 14912-15269 PipelineWatcher         com.devson.devsonplayer              D  [0xb400006f7da9b680] pipelineFull: too many frames in pipeline (6)
2026-03-16 18:32:43.053 14912-18114 PipelineWatcher         com.devson.devsonplayer              D  [0xb400006f7da9b680] pipelineFull: too many frames in pipeline (6)
2026-03-16 18:32:43.057 14912-18100 gralloc4                com.devson.devsonplayer              I  @set_metadata: update dataspace from GM (0x00000000 -> 0x10010000)
2026-03-16 18:32:43.089 14912-18100 gralloc4                com.devson.devsonplayer              I  @set_metadata: update dataspace from GM (0x00000000 -> 0x10010000)
2026-03-16 18:32:43.141 14912-18100 gralloc4                com.devson.devsonplayer              I  @set_metadata: update dataspace from GM (0x00000000 -> 0x10010000)
2026-03-16 18:32:43.173 14912-18100 gralloc4                com.devson.devsonplayer              I  @set_metadata: update dataspace from GM (0x00000000 -> 0x10010000)
2026-03-16 18:32:43.225 14912-18100 gralloc4                com.devson.devsonplayer              I  @set_metadata: update dataspace from GM (0x00000000 -> 0x10010000)
2026-03-16 18:32:43.235 14912-18114 PipelineWatcher         com.devson.devsonplayer              D  [0xb400006f7da9b680] pipelineFull: too many frames in pipeline (6)
2026-03-16 18:32:43.235 14912-15269 PipelineWatcher         com.devson.devsonplayer              D  [0xb400006f7da9b680] pipelineFull: too many frames in pipeline (6)
2026-03-16 18:32:43.265 14912-18100 gralloc4                com.devson.devsonplayer              I  @set_metadata: update dataspace from GM (0x00000000 -> 0x10010000)
2026-03-16 18:32:43.317 14912-18100 gralloc4                com.devson.devsonplayer              I  @set_metadata: update dataspace from GM (0x00000000 -> 0x10010000)
2026-03-16 18:32:43.349 14912-18100 gralloc4                com.devson.devsonplayer              I  @set_metadata: update dataspace from GM (0x00000000 -> 0x10010000)
2026-03-16 18:32:43.395 14912-15269 PipelineWatcher         com.devson.devsonplayer              D  [0xb400006f7da9b680] pipelineFull: too many frames in pipeline (6)
2026-03-16 18:32:43.396 14912-18114 PipelineWatcher         com.devson.devsonplayer              D  [0xb400006f7da9b680] pipelineFull: too many frames in pipeline (6)
2026-03-16 18:32:43.399 14912-18100 gralloc4                com.devson.devsonplayer              I  @set_metadata: update dataspace from GM (0x00000000 -> 0x10010000)
2026-03-16 18:32:43.431 14912-18100 gralloc4                com.devson.devsonplayer              I  @set_metadata: update dataspace from GM (0x00000000 -> 0x10010000)
2026-03-16 18:32:43.482 14912-18100 gralloc4                com.devson.devsonplayer              I  @set_metadata: update dataspace from GM (0x00000000 -> 0x10010000)
2026-03-16 18:32:43.513 14912-18100 gralloc4                com.devson.devsonplayer              I  @set_metadata: update dataspace from GM (0x00000000 -> 0x10010000)
2026-03-16 18:32:43.567 14912-18100 gralloc4                com.devson.devsonplayer              I  @set_metadata: update dataspace from GM (0x00000000 -> 0x10010000)
2026-03-16 18:32:43.597 14912-18100 gralloc4                com.devson.devsonplayer              I  @set_metadata: update dataspace from GM (0x00000000 -> 0x10010000)
2026-03-16 18:32:43.623 14912-18101 OplusFeedbackInfo       com.devson.devsonplayer              I  0xb400006f0fa3ac00 c2.mtk.avc.decoder 1280x692 inputFps=25 outputFps=22 renderFps=24, discardFps=0
2026-03-16 18:32:43.649 14912-18100 gralloc4                com.devson.devsonplayer              I  @set_metadata: update dataspace from GM (0x00000000 -> 0x10010000)
2026-03-16 18:32:43.682 14912-18100 gralloc4                com.devson.devsonplayer              I  @set_metadata: update dataspace from GM (0x00000000 -> 0x10010000)
2026-03-16 18:32:43.731 14912-18100 gralloc4                com.devson.devsonplayer              I  @set_metadata: update dataspace from GM (0x00000000 -> 0x10010000)
2026-03-16 18:32:43.760 14912-18114 PipelineWatcher         com.devson.devsonplayer              D  [0xb400006f7da9b680] pipelineFull: too many frames in pipeline (6)
2026-03-16 18:32:43.760 14912-18100 gralloc4                com.devson.devsonplayer              I  @set_metadata: update dataspace from GM (0x00000000 -> 0x10010000)
2026-03-16 18:32:43.812 14912-18100 gralloc4                com.devson.devsonplayer              I  @set_metadata: update dataspace from GM (0x00000000 -> 0x10010000)
2026-03-16 18:32:43.842 14912-18100 gralloc4                com.devson.devsonplayer              I  @set_metadata: update dataspace from GM (0x00000000 -> 0x10010000)
2026-03-16 18:32:43.893 14912-18100 gralloc4                com.devson.devsonplayer              I  @set_metadata: update dataspace from GM (0x00000000 -> 0x10010000)
2026-03-16 18:32:43.933 14912-18100 gralloc4                com.devson.devsonplayer              I  @set_metadata: update dataspace from GM (0x00000000 -> 0x10010000)
2026-03-16 18:32:43.987 14912-18100 gralloc4                com.devson.devsonplayer              I  @set_metadata: update dataspace from GM (0x00000000 -> 0x10010000)
2026-03-16 18:32:44.017 14912-18100 gralloc4                com.devson.devsonplayer              I  @set_metadata: update dataspace from GM (0x00000000 -> 0x10010000)
2026-03-16 18:32:44.058 14912-18100 gralloc4                com.devson.devsonplayer              I  @set_metadata: update dataspace from GM (0x00000000 -> 0x10010000)
2026-03-16 18:32:44.096 14912-15269 PipelineWatcher         com.devson.devsonplayer              D  [0xb400006f7da9b680] pipelineFull: too many frames in pipeline (6)
2026-03-16 18:32:44.098 14912-18114 PipelineWatcher         com.devson.devsonplayer              D  [0xb400006f7da9b680] pipelineFull: too many frames in pipeline (6)
2026-03-16 18:32:44.100 14912-18100 gralloc4                com.devson.devsonplayer              I  @set_metadata: update dataspace from GM (0x00000000 -> 0x10010000)
2026-03-16 18:32:44.150 14912-18100 gralloc4                com.devson.devsonplayer              I  @set_metadata: update dataspace from GM (0x00000000 -> 0x10010000)
2026-03-16 18:32:44.181 14912-18100 gralloc4                com.devson.devsonplayer              I  @set_metadata: update dataspace from GM (0x00000000 -> 0x10010000)
2026-03-16 18:32:44.232 14912-18100 gralloc4                com.devson.devsonplayer              I  @set_metadata: update dataspace from GM (0x00000000 -> 0x10010000)
2026-03-16 18:32:44.263 14912-18100 gralloc4                com.devson.devsonplayer              I  @set_metadata: update dataspace from GM (0x00000000 -> 0x10010000)
2026-03-16 18:32:44.313 14912-18100 gralloc4                com.devson.devsonplayer              I  @set_metadata: update dataspace from GM (0x00000000 -> 0x10010000)
2026-03-16 18:32:44.344 14912-18100 gralloc4                com.devson.devsonplayer              I  @set_metadata: update dataspace from GM (0x00000000 -> 0x10010000)
2026-03-16 18:32:44.396 14912-18100 gralloc4                com.devson.devsonplayer              I  @set_metadata: update dataspace from GM (0x00000000 -> 0x10010000)
2026-03-16 18:32:44.424 14912-14912 Quality                 com.devson.devsonplayer              I  Skipped: true 1 cost 18.726337 refreshRate 16701187 bit true processName com.devson.devsonplayer
2026-03-16 18:32:44.427 14912-18100 gralloc4                com.devson.devsonplayer              I  @set_metadata: update dataspace from GM (0x00000000 -> 0x10010000)
2026-03-16 18:32:44.477 14912-18100 gralloc4                com.devson.devsonplayer              I  @set_metadata: update dataspace from GM (0x00000000 -> 0x10010000)
2026-03-16 18:32:44.518 14912-18100 gralloc4                com.devson.devsonplayer              I  @set_metadata: update dataspace from GM (0x00000000 -> 0x10010000)
2026-03-16 18:32:44.568 14912-18100 gralloc4                com.devson.devsonplayer              I  @set_metadata: update dataspace from GM (0x00000000 -> 0x10010000)
2026-03-16 18:32:44.600 14912-18100 gralloc4                com.devson.devsonplayer              I  @set_metadata: update dataspace from GM (0x00000000 -> 0x10010000)
2026-03-16 18:32:44.623 14912-18101 OplusFeedbackInfo       com.devson.devsonplayer              I  0xb400006f0fa3ac00 c2.mtk.avc.decoder 1280x692 inputFps=23 outputFps=27 renderFps=24, discardFps=0
2026-03-16 18:32:44.650 14912-18100 gralloc4                com.devson.devsonplayer              I  @set_metadata: update dataspace from GM (0x00000000 -> 0x10010000)
2026-03-16 18:32:44.681 14912-18100 gralloc4                com.devson.devsonplayer              I  @set_metadata: update dataspace from GM (0x00000000 -> 0x10010000)
2026-03-16 18:32:44.732 14912-18100 gralloc4                com.devson.devsonplayer              I  @set_metadata: update dataspace from GM (0x00000000 -> 0x10010000)
2026-03-16 18:32:44.763 14912-18100 gralloc4                com.devson.devsonplayer              I  @set_metadata: update dataspace from GM (0x00000000 -> 0x10010000)
2026-03-16 18:32:44.815 14912-18100 gralloc4                com.devson.devsonplayer              I  @set_metadata: update dataspace from GM (0x00000000 -> 0x10010000)
2026-03-16 18:32:44.847 14912-18100 gralloc4                com.devson.devsonplayer              I  @set_metadata: update dataspace from GM (0x00000000 -> 0x10010000)
2026-03-16 18:32:44.849 14912-16938 CCodecBufferChannel     com.devson.devsonplayer              D  [c2.android.aac.decoder#576] DEBUG: elapsed: mInputMetEos 2, hasPendingOutputsInClient 0, n=1 [in=0 pipeline=0 out=2]
2026-03-16 18:32:44.849 14912-16938 PipelineWatcher         com.devson.devsonplayer              D  [0xb400006f7da9b680] elapsed: mFramesInPipeline 2, n 2
2026-03-16 18:32:44.850 14912-16938 CCodecBufferChannel     com.devson.devsonplayer              D  [c2.mtk.avc.decoder#590] DEBUG: elapsed: mInputMetEos 22, hasPendingOutputsInClient 0, n=1 [in=4 pipeline=0 out=18]
2026-03-16 18:32:44.850 14912-16938 PipelineWatcher         com.devson.devsonplayer              D  [0xb400006f7da9b080] elapsed: mFramesInPipeline 13, n 22
2026-03-16 18:32:44.897 14912-18100 gralloc4                com.devson.devsonplayer              I  @set_metadata: update dataspace from GM (0x00000000 -> 0x10010000)
2026-03-16 18:32:44.927 14912-18100 gralloc4                com.devson.devsonplayer              I  @set_metadata: update dataspace from GM (0x00000000 -> 0x10010000)
2026-03-16 18:32:44.978 14912-18100 gralloc4                com.devson.devsonplayer              I  @set_metadata: update dataspace from GM (0x00000000 -> 0x10010000)
2026-03-16 18:32:45.019 14912-18100 gralloc4                com.devson.devsonplayer              I  @set_metadata: update dataspace from GM (0x00000000 -> 0x10010000)
2026-03-16 18:32:45.029 14912-15269 PipelineWatcher         com.devson.devsonplayer              D  [0xb400006f7da9b680] pipelineFull: too many frames in pipeline (6)
2026-03-16 18:32:45.030 14912-18114 PipelineWatcher         com.devson.devsonplayer              D  [0xb400006f7da9b680] pipelineFull: too many frames in pipeline (6)
2026-03-16 18:32:45.070 14912-18100 gralloc4                com.devson.devsonplayer              I  @set_metadata: update dataspace from GM (0x00000000 -> 0x10010000)
2026-03-16 18:32:45.101 14912-18100 gralloc4                com.devson.devsonplayer              I  @set_metadata: update dataspace from GM (0x00000000 -> 0x10010000)
2026-03-16 18:32:45.153 14912-18100 gralloc4                com.devson.devsonplayer              I  @set_metadata: update dataspace from GM (0x00000000 -> 0x10010000)
2026-03-16 18:32:45.182 14912-18100 gralloc4                com.devson.devsonplayer              I  @set_metadata: update dataspace from GM (0x00000000 -> 0x10010000)
2026-03-16 18:32:45.197 14912-15269 PipelineWatcher         com.devson.devsonplayer              D  [0xb400006f7da9b680] pipelineFull: too many frames in pipeline (6)
2026-03-16 18:32:45.197 14912-18114 PipelineWatcher         com.devson.devsonplayer              D  [0xb400006f7da9b680] pipelineFull: too many frames in pipeline (6)
2026-03-16 18:32:45.224 14912-14912 Quality                 com.devson.devsonplayer              I  Skipped: true 1 cost 16.968128 refreshRate 16696878 bit true processName com.devson.devsonplayer
2026-03-16 18:32:45.233 14912-18100 gralloc4                com.devson.devsonplayer              I  @set_metadata: update dataspace from GM (0x00000000 -> 0x10010000)
2026-03-16 18:32:45.264 14912-18100 gralloc4                com.devson.devsonplayer              I  @set_metadata: update dataspace from GM (0x00000000 -> 0x10010000)
2026-03-16 18:32:45.315 14912-18100 gralloc4                com.devson.devsonplayer              I  @set_metadata: update dataspace from GM (0x00000000 -> 0x10010000)
2026-03-16 18:32:45.346 14912-18100 gralloc4                com.devson.devsonplayer              I  @set_metadata: update dataspace from GM (0x00000000 -> 0x10010000)
2026-03-16 18:32:45.376 14912-18114 PipelineWatcher         com.devson.devsonplayer              D  [0xb400006f7da9b680] pipelineFull: too many frames in pipeline (6)
2026-03-16 18:32:45.396 14912-18100 gralloc4                com.devson.devsonplayer              I  @set_metadata: update dataspace from GM (0x00000000 -> 0x10010000)
2026-03-16 18:32:45.437 14912-18100 gralloc4                com.devson.devsonplayer              I  @set_metadata: update dataspace from GM (0x00000000 -> 0x10010000)
2026-03-16 18:32:45.487 14912-18100 gralloc4                com.devson.devsonplayer              I  @set_metadata: update dataspace from GM (0x00000000 -> 0x10010000)
2026-03-16 18:32:45.518 14912-18100 gralloc4                com.devson.devsonplayer              I  @set_metadata: update dataspace from GM (0x00000000 -> 0x10010000)
2026-03-16 18:32:45.570 14912-18100 gralloc4                com.devson.devsonplayer              I  @set_metadata: update dataspace from GM (0x00000000 -> 0x10010000)
2026-03-16 18:32:45.585 14912-18114 PipelineWatcher         com.devson.devsonplayer              D  [0xb400006f7da9b680] pipelineFull: too many frames in pipeline (6)
2026-03-16 18:32:45.585 14912-15269 PipelineWatcher         com.devson.devsonplayer              D  [0xb400006f7da9b680] pipelineFull: too many frames in pipeline (6)
2026-03-16 18:32:45.600 14912-18100 gralloc4                com.devson.devsonplayer              I  @set_metadata: update dataspace from GM (0x00000000 -> 0x10010000)
2026-03-16 18:32:45.624 14912-18101 OplusFeedbackInfo       com.devson.devsonplayer              I  0xb400006f0fa3ac00 c2.mtk.avc.decoder 1280x692 inputFps=24 outputFps=24 renderFps=24, discardFps=0
2026-03-16 18:32:45.652 14912-18100 gralloc4                com.devson.devsonplayer              I  @set_metadata: update dataspace from GM (0x00000000 -> 0x10010000)
2026-03-16 18:32:45.682 14912-18100 gralloc4                com.devson.devsonplayer              I  @set_metadata: update dataspace from GM (0x00000000 -> 0x10010000)
2026-03-16 18:32:45.735 14912-18100 gralloc4                com.devson.devsonplayer              I  @set_metadata: update dataspace from GM (0x00000000 -> 0x10010000)
2026-03-16 18:32:45.756 14912-18114 PipelineWatcher         com.devson.devsonplayer              D  [0xb400006f7da9b680] pipelineFull: too many frames in pipeline (6)
2026-03-16 18:32:45.767 14912-18100 gralloc4                com.devson.devsonplayer              I  @set_metadata: update dataspace from GM (0x00000000 -> 0x10010000)
2026-03-16 18:32:45.793 14912-14912 AudioManagerExtImpl     com.devson.devsonplayer              D  getStreamVolume packageName=com.devson.devsonplayer, index=16, streamType=3
2026-03-16 18:32:45.816 14912-18100 gralloc4                com.devson.devsonplayer              I  @set_metadata: update dataspace from GM (0x00000000 -> 0x10010000)
2026-03-16 18:32:45.845 14912-18100 gralloc4                com.devson.devsonplayer              I  @set_metadata: update dataspace from GM (0x00000000 -> 0x10010000)
2026-03-16 18:32:45.896 14912-18100 gralloc4                com.devson.devsonplayer              I  @set_metadata: update dataspace from GM (0x00000000 -> 0x10010000)
2026-03-16 18:32:45.933 14912-18114 PipelineWatcher         com.devson.devsonplayer              D  [0xb400006f7da9b680] pipelineFull: too many frames in pipeline (6)
2026-03-16 18:32:45.933 14912-15269 PipelineWatcher         com.devson.devsonplayer              D  [0xb400006f7da9b680] pipelineFull: too many frames in pipeline (6)
2026-03-16 18:32:45.937 14912-18100 gralloc4                com.devson.devsonplayer              I  @set_metadata: update dataspace from GM (0x00000000 -> 0x10010000)
2026-03-16 18:32:45.990 14912-18100 gralloc4                com.devson.devsonplayer              I  @set_metadata: update dataspace from GM (0x00000000 -> 0x10010000)
2026-03-16 18:32:46.022 14912-18100 gralloc4                com.devson.devsonplayer              I  @set_metadata: update dataspace from GM (0x00000000 -> 0x10010000)
2026-03-16 18:32:46.063 14912-18100 gralloc4                com.devson.devsonplayer              I  @set_metadata: update dataspace from GM (0x00000000 -> 0x10010000)
2026-03-16 18:32:46.103 14912-18114 PipelineWatcher         com.devson.devsonplayer              D  [0xb400006f7da9b680] pipelineFull: too many frames in pipeline (6)
2026-03-16 18:32:46.104 14912-18100 gralloc4                com.devson.devsonplayer              I  @set_metadata: update dataspace from GM (0x00000000 -> 0x10010000)
2026-03-16 18:32:46.104 14912-15269 PipelineWatcher         com.devson.devsonplayer              D  [0xb400006f7da9b680] pipelineFull: too many frames in pipeline (6)
2026-03-16 18:32:46.154 14912-18100 gralloc4                com.devson.devsonplayer              I  @set_metadata: update dataspace from GM (0x00000000 -> 0x10010000)
2026-03-16 18:32:46.183 14912-18100 gralloc4                com.devson.devsonplayer              I  @set_metadata: update dataspace from GM (0x00000000 -> 0x10010000)
2026-03-16 18:32:46.236 14912-18100 gralloc4                com.devson.devsonplayer              I  @set_metadata: update dataspace from GM (0x00000000 -> 0x10010000)
2026-03-16 18:32:46.243 14912-14912 Quality                 com.devson.devsonplayer              I  Skipped: false 5 cost 84.14299 refreshRate 16701268 bit true processName com.devson.devsonplayer
2026-03-16 18:32:46.267 14912-18100 gralloc4                com.devson.devsonplayer              I  @set_metadata: update dataspace from GM (0x00000000 -> 0x10010000)
2026-03-16 18:32:46.317 14912-18100 gralloc4                com.devson.devsonplayer              I  @set_metadata: update dataspace from GM (0x00000000 -> 0x10010000)
2026-03-16 18:32:46.347 14912-18100 gralloc4                com.devson.devsonplayer              I  @set_metadata: update dataspace from GM (0x00000000 -> 0x10010000)
2026-03-16 18:32:46.400 14912-18100 gralloc4                com.devson.devsonplayer              I  @set_metadata: update dataspace from GM (0x00000000 -> 0x10010000)
2026-03-16 18:32:46.431 14912-18100 gralloc4                com.devson.devsonplayer              I  @set_metadata: update dataspace from GM (0x00000000 -> 0x10010000)
2026-03-16 18:32:46.483 14912-18100 gralloc4                com.devson.devsonplayer              I  @set_metadata: update dataspace from GM (0x00000000 -> 0x10010000)
2026-03-16 18:32:46.516 14912-18100 gralloc4                com.devson.devsonplayer              I  @set_metadata: update dataspace from GM (0x00000000 -> 0x10010000)
2026-03-16 18:32:46.545 14912-14912 Quality                 com.devson.devsonplayer              I  Skipped: true 1 cost 18.616306 refreshRate 16706172 bit true processName com.devson.devsonplayer
2026-03-16 18:32:46.568 14912-18100 gralloc4                com.devson.devsonplayer              I  @set_metadata: update dataspace from GM (0x00000000 -> 0x10010000)
2026-03-16 18:32:46.597 14912-18100 gralloc4                com.devson.devsonplayer              I  @set_metadata: update dataspace from GM (0x00000000 -> 0x10010000)
2026-03-16 18:32:46.624 14912-18101 OplusFeedbackInfo       com.devson.devsonplayer              I  0xb400006f0fa3ac00 c2.mtk.avc.decoder 1280x692 inputFps=24 outputFps=24 renderFps=24, discardFps=0
2026-03-16 18:32:46.648 14912-18100 gralloc4                com.devson.devsonplayer              I  @set_metadata: update dataspace from GM (0x00000000 -> 0x10010000)
2026-03-16 18:32:46.658 14912-15269 PipelineWatcher         com.devson.devsonplayer              D  [0xb400006f7da9b680] pipelineFull: too many frames in pipeline (6)
2026-03-16 18:32:46.658 14912-18114 PipelineWatcher         com.devson.devsonplayer              D  [0xb400006f7da9b680] pipelineFull: too many frames in pipeline (6)
2026-03-16 18:32:46.690 14912-18100 gralloc4                com.devson.devsonplayer              I  @set_metadata: update dataspace from GM (0x00000000 -> 0x10010000)
2026-03-16 18:32:46.731 14912-18100 gralloc4                com.devson.devsonplayer              I  @set_metadata: update dataspace from GM (0x00000000 -> 0x10010000)
2026-03-16 18:32:46.772 14912-18100 gralloc4                com.devson.devsonplayer              I  @set_metadata: update dataspace from GM (0x00000000 -> 0x10010000)
2026-03-16 18:32:46.819 14912-15269 PipelineWatcher         com.devson.devsonplayer              D  [0xb400006f7da9b680] pipelineFull: too many frames in pipeline (6)
2026-03-16 18:32:46.820 14912-18114 PipelineWatcher         com.devson.devsonplayer              D  [0xb400006f7da9b680] pipelineFull: too many frames in pipeline (6)
2026-03-16 18:32:46.824 14912-18100 gralloc4                com.devson.devsonplayer              I  @set_metadata: update dataspace from GM (0x00000000 -> 0x10010000)
2026-03-16 18:32:46.856 14912-18100 gralloc4                com.devson.devsonplayer              I  @set_metadata: update dataspace from GM (0x00000000 -> 0x10010000)
2026-03-16 18:32:46.898 14912-18100 gralloc4                com.devson.devsonplayer              I  @set_metadata: update dataspace from GM (0x00000000 -> 0x10010000)
2026-03-16 18:32:46.940 14912-18100 gralloc4                com.devson.devsonplayer              I  @set_metadata: update dataspace from GM (0x00000000 -> 0x10010000)
2026-03-16 18:32:46.981 14912-18100 gralloc4                com.devson.devsonplayer              I  @set_metadata: update dataspace from GM (0x00000000 -> 0x10010000)
2026-03-16 18:32:47.022 14912-18100 gralloc4                com.devson.devsonplayer              I  @set_metadata: update dataspace from GM (0x00000000 -> 0x10010000)
2026-03-16 18:32:47.042 14912-17926 AudioTrack              com.devson.devsonplayer              D  pause(4870): prior state:STATE_ACTIVE output 245 stream 3 session 34913
2026-03-16 18:32:47.048 14912-17926 AudioTrackExtImpl       com.devson.devsonplayer              D  clearAudioBoostTid
2026-03-16 18:32:47.049 14912-17926 AudioTrackExtImpl       com.devson.devsonplayer              D  clearAudioBoostTid  pid 14912  tid 17926
2026-03-16 18:32:47.049 14912-17926 AudioTrackExtImpl       com.devson.devsonplayer              D  clearAudioBoostTid  pid 14912  tid 18119
2026-03-16 18:32:47.051 14912-18100 MediaCodec              com.devson.devsonplayer              D  [0xb400006f7da0f000] setState: 7
2026-03-16 18:32:47.051 14912-18100 OplusCCodec             com.devson.devsonplayer              D  signalFlush [807]: (0xb400006f7dade400)
2026-03-16 18:32:47.051 14912-18100 OplusFeedbackInfo       com.devson.devsonplayer              I  [signalFlush:L1053]
2026-03-16 18:32:47.057 14912-18101 BufferPoolAccessor2.0   com.devson.devsonplayer              D  bufferpool2 0xb400006efaa89028 : 9(18846720 size) total buffers - 6(12564480 size) used buffers - 140/150 (recycle/alloc) - 10/148 (fetch/transfer)
2026-03-16 18:32:47.059 14912-18101 PipelineWatcher         com.devson.devsonplayer              D  onWorkDone: frameIndex not found (18446744073709551615); ignored
2026-03-16 18:32:47.059 14912-18101 PipelineWatcher         com.devson.devsonplayer              D  onWorkDone: frameIndex not found (18446744073709551615); ignored
2026-03-16 18:32:47.059 14912-18101 PipelineWatcher         com.devson.devsonplayer              D  onWorkDone: frameIndex not found (18446744073709551615); ignored
2026-03-16 18:32:47.059 14912-18101 PipelineWatcher         com.devson.devsonplayer              D  onWorkDone: frameIndex not found (18446744073709551615); ignored
2026-03-16 18:32:47.059 14912-18101 PipelineWatcher         com.devson.devsonplayer              D  onWorkDone: frameIndex not found (18446744073709551615); ignored
2026-03-16 18:32:47.059 14912-18101 PipelineWatcher         com.devson.devsonplayer              D  onWorkDone: frameIndex not found (18446744073709551615); ignored
2026-03-16 18:32:47.059 14912-18100 MediaCodec              com.devson.devsonplayer              D  [0xb400006f7da0f000] setState: 8
2026-03-16 18:32:47.059 14912-17926 MediaCodec              com.devson.devsonplayer              D  keep callback message for reclaim
2026-03-16 18:32:47.059 14912-18100 MediaCodec              com.devson.devsonplayer              D  [0xb400006f7da0f000] setState: 6
2026-03-16 18:32:47.060 14912-18100 CCodecConfig            com.devson.devsonplayer              I  query failed after returning 17 values (BAD_INDEX)
2026-03-16 18:32:47.060 14912-18100 CCodecConfig            com.devson.devsonplayer              D  c2 config diff is   c2::u32 coded.vui.color.range = 0
                                                                                                      c2::u32 output.delay.value = 12
2026-03-16 18:32:47.061 14912-18100 Codec2Client            com.devson.devsonplayer              W  query -- param skipped: index = 1342179345.
2026-03-16 18:32:47.061 14912-18100 Codec2Client            com.devson.devsonplayer              W  query -- param skipped: index = 2415921170.
2026-03-16 18:32:47.061 14912-18100 Codec2Client            com.devson.devsonplayer              W  query -- param skipped: index = 1610614798.
2026-03-16 18:32:47.066 14912-18114 MediaCodec              com.devson.devsonplayer              D  [0xb400006f0fa55000] setState: 7
2026-03-16 18:32:47.066 14912-18114 OplusCCodec             com.devson.devsonplayer              D  signalFlush [807]: (0xb400006f0faa8a00)
2026-03-16 18:32:47.066 14912-18114 OplusFeedbackInfo       com.devson.devsonplayer              I  [signalFlush:L1053]
2026-03-16 18:32:47.067 14912-18114 CCodecBuffers           com.devson.devsonplayer              D  [c2.android.aac.decoder#576:1D-Output.Impl[N]] Client returned a buffer it does not own according to our record: 0
2026-03-16 18:32:47.067 14912-18114 CCodecBuffers           com.devson.devsonplayer              D  [c2.android.aac.decoder#576:1D-Output.Impl[N]] Client returned a buffer it does not own according to our record: 1
2026-03-16 18:32:47.067 14912-18114 CCodecBuffers           com.devson.devsonplayer              D  [c2.android.aac.decoder#576:1D-Output.Impl[N]] Client returned a buffer it does not own according to our record: 2
2026-03-16 18:32:47.067 14912-18114 MediaCodec              com.devson.devsonplayer              D  [0xb400006f0fa55000] setState: 8
2026-03-16 18:32:47.068 14912-17926 MediaCodec              com.devson.devsonplayer              D  keep callback message for reclaim
2026-03-16 18:32:47.068 14912-18114 MediaCodec              com.devson.devsonplayer              D  [0xb400006f0fa55000] setState: 6
2026-03-16 18:32:47.069 14912-18114 CCodecConfig            com.devson.devsonplayer              I  query failed after returning 20 values (BAD_INDEX)
2026-03-16 18:32:47.069 14912-18114 Codec2Client            com.devson.devsonplayer              W  query -- param skipped: index = 1342179345.
2026-03-16 18:32:47.069 14912-18114 Codec2Client            com.devson.devsonplayer              W  query -- param skipped: index = 2415921170.
2026-03-16 18:32:47.069 14912-18114 Codec2Client            com.devson.devsonplayer              W  query -- param skipped: index = 1610614798.
2026-03-16 18:32:47.094 14912-18272 AudioTrack              com.devson.devsonplayer              D  flush(4870): prior state:STATE_PAUSED
2026-03-16 18:32:47.095 14912-18272 AudioTrack              com.devson.devsonplayer              D  stop(4870): prior state:STATE_FLUSHED output 245 stream 3 session 34913
2026-03-16 18:32:47.095 14912-18272 AudioTrack              com.devson.devsonplayer              D  ~AudioTrack(4870), releasing mStatus =0 session id 34913 from 14912 on behalf of 14912
2026-03-16 18:32:47.095 14912-18272 AudioTrack              com.devson.devsonplayer              D  stop(4870): prior state:STATE_FLUSHED output 245 stream 3 session 34913
2026-03-16 18:32:47.095 14912-18272 AudioTrack              com.devson.devsonplayer              I  stopAndJoinCallbacks(4870) done
2026-03-16 18:32:47.095 14912-18272 AudioTrackExtImpl       com.devson.devsonplayer              D  clearAudioBoostTid
2026-03-16 18:32:47.114 14912-15269 CCodecBufferChannel     com.devson.devsonplayer              D  [c2.mtk.avc.decoder#590] Ignoring stale input buffer done callback: last flush index = 148, frameIndex = 148
2026-03-16 18:32:47.151 14912-18114 BufferPoolAccessor2.0   com.devson.devsonplayer              D  bufferpool2 0xb400006f0fbc9428 : 5(40960 size) total buffers - 4(32768 size) used buffers - 147/152 (recycle/alloc) - 6/150 (fetch/transfer)
2026-03-16 18:32:47.152 14912-18114 PipelineWatcher         com.devson.devsonplayer              D  [0xb400006f7da9b680] pipelineFull: too many frames in pipeline (6)
2026-03-16 18:32:47.161 14912-17926 AudioTrack              com.devson.devsonplayer              I  set(): type=audio,case=1,attributes=1,content_type=0,usage=1,source=-1,flags=0xa00
2026-03-16 18:32:47.161 14912-17926 AudioTrackExtImpl       com.devson.devsonplayer              D  AudioTrackExtImpl init
2026-03-16 18:32:47.161 14912-17926 AudioTrack              com.devson.devsonplayer              D  set(): streamType -1, sampleRate 48000, format 0x1, channelMask 0x3, frameCount 36000, flags #0, notificationFrames 0, sessionId 34913, transferType 3, uid -1, pid -1
2026-03-16 18:32:47.162 14912-17926 AudioTrack              com.devson.devsonplayer              I  set(): 0xb400006f7da9be00, Create AudioTrackThread, tid = 18273
2026-03-16 18:32:47.162 14912-17926 ListServiceUtils        com.devson.devsonplayer              V  checkInListByUid module:audio-choppy-boost uid:10467 cost 331us return 0
2026-03-16 18:32:47.162 14912-17926 AudioTrackExtImpl       com.devson.devsonplayer              D  setAudioBoostTid
2026-03-16 18:32:47.163 14912-17926 AudioTrackExtImpl       com.devson.devsonplayer              D  oplusDumpValue PID is 14912  Tid is 18273
2026-03-16 18:32:47.163 14912-17926 AudioTrackExtImpl       com.devson.devsonplayer              D  setAudioBoostTid
2026-03-16 18:32:47.164 14912-17926 AudioTrackExtImpl       com.devson.devsonplayer              D  oplusDumpValue PID is 14912  Tid is 17926
2026-03-16 18:32:47.164 14912-17926 AudioTrackExtImpl       com.devson.devsonplayer              D  oplusDumpValue PID is 14912  Tid is 18273
2026-03-16 18:32:47.178 14912-17926 AudioTrack              com.devson.devsonplayer              I  createTrack_l(4871) on outputId(245) : 0xb400006f7da9be00, mCblk = 0x70161b2100,  mLatency = 960, mAfLatency = 210, frameCount = 36000, mSampleRate = 48000, mFlags = 0x8, mReqFrameCount = 36000, mNotificationFramesAct = 12000
2026-03-16 18:32:47.178 14912-17926 ListServiceUtils        com.devson.devsonplayer              V  checkInListByUid start module:change-futex-timeout uid:10467  time 294815891615us
2026-03-16 18:32:47.178 14912-17926 ListServiceUtils        com.devson.devsonplayer              V  checkInListByUid end module:change-futex-timeout uid:10467  time 294815891891us
2026-03-16 18:32:47.178 14912-17926 ListServiceUtils        com.devson.devsonplayer              D  checkInListByUid module:change-futex-timeout uid:10467 cost 275us return 0
2026-03-16 18:32:47.180 14912-17926 AudioTrack              com.devson.devsonplayer              D  setVolume(4871) left 1.000 right 1.000 , callingPid 14912
2026-03-16 18:32:47.200 14912-18114 PipelineWatcher         com.devson.devsonplayer              D  [0xb400006f7da9b680] pipelineFull: too many frames in pipeline (6)
2026-03-16 18:32:47.200 14912-15269 PipelineWatcher         com.devson.devsonplayer              D  [0xb400006f7da9b680] pipelineFull: too many frames in pipeline (6)
2026-03-16 18:32:47.226 14912-18114 PipelineWatcher         com.devson.devsonplayer              D  [0xb400006f7da9b680] pipelineFull: too many frames in pipeline (6)
2026-03-16 18:32:47.227 14912-15269 PipelineWatcher         com.devson.devsonplayer              D  [0xb400006f7da9b680] pipelineFull: too many frames in pipeline (6)
2026-03-16 18:32:47.247 14912-18114 PipelineWatcher         com.devson.devsonplayer              D  [0xb400006f7da9b680] pipelineFull: too many frames in pipeline (6)
2026-03-16 18:32:47.248 14912-15269 PipelineWatcher         com.devson.devsonplayer              D  [0xb400006f7da9b680] pipelineFull: too many frames in pipeline (6)
2026-03-16 18:32:47.556 14912-18100 gralloc4                com.devson.devsonplayer              I  @set_metadata: update dataspace from GM (0x00000000 -> 0x10010000)
2026-03-16 18:32:47.559 14912-17926 AudioTrack              com.devson.devsonplayer              D  start(4871): prior state:STATE_STOPPED output 245 stream 3 session 34913
2026-03-16 18:32:47.572 14912-17926 AudioTrackExtImpl       com.devson.devsonplayer              D  setAudioBoostTid
2026-03-16 18:32:47.572 14912-17926 AudioTrackExtImpl       com.devson.devsonplayer              D  setAudioBoostTid This tid has been boosted
2026-03-16 18:32:47.574 14912-18100 gralloc4                com.devson.devsonplayer              I  @set_metadata: update dataspace from GM (0x00000000 -> 0x10010000)
2026-03-16 18:32:47.576 14912-17926 AudioTrackExtImpl       com.devson.devsonplayer              D  setAudioBoostTid
2026-03-16 18:32:47.576 14912-17926 AudioTrackExtImpl       com.devson.devsonplayer              D  setAudioBoostTid This tid has been boosted
2026-03-16 18:32:47.576 14912-17926 AudioTrackExtImpl       com.devson.devsonplayer              D  setAudioWriteBoostTid
2026-03-16 18:32:47.584 14912-18100 gralloc4                com.devson.devsonplayer              I  @set_metadata: update dataspace from GM (0x00000000 -> 0x10010000)
2026-03-16 18:32:47.614 14912-16940 BufferPoolAccessor2.0   com.devson.devsonplayer              D  evictor expired: 1, evicted: 0
2026-03-16 18:32:47.624 14912-18101 OplusFeedbackInfo       com.devson.devsonplayer              I  0xb400006f0fa3ac00 c2.mtk.avc.decoder 1280x692 inputFps=99 outputFps=89 renderFps=13, discardFps=89
2026-03-16 18:32:47.646 14912-14912 Quality                 com.devson.devsonplayer              I  Skipped: true 2 cost 34.35592 refreshRate 16698919 bit true processName com.devson.devsonplayer
2026-03-16 18:32:47.768 14912-17926 AudioTrack              com.devson.devsonplayer              D  getTimestamp_l(4871): retun INVALID_OPERATION(-38): (mServer(10240) - timestamp.mPosition(-328)) > mPosition(10240)
2026-03-16 18:32:47.768 14912-17926 AudioTrack              com.devson.devsonplayer              D  getTimestamp_l(4871): retun INVALID_OPERATION(-38): (mServer(10240) - timestamp.mPosition(-328)) > mPosition(10240)
2026-03-16 18:32:47.779 14912-17926 AudioTrack              com.devson.devsonplayer              D  getTimestamp_l(4871): retun INVALID_OPERATION(-38): (mServer(10240) - timestamp.mPosition(-328)) > mPosition(10240)
2026-03-16 18:32:47.842 14912-18100 gralloc4                com.devson.devsonplayer              I  @set_metadata: update dataspace from GM (0x00000000 -> 0x10010000)
2026-03-16 18:32:47.872 14912-18100 gralloc4                com.devson.devsonplayer              I  @set_metadata: update dataspace from GM (0x00000000 -> 0x10010000)
2026-03-16 18:32:47.923 14912-18100 gralloc4                com.devson.devsonplayer              I  @set_metadata: update dataspace from GM (0x00000000 -> 0x10010000)
2026-03-16 18:32:47.952 14912-14912 OnBackInvokedCallback   com.devson.devsonplayer              W  OnBackInvokedCallback is not enabled for the application.
                                                                                                    Set 'android:enableOnBackInvokedCallback="true"' in the application manifest.
2026-03-16 18:32:47.953 14912-18100 gralloc4                com.devson.devsonplayer              I  @set_metadata: update dataspace from GM (0x00000000 -> 0x10010000)
2026-03-16 18:32:47.956 14912-14912 WindowManager           com.devson.devsonplayer              D  Add to mViews: DecorView@c803f57[MainActivity],pkg= com.devson.devsonplayer
2026-03-16 18:32:47.969 14912-14912 ViewRootImplExtImpl     com.devson.devsonplayer              D  onDisplayChanged -1 for VRI android.view.ViewRootImpl@85f79f3
2026-03-16 18:32:47.971 14912-14912 InputEventReceiver      com.devson.devsonplayer              D  Input log is disabled
2026-03-16 18:32:47.977 14912-14912 OplusBracketLog         com.devson.devsonplayer              E  [OplusViewMirrorManager] updateHostViewRootIfNeeded, not support android.view.ViewRootImpl@85f79f3
2026-03-16 18:32:47.978 14912-14912 OnBackInvokedCallback   com.devson.devsonplayer              W  OnBackInvokedCallback is not enabled for the application.
                                                                                                    Set 'android:enableOnBackInvokedCallback="true"' in the application manifest.
2026-03-16 18:32:48.004 14912-18100 gralloc4                com.devson.devsonplayer              I  @set_metadata: update dataspace from GM (0x00000000 -> 0x10010000)
2026-03-16 18:32:48.035 14912-18100 gralloc4                com.devson.devsonplayer              I  @set_metadata: update dataspace from GM (0x00000000 -> 0x10010000)
2026-03-16 18:32:48.057 14912-14912 BufferQueueConsumer     com.devson.devsonplayer              D  [](id:3a4000000008,api:0,p:-1,c:14912) connect: controlledByApp=false
2026-03-16 18:32:48.058 14912-14912 ZoomWindowDecorView     com.devson.devsonplayer              V  setLastReportedMergedConfiguration mZoomDisplayHeight: 720 getDecorView.209731415
2026-03-16 18:32:48.085 14912-14912 VRI[MainActivity]       com.devson.devsonplayer              D  registerCallbacksForSync syncBuffer=false
2026-03-16 18:32:48.087 14912-18100 gralloc4                com.devson.devsonplayer              I  @set_metadata: update dataspace from GM (0x00000000 -> 0x10010000)
2026-03-16 18:32:48.109 14912-15146 BLASTBufferQueue        com.devson.devsonplayer              D  [VRI[MainActivity]#6](f:0,a:1) acquireNextBufferLocked size=1600x720 mFrameNumber=1 applyTransaction=true mTimestamp=294816821271956(auto) mPendingTransactions.size=0 graphicBufferId=64046552319092 transform=7
2026-03-16 18:32:48.109 14912-15146 VRI[MainActivity]       com.devson.devsonplayer              D  Received frameCommittedCallback lastAttemptedDrawFrameNum=1 didProduceBuffer=true syncBuffer=false
2026-03-16 18:32:48.110 14912-15146 Parcel                  com.devson.devsonplayer              W  Expecting binder but got null!
2026-03-16 18:32:48.111 14912-14912 VRI[MainActivity]       com.devson.devsonplayer              D  draw finished.
2026-03-16 18:32:48.111 14912-14912 VRI[MainActivity]       com.devson.devsonplayer              D  onFocusEvent false
2026-03-16 18:32:48.115 14912-14912 Quality                 com.devson.devsonplayer              I  Skipped: false 9 cost 153.29318 refreshRate 16696600 bit true processName com.devson.devsonplayer
2026-03-16 18:32:48.117 14912-18100 gralloc4                com.devson.devsonplayer              I  @set_metadata: update dataspace from GM (0x00000000 -> 0x10010000)
2026-03-16 18:32:48.146 14912-14912 Quality                 com.devson.devsonplayer              I  Skipped: false 1 cost 16.865864 refreshRate 16704413 bit true processName com.devson.devsonplayer
2026-03-16 18:32:48.159 14912-16938 CCodecBufferChannel     com.devson.devsonplayer              D  [c2.android.aac.decoder#576] DEBUG: elapsed: mInputMetEos 2, hasPendingOutputsInClient 0, n=1 [in=0 pipeline=0 out=2]
2026-03-16 18:32:48.159 14912-16938 PipelineWatcher         com.devson.devsonplayer              D  [0xb400006f7da9b680] elapsed: mFramesInPipeline 2, n 2
2026-03-16 18:32:48.159 14912-16938 CCodecBufferChannel     com.devson.devsonplayer              D  [c2.mtk.avc.decoder#590] DEBUG: elapsed: mInputMetEos 22, hasPendingOutputsInClient 0, n=1 [in=4 pipeline=0 out=18]
2026-03-16 18:32:48.159 14912-16938 PipelineWatcher         com.devson.devsonplayer              D  [0xb400006f7da9b080] elapsed: mFramesInPipeline 13, n 22
2026-03-16 18:32:48.169 14912-18100 gralloc4                com.devson.devsonplayer              I  @set_metadata: update dataspace from GM (0x00000000 -> 0x10010000)
2026-03-16 18:32:48.181 14912-14912 VRI[MainActivity]       com.devson.devsonplayer              D  onFocusEvent true
2026-03-16 18:32:48.185 14912-14912 Quality                 com.devson.devsonplayer              I  Skipped: true 1 cost 21.524195 refreshRate 16719533 bit true processName com.devson.devsonplayer
2026-03-16 18:32:48.209 14912-18100 gralloc4                com.devson.devsonplayer              I  @set_metadata: update dataspace from GM (0x00000000 -> 0x10010000)
2026-03-16 18:32:48.215 14912-14912 Quality                 com.devson.devsonplayer              I  Skipped: false 1 cost 18.831966 refreshRate 16720853 bit true processName com.devson.devsonplayer
2026-03-16 18:32:48.259 14912-18100 gralloc4                com.devson.devsonplayer              I  @set_metadata: update dataspace from GM (0x00000000 -> 0x10010000)
2026-03-16 18:32:48.289 14912-18100 gralloc4                com.devson.devsonplayer              I  @set_metadata: update dataspace from GM (0x00000000 -> 0x10010000)
2026-03-16 18:32:48.316 14912-18114 PipelineWatcher         com.devson.devsonplayer              D  [0xb400006f7da9b680] pipelineFull: too many frames in pipeline (6)
2026-03-16 18:32:48.338 14912-18100 gralloc4                com.devson.devsonplayer              I  @set_metadata: update dataspace from GM (0x00000000 -> 0x10010000)
2026-03-16 18:32:48.370 14912-18100 gralloc4                com.devson.devsonplayer              I  @set_metadata: update dataspace from GM (0x00000000 -> 0x10010000)
2026-03-16 18:32:48.422 14912-18100 gralloc4                com.devson.devsonplayer              I  @set_metadata: update dataspace from GM (0x00000000 -> 0x10010000)
2026-03-16 18:32:48.454 14912-18100 gralloc4                com.devson.devsonplayer              I  @set_metadata: update dataspace from GM (0x00000000 -> 0x10010000)
2026-03-16 18:32:48.481 14912-18114 PipelineWatcher         com.devson.devsonplayer              D  [0xb400006f7da9b680] pipelineFull: too many frames in pipeline (6)
2026-03-16 18:32:48.481 14912-15269 PipelineWatcher         com.devson.devsonplayer              D  [0xb400006f7da9b680] pipelineFull: too many frames in pipeline (6)
2026-03-16 18:32:48.504 14912-18100 gralloc4                com.devson.devsonplayer              I  @set_metadata: update dataspace from GM (0x00000000 -> 0x10010000)
2026-03-16 18:32:48.535 14912-18100 gralloc4                com.devson.devsonplayer              I  @set_metadata: update dataspace from GM (0x00000000 -> 0x10010000)
2026-03-16 18:32:48.587 14912-18100 gralloc4                com.devson.devsonplayer              I  @set_metadata: update dataspace from GM (0x00000000 -> 0x10010000)
2026-03-16 18:32:48.619 14912-18100 gralloc4                com.devson.devsonplayer              I  @set_metadata: update dataspace from GM (0x00000000 -> 0x10010000)
2026-03-16 18:32:48.624 14912-18101 OplusFeedbackInfo       com.devson.devsonplayer              I  0xb400006f0fa3ac00 c2.mtk.avc.decoder 1280x692 inputFps=32 outputFps=30 renderFps=20, discardFps=0
2026-03-16 18:32:48.658 14912-18114 PipelineWatcher         com.devson.devsonplayer              D  [0xb400006f7da9b680] pipelineFull: too many frames in pipeline (6)
2026-03-16 18:32:48.658 14912-15269 PipelineWatcher         com.devson.devsonplayer              D  [0xb400006f7da9b680] pipelineFull: too many frames in pipeline (6)
2026-03-16 18:32:48.672 14912-18100 gralloc4                com.devson.devsonplayer              I  @set_metadata: update dataspace from GM (0x00000000 -> 0x10010000)
2026-03-16 18:32:48.703 14912-18100 gralloc4                com.devson.devsonplayer              I  @set_metadata: update dataspace from GM (0x00000000 -> 0x10010000)
2026-03-16 18:32:48.755 14912-18100 gralloc4                com.devson.devsonplayer              I  @set_metadata: update dataspace from GM (0x00000000 -> 0x10010000)
2026-03-16 18:32:48.787 14912-18100 gralloc4                com.devson.devsonplayer              I  @set_metadata: update dataspace from GM (0x00000000 -> 0x10010000)
2026-03-16 18:32:48.837 14912-18100 gralloc4                com.devson.devsonplayer              I  @set_metadata: update dataspace from GM (0x00000000 -> 0x10010000)
2026-03-16 18:32:48.838 14912-18114 PipelineWatcher         com.devson.devsonplayer              D  [0xb400006f7da9b680] pipelineFull: too many frames in pipeline (6)
2026-03-16 18:32:48.869 14912-18100 gralloc4                com.devson.devsonplayer              I  @set_metadata: update dataspace from GM (0x00000000 -> 0x10010000)
2026-03-16 18:32:48.921 14912-18100 gralloc4                com.devson.devsonplayer              I  @set_metadata: update dataspace from GM (0x00000000 -> 0x10010000)
2026-03-16 18:32:48.962 14912-18100 gralloc4                com.devson.devsonplayer              I  @set_metadata: update dataspace from GM (0x00000000 -> 0x10010000)
2026-03-16 18:32:49.001 14912-18114 PipelineWatcher         com.devson.devsonplayer              D  [0xb400006f7da9b680] pipelineFull: too many frames in pipeline (6)
2026-03-16 18:32:49.001 14912-18100 gralloc4                com.devson.devsonplayer              I  @set_metadata: update dataspace from GM (0x00000000 -> 0x10010000)
2026-03-16 18:32:49.003 14912-15269 PipelineWatcher         com.devson.devsonplayer              D  [0xb400006f7da9b680] pipelineFull: too many frames in pipeline (6)
2026-03-16 18:32:49.044 14912-18100 gralloc4                com.devson.devsonplayer              I  @set_metadata: update dataspace from GM (0x00000000 -> 0x10010000)
2026-03-16 18:32:49.087 14912-18100 gralloc4                com.devson.devsonplayer              I  @set_metadata: update dataspace from GM (0x00000000 -> 0x10010000)
2026-03-16 18:32:49.129 14912-18100 gralloc4                com.devson.devsonplayer              I  @set_metadata: update dataspace from GM (0x00000000 -> 0x10010000)
2026-03-16 18:32:49.143 14912-14912 OplusScrollToTopManager com.devson.devsonplayer              D  com.devson.devsonplayer/com.devson.devsonplayer.MainActivity,This DecorView@e728dcf[MainActivity] change focus to false
