--------- beginning of system
2026-03-16 18:31:35.783 14912-14912 Quality                 com.devson.devsonplayer              I  ActivityThread: createClassLoader delay 986 /data/app/~~gK1wTFWtCSTtgkPGIOm3LQ==/com.devson.devsonplayer-3d7usxaYmvPBqwMV7wRG_w==/base.apk 14912
2026-03-16 18:31:35.788 14912-14912 Quality                 com.devson.devsonplayer              I  ActivityThread: createOrUpdateClassLoaderLocked delay 992 com.devson.devsonplayer 14912
2026-03-16 18:31:35.887 14912-14912 Quality                 com.devson.devsonplayer              I  ActivityThread: bindApplication delay 1204 com.devson.devsonplayer 14912
2026-03-16 18:31:35.889 14912-14972 Quality                 com.devson.devsonplayer              I  Blocked msg = Package name: com.devson.devsonplayer [ schedGroup: 5 schedPolicy: 0 ] process the message: { when=-1s297ms what=110 target=android.app.ActivityThread$H obj=AppBindData{appInfo=ApplicationInfo{7ed0134 com.devson.devsonplayer}} } took 1204 ms
2026-03-16 18:31:36.079 14912-14912 OplusInputMethodUtil    com.devson.devsonplayer              D  init sDebug to false, init sDebugIme to false, init sAlwaysOn to false
2026-03-16 18:31:36.081 14912-14912 OplusInputMethodUtil    com.devson.devsonplayer              D  updateDebugToClass InputMethodManager.DEBUG = false
2026-03-16 18:31:36.081 14912-14912 OplusInputMethodUtil    com.devson.devsonplayer              D  updateDebugToClass ImeFocusController.DEBUG = false
2026-03-16 18:31:36.081 14912-14912 OplusInputMethodUtil    com.devson.devsonplayer              D  updateDebugToClass BaseInputConnection.DEBUG = false
2026-03-16 18:31:36.081 14912-14912 OplusInputMethodUtil    com.devson.devsonplayer              D  updateDebugToClass ImeFocusController.sDebugIme = false
2026-03-16 18:31:36.225 14912-14912 Quality                 com.devson.devsonplayer              I  Skipped: false 9 cost 159.93208 refreshRate 16699498 bit true processName com.devson.devsonplayer
2026-03-16 18:31:36.881 14912-14912 ZoomWindowDecorView     com.devson.devsonplayer              V  setLastReportedMergedConfiguration mZoomDisplayHeight: 1600 getDecorView.242388431
2026-03-16 18:31:37.009 14912-15146 Quality                 com.devson.devsonplayer              I  ActivityThread: setSurface delay 125 com.devson.devsonplayer 14912
2026-03-16 18:31:37.492 14912-14912 Quality                 com.devson.devsonplayer              I  ActivityThread: doFrame delay 1268 com.devson.devsonplayer 14912
2026-03-16 18:31:37.494 14912-14972 Quality                 com.devson.devsonplayer              I  Blocked msg = Package name: com.devson.devsonplayer [ schedGroup: 5 schedPolicy: 0 ] process the message: { when=-1s596ms what=0 target=android.view.Choreographer$FrameHandler callback=android.view.Choreographer$FrameDisplayEventReceiver } took 1268 ms
2026-03-16 18:31:37.503 14912-14912 Quality                 com.devson.devsonplayer              I  Skipped: true 70 cost 1171.2186 refreshRate 16725947 bit true processName com.devson.devsonplayer
2026-03-16 18:31:37.994 14912-14912 Quality                 com.devson.devsonplayer              I  Skipped: false 16 cost 277.72247 refreshRate 16666667 bit true processName com.devson.devsonplayer
2026-03-16 18:31:38.088 14912-14912 Quality                 com.devson.devsonplayer              I  Skipped: true 3 cost 53.41808 refreshRate 16666143 bit true processName com.devson.devsonplayer
2026-03-16 18:31:38.306 14912-14912 Quality                 com.devson.devsonplayer              I  Skipped: true 1 cost 20.397163 refreshRate 16792349 bit true processName com.devson.devsonplayer
2026-03-16 18:31:38.971 14912-14912 Quality                 com.devson.devsonplayer              I  Skipped: true 25 cost 434.4198 refreshRate 16718965 bit true processName com.devson.devsonplayer
2026-03-16 18:31:39.619 14912-14912 Quality                 com.devson.devsonplayer              I  ActivityThread: doFrame delay 649 com.devson.devsonplayer 14912
2026-03-16 18:31:39.624 14912-14912 Quality                 com.devson.devsonplayer              I  Skipped: false 38 cost 637.35876 refreshRate 16690154 bit true processName com.devson.devsonplayer
2026-03-16 18:31:39.736 14912-14912 Quality                 com.devson.devsonplayer              I  Skipped: false 3 cost 65.3003 refreshRate 16689722 bit true processName com.devson.devsonplayer
2026-03-16 18:31:42.806 14912-14912 OplusInput...erInternal com.devson.devsonplayer              D  get inputMethodManager extension: com.android.internal.view.IInputMethodManager$Stub$Proxy@12e4593
2026-03-16 18:31:42.879 14912-14912 Quality                 com.devson.devsonplayer              I  Skipped: false 5 cost 84.78766 refreshRate 16700105 bit true processName com.devson.devsonplayer
2026-03-16 18:31:43.382 14912-14912 Quality                 com.devson.devsonplayer              I  ActivityThread: doFrame delay 503 com.devson.devsonplayer 14912
2026-03-16 18:31:43.395 14912-14912 Quality                 com.devson.devsonplayer              I  Skipped: false 28 cost 484.23337 refreshRate 16700105 bit true processName com.devson.devsonplayer
2026-03-16 18:31:43.455 14912-14912 Quality                 com.devson.devsonplayer              I  Skipped: false 2 cost 43.58008 refreshRate 16700105 bit true processName com.devson.devsonplayer
2026-03-16 18:31:44.003 14912-14912 Quality                 com.devson.devsonplayer              I  Skipped: false 1 cost 23.263311 refreshRate 16706110 bit true processName com.devson.devsonplayer
2026-03-16 18:31:44.093 14912-14912 Quality                 com.devson.devsonplayer              I  Skipped: true 4 cost 79.27917 refreshRate 16706110 bit true processName com.devson.devsonplayer
2026-03-16 18:31:44.178 14912-14912 Quality                 com.devson.devsonplayer              I  Skipped: true 2 cost 47.425266 refreshRate 16704358 bit true processName com.devson.devsonplayer
2026-03-16 18:31:44.383 14912-14912 Quality                 com.devson.devsonplayer              I  Skipped: false 12 cost 202.75058 refreshRate 16704358 bit true processName com.devson.devsonplayer
2026-03-16 18:31:44.508 14912-14912 Quality                 com.devson.devsonplayer              I  Skipped: false 6 cost 110.31696 refreshRate 16704688 bit true processName com.devson.devsonplayer
2026-03-16 18:31:44.689 14912-14912 Quality                 com.devson.devsonplayer              I  Skipped: false 2 cost 40.530975 refreshRate 16704254 bit true processName com.devson.devsonplayer
2026-03-16 18:31:45.180 14912-14912 Quality                 com.devson.devsonplayer              I  Skipped: false 28 cost 481.7616 refreshRate 16704727 bit true processName com.devson.devsonplayer
2026-03-16 18:31:45.232 14912-14912 Quality                 com.devson.devsonplayer              I  Skipped: true 1 cost 32.66487 refreshRate 16703474 bit true processName com.devson.devsonplayer
2026-03-16 18:31:45.315 14912-14912 Quality                 com.devson.devsonplayer              I  Skipped: false 3 cost 65.53869 refreshRate 16703574 bit true processName com.devson.devsonplayer
2026-03-16 18:31:45.588 14912-14912 Quality                 com.devson.devsonplayer              I  Skipped: false 11 cost 188.08974 refreshRate 16703388 bit true processName com.devson.devsonplayer
2026-03-16 18:31:45.735 14912-14912 Quality                 com.devson.devsonplayer              I  Skipped: false 8 cost 134.60693 refreshRate 16702893 bit true processName com.devson.devsonplayer
2026-03-16 18:31:45.773 14912-14912 Quality                 com.devson.devsonplayer              I  Skipped: false 1 cost 22.659708 refreshRate 16702719 bit true processName com.devson.devsonplayer
2026-03-16 18:31:45.887 14912-14912 Quality                 com.devson.devsonplayer              I  Skipped: false 6 cost 103.572266 refreshRate 16702226 bit true processName com.devson.devsonplayer
2026-03-16 18:31:46.120 14912-14912 Quality                 com.devson.devsonplayer              I  Skipped: false 13 cost 219.5056 refreshRate 16702226 bit true processName com.devson.devsonplayer
2026-03-16 18:31:46.639 14912-14912 Quality                 com.devson.devsonplayer              I  Skipped: false 30 cost 504.64703 refreshRate 16701398 bit true processName com.devson.devsonplayer
2026-03-16 18:31:46.740 14912-14912 Quality                 com.devson.devsonplayer              I  Skipped: false 4 cost 71.46528 refreshRate 16701087 bit true processName com.devson.devsonplayer
2026-03-16 18:31:46.904 14912-14912 Quality                 com.devson.devsonplayer              I  Skipped: false 9 cost 151.83698 refreshRate 16700528 bit true processName com.devson.devsonplayer
2026-03-16 18:31:47.174 14912-14912 Quality                 com.devson.devsonplayer              I  Skipped: false 15 cost 254.31049 refreshRate 16703876 bit true processName com.devson.devsonplayer
2026-03-16 18:31:47.362 14912-14912 Quality                 com.devson.devsonplayer              I  Skipped: false 9 cost 158.21194 refreshRate 16703851 bit true processName com.devson.devsonplayer
2026-03-16 18:31:48.306 14912-14912 Quality                 com.devson.devsonplayer              I  Skipped: true 1 cost 17.442863 refreshRate 16679097 bit true processName com.devson.devsonplayer
2026-03-16 18:31:48.918 14912-14912 Quality                 com.devson.devsonplayer              I  ActivityThread: doFrame delay 612 com.devson.devsonplayer 14912
2026-03-16 18:31:50.469 14912-14973 Quality                 com.devson.devsonplayer              I  stackInfo :----- pid 14912 at 2026-03-16 18:31:50.418 -----;Cmd line: com.devson.devsonplayer;"main" prio=5 tid=2 RUNNABLE sysTid=14912;  at android.media.MediaMetadataRetriever.native_setup(Native Method);  at android.media.MediaMetadataRetriever.<init>(MediaMetadataRetriever.java:225);  at com.devson.devsonplayer.player.PlayerController.probeVideoInfo(PlayerController.kt:132);  at com.devson.devsonplayer.player.PlayerController.load(PlayerController.kt:113);  at com.devson.devsonplayer.player.PlayerViewModel.load(PlayerViewModel.kt:168);  at com.devson.devsonplayer.player.PlayerViewModel.setPlaylist(PlayerViewModel.kt:147);  at com.devson.devsonplayer.ui.PlayerScreenKt$PlayerScreen$1$1.invokeSuspend(PlayerScreen.kt:71);  at kotlin.coroutines.jvm.internal.BaseContinuationImpl.resumeWith(ContinuationImpl.kt:33);  at kotlinx.coroutines.DispatchedTask.run(DispatchedTask.kt:101);  at androidx.compose.ui.platform.AndroidUiDispatcher.performTrampolineDispatch(AndroidUiDispatcher.android.kt:79);  at androidx.compose.ui.platform.AndroidUiDispatcher.access$performTrampolineDispatch(AndroidUiDispatcher.android.kt:41);  at androidx.compose.ui.platform.AndroidUiDispatcher$dispatchCallback$1.run(AndroidUiDispatcher.android.kt:57);  at android.os.Handler.handleCallback(Handler.java:942);  at android.os.Handler.dispatchMessage(Handler.java:99);  at android.os.Looper.loopOnce(Looper.java:240);  at android.os.Looper.loop(Looper.java:351);  at android.app.ActivityThread.main(ActivityThread.java:8370);  at java.lang.reflect.Method.invoke(Native Method);  at com.android.internal.os.RuntimeInit$MethodAndArgsCaller.run(RuntimeInit.java:568);  at com.android.internal.os.ZygoteInit.main(ZygoteInit.java:1013);
2026-03-16 18:31:51.972 14912-14973 Quality                 com.devson.devsonplayer              I  stackInfo :----- pid 14912 at 2026-03-16 18:31:51.970 -----;Cmd line: com.devson.devsonplayer;"main" prio=5 tid=2 RUNNABLE sysTid=14912;  at android.media.MediaMetadataRetriever.native_setup(Native Method);  at android.media.MediaMetadataRetriever.<init>(MediaMetadataRetriever.java:225);  at com.devson.devsonplayer.player.PlayerController.probeVideoInfo(PlayerController.kt:132);  at com.devson.devsonplayer.player.PlayerController.load(PlayerController.kt:113);  at com.devson.devsonplayer.player.PlayerViewModel.load(PlayerViewModel.kt:168);  at com.devson.devsonplayer.player.PlayerViewModel.setPlaylist(PlayerViewModel.kt:147);  at com.devson.devsonplayer.ui.PlayerScreenKt$PlayerScreen$1$1.invokeSuspend(PlayerScreen.kt:71);  at kotlin.coroutines.jvm.internal.BaseContinuationImpl.resumeWith(ContinuationImpl.kt:33);  at kotlinx.coroutines.DispatchedTask.run(DispatchedTask.kt:101);  at androidx.compose.ui.platform.AndroidUiDispatcher.performTrampolineDispatch(AndroidUiDispatcher.android.kt:79);  at androidx.compose.ui.platform.AndroidUiDispatcher.access$performTrampolineDispatch(AndroidUiDispatcher.android.kt:41);  at androidx.compose.ui.platform.AndroidUiDispatcher$dispatchCallback$1.run(AndroidUiDispatcher.android.kt:57);  at android.os.Handler.handleCallback(Handler.java:942);  at android.os.Handler.dispatchMessage(Handler.java:99);  at android.os.Looper.loopOnce(Looper.java:240);  at android.os.Looper.loop(Looper.java:351);  at android.app.ActivityThread.main(ActivityThread.java:8370);  at java.lang.reflect.Method.invoke(Native Method);  at com.android.internal.os.RuntimeInit$MethodAndArgsCaller.run(RuntimeInit.java:568);  at com.android.internal.os.ZygoteInit.main(ZygoteInit.java:1013);
2026-03-16 18:31:55.809 14912-14972 Quality                 com.devson.devsonplayer              I  Blocked msg = Package name: com.devson.devsonplayer [ schedGroup: 5 schedPolicy: 1073741824 ] process the message: { when=-7s501ms what=0 target=android.os.Handler callback=androidx.compose.ui.platform.AndroidUiDispatcher$dispatchCallback$1 } took 6890 ms
2026-03-16 18:31:55.815 14912-14912 Quality                 com.devson.devsonplayer              I  Skipped: false 449 cost 7492.7793 refreshRate 16679097 bit true processName com.devson.devsonplayer
2026-03-16 18:31:56.357 14912-14912 Quality                 com.devson.devsonplayer              I  SlowBinder: com.devson.devsonplayer to android.app.IActivityClientController cost= 371 code= 26
2026-03-16 18:31:56.360 14912-14912 Quality                 com.devson.devsonplayer              I  Skipped: false 32 cost 538.0204 refreshRate 16708378 bit true processName com.devson.devsonplayer
2026-03-16 18:31:56.526 14912-14912 ZoomWindowDecorView     com.devson.devsonplayer              V  setLastReportedMergedConfiguration mZoomDisplayHeight: 720 getDecorView.242388431
2026-03-16 18:31:56.556 14912-14912 Quality                 com.devson.devsonplayer              I  Skipped: false 10 cost 167.22345 refreshRate 16696754 bit true processName com.devson.devsonplayer
2026-03-16 18:31:56.917 14912-14912 Quality                 com.devson.devsonplayer              I  Skipped: true 7 cost 127.36162 refreshRate 16699315 bit true processName com.devson.devsonplayer
2026-03-16 18:32:02.042 14912-14912 Quality                 com.devson.devsonplayer              I  Skipped: true 1 cost 24.94124 refreshRate 16702193 bit true processName com.devson.devsonplayer
2026-03-16 18:32:02.737 14912-14912 Quality                 com.devson.devsonplayer              I  Skipped: true 1 cost 17.451445 refreshRate 16720640 bit true processName com.devson.devsonplayer
2026-03-16 18:32:03.039 14912-14912 Quality                 com.devson.devsonplayer              I  Skipped: false 1 cost 19.349812 refreshRate 16707438 bit true processName com.devson.devsonplayer
2026-03-16 18:32:03.323 14912-14912 Quality                 com.devson.devsonplayer              I  Skipped: true 1 cost 19.812948 refreshRate 16698471 bit true processName com.devson.devsonplayer
2026-03-16 18:32:04.541 14912-14912 Quality                 com.devson.devsonplayer              I  Skipped: true 1 cost 18.604109 refreshRate 16700101 bit true processName com.devson.devsonplayer
2026-03-16 18:32:04.636 14912-15146 Quality                 com.devson.devsonplayer              I  JankCountInfo: com.devson.devsonplayer basic:0-0-0 action:1 data:0-1 type:2 stage:2-0-0 type:3 stage:1-0-0 action:2 data:0-1 action:8 data:0-1 action:10 data:0-0 type:2 stage:1-0-0 action:13 data:0-0 type:2 stage:1-0-0
2026-03-16 18:32:05.326 14912-14912 Quality                 com.devson.devsonplayer              I  Skipped: true 1 cost 19.009056 refreshRate 16702435 bit true processName com.devson.devsonplayer
2026-03-16 18:32:05.793 14912-14912 Quality                 com.devson.devsonplayer              I  Skipped: false 1 cost 17.901768 refreshRate 16700509 bit true processName com.devson.devsonplayer
2026-03-16 18:32:05.846 14912-14912 Quality                 com.devson.devsonplayer              I  Skipped: true 1 cost 20.555664 refreshRate 16701963 bit true processName com.devson.devsonplayer
2026-03-16 18:32:05.894 14912-14912 Quality                 com.devson.devsonplayer              I  Skipped: true 2 cost 35.34683 refreshRate 16701963 bit true processName com.devson.devsonplayer
2026-03-16 18:32:06.078 14912-14912 Quality                 com.devson.devsonplayer              I  Skipped: true 1 cost 30.627792 refreshRate 16666667 bit true processName com.devson.devsonplayer
2026-03-16 18:32:06.163 14912-14912 Quality                 com.devson.devsonplayer              I  Skipped: true 1 cost 20.278109 refreshRate 16700496 bit true processName com.devson.devsonplayer
2026-03-16 18:32:06.695 14912-14912 Quality                 com.devson.devsonplayer              I  Skipped: false 6 cost 100.823715 refreshRate 16719682 bit true processName com.devson.devsonplayer
2026-03-16 18:32:06.746 14912-14912 Quality                 com.devson.devsonplayer              I  Skipped: true 1 cost 18.74556 refreshRate 16711522 bit true processName com.devson.devsonplayer
2026-03-16 18:32:07.308 14912-14912 Quality                 com.devson.devsonplayer              I  Skipped: true 8 cost 146.78815 refreshRate 16696438 bit true processName com.devson.devsonplayer
2026-03-16 18:32:07.528 14912-14912 ZoomWindowDecorView     com.devson.devsonplayer              V  setLastReportedMergedConfiguration mZoomDisplayHeight: 720 getDecorView.197063815
2026-03-16 18:32:07.603 14912-14912 Quality                 com.devson.devsonplayer              I  Skipped: false 17 cost 291.6736 refreshRate 16690250 bit true processName com.devson.devsonplayer
2026-03-16 18:32:07.691 14912-14912 Quality                 com.devson.devsonplayer              I  Skipped: false 2 cost 45.465065 refreshRate 16706796 bit true processName com.devson.devsonplayer
2026-03-16 18:32:07.738 14912-14912 Quality                 com.devson.devsonplayer              I  Skipped: false 2 cost 42.52267 refreshRate 16707513 bit true processName com.devson.devsonplayer
2026-03-16 18:32:07.914 14912-14912 Quality                 com.devson.devsonplayer              I  Skipped: true 1 cost 18.276415 refreshRate 16681474 bit true processName com.devson.devsonplayer
2026-03-16 18:32:08.644 14912-14912 ZoomWindowDecorView     com.devson.devsonplayer              V  removeZoomView
2026-03-16 18:32:08.688 14912-14912 Quality                 com.devson.devsonplayer              I  Skipped: true 2 cost 39.73757 refreshRate 16699694 bit true processName com.devson.devsonplayer
2026-03-16 18:32:08.983 14912-14912 Quality                 com.devson.devsonplayer              I  Skipped: true 2 cost 34.088875 refreshRate 16722089 bit true processName com.devson.devsonplayer
2026-03-16 18:32:09.018 14912-14912 Quality                 com.devson.devsonplayer              I  Skipped: true 1 cost 18.869673 refreshRate 16666667 bit true processName com.devson.devsonplayer
2026-03-16 18:32:09.751 14912-14912 Quality                 com.devson.devsonplayer              I  Skipped: false 1 cost 17.661345 refreshRate 16730740 bit true processName com.devson.devsonplayer
2026-03-16 18:32:09.789 14912-14912 Quality                 com.devson.devsonplayer              I  Skipped: true 1 cost 21.405724 refreshRate 16733185 bit true processName com.devson.devsonplayer
2026-03-16 18:32:09.988 14912-14912 Quality                 com.devson.devsonplayer              I  Skipped: true 1 cost 20.916693 refreshRate 16714912 bit true processName com.devson.devsonplayer
2026-03-16 18:32:10.139 14912-14912 Quality                 com.devson.devsonplayer              I  Skipped: true 2 cost 38.31645 refreshRate 16703449 bit true processName com.devson.devsonplayer
2026-03-16 18:32:10.604 14912-14912 Quality                 com.devson.devsonplayer              I  Skipped: false 5 cost 86.14142 refreshRate 16690789 bit true processName com.devson.devsonplayer
2026-03-16 18:32:10.635 14912-14912 Quality                 com.devson.devsonplayer              I  Skipped: false 1 cost 17.329945 refreshRate 16692149 bit true processName com.devson.devsonplayer
2026-03-16 18:32:10.924 14912-14912 Quality                 com.devson.devsonplayer              I  Skipped: true 1 cost 21.46083 refreshRate 16709770 bit true processName com.devson.devsonplayer
2026-03-16 18:32:11.484 14912-14912 ZoomWindowDecorView     com.devson.devsonplayer              V  setLastReportedMergedConfiguration mZoomDisplayHeight: 720 getDecorView.74524602
2026-03-16 18:32:11.530 14912-14912 Quality                 com.devson.devsonplayer              I  Skipped: false 8 cost 143.43637 refreshRate 16699513 bit true processName com.devson.devsonplayer
2026-03-16 18:32:11.582 14912-14912 Quality                 com.devson.devsonplayer              I  Skipped: false 1 cost 28.682083 refreshRate 16703113 bit true processName com.devson.devsonplayer
2026-03-16 18:32:11.623 14912-14912 Quality                 com.devson.devsonplayer              I  Skipped: true 2 cost 35.81716 refreshRate 16702876 bit true processName com.devson.devsonplayer
2026-03-16 18:32:13.144 14912-14912 ZoomWindowDecorView     com.devson.devsonplayer              V  removeZoomView
2026-03-16 18:32:13.173 14912-14912 Quality                 com.devson.devsonplayer              I  Skipped: false 1 cost 32.390465 refreshRate 16707255 bit true processName com.devson.devsonplayer
2026-03-16 18:32:13.344 14912-14912 Quality                 com.devson.devsonplayer              I  Skipped: true 1 cost 19.762505 refreshRate 16702401 bit true processName com.devson.devsonplayer
2026-03-16 18:32:13.863 14912-14912 Quality                 com.devson.devsonplayer              I  Skipped: true 1 cost 21.09356 refreshRate 16699192 bit true processName com.devson.devsonplayer
2026-03-16 18:32:14.025 14912-14912 Quality                 com.devson.devsonplayer              I  Skipped: true 1 cost 33.064117 refreshRate 16700908 bit true processName com.devson.devsonplayer
2026-03-16 18:32:18.511 14912-14912 Quality                 com.devson.devsonplayer              I  Skipped: false 5 cost 92.99298 refreshRate 16703955 bit true processName com.devson.devsonplayer
2026-03-16 18:32:18.540 14912-14912 Quality                 com.devson.devsonplayer              I  Skipped: false 1 cost 21.908842 refreshRate 16702745 bit true processName com.devson.devsonplayer
2026-03-16 18:32:18.822 14912-14912 Quality                 com.devson.devsonplayer              I  Skipped: true 1 cost 19.781898 refreshRate 16702849 bit true processName com.devson.devsonplayer
2026-03-16 18:32:19.286 14912-14912 Quality                 com.devson.devsonplayer              I  Skipped: true 1 cost 33.204712 refreshRate 16693341 bit true processName com.devson.devsonplayer
2026-03-16 18:32:19.988 14912-14912 Quality                 com.devson.devsonplayer              I  Skipped: true 1 cost 25.45982 refreshRate 16666667 bit true processName com.devson.devsonplayer
2026-03-16 18:32:21.606 14912-14912 Quality                 com.devson.devsonplayer              I  Skipped: true 1 cost 31.606056 refreshRate 16695870 bit true processName com.devson.devsonplayer
2026-03-16 18:32:21.790 14912-14912 ZoomWindowDecorView     com.devson.devsonplayer              V  setLastReportedMergedConfiguration mZoomDisplayHeight: 720 getDecorView.232939781
2026-03-16 18:32:21.850 14912-14912 Quality                 com.devson.devsonplayer              I  Skipped: false 14 cost 241.80609 refreshRate 16714417 bit true processName com.devson.devsonplayer
2026-03-16 18:32:21.894 14912-14912 Quality                 com.devson.devsonplayer              I  Skipped: false 2 cost 35.750183 refreshRate 16697103 bit true processName com.devson.devsonplayer
2026-03-16 18:32:21.928 14912-14912 Quality                 com.devson.devsonplayer              I  Skipped: true 1 cost 19.611511 refreshRate 16694843 bit true processName com.devson.devsonplayer
2026-03-16 18:32:23.381 14912-14912 Quality                 com.devson.devsonplayer              I  Skipped: false 1 cost 18.834593 refreshRate 16723828 bit true processName com.devson.devsonplayer
2026-03-16 18:32:23.717 14912-14912 ZoomWindowDecorView     com.devson.devsonplayer              V  removeZoomView
2026-03-16 18:32:23.752 14912-14912 Quality                 com.devson.devsonplayer              I  Skipped: false 2 cost 39.734715 refreshRate 16687510 bit true processName com.devson.devsonplayer
2026-03-16 18:32:24.495 14912-14912 Quality                 com.devson.devsonplayer              I  Skipped: false 4 cost 81.48162 refreshRate 16700702 bit true processName com.devson.devsonplayer
2026-03-16 18:32:24.800 14912-14912 Quality                 com.devson.devsonplayer              I  Skipped: true 1 cost 18.193935 refreshRate 16710042 bit true processName com.devson.devsonplayer
2026-03-16 18:32:25.559 14912-14912 Quality                 com.devson.devsonplayer              I  Skipped: true 2 cost 42.856983 refreshRate 16691065 bit true processName com.devson.devsonplayer
2026-03-16 18:32:25.922 14912-14912 Quality                 com.devson.devsonplayer              I  Skipped: false 21 cost 355.77304 refreshRate 16703985 bit true processName com.devson.devsonplayer
2026-03-16 18:32:26.229 14912-14912 ZoomWindowDecorView     com.devson.devsonplayer              V  setLastReportedMergedConfiguration mZoomDisplayHeight: 1600 getDecorView.242388431
2026-03-16 18:32:26.428 14912-14912 Quality                 com.devson.devsonplayer              I  Skipped: false 28 cost 477.21008 refreshRate 16726446 bit true processName com.devson.devsonplayer
2026-03-16 18:32:26.753 14912-14912 Quality                 com.devson.devsonplayer              I  Skipped: false 19 cost 318.36322 refreshRate 16727984 bit true processName com.devson.devsonplayer
2026-03-16 18:32:26.824 14912-14912 Quality                 com.devson.devsonplayer              I  Skipped: false 3 cost 55.44689 refreshRate 16700802 bit true processName com.devson.devsonplayer
2026-03-16 18:32:26.866 14912-14912 Quality                 com.devson.devsonplayer              I  Skipped: false 1 cost 30.969015 refreshRate 16688901 bit true processName com.devson.devsonplayer
2026-03-16 18:32:28.476 14912-14912 Quality                 com.devson.devsonplayer              I  Skipped: false 2 cost 37.65538 refreshRate 16700881 bit true processName com.devson.devsonplayer
2026-03-16 18:32:28.559 14912-14912 Quality                 com.devson.devsonplayer              I  Skipped: false 2 cost 36.950325 refreshRate 16704549 bit true processName com.devson.devsonplayer
2026-03-16 18:32:28.629 14912-14912 Quality                 com.devson.devsonplayer              I  Skipped: true 2 cost 39.72617 refreshRate 16693716 bit true processName com.devson.devsonplayer
2026-03-16 18:32:28.701 14912-14912 Quality                 com.devson.devsonplayer              I  Skipped: false 2 cost 45.88016 refreshRate 16728800 bit true processName com.devson.devsonplayer
2026-03-16 18:32:28.764 14912-14912 Quality                 com.devson.devsonplayer              I  Skipped: false 3 cost 57.05443 refreshRate 16714084 bit true processName com.devson.devsonplayer
2026-03-16 18:32:28.818 14912-14912 Quality                 com.devson.devsonplayer              I  Skipped: true 2 cost 44.986336 refreshRate 16714084 bit true processName com.devson.devsonplayer
2026-03-16 18:32:28.909 14912-14912 Quality                 com.devson.devsonplayer              I  Skipped: false 3 cost 52.96924 refreshRate 16701498 bit true processName com.devson.devsonplayer
2026-03-16 18:32:29.075 14912-14912 Quality                 com.devson.devsonplayer              I  Skipped: false 6 cost 102.00065 refreshRate 16708218 bit true processName com.devson.devsonplayer
2026-03-16 18:32:29.246 14912-14912 Quality                 com.devson.devsonplayer              I  Skipped: false 1 cost 22.944729 refreshRate 16697941 bit true processName com.devson.devsonplayer
2026-03-16 18:32:29.968 14912-14912 Quality                 com.devson.devsonplayer              I  Skipped: false 42 cost 710.79126 refreshRate 16696051 bit true processName com.devson.devsonplayer
2026-03-16 18:32:30.143 14912-14912 Quality                 com.devson.devsonplayer              I  Skipped: false 10 cost 168.65112 refreshRate 16699019 bit true processName com.devson.devsonplayer
2026-03-16 18:32:30.268 14912-14912 Quality                 com.devson.devsonplayer              I  Skipped: false 1 cost 26.000664 refreshRate 16699583 bit true processName com.devson.devsonplayer
2026-03-16 18:32:30.494 14912-14912 Quality                 com.devson.devsonplayer              I  Skipped: false 13 cost 218.0148 refreshRate 16699583 bit true processName com.devson.devsonplayer
--------- beginning of main
2026-03-16 18:32:31.387 14912-15269 BufferPoolAccessor2.0   com.devson.devsonplayer              D  Destruction - bufferpool2 0xb400006efae21628 cached: 0/0M, 0/0% in use; allocs: 783, 99% recycled; transfers: 795, 99% unfetched
2026-03-16 18:32:31.691 14912-14912 OnBackInvokedCallback   com.devson.devsonplayer              W  OnBackInvokedCallback is not enabled for the application.
                                                                                                    Set 'android:enableOnBackInvokedCallback="true"' in the application manifest.
2026-03-16 18:32:31.776 14912-14912 SurfaceView             com.devson.devsonplayer              I  254062334 onAttachedToWindow
2026-03-16 18:32:31.837 14912-15146 Quality                 com.devson.devsonplayer              I  JankCountInfo: com.devson.devsonplayer basic:0-0-0 action:-1 data:0-8 type:2 stage:11-0-0 type:3 stage:11-0-0 type:4 stage:7-0-0 type:5 stage:2-0-0 action:1 data:0-1 type:2 stage:0-0-0 type:3 stage:1-0-0 type:7 stage:1-0-0 action:2 data:0-3 type:2 stage:2-0-0 action:6 data:0-3 type:2 stage:1-0-0 type:3 stage:2-0-0 type:4 stage:1-0-0 action:8 data:0-2 type:3 stage:1-0-0 action:10 data:0-0 type:2 stage:0-0-0 action:13 data:0-0 type:2 stage:0-0-0
2026-03-16 18:32:37.191 14912-16940 BufferPoolAccessor2.0   com.devson.devsonplayer              D  evictor expired: 1, evicted: 0
2026-03-16 18:32:38.842 14912-14912 PlayerController        com.devson.devsonplayer              I  VideoInfo: VideoInfo(mimeType=video/avc, width=1280, height=692, bitDepth=8, profile=-1, level=-1, frameRate=30.0)
2026-03-16 18:32:38.842 14912-14912 DecoderSelector         com.devson.devsonplayer              I  selectDecoder: mime=video/avc 1280x692 8bit
2026-03-16 18:32:38.844 14912-14912 DecoderSelector         com.devson.devsonplayer              I  Selected HARDWARE decoder: c2.mtk.avc.decoder
2026-03-16 18:32:38.844 14912-14912 PlayerController        com.devson.devsonplayer              I  Selected decoder: HARDWARE
2026-03-16 18:32:38.847 14912-14912 ExoPlayerImpl           com.devson.devsonplayer              I  Init f28a725 [AndroidXMedia3/1.5.1] [RED8AF, RMX3430, realme, 33]
2026-03-16 18:32:38.905 14912-14912 ANR_LOG                 com.devson.devsonplayer              E  Blocked msg = { when=+7s29ms what=0 target=android.os.Handler callback=androidx.compose.ui.platform.AndroidUiDispatcher$dispatchCallback$1 } , cost  = 7029 ms
2026-03-16 18:32:38.906 14912-14972 Quality                 com.devson.devsonplayer              I  Blocked msg = Package name: com.devson.devsonplayer [ schedGroup: 5 schedPolicy: 1073741824 ] process the message: { when=-7s210ms what=0 target=android.os.Handler callback=androidx.compose.ui.platform.AndroidUiDispatcher$dispatchCallback$1 } took 7030 ms
2026-03-16 18:32:38.909 14912-14912 Choreographer           com.devson.devsonplayer              I  Skipped 431 frames!  The application may be doing too much work on its main thread.
2026-03-16 18:32:38.909 14912-14912 Quality                 com.devson.devsonplayer              I  Skipped: false 431 cost 7197.3096 refreshRate 16694454 bit true processName com.devson.devsonplayer
2026-03-16 18:32:38.944 14912-14912 BufferQueueConsumer     com.devson.devsonplayer              D  [](id:3a4000000007,api:0,p:-1,c:14912) connect: controlledByApp=false
2026-03-16 18:32:38.944 14912-14912 IPCThreadState          com.devson.devsonplayer              E  attemptIncStrongHandle(94): Not supported
2026-03-16 18:32:38.944 14912-14912 IPCThreadState          com.devson.devsonplayer              E  attemptIncStrongHandle(127): Not supported
2026-03-16 18:32:38.944 14912-14912 SurfaceView             com.devson.devsonplayer              I  254062334 visibleChanged -- surfaceCreated 
2026-03-16 18:32:38.945 14912-14912 SurfaceView             com.devson.devsonplayer              I  254062334 surfaceChanged -- format=4 w=720 h=1600
2026-03-16 18:32:38.960 14912-14934 on.devsonplayer         com.devson.devsonplayer              W  Cleared Reference was only reachable from finalizer (only reported once)
2026-03-16 18:32:38.969 14912-14912 SurfaceView             com.devson.devsonplayer              I  254062334 surfaceChanged -- format=4 w=720 h=389
2026-03-16 18:32:38.983 14912-14934 on.devsonplayer         com.devson.devsonplayer              I  NativeAlloc concurrent copying GC freed 4766KB AllocSpace bytes, 164(10MB) LOS objects, 57% free, 9031KB/20MB, paused 431us,348us total 156.605ms
2026-03-16 18:32:39.002 14912-17063 OpenGLRenderer          com.devson.devsonplayer              I  Davey! duration=7277ms; Flags=0, FrameTimelineVsyncId=53953051, IntendedVsync=294800425378259, Vsync=294807620687933, InputEventId=0, HandleInputStart=294807622993724, AnimationStart=294807622998109, PerformTraversalsStart=294807646486724, DrawStart=294807664506340, FrameDeadline=294800462088258, FrameInterval=294807622687878, FrameStartTime=16709999, SyncQueued=294807693703571, SyncStart=294807693815647, IssueDrawCommandsStart=294807694024263, SwapBuffers=294807695692801, FrameCompleted=294807702647571, DequeueBufferDuration=39693, QueueBufferDuration=918385, GpuCompleted=294807702647571, SwapBuffersCompleted=294807698713494, DisplayPresentTime=294805450151647, CommandSubmissionCompleted=294807695692801, 
2026-03-16 18:32:39.095 14912-14912 Quality                 com.devson.devsonplayer              I  Skipped: false 10 cost 167.3838 refreshRate 16705110 bit true processName com.devson.devsonplayer
2026-03-16 18:32:39.179 14912-14912 ViewRootImplExtImpl     com.devson.devsonplayer              D  onDisplayChanged 0 for VRI android.view.ViewRootImpl@bbf4506
2026-03-16 18:32:39.191 14912-14912 ZoomWindowDecorView     com.devson.devsonplayer              V  setLastReportedMergedConfiguration mZoomDisplayHeight: 720 getDecorView.242388431
2026-03-16 18:32:39.201 14912-14912 Quality                 com.devson.devsonplayer              I  Skipped: false 5 cost 90.16847 refreshRate 16695696 bit true processName com.devson.devsonplayer
2026-03-16 18:32:39.297 14912-14912 SurfaceView             com.devson.devsonplayer              I  254062334 surfaceChanged -- format=4 w=1332 h=720
2026-03-16 18:32:39.320 14912-14912 SurfaceSyncer           com.devson.devsonplayer              E  Failed to find sync for id=0
2026-03-16 18:32:39.320 14912-14912 SurfaceSyncer           com.devson.devsonplayer              E  Failed to find sync for id=1
2026-03-16 18:32:39.320 14912-14912 SurfaceSyncer           com.devson.devsonplayer              E  Failed to find sync for id=2
2026-03-16 18:32:39.321 14912-14912 VRI[MainActivity]       com.devson.devsonplayer              D  registerCallbacksForSync syncBuffer=false
2026-03-16 18:32:39.343 14912-15146 BLASTBufferQueue        com.devson.devsonplayer              D  [VRI[MainActivity]#0](f:0,a:2) producer disconnected before: mAbandoned=0
                                                                                                    - BufferQueue mMaxAcquiredBufferCount=2 mMaxDequeuedBufferCount=2
                                                                                                      mDequeueBufferCannotBlock=0 mAsyncMode=0
                                                                                                      mQueueBufferCanDrop=0 mLegacyBufferDrop=1
                                                                                                      default-size=[1600x720] default-format=1   transform-hint=04 frame-counter=1527
                                                                                                      mTransformHintInUse=04 mAutoPrerotation=0
                                                                                                    FIFO(0):
                                                                                                    (mConsumerName=VRI[MainActivity]#0(BLAST Consumer)0, mConnectedApi=1, mConsumerUsageBits=2304, mId=3a4000000000, producer=[14912:com.devson.devsonplayer], consumer=[14912:com.devson.devsonplayer])
                                                                                                    Slots:
                                                                                                     >[00:0xb400006f0fb98600] state=ACQUIRED 0xb400006f81c88c80 frame=1527 [ 720x1600: 720,  1]
                                                                                                      [01:0x0] state=FREE    
                                                                                                      [02:0x0] state=FREE    
                                                                                                      [03:0x0] state=FREE    
2026-03-16 18:32:39.344 14912-15146 VRI[MainActivity]       com.devson.devsonplayer              D  Received frameCommittedCallback lastAttemptedDrawFrameNum=1527 didProduceBuffer=true syncBuffer=false
2026-03-16 18:32:39.344 14912-14912 VRI[MainActivity]       com.devson.devsonplayer              D  draw finished.
2026-03-16 18:32:39.356 14912-14912 Quality                 com.devson.devsonplayer              I  Skipped: true 4 cost 77.8863 refreshRate 16713100 bit true processName com.devson.devsonplayer
2026-03-16 18:32:41.543 14912-17926 DMCodecAdapterFactory   com.devson.devsonplayer              I  Creating an asynchronous MediaCodec adapter for track type video
2026-03-16 18:32:41.544 14912-17926 MediaCodec              com.devson.devsonplayer              D  CreateByComponentName: name c2.mtk.avc.decoder
2026-03-16 18:32:41.546 14912-17926 CCodecBufferChannel     com.devson.devsonplayer              D  mBufferCountDebug=0 mIsUserLoad=1
2026-03-16 18:32:41.546 14912-17926 OplusCCodec             com.devson.devsonplayer              D  OplusCCodec [164]: (0xb400006f7dade400)
2026-03-16 18:32:41.547 14912-17926 libc                    com.devson.devsonplayer              W  Access denied finding property "vendor.oplus.media.vpp.stutter"
2026-03-16 18:32:41.547 14912-17926 ListServiceUtils        com.devson.devsonplayer              V  checkInListByUid module:sr-osie-whitelist uid:10467 cost 342us return 0
2026-03-16 18:32:41.547 14912-17926 ListServiceUtils        com.devson.devsonplayer              V  checkInListByUid start module:video-setsurface-error uid:10467  time 294810260919us
2026-03-16 18:32:41.547 14912-17926 ListServiceUtils        com.devson.devsonplayer              V  checkInListByUid end module:video-setsurface-error uid:10467  time 294810261118us
2026-03-16 18:32:41.547 14912-17926 ListServiceUtils        com.devson.devsonplayer              D  checkInListByUid module:video-setsurface-error uid:10467 cost 198us return 0
2026-03-16 18:32:41.547 14912-17926 CCodecBufferChannel     com.devson.devsonplayer              D  mBufferCountDebug=0 mIsUserLoad=1
2026-03-16 18:32:41.549 14912-17926 MediaCodec              com.devson.devsonplayer              D  [0xb400006f7da0f000] init: CCodec 0xb400006f7dade400, CCodecBufferChannel 0xb400006f7da9ac18
2026-03-16 18:32:41.549 14912-18100 MediaCodec              com.devson.devsonplayer              D  [0xb400006f7da0f000] setState: 1
2026-03-16 18:32:41.549 14912-18101 CCodec                  com.devson.devsonplayer              D  allocate(c2.mtk.avc.decoder)
2026-03-16 18:32:41.552 14912-18101 CCodec                  com.devson.devsonplayer              I  setting up 'default' as default (vendor) store
2026-03-16 18:32:41.562 14912-18101 CCodec                  com.devson.devsonplayer              I  Created component [c2.mtk.avc.decoder]
2026-03-16 18:32:41.562 14912-18101 CCodecBufferChannel     com.devson.devsonplayer              D  [0xb400006f7da9ac18] setComponent: mName c2.mtk.avc.decoder#590, mPipelineWatcher 0xb400006f7da9b080
2026-03-16 18:32:41.562 14912-18101 CCodecBufferChannel     com.devson.devsonplayer              D  PipelineWatcher debug info [c2.mtk.avc.decoder#590] enable=0
2026-03-16 18:32:41.563 14912-18101 CCodecConfig            com.devson.devsonplayer              D  read media type: video/avc
2026-03-16 18:32:41.566 14912-18101 ReflectedParamUpdater   com.devson.devsonplayer              D  extent() != 1 for single value type: algo.buffers.max-count.values
2026-03-16 18:32:41.567 14912-18101 ReflectedParamUpdater   com.devson.devsonplayer              D  extent() != 1 for single value type: output.subscribed-indices.values
2026-03-16 18:32:41.567 14912-18101 ReflectedParamUpdater   com.devson.devsonplayer              D  extent() != 1 for single value type: input.buffers.allocator-ids.values
2026-03-16 18:32:41.567 14912-18101 ReflectedParamUpdater   com.devson.devsonplayer              D  extent() != 1 for single value type: output.buffers.allocator-ids.values
2026-03-16 18:32:41.567 14912-18101 ReflectedParamUpdater   com.devson.devsonplayer              D  extent() != 1 for single value type: algo.buffers.allocator-ids.values
2026-03-16 18:32:41.568 14912-18101 ReflectedParamUpdater   com.devson.devsonplayer              D  extent() != 1 for single value type: output.buffers.pool-ids.values
2026-03-16 18:32:41.568 14912-18101 ReflectedParamUpdater   com.devson.devsonplayer              D  extent() != 1 for single value type: algo.buffers.pool-ids.values
2026-03-16 18:32:41.571 14912-18101 ReflectedParamUpdater   com.devson.devsonplayer              D  ignored struct field coded.color-format.locations
2026-03-16 18:32:41.579 14912-18101 CCodecConfig            com.devson.devsonplayer              D  ignoring local param raw.size (0xd2001800) as it is already supported
2026-03-16 18:32:41.579 14912-18101 CCodecConfig            com.devson.devsonplayer              D  ignoring local param raw.crop (0xd2001801) as it is already supported
2026-03-16 18:32:41.579 14912-18101 CCodecConfig            com.devson.devsonplayer              D  ignoring local param default.color (0x5200180b) as it is already supported
2026-03-16 18:32:41.579 14912-18101 CCodecConfig            com.devson.devsonplayer              D  ignoring local param raw.hdr-static-info (0xd200180a) as it is already supported
2026-03-16 18:32:41.580 14912-18101 CCodecConfig            com.devson.devsonplayer              I  query failed after returning 17 values (BAD_INDEX)
2026-03-16 18:32:41.581 14912-18101 CCodecConfig            com.devson.devsonplayer              D  c2 config diff is Dict {
                                                                                                      c2::i32 algo.priority.value = 1
                                                                                                      c2::float algo.rate.value = 0
                                                                                                      c2::float coded.frame-rate.value = 30
                                                                                                      c2::u32 coded.pl.level = 20495
                                                                                                      c2::u32 coded.pl.profile = 20481
                                                                                                      c2::u32 coded.vui.color.matrix = 0
                                                                                                      c2::u32 coded.vui.color.primaries = 0
                                                                                                      c2::u32 coded.vui.color.range = 2
                                                                                                      c2::u32 coded.vui.color.transfer = 0
                                                                                                      c2::u32 default.color.matrix = 0
                                                                                                      c2::u32 default.color.primaries = 0
                                                                                                      c2::u32 default.color.range = 0
                                                                                                      c2::u32 default.color.transfer = 0
                                                                                                      c2::u32 input.buffers.max-size.value = 2097152
                                                                                                      c2::u32 input.delay.value = 4
                                                                                                      string input.media-type.value = "video/avc"
                                                                                                      c2::u32 output.delay.value = 12
                                                                                                      string output.media-type.value = "video/raw"
                                                                                                      c2::u32 raw.color.matrix = 0
                                                                                                      c2::u32 raw.color.primaries = 0
                                                                                                      c2::u32 raw.color.range = 2
                                                                                                      c2::u32 raw.color.transfer = 0
                                                                                                      c2::u32 raw.crop.height = 239
                                                                                                      c2::u32 raw.crop.left = 0
                                                                                                      c2::u32 raw.crop.top = 0
                                                                                                      c2::u32 raw.crop.width = 319
                                                                                                      c2::float raw.hdr-static-info.mastering.blue.x = 0
                                                                                                      c2::float raw.hdr-s
2026-03-16 18:32:41.583 14912-18101 ColorUtils              com.devson.devsonplayer              W  expected specified color aspects (2:0:0:0)
2026-03-16 18:32:41.583 14912-18100 MediaCodec              com.devson.devsonplayer              D  [0xb400006f7da0f000] setState: 2
2026-03-16 18:32:41.588 14912-18100 MediaCodec              com.devson.devsonplayer              I  MediaCodec will operate in async mode
2026-03-16 18:32:41.589 14912-17926 MediaCodec              com.devson.devsonplayer              I  [0xb400006f7da0f000] [c2.mtk.avc.decoder] configure, format : AMessage(what = 0x00000000) = {
                                                                                                      Buffer csd-1 = {
                                                                                                        00000000:  00 00 00 01 68 e8 8e 53  c8 f0                    ....h..S..
                                                                                                      }
                                                                                                      int32_t max-height = 692
                                                                                                      string log-session-id = "5oH-vo_UAfTajq98"
                                                                                                      int32_t max-width = 1280
                                                                                                      string mime = "video/avc"
                                                                                                      int32_t width = 1280
                                                                                                      int32_t priority = 0
                                                                                                      int32_t rotation-degrees = 0
                                                                                                      int32_t max-input-size = 675840
                                                                                                      int32_t height = 692
                                                                                                      Buffer csd-0 = {
                                                                                                        00000000:  00 00 00 01 67 64 00 28  ac 56 24 05 00 59 f9 e1  ....gd.(.V$..Y..
