--------- beginning of system
2026-03-16 14:24:28.436 21099-21099 Quality                 com.devson.devsonplayer              I  ActivityThread: createClassLoader delay 4085 /data/app/~~uHnxiDhS0VQPSEEqt6g4ZQ==/com.devson.devsonplayer-rcle62koJoy6oK1duXrYsQ==/base.apk 21099
2026-03-16 14:24:28.441 21099-21099 Quality                 com.devson.devsonplayer              I  ActivityThread: createOrUpdateClassLoaderLocked delay 4093 com.devson.devsonplayer 21099
2026-03-16 14:24:28.625 21099-21099 Quality                 com.devson.devsonplayer              I  ActivityThread: bindApplication delay 4428 com.devson.devsonplayer 21099
2026-03-16 14:24:28.647 21099-21696 Quality                 com.devson.devsonplayer              I  Blocked msg = Package name: com.devson.devsonplayer [ schedGroup: 5 schedPolicy: 0 ] process the message: { when=-4s574ms what=110 target=android.app.ActivityThread$H obj=AppBindData{appInfo=ApplicationInfo{7ed0134 com.devson.devsonplayer}} } took 4428 ms
2026-03-16 14:24:28.963 21099-21099 Quality                 com.devson.devsonplayer              I  ActivityThread: activityStart delay 320 com.devson.devsonplayer 21099
2026-03-16 14:24:28.980 21099-21099 OplusInputMethodUtil    com.devson.devsonplayer              D  init sDebug to false, init sDebugIme to false, init sAlwaysOn to false
2026-03-16 14:24:28.980 21099-21099 OplusInputMethodUtil    com.devson.devsonplayer              D  updateDebugToClass InputMethodManager.DEBUG = false
2026-03-16 14:24:28.980 21099-21099 OplusInputMethodUtil    com.devson.devsonplayer              D  updateDebugToClass ImeFocusController.DEBUG = false
2026-03-16 14:24:28.980 21099-21099 OplusInputMethodUtil    com.devson.devsonplayer              D  updateDebugToClass BaseInputConnection.DEBUG = false
2026-03-16 14:24:28.980 21099-21099 OplusInputMethodUtil    com.devson.devsonplayer              D  updateDebugToClass ImeFocusController.sDebugIme = false
2026-03-16 14:24:29.095 21099-21099 Quality                 com.devson.devsonplayer              I  Skipped: false 0 cost 4.9568458 refreshRate 16742907 bit true processName com.devson.devsonplayer
--------- beginning of main
2026-03-16 14:24:29.643 21099-21099 on.devsonplayer         com.devson.devsonplayer              I  hiddenapi: Accessing hidden method Landroid/os/SystemProperties;->addChangeCallback(Ljava/lang/Runnable;)V (runtime_flags=0, domain=platform, api=unsupported) from Landroidx/compose/ui/platform/AndroidComposeView$Companion; (domain=app, TargetSdkVersion=36) using reflection: allowed
2026-03-16 14:24:29.665 21099-21099 Vibrator                com.devson.devsonplayer              D  SystemVibrator Created
2026-03-16 14:24:30.126 21099-21099 BufferQueueConsumer     com.devson.devsonplayer              D  [](id:526b00000000,api:0,p:-1,c:21099) connect: controlledByApp=false
2026-03-16 14:24:30.133 21099-21099 ExtensionsLoader        com.devson.devsonplayer              D  createInstance(64bit) : createExtendedFactory
2026-03-16 14:24:30.133 21099-21099 ExtensionsLoader        com.devson.devsonplayer              D  Opened libSchedAssistExtImpl.so
2026-03-16 14:24:30.147 21099-21099 ZoomWindowDecorView     com.devson.devsonplayer              V  setLastReportedMergedConfiguration mZoomDisplayHeight: 1600 getDecorView.242388431
2026-03-16 14:24:30.161 21099-21721 libMEOW                 com.devson.devsonplayer              D  meow new tls: 0xb400006f11a60280
2026-03-16 14:24:30.161 21099-21721 libMEOW                 com.devson.devsonplayer              D  applied 1 plugins for [com.devson.devsonplayer]:
2026-03-16 14:24:30.161 21099-21721 libMEOW                 com.devson.devsonplayer              D    plugin 1: [libMEOW_gift.so]: 0xb400006f761ebb80
2026-03-16 14:24:30.161 21099-21721 libMEOW                 com.devson.devsonplayer              D  rebuild call chain: 0xb400006f11a6fb40
2026-03-16 14:24:30.230 21099-21099 VRI[MainActivity]       com.devson.devsonplayer              D  registerCallbacksForSync syncBuffer=false
2026-03-16 14:24:30.237 21099-21721 OpenGLRenderer          com.devson.devsonplayer              E  Device claims wide gamut support, cannot find matching config, error = EGL_SUCCESS
2026-03-16 14:24:30.238 21099-21721 OpenGLRenderer          com.devson.devsonplayer              W  Failed to initialize 101010-2 format, error = EGL_SUCCESS
2026-03-16 14:24:30.249 21099-21721 skia                    com.devson.devsonplayer              D  GrGLMakeAssembledInterface verStr OpenGL ES 3.2 v1.r32p1-01eac0.2a893c04ca0026c2e6802dbe7d7af5c5
2026-03-16 14:24:30.252 21099-21721 skia                    com.devson.devsonplayer              D  GrGLMakeAssembledGLESInterface verStr OpenGL ES 3.2 v1.r32p1-01eac0.2a893c04ca0026c2e6802dbe7d7af5c5
2026-03-16 14:24:30.252 21099-21721 skia                    com.devson.devsonplayer              D  extensions init verString=OpenGL ES 3.2 v1.r32p1-01eac0.2a893c04ca0026c2e6802dbe7d7af5c5
2026-03-16 14:24:30.276 21099-21721 Quality                 com.devson.devsonplayer              I  ActivityThread: setSurface delay 126 com.devson.devsonplayer 21099
2026-03-16 14:24:30.331 21099-21721 hw-ProcessState         com.devson.devsonplayer              D  Binder ioctl to enable oneway spam detection failed: Invalid argument
2026-03-16 14:24:30.359 21099-21721 mali                    com.devson.devsonplayer              I  [DebugProp] GPU Debug-Mechanism Disable !
2026-03-16 14:24:30.653 21099-21768 Quality                 com.devson.devsonplayer              I  stackInfo :----- pid 21099 at 2026-03-16 14:24:30.596 -----;Cmd line: com.devson.devsonplayer;"main" prio=5 tid=2 RUNNABLE sysTid=21099;  at android.graphics.HardwareRenderer.nSetStopped(Native Method);  at android.graphics.HardwareRenderer.setStopped(HardwareRenderer.java:517);  at android.view.ViewRootImpl.performDraw(ViewRootImpl.java:4629);  at android.view.ViewRootImpl.performTraversals(ViewRootImpl.java:3774);  at android.view.ViewRootImpl.doTraversal(ViewRootImpl.java:2474);  at android.view.ViewRootImpl$TraversalRunnable.run(ViewRootImpl.java:9482);  at android.view.Choreographer$CallbackRecord.run(Choreographer.java:1412);  at android.view.Choreographer$CallbackRecord.run(Choreographer.java:1420);  at android.view.Choreographer.doCallbacks(Choreographer.java:1047);  at android.view.ChoreographerExtImpl.checkScrollOptSceneEnable(ChoreographerExtImpl.java:450);  at android.view.Choreographer.doFrame(Choreographer.java:918);  at android.view.Choreographer$FrameDisplayEventReceiver.run(Choreographer.java:1395);  at android.os.Handler.handleCallback(Handler.java:942);  at android.os.Handler.dispatchMessage(Handler.java:99);  at android.os.Looper.loopOnce(Looper.java:240);  at android.os.Looper.loop(Looper.java:351);  at android.app.ActivityThread.main(ActivityThread.java:8370);  at java.lang.reflect.Method.invoke(Native Method);  at com.android.internal.os.RuntimeInit$MethodAndArgsCaller.run(RuntimeInit.java:568);  at com.android.internal.os.ZygoteInit.main(ZygoteInit.java:1013);
2026-03-16 14:24:30.732 21099-21721 BLASTBufferQueue        com.devson.devsonplayer              D  [VRI[MainActivity]#0](f:0,a:1) acquireNextBufferLocked size=720x1600 mFrameNumber=1 applyTransaction=true mTimestamp=280193299815623(auto) mPendingTransactions.size=0 graphicBufferId=90619514978304 transform=0
2026-03-16 14:24:30.733 21099-21721 VRI[MainActivity]       com.devson.devsonplayer              D  Received frameCommittedCallback lastAttemptedDrawFrameNum=1 didProduceBuffer=true syncBuffer=false
2026-03-16 14:24:30.739 21099-21721 Parcel                  com.devson.devsonplayer              W  Expecting binder but got null!
2026-03-16 14:24:30.741 21099-21099 VRI[MainActivity]       com.devson.devsonplayer              D  draw finished.
2026-03-16 14:24:30.747 21099-21099 DynamicFra...igManager] com.devson.devsonplayer              I  initFrameRateConfig: 
                                                                                                    	levels: [120, 60, 40, 30]
                                                                                                    	thresholds: [400, 80, 30]
                                                                                                    	scrollbar fade frame rate: 0
2026-03-16 14:24:30.748 21099-21099 DynamicFra...igManager] com.devson.devsonplayer              I  FRTCConfigManager: FRTC_CAPABILITY = 120, package name = com.devson.devsonplayer, PACKAGE_ENABLE = false
2026-03-16 14:24:30.748 21099-21099 DynamicFra...ontroller] com.devson.devsonplayer              I  init info: mPackageName = com.devson.devsonplayer, mIsEnabled = false
2026-03-16 14:24:30.749 21099-21099 ANR_LOG                 com.devson.devsonplayer              E  Blocked msg = { when=+1s654ms what=0 target=android.view.Choreographer$FrameHandler callback=android.view.Choreographer$FrameDisplayEventReceiver } , cost  = 1654 ms
2026-03-16 14:24:30.749 21099-21099 Quality                 com.devson.devsonplayer              I  ActivityThread: doFrame delay 1654 com.devson.devsonplayer 21099
2026-03-16 14:24:30.752 21099-21194 OpenGLRenderer          com.devson.devsonplayer              I  Davey! duration=2130ms; Flags=1, FrameTimelineVsyncId=51943343, IntendedVsync=280191171367796, Vsync=280191656912099, InputEventId=0, HandleInputStart=280191664563315, AnimationStart=280191664582930, PerformTraversalsStart=280191664917699, DrawStart=280192845773084, FrameDeadline=280191191367796, FrameInterval=280191663778622, FrameStartTime=16742907, SyncQueued=280192865416161, SyncStart=280192865595930, IssueDrawCommandsStart=280192873500161, SwapBuffers=280193296178007, FrameCompleted=280193301821084, DequeueBufferDuration=23676615, QueueBufferDuration=1758461, GpuCompleted=280193301821084, SwapBuffersCompleted=280193301812469, DisplayPresentTime=0, CommandSubmissionCompleted=280193296178007, 
2026-03-16 14:24:30.752 21099-21696 Quality                 com.devson.devsonplayer              I  Blocked msg = Package name: com.devson.devsonplayer [ schedGroup: 5 schedPolicy: 0 ] process the message: { when=-2s146ms what=0 target=android.view.Choreographer$FrameHandler callback=android.view.Choreographer$FrameDisplayEventReceiver } took 1654 ms
2026-03-16 14:24:30.774 21099-21099 Choreographer           com.devson.devsonplayer              I  Skipped 90 frames!  The application may be doing too much work on its main thread.
2026-03-16 14:24:30.775 21099-21099 Quality                 com.devson.devsonplayer              I  Skipped: true 90 cost 1519.2544 refreshRate 16736357 bit true processName com.devson.devsonplayer
2026-03-16 14:24:31.328 21099-21099 Quality                 com.devson.devsonplayer              I  ActivityThread: doFrame delay 555 com.devson.devsonplayer 21099
2026-03-16 14:24:31.329 21099-21099 VRI[MainActivity]       com.devson.devsonplayer              D  onFocusEvent true
2026-03-16 14:24:31.339 21099-21099 Quality                 com.devson.devsonplayer              I  Skipped: false 18 cost 315.81152 refreshRate 16705306 bit true processName com.devson.devsonplayer
2026-03-16 14:24:31.386 21099-21099 VRI[MainActivity]       com.devson.devsonplayer              D  registerCallbacksForSync syncBuffer=false
2026-03-16 14:24:31.400 21099-21721 VRI[MainActivity]       com.devson.devsonplayer              D  Received frameCommittedCallback lastAttemptedDrawFrameNum=3 didProduceBuffer=false syncBuffer=false
2026-03-16 14:24:31.401 21099-21099 VRI[MainActivity]       com.devson.devsonplayer              D  draw finished.
2026-03-16 14:24:31.416 21099-21194 OpenGLRenderer          com.devson.devsonplayer              I  Davey! duration=2145ms; Flags=0, FrameTimelineVsyncId=51943429, IntendedVsync=280191823851087, Vsync=280193330123217, InputEventId=0, HandleInputStart=280193344673699, AnimationStart=280193344709469, PerformTraversalsStart=280193611076238, DrawStart=280193867053699, FrameDeadline=280191860587444, FrameInterval=280193343105469, FrameStartTime=16736357, SyncQueued=280193895963623, SyncStart=280193896342007, IssueDrawCommandsStart=280193896545084, SwapBuffers=280193964574084, FrameCompleted=280193970121392, DequeueBufferDuration=39154, QueueBufferDuration=727692, GpuCompleted=280193970121392, SwapBuffersCompleted=280193968566084, DisplayPresentTime=0, CommandSubmissionCompleted=280193964574084, 
2026-03-16 14:24:31.443 21099-21099 Quality                 com.devson.devsonplayer              I  Skipped: true 3 cost 52.097668 refreshRate 16711668 bit true processName com.devson.devsonplayer
2026-03-16 14:24:31.730 21099-21114 on.devsonplayer         com.devson.devsonplayer              I  Compiler allocated 4797KB to compile void android.view.ViewRootImpl.performTraversals()
2026-03-16 14:24:31.744 21099-21099 Quality                 com.devson.devsonplayer              I  Skipped: true 1 cost 20.57198 refreshRate 16650935 bit true processName com.devson.devsonplayer
2026-03-16 14:24:32.574 21099-21099 Quality                 com.devson.devsonplayer              I  ActivityThread: doFrame delay 829 com.devson.devsonplayer 21099
2026-03-16 14:24:32.578 21099-21099 Choreographer           com.devson.devsonplayer              I  Skipped 49 frames!  The application may be doing too much work on its main thread.
2026-03-16 14:24:32.578 21099-21099 Quality                 com.devson.devsonplayer              I  Skipped: false 49 cost 821.1864 refreshRate 16672298 bit true processName com.devson.devsonplayer
2026-03-16 14:24:32.612 21099-21099 OplusScrollToTopManager com.devson.devsonplayer              D  com.devson.devsonplayer/com.devson.devsonplayer.MainActivity,This DecorView@e728dcf[MainActivity] change focus to true
2026-03-16 14:24:32.616 21099-21134 OpenGLRenderer          com.devson.devsonplayer              I  Davey! duration=890ms; Flags=0, FrameTimelineVsyncId=51944751, IntendedVsync=280194292752872, Vsync=280194309403807, InputEventId=0, HandleInputStart=280194313443623, AnimationStart=280194313446930, PerformTraversalsStart=280194464766930, DrawStart=280194464974392, FrameDeadline=280194329403807, FrameInterval=280194313324853, FrameStartTime=16650935, SyncQueued=280195142255623, SyncStart=280195142565700, IssueDrawCommandsStart=280195142696546, SwapBuffers=280195177141084, FrameCompleted=280195183934007, DequeueBufferDuration=47000, QueueBufferDuration=411384, GpuCompleted=280195183934007, SwapBuffersCompleted=280195180364546, DisplayPresentTime=0, CommandSubmissionCompleted=280195177141084, 
2026-03-16 14:24:32.632 21099-21134 OpenGLRenderer          com.devson.devsonplayer              I  Davey! duration=830ms; Flags=0, FrameTimelineVsyncId=51944767, IntendedVsync=280194326074029, Vsync=280195143016631, InputEventId=0, HandleInputStart=280195147448853, AnimationStart=280195147451853, PerformTraversalsStart=280195147453161, DrawStart=280195147592546, FrameDeadline=280194362746327, FrameInterval=280195147260469, FrameStartTime=16672298, SyncQueued=280195148121161, SyncStart=280195180474392, IssueDrawCommandsStart=280195180589392, SwapBuffers=280195182402315, FrameCompleted=280195189424546, DequeueBufferDuration=29308, QueueBufferDuration=833231, GpuCompleted=280195189424546, SwapBuffersCompleted=280195184253469, DisplayPresentTime=0, CommandSubmissionCompleted=280195182402315, 
2026-03-16 14:24:32.711 21099-21099 Quality                 com.devson.devsonplayer              I  Skipped: false 4 cost 68.81845 refreshRate 16696271 bit true processName com.devson.devsonplayer
2026-03-16 14:24:33.670 21099-21099 Quality                 com.devson.devsonplayer              I  Skipped: false 1 cost 25.23412 refreshRate 16703530 bit true processName com.devson.devsonplayer
2026-03-16 14:24:34.778 21099-22010 ProfileInstaller        com.devson.devsonplayer              D  Installing profile for com.devson.devsonplayer
2026-03-16 14:24:37.304 21099-21099 Quality                 com.devson.devsonplayer              I  Skipped: false 4 cost 68.9143 refreshRate 16701030 bit true processName com.devson.devsonplayer
2026-03-16 14:24:37.339 21099-21099 OplusInput...erInternal com.devson.devsonplayer              D  get inputMethodManager extension: com.android.internal.view.IInputMethodManager$Stub$Proxy@5dab5a1
2026-03-16 14:24:37.352 21099-21099 Quality                 com.devson.devsonplayer              I  Skipped: true 1 cost 32.921333 refreshRate 16700703 bit true processName com.devson.devsonplayer
2026-03-16 14:24:37.443 21099-21099 OnBackInvokedCallback   com.devson.devsonplayer              W  OnBackInvokedCallback is not enabled for the application.
                                                                                                    Set 'android:enableOnBackInvokedCallback="true"' in the application manifest.
2026-03-16 14:24:37.447 21099-21099 WindowManager           com.devson.devsonplayer              D  Add to mViews: DecorView@4523080[MainActivity],pkg= com.devson.devsonplayer
2026-03-16 14:24:37.479 21099-21099 ViewRootImplExtImpl     com.devson.devsonplayer              D  onDisplayChanged -1 for VRI android.view.ViewRootImpl@8e9d4ac
2026-03-16 14:24:37.481 21099-21099 InputEventReceiver      com.devson.devsonplayer              D  Input log is disabled
2026-03-16 14:24:37.486 21099-21099 OplusBracketLog         com.devson.devsonplayer              E  [OplusViewMirrorManager] updateHostViewRootIfNeeded, not support android.view.ViewRootImpl@8e9d4ac
2026-03-16 14:24:37.487 21099-21099 OnBackInvokedCallback   com.devson.devsonplayer              W  OnBackInvokedCallback is not enabled for the application.
                                                                                                    Set 'android:enableOnBackInvokedCallback="true"' in the application manifest.
2026-03-16 14:24:37.789 21099-21099 BufferQueueConsumer     com.devson.devsonplayer              D  [](id:526b00000001,api:0,p:-1,c:21099) connect: controlledByApp=false
2026-03-16 14:24:37.791 21099-21099 ZoomWindowDecorView     com.devson.devsonplayer              V  setLastReportedMergedConfiguration mZoomDisplayHeight: 1600 getDecorView.72495232
2026-03-16 14:24:37.851 21099-21099 VRI[MainActivity]       com.devson.devsonplayer              D  registerCallbacksForSync syncBuffer=false
2026-03-16 14:24:37.910 21099-21721 BLASTBufferQueue        com.devson.devsonplayer              D  [VRI[MainActivity]#1](f:0,a:1) acquireNextBufferLocked size=720x1600 mFrameNumber=1 applyTransaction=true mTimestamp=280200478005700(auto) mPendingTransactions.size=0 graphicBufferId=90619514978311 transform=0
2026-03-16 14:24:37.910 21099-21721 VRI[MainActivity]       com.devson.devsonplayer              D  Received frameCommittedCallback lastAttemptedDrawFrameNum=1 didProduceBuffer=true syncBuffer=false
2026-03-16 14:24:37.910 21099-21721 Quality                 com.devson.devsonplayer              I  TaskTrackInfo {"Pkg":com.devson.devsonplayer,"Window":com.devson.devsonplayer.MainActivity,"Type":1,"Action":1,"Cost":590,"FV":16,"JC":16-0-16-16-0-130-368-0-1-3-0-0-0-28-106-57-1-0-2-2-280199904-280199904-280199904-26,"UITid":21099,"RTid":21721,"PreCount":1}
2026-03-16 14:24:37.911 21099-21721 Parcel                  com.devson.devsonplayer              W  Expecting binder but got null!
2026-03-16 14:24:37.912 21099-21099 VRI[MainActivity]       com.devson.devsonplayer              D  draw finished.
2026-03-16 14:24:37.912 21099-21099 Quality                 com.devson.devsonplayer              I  ActivityThread: doFrame delay 560 com.devson.devsonplayer 21099
2026-03-16 14:24:37.912 21099-21099 VRI[MainActivity]       com.devson.devsonplayer              D  onFocusEvent false
2026-03-16 14:24:37.913 21099-21099 Choreographer           com.devson.devsonplayer              I  Skipped 32 frames!  The application may be doing too much work on its main thread.
2026-03-16 14:24:37.913 21099-21099 Quality                 com.devson.devsonplayer              I  Skipped: false 32 cost 544.3182 refreshRate 16700703 bit true processName com.devson.devsonplayer
2026-03-16 14:24:37.953 21099-21099 Quality                 com.devson.devsonplayer              I  Skipped: false 1 cost 32.7185 refreshRate 16701771 bit true processName com.devson.devsonplayer
2026-03-16 14:24:37.981 21099-21099 VRI[MainActivity]       com.devson.devsonplayer              D  registerCallbacksForSync syncBuffer=false
2026-03-16 14:24:37.988 21099-21721 VRI[MainActivity]       com.devson.devsonplayer              D  Received frameCommittedCallback lastAttemptedDrawFrameNum=3 didProduceBuffer=true syncBuffer=false
2026-03-16 14:24:37.988 21099-21099 VRI[MainActivity]       com.devson.devsonplayer              D  draw finished.
2026-03-16 14:24:37.989 21099-21099 VRI[MainActivity]       com.devson.devsonplayer              D  onFocusEvent true
2026-03-16 14:24:37.997 21099-21099 Quality                 com.devson.devsonplayer              I  Skipped: false 1 cost 26.33168 refreshRate 16696977 bit true processName com.devson.devsonplayer
2026-03-16 14:24:38.021 21099-21099 Quality                 com.devson.devsonplayer              I  Skipped: false 1 cost 17.04644 refreshRate 16686360 bit true processName com.devson.devsonplayer
2026-03-16 14:24:38.234 21099-21099 Quality                 com.devson.devsonplayer              I  Skipped: true 11 cost 197.45012 refreshRate 16678965 bit true processName com.devson.devsonplayer
2026-03-16 14:24:38.337 21099-21099 Quality                 com.devson.devsonplayer              I  Skipped: true 4 cost 83.24242 refreshRate 16699200 bit true processName com.devson.devsonplayer
2026-03-16 14:24:38.952 21099-21099 OplusScrollToTopManager com.devson.devsonplayer              D  com.devson.devsonplayer/com.devson.devsonplayer.MainActivity,This DecorView@e728dcf[MainActivity] change focus to false
2026-03-16 14:24:39.013 21099-21099 OplusScrollToTopManager com.devson.devsonplayer              D  com.devson.devsonplayer/com.devson.devsonplayer.MainActivity,This DecorView@4523080[MainActivity] change focus to true
2026-03-16 14:24:39.691 21099-21099 Quality                 com.devson.devsonplayer              I  Skipped: false 25 cost 433.61206 refreshRate 16732211 bit true processName com.devson.devsonplayer
2026-03-16 14:24:39.713 21099-21115 on.devsonplayer         com.devson.devsonplayer              I  Background concurrent copying GC freed 6014KB AllocSpace bytes, 0(0B) LOS objects, 64% free, 6659KB/18MB, paused 154us,57us total 287.222ms
2026-03-16 14:24:39.771 21099-21099 Quality                 com.devson.devsonplayer              I  Skipped: false 2 cost 46.78809 refreshRate 16703878 bit true processName com.devson.devsonplayer
2026-03-16 14:24:39.796 21099-21099 Quality                 com.devson.devsonplayer              I  Skipped: false 1 cost 21.41682 refreshRate 16703093 bit true processName com.devson.devsonplayer
2026-03-16 14:24:40.078 21099-21099 Quality                 com.devson.devsonplayer              I  Skipped: false 1 cost 20.3015 refreshRate 16691429 bit true processName com.devson.devsonplayer
2026-03-16 14:24:47.150 21099-21099 OplusScrollToTopManager com.devson.devsonplayer              D  com.devson.devsonplayer/com.devson.devsonplayer.MainActivity,window dying
2026-03-16 14:24:47.150 21099-21099 OplusScrollToTopManager com.devson.devsonplayer              D  com.devson.devsonplayer/com.devson.devsonplayer.MainActivity,unregisterSystemUIBroadcastReceiver 
2026-03-16 14:24:47.150 21099-21099 OplusScrollToTopManager com.devson.devsonplayer              D  com.devson.devsonplayer/com.devson.devsonplayer.MainActivity, unregisterSystemUIBroadcastReceiver failed java.lang.IllegalArgumentException: Receiver not registered: android.view.OplusScrollToTopManager$2@467dab4
2026-03-16 14:24:47.192 21099-21099 ZoomWindowDecorView     com.devson.devsonplayer              V  removeZoomView
2026-03-16 14:24:47.193 21099-21099 OpenGLRenderer          com.devson.devsonplayer              D  RenderProxy::destroy: this=0xb400006f11f35200, mContext=0xb400006ef190af40
2026-03-16 14:24:47.193 21099-21721 OpenGLRenderer          com.devson.devsonplayer              D  SkiaOpenGLPipeline::setSurface: this=0xb400006f7617c700, surface=NULL
2026-03-16 14:24:47.196 21099-21099 BLASTBufferQueue        com.devson.devsonplayer              D  [VRI[MainActivity]#1](f:0,a:1) destructor()
2026-03-16 14:24:47.196 21099-21099 BufferQueueConsumer     com.devson.devsonplayer              D  [VRI[MainActivity]#1(BLAST Consumer)1](id:526b00000001,api:0,p:-1,c:21099) disconnect
2026-03-16 14:24:47.237 21099-21099 Quality                 com.devson.devsonplayer              I  Skipped: false 4 cost 79.980675 refreshRate 16744198 bit true processName com.devson.devsonplayer
2026-03-16 14:24:47.248 21099-21099 VRI[MainActivity]       com.devson.devsonplayer              D  onFocusEvent true
2026-03-16 14:24:47.458 21099-21099 on.devsonplayer         com.devson.devsonplayer              I  hiddenapi: Accessing hidden method Landroid/view/ViewTreeObserver;->dispatchOnScrollChanged()V (runtime_flags=0, domain=platform, api=unsupported) from Landroidx/compose/ui/platform/AndroidComposeView$Companion; (domain=app, TargetSdkVersion=36) using reflection: allowed
2026-03-16 14:24:47.527 21099-21099 Quality                 com.devson.devsonplayer              I  Skipped: true 2 cost 36.357296 refreshRate 16703746 bit true processName com.devson.devsonplayer
2026-03-16 14:24:47.596 21099-21099 Quality                 com.devson.devsonplayer              I  Skipped: true 2 cost 39.07867 refreshRate 16698680 bit true processName com.devson.devsonplayer
2026-03-16 14:24:47.669 21099-21099 ScrollIdentify          com.devson.devsonplayer              I  on fling
2026-03-16 14:24:47.716 21099-21708 libPerfCtl              com.devson.devsonplayer              I  fbcNotifySbeRescue ret=-1
2026-03-16 14:24:47.730 21099-21708 libPerfCtl              com.devson.devsonplayer              I  fbcNotifySbeRescue ret=-1
2026-03-16 14:24:47.731 21099-21099 Quality                 com.devson.devsonplayer              I  Skipped: true 2 cost 40.91881 refreshRate 16691669 bit true processName com.devson.devsonplayer
2026-03-16 14:24:47.748 21099-21708 libPerfCtl              com.devson.devsonplayer              I  fbcNotifySbeRescue ret=-1
2026-03-16 14:24:47.751 21099-21708 libPerfCtl              com.devson.devsonplayer              I  fbcNotifySbeRescue ret=-1
2026-03-16 14:24:47.781 21099-21708 libPerfCtl              com.devson.devsonplayer              I  fbcNotifySbeRescue ret=-1
2026-03-16 14:24:47.784 21099-21708 libPerfCtl              com.devson.devsonplayer              I  fbcNotifySbeRescue ret=-1
2026-03-16 14:24:47.933 21099-21708 libPerfCtl              com.devson.devsonplayer              I  fbcNotifySbeRescue ret=-1
2026-03-16 14:24:47.937 21099-21708 libPerfCtl              com.devson.devsonplayer              I  fbcNotifySbeRescue ret=-1
2026-03-16 14:24:47.950 21099-21708 libPerfCtl              com.devson.devsonplayer              I  fbcNotifySbeRescue ret=-1
2026-03-16 14:24:47.961 21099-21708 libPerfCtl              com.devson.devsonplayer              I  fbcNotifySbeRescue ret=-1
2026-03-16 14:24:48.090 21099-21708 libPerfCtl              com.devson.devsonplayer              I  fbcNotifySbeRescue ret=-1
2026-03-16 14:24:48.097 21099-21708 libPerfCtl              com.devson.devsonplayer              I  fbcNotifySbeRescue ret=-1
2026-03-16 14:24:48.104 21099-21708 libPerfCtl              com.devson.devsonplayer              I  fbcNotifySbeRescue ret=-1
2026-03-16 14:24:48.115 21099-21708 libPerfCtl              com.devson.devsonplayer              I  fbcNotifySbeRescue ret=-1
2026-03-16 14:24:48.123 21099-21708 libPerfCtl              com.devson.devsonplayer              I  fbcNotifySbeRescue ret=-1
2026-03-16 14:24:48.130 21099-21708 libPerfCtl              com.devson.devsonplayer              I  fbcNotifySbeRescue ret=-1
2026-03-16 14:24:48.139 21099-21708 libPerfCtl              com.devson.devsonplayer              I  fbcNotifySbeRescue ret=-1
2026-03-16 14:24:48.143 21099-21708 libPerfCtl              com.devson.devsonplayer              I  fbcNotifySbeRescue ret=-1
2026-03-16 14:24:48.199 21099-21708 libPerfCtl              com.devson.devsonplayer              I  fbcNotifySbeRescue ret=-1
2026-03-16 14:24:48.205 21099-21708 libPerfCtl              com.devson.devsonplayer              I  fbcNotifySbeRescue ret=-1
2026-03-16 14:24:48.253 21099-21099 OplusScrollToTopManager com.devson.devsonplayer              D  com.devson.devsonplayer/com.devson.devsonplayer.MainActivity,This DecorView@e728dcf[MainActivity] change focus to true
2026-03-16 14:24:48.267 21099-21708 libPerfCtl              com.devson.devsonplayer              I  fbcNotifySbeRescue ret=-1
2026-03-16 14:24:48.281 21099-21708 libPerfCtl              com.devson.devsonplayer              I  fbcNotifySbeRescue ret=-1
2026-03-16 14:24:48.594 21099-21099 Quality                 com.devson.devsonplayer              I  Skipped: false 1 cost 18.209587 refreshRate 16703820 bit true processName com.devson.devsonplayer
2026-03-16 14:24:48.602 21099-21708 libPerfCtl              com.devson.devsonplayer              I  fbcNotifySbeRescue ret=-1
2026-03-16 14:24:48.624 21099-21099 OnBackInvokedCallback   com.devson.devsonplayer              W  OnBackInvokedCallback is not enabled for the application.
                                                                                                    Set 'android:enableOnBackInvokedCallback="true"' in the application manifest.
2026-03-16 14:24:49.064 21099-21708 libPerfCtl              com.devson.devsonplayer              I  fbcNotifySbeRescue ret=-1
2026-03-16 14:24:49.070 21099-21099 Quality                 com.devson.devsonplayer              I  Skipped: false 24 cost 410.50095 refreshRate 16703820 bit true processName com.devson.devsonplayer
2026-03-16 14:24:49.073 21099-21708 libPerfCtl              com.devson.devsonplayer              I  fbcNotifySbeRescue ret=-1
2026-03-16 14:24:49.078 21099-21708 libPerfCtl              com.devson.devsonplayer              I  fbcNotifySbeRescue ret=-1
2026-03-16 14:24:49.135 21099-21099 Quality                 com.devson.devsonplayer              I  Skipped: false 1 cost 24.796803 refreshRate 16711415 bit true processName com.devson.devsonplayer
2026-03-16 14:24:54.802 21099-21099 Quality                 com.devson.devsonplayer              I  Skipped: false 1 cost 30.477383 refreshRate 16701063 bit true processName com.devson.devsonplayer
2026-03-16 14:24:54.835 21099-21099 OnBackInvokedCallback   com.devson.devsonplayer              W  OnBackInvokedCallback is not enabled for the application.
                                                                                                    Set 'android:enableOnBackInvokedCallback="true"' in the application manifest.
2026-03-16 14:24:54.912 21099-21099 nativeloader            com.devson.devsonplayer              D  Load /data/app/~~uHnxiDhS0VQPSEEqt6g4ZQ==/com.devson.devsonplayer-rcle62koJoy6oK1duXrYsQ==/base.apk!/lib/arm64-v8a/libdevson_player.so using class loader ns clns-4 (caller=/data/app/~~uHnxiDhS0VQPSEEqt6g4ZQ==/com.devson.devsonplayer-rcle62koJoy6oK1duXrYsQ==/base.apk!classes4.dex): ok
2026-03-16 14:24:55.043 21099-21099 SurfaceView             com.devson.devsonplayer              I  11216180 onAttachedToWindow
2026-03-16 14:24:55.149 21099-21099 BufferQueueConsumer     com.devson.devsonplayer              D  [](id:526b00000002,api:0,p:-1,c:21099) connect: controlledByApp=false
2026-03-16 14:24:55.149 21099-21099 IPCThreadState          com.devson.devsonplayer              E  attemptIncStrongHandle(82): Not supported
2026-03-16 14:24:55.151 21099-21099 SurfaceView             com.devson.devsonplayer              I  11216180 visibleChanged -- surfaceCreated 
2026-03-16 14:24:55.151 21099-21099 SurfaceView             com.devson.devsonplayer              I  11216180 surfaceChanged -- format=4 w=720 h=1600
2026-03-16 14:24:55.321 21099-21099 PlayerController        com.devson.devsonplayer              I  VideoInfo: VideoInfo(mimeType=video/avc, width=1280, height=720, bitDepth=8, profile=-1, level=-1, frameRate=30.0)
2026-03-16 14:24:55.323 21099-21099 DecoderSelector         com.devson.devsonplayer              I  selectDecoder: mime=video/avc 1280x720 8bit
2026-03-16 14:24:55.364 21099-21099 AudioCapabilities       com.devson.devsonplayer              W  Unsupported mime audio/x-adpcm-dvi-ima
2026-03-16 14:24:55.364 21099-21099 AudioCapabilities       com.devson.devsonplayer              W  Unsupported mime audio/x-adpcm-dvi-ima
2026-03-16 14:24:55.365 21099-21099 AudioCapabilities       com.devson.devsonplayer              W  Unsupported mime audio/x-adpcm-ms
2026-03-16 14:24:55.365 21099-21099 AudioCapabilities       com.devson.devsonplayer              W  Unsupported mime audio/x-adpcm-ms
2026-03-16 14:24:55.365 21099-21099 AudioCapabilities       com.devson.devsonplayer              W  Unsupported mime audio/alac
2026-03-16 14:24:55.365 21099-21099 AudioCapabilities       com.devson.devsonplayer              W  Unsupported mime audio/alac
2026-03-16 14:24:55.366 21099-21099 AudioCapabilities       com.devson.devsonplayer              W  Unsupported mime audio/ape
2026-03-16 14:24:55.366 21099-21099 AudioCapabilities       com.devson.devsonplayer              W  Unsupported mime audio/ape
2026-03-16 14:24:55.385 21099-21099 AudioCapabilities       com.devson.devsonplayer              W  Unsupported mime audio/ffmpeg
2026-03-16 14:24:55.410 21099-21099 VideoCapabilities       com.devson.devsonplayer              W  Unrecognized profile/level 32768/256 for video/mp4v-es
2026-03-16 14:24:55.411 21099-21099 VideoCapabilities       com.devson.devsonplayer              W  Unrecognized profile/level 32768/256 for video/mp4v-es
2026-03-16 14:24:55.414 21099-21099 VideoCapabilities       com.devson.devsonplayer              W  Unsupported mime video/x-ms-wmv
2026-03-16 14:24:55.414 21099-21099 VideoCapabilities       com.devson.devsonplayer              W  Unsupported mime video/x-ms-wmv
2026-03-16 14:24:55.435 21099-21099 VideoCapabilities       com.devson.devsonplayer              W  Unsupported mime video/ffmpeg
2026-03-16 14:24:55.437 21099-21099 CodecDetector           com.devson.devsonplayer              I  [H264] hwDecoder=c2.mtk.avc.decoder 10bit=false maxRes=3840x2160
2026-03-16 14:24:55.438 21099-21099 DecoderSelector         com.devson.devsonplayer              I  Selected HARDWARE decoder: c2.mtk.avc.decoder
2026-03-16 14:24:55.438 21099-21099 PlayerController        com.devson.devsonplayer              I  Selected decoder: HARDWARE
2026-03-16 14:24:55.524 21099-21099 ExoPlayerImpl           com.devson.devsonplayer              I  Init 72d8dc [AndroidXMedia3/1.5.1] [RED8AF, RMX3430, realme, 33]
2026-03-16 14:24:55.635 21099-21099 on.devsonplayer         com.devson.devsonplayer              I  hiddenapi: Accessing hidden method Landroid/media/AudioTrack;->getLatency()I (runtime_flags=0, domain=platform, api=unsupported) from Landroidx/media3/exoplayer/audio/AudioTrackPositionTracker; (domain=app, TargetSdkVersion=36) using reflection: allowed
2026-03-16 14:24:55.764 21099-21099 Choreographer           com.devson.devsonplayer              I  Skipped 54 frames!  The application may be doing too much work on its main thread.
2026-03-16 14:24:55.764 21099-21099 Quality                 com.devson.devsonplayer              I  Skipped: false 54 cost 908.4892 refreshRate 16700012 bit true processName com.devson.devsonplayer
2026-03-16 14:24:55.813 21099-21099 SurfaceView             com.devson.devsonplayer              I  11216180 surfaceChanged -- format=4 w=720 h=405
2026-03-16 14:24:55.899 21099-21194 OpenGLRenderer          com.devson.devsonplayer              I  Davey! duration=1042ms; Flags=0, FrameTimelineVsyncId=51947686, IntendedVsync=280217424430421, Vsync=280218326231069, InputEventId=0, HandleInputStart=280218333312470, AnimationStart=280218333316162, PerformTraversalsStart=280218356775855, DrawStart=280218374597162, FrameDeadline=280217461036815, FrameInterval=280218332919624, FrameStartTime=16606394, SyncQueued=280218390376855, SyncStart=280218390561778, IssueDrawCommandsStart=280218391267239, SwapBuffers=280218460380547, FrameCompleted=280218467037162, DequeueBufferDuration=70692, QueueBufferDuration=805846, GpuCompleted=280218467037162, SwapBuffersCompleted=280218462962932, DisplayPresentTime=280210407270700, CommandSubmissionCompleted=280218460380547, 
2026-03-16 14:24:56.068 21099-21099 Quality                 com.devson.devsonplayer              I  SlowBinder: com.devson.devsonplayer to android.app.IActivityClientController cost= 226 code= 26
2026-03-16 14:24:56.071 21099-21099 Quality                 com.devson.devsonplayer              I  Skipped: false 17 cost 298.1094 refreshRate 16629481 bit true processName com.devson.devsonplayer
2026-03-16 14:24:56.097 21099-22233 MediaCodecInfo          com.devson.devsonplayer              D  NoSupport [codec.profileLevel, hvc1.2.4.L93.90, video/hevc] [c2.mtk.hevc.decoder, video/hevc] [RED8AF, RMX3430, realme, 33]
2026-03-16 14:24:56.097 21099-22233 MediaCodecInfo          com.devson.devsonplayer              D  NoSupport [codec.profileLevel, hvc1.2.4.L93.90, video/hevc] [c2.android.hevc.decoder, video/hevc] [RED8AF, RMX3430, realme, 33]
2026-03-16 14:24:56.098 21099-22233 MediaCodecInfo          com.devson.devsonplayer              D  NoSupport [codec.profileLevel, hvc1.2.4.L93.90, video/hevc] [c2.mtk.hevc.decoder, video/hevc] [RED8AF, RMX3430, realme, 33]
2026-03-16 14:24:56.098 21099-22233 MediaCodecInfo          com.devson.devsonplayer              D  NoSupport [codec.profileLevel, hvc1.2.4.L93.90, video/hevc] [c2.android.hevc.decoder, video/hevc] [RED8AF, RMX3430, realme, 33]
2026-03-16 14:24:56.193 21099-21099 ViewRootImplExtImpl     com.devson.devsonplayer              D  onDisplayChanged 0 for VRI android.view.ViewRootImpl@bbf4506
2026-03-16 14:24:56.214 21099-21099 ZoomWindowDecorView     com.devson.devsonplayer              V  setLastReportedMergedConfiguration mZoomDisplayHeight: 720 getDecorView.242388431
2026-03-16 14:24:56.218 21099-22233 MediaCodecInfo          com.devson.devsonplayer              D  NoSupport [codec.profileLevel, hvc1.2.4.L93.90, video/hevc] [c2.mtk.hevc.decoder, video/hevc] [RED8AF, RMX3430, realme, 33]
2026-03-16 14:24:56.218 21099-22233 MediaCodecInfo          com.devson.devsonplayer              D  NoSupport [codec.profileLevel, hvc1.2.4.L93.90, video/hevc] [c2.android.hevc.decoder, video/hevc] [RED8AF, RMX3430, realme, 33]
2026-03-16 14:24:56.219 21099-22233 DMCodecAdapterFactory   com.devson.devsonplayer              I  Creating an asynchronous MediaCodec adapter for track type video
2026-03-16 14:24:56.221 21099-22233 MediaCodec              com.devson.devsonplayer              D  CreateByComponentName: name c2.mtk.hevc.decoder
2026-03-16 14:24:56.238 21099-22233 CCodecBufferChannel     com.devson.devsonplayer              D  mBufferCountDebug=0 mIsUserLoad=1
2026-03-16 14:24:56.238 21099-22233 OplusCCodec             com.devson.devsonplayer              D  OplusCCodec [164]: (0xb400006ef0988200)
2026-03-16 14:24:56.240 21099-22233 libc                    com.devson.devsonplayer              W  Access denied finding property "vendor.oplus.media.vpp.stutter"
2026-03-16 14:24:56.240 21099-22233 ListServiceUtils        com.devson.devsonplayer              D  mListServiceUtils::init CallingPid 21099
2026-03-16 14:24:56.240 21099-22233 ListServiceUtils        com.devson.devsonplayer              D  mListServiceUtils::init this 0xb400006ef96b6c80
2026-03-16 14:24:56.241 21099-22233 ListServiceUtils        com.devson.devsonplayer              V  checkInListByUid module:sr-osie-whitelist uid:10464 cost 690us return 0
2026-03-16 14:24:56.241 21099-22233 ListServiceUtils        com.devson.devsonplayer              V  checkInListByUid start module:video-setsurface-error uid:10464  time 280218810302us
2026-03-16 14:24:56.241 21099-22233 ListServiceUtils        com.devson.devsonplayer              V  checkInListByUid end module:video-setsurface-error uid:10464  time 280218810564us
2026-03-16 14:24:56.241 21099-22233 ListServiceUtils        com.devson.devsonplayer              D  checkInListByUid module:video-setsurface-error uid:10464 cost 262us return 0
2026-03-16 14:24:56.242 21099-22233 CCodecBufferChannel     com.devson.devsonplayer              D  mBufferCountDebug=0 mIsUserLoad=1
2026-03-16 14:24:56.242 21099-22233 MediaCodec              com.devson.devsonplayer              D  [0xb400006ef9749000] init: CCodec 0xb400006ef0988200, CCodecBufferChannel 0xb400006ef9773618
2026-03-16 14:24:56.242 21099-22240 MediaCodec              com.devson.devsonplayer              D  [0xb400006ef9749000] setState: 1
2026-03-16 14:24:56.248 21099-21099 Quality                 com.devson.devsonplayer              I  Skipped: false 9 cost 157.13013 refreshRate 16666667 bit true processName com.devson.devsonplayer
2026-03-16 14:24:56.259 21099-22242 CCodec                  com.devson.devsonplayer              D  allocate(c2.mtk.hevc.decoder)
2026-03-16 14:24:56.272 21099-22242 Codec2Client            com.devson.devsonplayer              I  Available Codec2 services: "default" "software"
2026-03-16 14:24:56.296 21099-22242 CCodec                  com.devson.devsonplayer              I  setting up 'default' as default (vendor) store
2026-03-16 14:24:56.350 21099-22242 CCodec                  com.devson.devsonplayer              I  Created component [c2.mtk.hevc.decoder]
2026-03-16 14:24:56.350 21099-22242 CCodecBufferChannel     com.devson.devsonplayer              D  [0xb400006ef9773618] setComponent: mName c2.mtk.hevc.decoder#737, mPipelineWatcher 0xb400006ef9773a80
2026-03-16 14:24:56.350 21099-22242 CCodecBufferChannel     com.devson.devsonplayer              D  PipelineWatcher debug info [c2.mtk.hevc.decoder#737] enable=0
2026-03-16 14:24:56.354 21099-22242 CCodecConfig            com.devson.devsonplayer              D  read media type: video/hevc
2026-03-16 14:24:56.358 21099-22242 ReflectedParamUpdater   com.devson.devsonplayer              D  extent() != 1 for single value type: algo.buffers.max-count.values
2026-03-16 14:24:56.358 21099-22242 ReflectedParamUpdater   com.devson.devsonplayer              D  extent() != 1 for single value type: output.subscribed-indices.values
2026-03-16 14:24:56.359 21099-22242 ReflectedParamUpdater   com.devson.devsonplayer              D  extent() != 1 for single value type: input.buffers.allocator-ids.values
2026-03-16 14:24:56.359 21099-22242 ReflectedParamUpdater   com.devson.devsonplayer              D  extent() != 1 for single value type: output.buffers.allocator-ids.values
2026-03-16 14:24:56.359 21099-22242 ReflectedParamUpdater   com.devson.devsonplayer              D  extent() != 1 for single value type: algo.buffers.allocator-ids.values
2026-03-16 14:24:56.359 21099-22242 ReflectedParamUpdater   com.devson.devsonplayer              D  extent() != 1 for single value type: output.buffers.pool-ids.values
2026-03-16 14:24:56.359 21099-22242 ReflectedParamUpdater   com.devson.devsonplayer              D  extent() != 1 for single value type: algo.buffers.pool-ids.values
2026-03-16 14:24:56.362 21099-22242 ReflectedParamUpdater   com.devson.devsonplayer              D  ignored struct field coded.color-format.locations
2026-03-16 14:24:56.366 21099-22242 CCodecConfig            com.devson.devsonplayer              D  ignoring local param raw.size (0xd2001800) as it is already supported
2026-03-16 14:24:56.366 21099-22242 CCodecConfig            com.devson.devsonplayer              D  ignoring local param raw.crop (0xd2001801) as it is already supported
2026-03-16 14:24:56.366 21099-22242 CCodecConfig            com.devson.devsonplayer              D  ignoring local param default.color (0x5200180b) as it is already supported
2026-03-16 14:24:56.366 21099-22242 CCodecConfig            com.devson.devsonplayer              D  ignoring local param raw.hdr-static-info (0xd200180a) as it is already supported
2026-03-16 14:24:56.372 21099-22242 CCodecConfig            com.devson.devsonplayer              I  query failed after returning 17 values (BAD_INDEX)
2026-03-16 14:24:56.372 21099-22242 CCodecConfig            com.devson.devsonplayer              D  c2 config diff is Dict {
                                                                                                      c2::i32 algo.priority.value = 1
                                                                                                      c2::float algo.rate.value = 0
                                                                                                      c2::float coded.frame-rate.value = 30
                                                                                                      c2::u32 coded.pl.level = 24834
                                                                                                      c2::u32 coded.pl.profile = 20481
                                                                                                      c2::u32 coded.vui.color.matrix = 0
                                                                                                      c2::u32 coded.vui.color.primaries = 0
                                                                                                      c2::u32 coded.vui.color.range = 2
                                                                                                      c2::u32 coded.vui.color.transfer = 0
                                                                                                      c2::u32 default.color.matrix = 0
                                                                                                      c2::u32 default.color.primaries = 0
                                                                                                      c2::u32 default.color.range = 0
                                                                                                      c2::u32 default.color.transfer = 0
                                                                                                      c2::u32 input.buffers.max-size.value = 2097152
                                                                                                      c2::u32 input.delay.value = 4
                                                                                                      string input.media-type.value = "video/hevc"
                                                                                                      c2::u32 output.delay.value = 12
                                                                                                      string output.media-type.value = "video/raw"
                                                                                                      c2::u32 raw.color.matrix = 0
                                                                                                      c2::u32 raw.color.primaries = 0
                                                                                                      c2::u32 raw.color.range = 2
                                                                                                      c2::u32 raw.color.transfer = 0
                                                                                                      c2::u32 raw.crop.height = 239
                                                                                                      c2::u32 raw.crop.left = 0
                                                                                                      c2::u32 raw.crop.top = 0
                                                                                                      c2::u32 raw.crop.width = 319
                                                                                                      c2::float raw.hdr-static-info.mastering.blue.x = 0
                                                                                                      c2::float raw.hdr-
2026-03-16 14:24:56.373 21099-22242 ColorUtils              com.devson.devsonplayer              W  expected specified color aspects (2:0:0:0)
2026-03-16 14:24:56.373 21099-22240 MediaCodec              com.devson.devsonplayer              D  [0xb400006ef9749000] setState: 2
2026-03-16 14:24:56.440 21099-22240 MediaCodec              com.devson.devsonplayer              I  MediaCodec will operate in async mode
2026-03-16 14:24:56.440 21099-22233 MediaCodec              com.devson.devsonplayer              I  [0xb400006ef9749000] [c2.mtk.hevc.decoder] configure, format : AMessage(what = 0x00000000) = {
                                                                                                      int32_t max-height = 720
                                                                                                      string log-session-id = "CKPJx64Mn4mcyi_Z"
                                                                                                      int32_t max-width = 1280
                                                                                                      string mime = "video/hevc"
                                                                                                      int32_t width = 1280
                                                                                                      int32_t priority = 0
                                                                                                      int32_t rotation-degrees = 0
                                                                                                      int32_t max-input-size = 2097152
