--------- beginning of system
--------- beginning of main
2026-03-18 14:26:50.925  1675-1788  PackageMan...ilsExtImpl system_server                        E  Fix up user restrict data of pkg: com.devson.devsonplayer
2026-03-18 14:26:51.517  1675-1788  ArtManagerService       system_server                        E  Failed to prepare profile for com.devson.devsonplayer:/data/app/~~ucvu5-IdeEsjVSd9AzUjfg==/com.devson.devsonplayer-5yr-SkflaICgo_b8eLhQdw==/base.apk
---------------------------- PROCESS STARTED (23793) for package com.devson.devsonplayer ----------------------------
2026-03-18 14:26:53.459 23793-23793 OneTrace                com.devson.devsonplayer              I  Mark active for pid=23793? true
2026-03-18 14:26:53.460 23793-23793 cutils-dev              com.devson.devsonplayer              D  otrace_set_tracing_enabled? true
2026-03-18 14:26:53.467 23793-23807 cutils-dev              com.devson.devsonplayer              D  properties changed in otrace_seq_number_changed!
2026-03-18 14:26:53.555  1675-1729  OplusThermalStats       system_server                        E  Error getting package info: com.devson.devsonplayer
2026-03-18 14:26:53.632 23793-23793 Compatibil...geReporter com.devson.devsonplayer              D  Compat change id reported: 171979766; UID 10469; state: ENABLED
2026-03-18 14:26:53.635 23793-23793 oplus.andr...actoryImpl com.devson.devsonplayer              I  get feature:IOplusAutoResolutionFeature
2026-03-18 14:26:53.635 23793-23793 oplus.andr...actoryImpl com.devson.devsonplayer              I  getOplusAutoResolutionFeature
2026-03-18 14:26:53.707 23793-23793 OplusFeatureCache       com.devson.devsonplayer              I  Milliseconds spent on init(): 70
2026-03-18 14:26:53.713 23793-23793 CompactWindowAppManager com.devson.devsonplayer              D  initCompactApplicationInfo CompactMode: , NormalMode: 
2026-03-18 14:26:53.758 23793-23793 libc                    com.devson.devsonplayer              W  Access denied finding property "ro.odm.prev.product.name"
2026-03-18 14:26:53.763 23793-23793 LoadedApk               com.devson.devsonplayer              D  mApplicationInfo overrideDisplayId:null
2026-03-18 14:26:54.717 23793-23793 nativeloader            com.devson.devsonplayer              D  Configuring clns-4 for other apk /data/app/~~ucvu5-IdeEsjVSd9AzUjfg==/com.devson.devsonplayer-5yr-SkflaICgo_b8eLhQdw==/base.apk. target_sdk_version=36, uses_libraries=, library_path=/data/app/~~ucvu5-IdeEsjVSd9AzUjfg==/com.devson.devsonplayer-5yr-SkflaICgo_b8eLhQdw==/lib/arm64:/data/app/~~ucvu5-IdeEsjVSd9AzUjfg==/com.devson.devsonplayer-5yr-SkflaICgo_b8eLhQdw==/base.apk!/lib/arm64-v8a, permitted_path=/data:/mnt/expand:/data/user/0/com.devson.devsonplayer
2026-03-18 14:26:54.718 23793-23793 Quality                 com.devson.devsonplayer              I  ActivityThread: createClassLoader delay 954 /data/app/~~ucvu5-IdeEsjVSd9AzUjfg==/com.devson.devsonplayer-5yr-SkflaICgo_b8eLhQdw==/base.apk 23793
2026-03-18 14:26:54.721 23793-23793 Quality                 com.devson.devsonplayer              I  ActivityThread: createOrUpdateClassLoaderLocked delay 958 com.devson.devsonplayer 23793
2026-03-18 14:26:54.733 23793-23793 nativeloader            com.devson.devsonplayer              D  Load libframework-connectivity-jni.so using APEX ns com_android_tethering for caller /apex/com.android.tethering/javalib/framework-connectivity.jar: ok
2026-03-18 14:26:54.745 23793-23793 GraphicsEnvironment     com.devson.devsonplayer              V  ANGLE Developer option for 'com.devson.devsonplayer' set to: 'default'
2026-03-18 14:26:54.746 23793-23793 GraphicsEnvironment     com.devson.devsonplayer              V  ANGLE GameManagerService for com.devson.devsonplayer: false
2026-03-18 14:26:54.746 23793-23793 GraphicsEnvironment     com.devson.devsonplayer              V  Neither updatable production driver nor prerelease driver is supported.
2026-03-18 14:26:54.756 23793-23793 NetworkSecurityConfig   com.devson.devsonplayer              D  No Network Security Config specified, using platform default
2026-03-18 14:26:54.759 23793-23793 NetworkSecurityConfig   com.devson.devsonplayer              D  No Network Security Config specified, using platform default
2026-03-18 14:26:54.764 23793-23793 Compatibil...geReporter com.devson.devsonplayer              D  Compat change id reported: 183155436; UID 10469; state: ENABLED
2026-03-18 14:26:54.837 23793-23793 nativeloader            com.devson.devsonplayer              D  Load libSchedAssistJni.so using system ns (caller=/system/framework/oplus-framework.jar): ok
2026-03-18 14:26:54.837 23793-23793 ExtensionsLoader        com.devson.devsonplayer              D  createInstance(64bit) : createExtendedFactory
2026-03-18 14:26:54.838 23793-23793 ExtensionsLoader        com.devson.devsonplayer              D  Opened libSchedAssistExtImpl.so
2026-03-18 14:26:54.838 23793-23793 on.devsonplayer         com.devson.devsonplayer              E  ofbOpen failed with error=No such file or directory
2026-03-18 14:26:54.838 23793-23793 on.devsonplayer         com.devson.devsonplayer              E  sysOpen failed with error=No such file or directory
2026-03-18 14:26:54.838 23793-23793 on.devsonplayer         com.devson.devsonplayer              E  sharedImFd failed with error=Permission denied
2026-03-18 14:26:54.841 23793-23793 OplusGraphicsEvent      com.devson.devsonplayer              D  OplusGraphicsEventListener create now!
2026-03-18 14:26:54.842 23793-23793 OplusGraphicsEvent      com.devson.devsonplayer              D  addEventListener success!
2026-03-18 14:26:54.851 23793-23793 OplusActivityManager    com.devson.devsonplayer              D  get AMS extension: android.os.BinderProxy@56bf63c
2026-03-18 14:26:54.852 23793-23793 Quality                 com.devson.devsonplayer              I  ActivityThread: bindApplication delay 1227 com.devson.devsonplayer 23793
2026-03-18 14:26:54.853 23793-23829 Quality                 com.devson.devsonplayer              I  Blocked msg = Package name: com.devson.devsonplayer [ schedGroup: 5 schedPolicy: 1073741824 ] process the message: { when=-1s330ms what=110 target=android.app.ActivityThread$H obj=AppBindData{appInfo=ApplicationInfo{2664fc5 com.devson.devsonplayer}} } took 1227 ms
2026-03-18 14:26:54.869 23793-23982 nativeloader            com.devson.devsonplayer              D  Load libpowerhalwrap_jni.so using system ns (caller=/system/framework/mediatek-framework.jar): ok
2026-03-18 14:26:54.869 23793-23793 PowerHalWrapper         com.devson.devsonplayer              I  PowerHalWrapper.getInstance 
2026-03-18 14:26:54.869 23793-23982 PowerHalWrapper         com.devson.devsonplayer              I  PowerHalWrapper.getInstance 
2026-03-18 14:26:54.889 23793-23793 MSYNC3-Var...efreshRate com.devson.devsonplayer              I  Variable refreshrate is disabled
2026-03-18 14:26:55.047 23793-23793 oplus.andr...actoryImpl com.devson.devsonplayer              I  Unknow feature:IOplusTextViewRTLUtilForUG
2026-03-18 14:26:55.061 23793-23996 libMEOW                 com.devson.devsonplayer              D  meow new tls: 0xb400007c8b497b40
2026-03-18 14:26:55.062 23793-23996 libMEOW                 com.devson.devsonplayer              D  meow reload base cfg path: na
2026-03-18 14:26:55.062 23793-23996 libMEOW                 com.devson.devsonplayer              D  meow reload overlay cfg path: na
2026-03-18 14:26:55.153 23793-23793 OplusWindowManager      com.devson.devsonplayer              D  get WMS extension: android.os.BinderProxy@5d3b435
2026-03-18 14:26:55.223 23793-23996 QT                      com.devson.devsonplayer              E  [QT]file does not exist
2026-03-18 14:26:55.226 23793-23996 libMEOW                 com.devson.devsonplayer              D  applied 1 plugins for [com.devson.devsonplayer]:
2026-03-18 14:26:55.226 23793-23996 libMEOW                 com.devson.devsonplayer              D    plugin 1: [libMEOW_gift.so]: 0xb400007c84296000
2026-03-18 14:26:55.227 23793-23996 libMEOW                 com.devson.devsonplayer              D  rebuild call chain: 0xb400007c8b4b37c0
2026-03-18 14:26:55.227 23793-23996 libMEOW                 com.devson.devsonplayer              D  meow delete tls: 0xb400007c8b497b40
2026-03-18 14:26:55.267 23793-23793 Quality                 com.devson.devsonplayer              I  ActivityThread: activityStart delay 373 com.devson.devsonplayer 23793
2026-03-18 14:26:55.283 23793-23793 OplusInputMethodUtil    com.devson.devsonplayer              D  init sDebug to false, init sDebugIme to false, init sAlwaysOn to false
2026-03-18 14:26:55.283 23793-23793 OplusInputMethodUtil    com.devson.devsonplayer              D  updateDebugToClass InputMethodManager.DEBUG = false
2026-03-18 14:26:55.283 23793-23793 OplusInputMethodUtil    com.devson.devsonplayer              D  updateDebugToClass ImeFocusController.DEBUG = false
2026-03-18 14:26:55.283 23793-23793 OplusInputMethodUtil    com.devson.devsonplayer              D  updateDebugToClass BaseInputConnection.DEBUG = false
2026-03-18 14:26:55.283 23793-23793 OplusInputMethodUtil    com.devson.devsonplayer              D  updateDebugToClass ImeFocusController.sDebugIme = false
2026-03-18 14:26:55.324 23793-23793 SurfaceFactory          com.devson.devsonplayer              I  [static] sSurfaceFactory = com.mediatek.view.impl.SurfaceFactoryImpl@42f70f6
2026-03-18 14:26:55.347 23793-23793 WindowManager           com.devson.devsonplayer              D  Add to mViews: DecorView@cf16764[MainActivity],pkg= com.devson.devsonplayer
2026-03-18 14:26:55.350 23793-23986 ExtensionsLoader        com.devson.devsonplayer              D  createInstance(64bit) : createExtendedFactory
2026-03-18 14:26:55.373 23793-24032 OplusSlideAnimOptHelper com.devson.devsonplayer              I  checkListMode: is blacklist mode = true
2026-03-18 14:26:55.412 23793-24032 OplusSlideAnimOptHelper com.devson.devsonplayer              D  com.devson.devsonplayer scrollEffectOpt enable = true
2026-03-18 14:26:55.478 23793-23986 ExtensionsLoader        com.devson.devsonplayer              D  Opened libhwuiextimpl.so
2026-03-18 14:26:55.478 23793-23793 ExtensionsLoader        com.devson.devsonplayer              D  createInstance(64bit) : createExtendedFactory
2026-03-18 14:26:55.478 23793-23793 ExtensionsLoader        com.devson.devsonplayer              D  Opened libSchedAssistExtImpl.so
2026-03-18 14:26:55.510 23793-23793 ViewRootImplExtImpl     com.devson.devsonplayer              D  onDisplayChanged -1 for VRI android.view.ViewRootImpl@79dd3ef
2026-03-18 14:26:55.512 23793-23793 libMEOW                 com.devson.devsonplayer              D  meow new tls: 0xb400007c8732c400
2026-03-18 14:26:55.512 23793-23793 libMEOW                 com.devson.devsonplayer              D  applied 1 plugins for [com.devson.devsonplayer]:
2026-03-18 14:26:55.512 23793-23793 libMEOW                 com.devson.devsonplayer              D    plugin 1: [libMEOW_gift.so]: 0xb400007c84296000
2026-03-18 14:26:55.513 23793-23793 libMEOW                 com.devson.devsonplayer              D  rebuild call chain: 0xb400007c873d6f00
2026-03-18 14:26:55.514 23793-23793 InputEventReceiver      com.devson.devsonplayer              D  Input log is disabled
2026-03-18 14:26:55.517 23793-23793 Quality                 com.devson.devsonplayer              I  ActivityThread: activityLifecycle delay 624 com.devson.devsonplayer 23793
2026-03-18 14:26:55.521 23793-23793 Choreographer           com.devson.devsonplayer              I  Skipped 40 frames!  The application may be doing too much work on its main thread.
2026-03-18 14:26:55.521 23793-23793 Quality                 com.devson.devsonplayer              I  Skipped: false 14 cost 248.82532 refreshRate 16735335 bit true processName com.devson.devsonplayer
2026-03-18 14:26:55.523 23793-23793 OplusBracketLog         com.devson.devsonplayer              E  [OplusViewMirrorManager] updateHostViewRootIfNeeded, not support android.view.ViewRootImpl@79dd3ef
2026-03-18 14:26:55.927 23793-23793 on.devsonplayer         com.devson.devsonplayer              I  hiddenapi: Accessing hidden method Landroid/os/SystemProperties;->addChangeCallback(Ljava/lang/Runnable;)V (runtime_flags=0, domain=platform, api=unsupported) from Landroidx/compose/ui/platform/AndroidComposeView$Companion; (domain=app, TargetSdkVersion=36) using reflection: allowed
2026-03-18 14:26:55.967 23793-23793 Vibrator                com.devson.devsonplayer              D  SystemVibrator Created
2026-03-18 14:26:56.237 23793-23793 BufferQueueConsumer     com.devson.devsonplayer              D  [](id:5cf100000000,api:0,p:-1,c:23793) connect: controlledByApp=false
2026-03-18 14:26:56.240 23793-23793 ExtensionsLoader        com.devson.devsonplayer              D  createInstance(64bit) : createExtendedFactory
2026-03-18 14:26:56.240 23793-23793 ExtensionsLoader        com.devson.devsonplayer              D  Opened libSchedAssistExtImpl.so
2026-03-18 14:26:56.250 23793-23793 ZoomWindowDecorView     com.devson.devsonplayer              V  setLastReportedMergedConfiguration mZoomDisplayHeight: 1600 getDecorView.217147236
2026-03-18 14:26:56.263 23793-23986 libMEOW                 com.devson.devsonplayer              D  meow new tls: 0xb400007c87376880
2026-03-18 14:26:56.263 23793-23986 libMEOW                 com.devson.devsonplayer              D  applied 1 plugins for [com.devson.devsonplayer]:
2026-03-18 14:26:56.263 23793-23986 libMEOW                 com.devson.devsonplayer              D    plugin 1: [libMEOW_gift.so]: 0xb400007c84296000
2026-03-18 14:26:56.263 23793-23986 libMEOW                 com.devson.devsonplayer              D  rebuild call chain: 0xb400007c21026540
2026-03-18 14:26:56.276 23793-23793 VRI[MainActivity]       com.devson.devsonplayer              D  registerCallbacksForSync syncBuffer=false
2026-03-18 14:26:56.319 23793-23986 OpenGLRenderer          com.devson.devsonplayer              E  Device claims wide gamut support, cannot find matching config, error = EGL_SUCCESS
2026-03-18 14:26:56.320 23793-23986 OpenGLRenderer          com.devson.devsonplayer              W  Failed to initialize 101010-2 format, error = EGL_SUCCESS
2026-03-18 14:26:56.323 23793-23986 skia                    com.devson.devsonplayer              D  GrGLMakeAssembledInterface verStr OpenGL ES 3.2 v1.r32p1-01eac0.2a893c04ca0026c2e6802dbe7d7af5c5
2026-03-18 14:26:56.324 23793-23986 skia                    com.devson.devsonplayer              D  GrGLMakeAssembledGLESInterface verStr OpenGL ES 3.2 v1.r32p1-01eac0.2a893c04ca0026c2e6802dbe7d7af5c5
2026-03-18 14:26:56.324 23793-23986 skia                    com.devson.devsonplayer              D  extensions init verString=OpenGL ES 3.2 v1.r32p1-01eac0.2a893c04ca0026c2e6802dbe7d7af5c5
2026-03-18 14:26:56.344 23793-23986 Quality                 com.devson.devsonplayer              I  ActivityThread: setSurface delay 92 com.devson.devsonplayer 23793
2026-03-18 14:26:56.383 23793-23986 hw-ProcessState         com.devson.devsonplayer              D  Binder ioctl to enable oneway spam detection failed: Invalid argument
2026-03-18 14:26:56.403 23793-23986 mali                    com.devson.devsonplayer              I  [DebugProp] GPU Debug-Mechanism Disable !
2026-03-18 14:26:56.756 23793-23986 BLASTBufferQueue        com.devson.devsonplayer              D  [VRI[MainActivity]#0](f:0,a:1) acquireNextBufferLocked size=720x1600 mFrameNumber=1 applyTransaction=true mTimestamp=23550404271788(auto) mPendingTransactions.size=0 graphicBufferId=102190156873728 transform=0
2026-03-18 14:26:56.756 23793-23986 VRI[MainActivity]       com.devson.devsonplayer              D  Received frameCommittedCallback lastAttemptedDrawFrameNum=1 didProduceBuffer=true syncBuffer=false
2026-03-18 14:26:56.760 23793-23986 Parcel                  com.devson.devsonplayer              W  Expecting binder but got null!
2026-03-18 14:26:56.761 23793-23793 VRI[MainActivity]       com.devson.devsonplayer              D  draw finished.
2026-03-18 14:26:56.769 23793-23793 DynamicFra...igManager] com.devson.devsonplayer              I  initFrameRateConfig: 
                                                                                                    	levels: [120, 60, 40, 30]
                                                                                                    	thresholds: [400, 80, 30]
                                                                                                    	scrollbar fade frame rate: 0
2026-03-18 14:26:56.769 23793-23793 DynamicFra...igManager] com.devson.devsonplayer              I  FRTCConfigManager: FRTC_CAPABILITY = 120, package name = com.devson.devsonplayer, PACKAGE_ENABLE = false
2026-03-18 14:26:56.770 23793-23793 DynamicFra...ontroller] com.devson.devsonplayer              I  init info: mPackageName = com.devson.devsonplayer, mIsEnabled = false
2026-03-18 14:26:56.771 23793-23793 Quality                 com.devson.devsonplayer              I  ActivityThread: doFrame delay 1250 com.devson.devsonplayer 23793
2026-03-18 14:26:56.783 23793-23817 OpenGLRenderer          com.devson.devsonplayer              I  Davey! duration=1905ms; Flags=1, FrameTimelineVsyncId=6471819, IntendedVsync=23548500864633, Vsync=23549170278033, InputEventId=0, HandleInputStart=23549172977326, AnimationStart=23549172997711, PerformTraversalsStart=23549173332095, DrawStart=23549996423480, FrameDeadline=23548520864633, FrameInterval=23549171921711, FrameStartTime=16735335, SyncQueued=23550013548403, SyncStart=23550014643557, IssueDrawCommandsStart=23550016786864, SwapBuffers=23550400303557, FrameCompleted=23550407677711, DequeueBufferDuration=11518769, QueueBufferDuration=3024539, GpuCompleted=23550404112711, SwapBuffersCompleted=23550407677711, DisplayPresentTime=0, CommandSubmissionCompleted=23550400303557, 
2026-03-18 14:26:56.798 23793-23829 Quality                 com.devson.devsonplayer              I  Blocked msg = Package name: com.devson.devsonplayer [ schedGroup: 5 schedPolicy: 1073741824 ] process the message: { when=-1s921ms what=0 target=android.view.Choreographer$FrameHandler callback=android.view.Choreographer$FrameDisplayEventReceiver } took 1250 ms
2026-03-18 14:26:56.873 23793-23793 VRI[MainActivity]       com.devson.devsonplayer              D  onFocusEvent true
2026-03-18 14:26:56.880 23793-23793 Quality                 com.devson.devsonplayer              I  Skipped: false 5 cost 96.47545 refreshRate 16729064 bit true processName com.devson.devsonplayer
2026-03-18 14:26:56.882 23793-23793 VRI[MainActivity]       com.devson.devsonplayer              D  registerCallbacksForSync syncBuffer=false
2026-03-18 14:26:56.882 23793-23986 VRI[MainActivity]       com.devson.devsonplayer              D  Received frameCommittedCallback lastAttemptedDrawFrameNum=2 didProduceBuffer=false syncBuffer=false
2026-03-18 14:26:56.883 23793-23793 VRI[MainActivity]       com.devson.devsonplayer              D  draw finished.
2026-03-18 14:26:56.946 23793-23793 VRI[MainActivity]       com.devson.devsonplayer              D  onFocusEvent false
2026-03-18 14:26:57.727  1675-1779  VerityUtils             system_server                        E  Failed to measure fs-verity, errno 1: /data/app/~~ucvu5-IdeEsjVSd9AzUjfg==/com.devson.devsonplayer-5yr-SkflaICgo_b8eLhQdw==/base.apk
2026-03-18 14:26:57.950 23793-23793 OplusScrollToTopManager com.devson.devsonplayer              D  com.devson.devsonplayer/com.devson.devsonplayer.MainActivity,This DecorView@cf16764[MainActivity] change focus to false
2026-03-18 14:26:58.679  1675-1729  OplusThermalStats       system_server                        E  Error getting package info: com.devson.devsonplayer
2026-03-18 14:26:58.685 23793-23793 Compatibil...geReporter com.devson.devsonplayer              D  Compat change id reported: 78294732; UID 10469; state: ENABLED
2026-03-18 14:26:58.751 23793-23807 on.devsonplayer         com.devson.devsonplayer              I  Compiler allocated 4797KB to compile void android.view.ViewRootImpl.performTraversals()
2026-03-18 14:26:59.201 23793-23793 Quality                 com.devson.devsonplayer              I  ActivityThread: doFrame delay 503 com.devson.devsonplayer 23793
2026-03-18 14:26:59.201 23793-23793 VRI[MainActivity]       com.devson.devsonplayer              D  onFocusEvent true
2026-03-18 14:26:59.262 23793-23793 Quality                 com.devson.devsonplayer              I  Skipped: false 18 cost 306.70218 refreshRate 16747315 bit true processName com.devson.devsonplayer
2026-03-18 14:26:59.594 23793-23793 Quality                 com.devson.devsonplayer              I  Skipped: true 1 cost 21.283628 refreshRate 16679435 bit true processName com.devson.devsonplayer
2026-03-18 14:26:59.868 23793-23793 Quality                 com.devson.devsonplayer              I  Skipped: true 14 cost 245.15549 refreshRate 16696536 bit true processName com.devson.devsonplayer
2026-03-18 14:27:00.300 23793-23793 Quality                 com.devson.devsonplayer              I  Skipped: false 25 cost 426.34415 refreshRate 16687034 bit true processName com.devson.devsonplayer
2026-03-18 14:27:00.308 23793-23793 OplusScrollToTopManager com.devson.devsonplayer              D  com.devson.devsonplayer/com.devson.devsonplayer.MainActivity,This DecorView@cf16764[MainActivity] change focus to true
2026-03-18 14:27:00.968 23793-23793 OplusInput...erInternal com.devson.devsonplayer              D  get inputMethodManager extension: com.android.internal.view.IInputMethodManager$Stub$Proxy@e5ac7a
2026-03-18 14:27:01.029 23793-23793 Quality                 com.devson.devsonplayer              I  Skipped: false 3 cost 53.910767 refreshRate 16691383 bit true processName com.devson.devsonplayer
2026-03-18 14:27:01.053 23793-23793 OnBackInvokedCallback   com.devson.devsonplayer              W  OnBackInvokedCallback is not enabled for the application.
                                                                                                    Set 'android:enableOnBackInvokedCallback="true"' in the application manifest.
2026-03-18 14:27:01.680 23793-23793 Quality                 com.devson.devsonplayer              I  ActivityThread: doFrame delay 651 com.devson.devsonplayer 23793
2026-03-18 14:27:01.688 23793-24835 ProfileInstaller        com.devson.devsonplayer              D  Installing profile for com.devson.devsonplayer
2026-03-18 14:27:01.693 23793-23793 Choreographer           com.devson.devsonplayer              I  Skipped 38 frames!  The application may be doing too much work on its main thread.
2026-03-18 14:27:01.693 23793-23793 Quality                 com.devson.devsonplayer              I  Skipped: false 38 cost 634.42084 refreshRate 16692452 bit true processName com.devson.devsonplayer
2026-03-18 14:27:01.700 23793-23818 OpenGLRenderer          com.devson.devsonplayer              I  Davey! duration=717ms; Flags=0, FrameTimelineVsyncId=6478805, IntendedVsync=23554626686560, Vsync=23554676760709, InputEventId=149891360, HandleInputStart=23554680725403, AnimationStart=23554680847172, PerformTraversalsStart=23554747896172, DrawStart=23554748124403, FrameDeadline=23554646686560, FrameInterval=23554680597326, FrameStartTime=16691383, SyncQueued=23555331269403, SyncStart=23555331377096, IssueDrawCommandsStart=23555331636711, SwapBuffers=23555338067249, FrameCompleted=23555343936096, DequeueBufferDuration=47615, QueueBufferDuration=695462, GpuCompleted=23555343936096, SwapBuffersCompleted=23555342198865, DisplayPresentTime=0, CommandSubmissionCompleted=23555338067249, 
2026-03-18 14:27:02.184 23793-23793 on.devsonplayer         com.devson.devsonplayer              I  hiddenapi: Accessing hidden method Landroid/view/ViewTreeObserver;->dispatchOnScrollChanged()V (runtime_flags=0, domain=platform, api=unsupported) from Landroidx/compose/ui/platform/AndroidComposeView$Companion; (domain=app, TargetSdkVersion=36) using reflection: allowed
2026-03-18 14:27:02.283 23793-23793 ScrollIdentify          com.devson.devsonplayer              I  on fling
2026-03-18 14:27:02.285 23793-23793 Quality                 com.devson.devsonplayer              I  Skipped: true 4 cost 73.70791 refreshRate 16699726 bit true processName com.devson.devsonplayer
2026-03-18 14:27:02.431 23793-23793 Quality                 com.devson.devsonplayer              I  Skipped: true 6 cost 102.633995 refreshRate 16699854 bit true processName com.devson.devsonplayer
2026-03-18 14:27:02.448 23793-23983 libPerfCtl              com.devson.devsonplayer              I  fbcNotifySbeRescue ret=-1
2026-03-18 14:27:03.126 23793-23983 libPerfCtl              com.devson.devsonplayer              I  fbcNotifySbeRescue ret=-1
2026-03-18 14:27:03.126 23793-23793 Quality                 com.devson.devsonplayer              I  ActivityThread: doFrame delay 695 com.devson.devsonplayer 23793
2026-03-18 14:27:03.135 23793-23983 libPerfCtl              com.devson.devsonplayer              I  fbcNotifySbeRescue ret=-1
2026-03-18 14:27:03.137 23793-23826 OpenGLRenderer          com.devson.devsonplayer              I  Davey! duration=802ms; Flags=0, FrameTimelineVsyncId=6480016, IntendedVsync=23555980010103, Vsync=23556080209227, InputEventId=0, HandleInputStart=23556082957326, AnimationStart=23556082962942, PerformTraversalsStart=23556708325019, DrawStart=23556708620711, FrameDeadline=23556016709957, FrameInterval=23556082644096, FrameStartTime=16699854, SyncQueued=23556776297019, SyncStart=23556776429019, IssueDrawCommandsStart=23556776696173, SwapBuffers=23556780636480, FrameCompleted=23556783091557, DequeueBufferDuration=75308, QueueBufferDuration=466231, GpuCompleted=23556783091557, SwapBuffersCompleted=23556781754019, DisplayPresentTime=0, CommandSubmissionCompleted=23556780636480, 
2026-03-18 14:27:03.164 23793-23793 ScrollIdentify          com.devson.devsonplayer              I  on fling
2026-03-18 14:27:03.182 23793-23793 ScrollIdentify          com.devson.devsonplayer              I  on fling
2026-03-18 14:27:03.484 23793-23793 ScrollIdentify          com.devson.devsonplayer              I  on fling
2026-03-18 14:27:03.504 23793-23793 Choreographer           com.devson.devsonplayer              I  Skipped 63 frames!  The application may be doing too much work on its main thread.
2026-03-18 14:27:03.504 23793-23793 Quality                 com.devson.devsonplayer              I  Skipped: false 63 cost 1058.8452 refreshRate 16699854 bit true processName com.devson.devsonplayer
2026-03-18 14:27:03.602 23793-23983 libPerfCtl              com.devson.devsonplayer              I  fbcNotifySbeRescue ret=-1
2026-03-18 14:27:03.611 23793-23983 libPerfCtl              com.devson.devsonplayer              I  fbcNotifySbeRescue ret=-1
2026-03-18 14:27:03.616 23793-23793 Quality                 com.devson.devsonplayer              I  Skipped: false 2 cost 34.417316 refreshRate 16702882 bit true processName com.devson.devsonplayer
2026-03-18 14:27:03.622 23793-23826 OpenGLRenderer          com.devson.devsonplayer              I  Davey! duration=1163ms; Flags=0, FrameTimelineVsyncId=6480121, IntendedVsync=23556096909081, Vsync=23557148999883, InputEventId=31754767, HandleInputStart=23557156252403, AnimationStart=23557156255557, PerformTraversalsStart=23557225522634, DrawStart=23557225690634, FrameDeadline=23556133608935, FrameInterval=23557155754250, FrameStartTime=16699854, SyncQueued=23557252873942, SyncStart=23557252993634, IssueDrawCommandsStart=23557253244788, SwapBuffers=23557258320711, FrameCompleted=23557261007557, DequeueBufferDuration=96000, QueueBufferDuration=474385, GpuCompleted=23557261007557, SwapBuffersCompleted=23557260087557, DisplayPresentTime=0, CommandSubmissionCompleted=23557258320711, 
2026-03-18 14:27:03.745 23793-23808 on.devsonplayer         com.devson.devsonplayer              I  Background concurrent copying GC freed 6989KB AllocSpace bytes, 0(0B) LOS objects, 64% free, 6800KB/18MB, paused 1.931ms,60us total 504.450ms
2026-03-18 14:27:03.782  3410-3851  Battery                 com.oplus.battery                    E  AppStats: Uid = 10468; pkgName = com.devson.devsonplayer; CpuFgTime = 0 ms; CpuBgTime = 11041 ms.
2026-03-18 14:27:03.782  3410-3851  Battery                 com.oplus.battery                    E  AppStats: Uid = 10468; pkgName = com.devson.devsonplayer; CpuKernelFgTime = 0 ms; CpuKernelBgTime = 1195 ms.
2026-03-18 14:27:03.783  3410-3851  Battery                 com.oplus.battery                    E  AppStats: Uid = 10468; pkgName = com.devson.devsonplayer; CpuUserFgTime = 0 ms ; CpuUserBgTime = 9846 ms.
2026-03-18 14:27:03.783  3410-3851  Battery                 com.oplus.battery                    E  AppStats: Uid = 10468; pkgName = com.devson.devsonplayer; CpuFgPower = 0.0 mAh.; CpuBgPower = 0.5929119444444444 mAh.
2026-03-18 14:27:03.785  3410-3851  Battery                 com.oplus.battery                    E  AppStats: Uid = 10468; pkgName = com.devson.devsonplayer; AlarmFgWakeupCount = 0; AlarmBgWakeupCount = 0
2026-03-18 14:27:03.785  3410-3851  Battery                 com.oplus.battery                    E  AppStats: Uid = 10468; pkgName = com.devson.devsonplayer; JobFgCount = 0; JobBgCount = 0; JobFgTime = 0; JobBgTime = 0
2026-03-18 14:27:03.786  3410-3851  Battery                 com.oplus.battery                    E  AppStats: Uid = 10468; pkgName = com.devson.devsonplayer; SyncFgCount = 0; SyncBgCount = 0; SyncFgTime = 0; SyncBgTime = 0
2026-03-18 14:27:03.787  3410-3851  Battery                 com.oplus.battery                    E  AppStats: Uid = 10468; pkgName = com.devson.devsonplayer; WakeLockFgTime = 0 ms; WakeLockFgPower = 0.0 mAh.; WakeLockBgTime = 0 ms; WakeLockBgPower = 0.0 mAh.
2026-03-18 14:27:03.788  3410-3851  Battery                 com.oplus.battery                    E  AppStats: Uid = 10468; pkgName = com.devson.devsonplayer; ScreenFgTime = 190674 ms; ScreenFgPower = 4.24196685 mAh.
2026-03-18 14:27:03.788  3410-3851  Battery                 com.oplus.battery                    E  AppStats: Uid = 10468; pkgName = com.devson.devsonplayer; FgWifiRxBytes = 0 Bytes; BgWifiRxBytes = 0 Bytes; FgWifiTxBytes = 0 Bytes; BgWifiTxBytes = 0 Bytes; FgWifiRxPackets = 0 ; BgWifiRxPackets = 0 ; FgWifiTxPackets = 0 ; BgWifiTxPackets = 0 ; FgWiFiScanTimeMs = 0 ; BgWiFiScanTimeMs = 0 ; FgWiFiBatchScanTimeMs = 0 ; BgWiFiBatchScanTimeMs = 0 
2026-03-18 14:27:03.788  3410-3851  Battery                 com.oplus.battery                    E  AppStats: Uid = 10468; pkgName = com.devson.devsonplayer; FgWifiRxPacketsPower = 0.0 mAh; BgWifiRxPacketsPower = 0.0 mAh; FgWifiTxPacketsPower = 0.0 mAh; BgWifiTxPacketsPower = 0.0 mAh; FgWifiScanPower = 0.0 mAh; BgWifiScanPower = 0.0 mAh; FgWifiBatchScanPower = 0.0 mAh; BgWifiBatchScanPower = 0.0 mAh; FgWiFiTotalPower = 0.0 mAh; BgWiFiTotalPower = 0.0 mAh.
2026-03-18 14:27:03.788  3410-3851  Battery                 com.oplus.battery                    E  AppStats: Uid = 10468; pkgName = com.devson.devsonplayer; FgMobileRxBytes = 0 Bytes; BgMobileRxBytes = 83216854286 Bytes; FgMobileTxBytes = 0 Bytes; BgMobileTxBytes = 7032512506 Bytes; FgMobileRxPackets = 0 ; BgMobileRxPackets = 73403676 ; FgMobileTxPackets = 0 ; BgMobileTxPackets = 17595048 ; FgMobileActiveCount = 0 ; BgMobileActiveCount = 0 ; FgMobileActiveTime = 0 ; BgMobileActiveTime = 0 
2026-03-18 14:27:03.788  3410-3851  Battery                 com.oplus.battery                    E  AppStats: Uid = 10468; pkgName = com.devson.devsonplayer; FgMobileRxPacketsPower = 0.0 mAh; BgMobileRxPacketsPower = 88.85288425244444 mAh; FgMobileTxPacketsPower = 0.0 mAh; BgMobileTxPacketsPower = 21.298262546962963 mAh; FgMobileTotalPower = 55.0755733997037 mAh; BgMobileTotalPower = 55.0755733997037 mAh.
2026-03-18 14:27:03.788  3410-3851  Battery                 com.oplus.battery                    E  AppStats: Uid = 10468; pkgName = com.devson.devsonplayer; FgGpsTime = 0 ms; BgGpsTime = 0 ms.
2026-03-18 14:27:03.788  3410-3851  Battery                 com.oplus.battery                    E  AppStats: Uid = 10468; pkgName = com.devson.devsonplayer; FgGpsPower = 0.0 mAh; BgGpsPower = 0.0 mAh.
2026-03-18 14:27:03.788  3410-3851  Battery                 com.oplus.battery                    E  AppStats: Uid = 10468; pkgName = com.devson.devsonplayer; FgSensorTime = 0 ms; BgSensorTime = 0 ms.
2026-03-18 14:27:03.788  3410-3851  Battery                 com.oplus.battery                    E  AppStats: Uid = 10468; pkgName = com.devson.devsonplayer; FgSensorPower = 0.0 mAh; BgSensorPower = 0.0 mAh.
2026-03-18 14:27:03.788  3410-3851  Battery                 com.oplus.battery                    E  AppStats: Uid = 10468; pkgName = com.devson.devsonplayer; FgCameraTime = 0 ms; BgCameraTime = 0 ms
2026-03-18 14:27:03.788  3410-3851  Battery                 com.oplus.battery                    E  AppStats: Uid = 10468; pkgName = com.devson.devsonplayer; FgCameraPower = 0.0 mAh; BgCameraPower = 0.0 mAh
2026-03-18 14:27:03.788  3410-3851  Battery                 com.oplus.battery                    E  AppStats: Uid = 10468; pkgName = com.devson.devsonplayer; FgFlashLightTime = 0 ms; BgFlashLightTime = 0 ms
2026-03-18 14:27:03.788  3410-3851  Battery                 com.oplus.battery                    E  AppStats: Uid = 10468; pkgName = com.devson.devsonplayer; FgFlashLightPower = 0.0 mAh; BgFlashLightPower = 0.0 mAh
2026-03-18 14:27:04.020 23793-23983 libPerfCtl              com.devson.devsonplayer              I  fbcNotifySbeRescue ret=-1
2026-03-18 14:27:04.041 23793-23793 ScrollIdentify          com.devson.devsonplayer              I  on fling
2026-03-18 14:27:04.057 23793-23983 libPerfCtl              com.devson.devsonplayer              I  fbcNotifySbeRescue ret=-1
2026-03-18 14:27:04.139 23793-23793 ScrollIdentify          com.devson.devsonplayer              I  on fling
2026-03-18 14:27:04.155 23793-23793 Choreographer           com.devson.devsonplayer              I  Skipped 31 frames!  The application may be doing too much work on its main thread.
2026-03-18 14:27:04.155 23793-23793 Quality                 com.devson.devsonplayer              I  Skipped: false 31 cost 523.4003 refreshRate 16703128 bit true processName com.devson.devsonplayer
2026-03-18 14:27:04.247 23793-23983 libPerfCtl              com.devson.devsonplayer              I  fbcNotifySbeRescue ret=-1
2026-03-18 14:27:04.256 23793-23983 libPerfCtl              com.devson.devsonplayer              I  fbcNotifySbeRescue ret=-1
2026-03-18 14:27:04.282 23793-23793 Quality                 com.devson.devsonplayer              I  Skipped: false 2 cost 48.820656 refreshRate 16703760 bit true processName com.devson.devsonplayer
2026-03-18 14:27:04.512 23793-23983 libPerfCtl              com.devson.devsonplayer              I  fbcNotifySbeRescue ret=-1
2026-03-18 14:27:04.521 23793-23983 libPerfCtl              com.devson.devsonplayer              I  fbcNotifySbeRescue ret=-1
2026-03-18 14:27:04.532 23793-23793 ScrollIdentify          com.devson.devsonplayer              I  on fling
2026-03-18 14:27:04.649 23793-23793 Quality                 com.devson.devsonplayer              I  Skipped: false 20 cost 349.4946 refreshRate 16703157 bit true processName com.devson.devsonplayer
2026-03-18 14:27:04.672 23793-23983 libPerfCtl              com.devson.devsonplayer              I  fbcNotifySbeRescue ret=-1
2026-03-18 14:27:04.697 23793-23983 libPerfCtl              com.devson.devsonplayer              I  fbcNotifySbeRescue ret=-1
2026-03-18 14:27:04.698 23793-23793 Quality                 com.devson.devsonplayer              I  Skipped: false 1 cost 31.002087 refreshRate 16702808 bit true processName com.devson.devsonplayer
2026-03-18 14:27:04.703 23793-23983 libPerfCtl              com.devson.devsonplayer              I  fbcNotifySbeRescue ret=-1
2026-03-18 14:27:04.711 23793-23983 libPerfCtl              com.devson.devsonplayer              I  fbcNotifySbeRescue ret=-1
2026-03-18 14:27:04.740 23793-23983 libPerfCtl              com.devson.devsonplayer              I  fbcNotifySbeRescue ret=-1
2026-03-18 14:27:04.748 23793-23983 libPerfCtl              com.devson.devsonplayer              I  fbcNotifySbeRescue ret=-1
2026-03-18 14:27:04.802 23793-23793 ScrollIdentify          com.devson.devsonplayer              I  on fling
2026-03-18 14:27:04.803 23793-23793 Quality                 com.devson.devsonplayer              I  Skipped: false 4 cost 69.200424 refreshRate 16702355 bit true processName com.devson.devsonplayer
2026-03-18 14:27:04.902 23793-23983 libPerfCtl              com.devson.devsonplayer              I  fbcNotifySbeRescue ret=-1
2026-03-18 14:27:04.904 23793-23793 Quality                 com.devson.devsonplayer              I  Skipped: false 1 cost 20.243176 refreshRate 16701856 bit true processName com.devson.devsonplayer
2026-03-18 14:27:04.910 23793-23983 libPerfCtl              com.devson.devsonplayer              I  fbcNotifySbeRescue ret=-1
2026-03-18 14:27:05.103 23793-23983 libPerfCtl              com.devson.devsonplayer              I  fbcNotifySbeRescue ret=-1
2026-03-18 14:27:05.111 23793-23983 libPerfCtl              com.devson.devsonplayer              I  fbcNotifySbeRescue ret=-1
2026-03-18 14:27:05.146 23793-23793 ScrollIdentify          com.devson.devsonplayer              I  on fling
2026-03-18 14:27:05.396 23793-23793 Quality                 com.devson.devsonplayer              I  Skipped: false 28 cost 478.10385 refreshRate 16701856 bit true processName com.devson.devsonplayer
2026-03-18 14:27:05.548 23793-23983 libPerfCtl              com.devson.devsonplayer              I  fbcNotifySbeRescue ret=-1
2026-03-18 14:27:05.556 23793-23793 ScrollIdentify          com.devson.devsonplayer              I  on fling
2026-03-18 14:27:05.570 23793-23793 Quality                 com.devson.devsonplayer              I  Skipped: false 9 cost 151.20778 refreshRate 16701560 bit true processName com.devson.devsonplayer
2026-03-18 14:27:05.603 23793-23793 Quality                 com.devson.devsonplayer              I  Skipped: false 1 cost 17.025251 refreshRate 16701358 bit true processName com.devson.devsonplayer
2026-03-18 14:27:05.603 23793-23983 libPerfCtl              com.devson.devsonplayer              I  fbcNotifySbeRescue ret=-1
2026-03-18 14:27:05.677 23793-23983 libPerfCtl              com.devson.devsonplayer              I  fbcNotifySbeRescue ret=-1
2026-03-18 14:27:05.693 23793-23983 libPerfCtl              com.devson.devsonplayer              I  fbcNotifySbeRescue ret=-1
2026-03-18 14:27:05.694 23793-23793 Quality                 com.devson.devsonplayer              I  Skipped: false 4 cost 75.49545 refreshRate 16700682 bit true processName com.devson.devsonplayer
2026-03-18 14:27:05.774 23793-23983 libPerfCtl              com.devson.devsonplayer              I  fbcNotifySbeRescue ret=-1
2026-03-18 14:27:05.784 23793-23793 ScrollIdentify          com.devson.devsonplayer              I  on fling
2026-03-18 14:27:05.790 23793-23793 Quality                 com.devson.devsonplayer              I  Skipped: false 4 cost 71.147385 refreshRate 16700000 bit true processName com.devson.devsonplayer
2026-03-18 14:27:05.792 23793-23983 libPerfCtl              com.devson.devsonplayer              I  fbcNotifySbeRescue ret=-1
2026-03-18 14:27:05.810 23793-23983 libPerfCtl              com.devson.devsonplayer              I  fbcNotifySbeRescue ret=-1
2026-03-18 14:27:05.828 23793-23983 libPerfCtl              com.devson.devsonplayer              I  fbcNotifySbeRescue ret=-1
2026-03-18 14:27:05.894 23793-23983 libPerfCtl              com.devson.devsonplayer              I  fbcNotifySbeRescue ret=-1
2026-03-18 14:27:05.902 23793-23983 libPerfCtl              com.devson.devsonplayer              I  fbcNotifySbeRescue ret=-1
2026-03-18 14:27:05.902 23793-23793 Quality                 com.devson.devsonplayer              I  Skipped: false 3 cost 66.52994 refreshRate 16699999 bit true processName com.devson.devsonplayer
2026-03-18 14:27:06.049 23793-23983 libPerfCtl              com.devson.devsonplayer              I  fbcNotifySbeRescue ret=-1
2026-03-18 14:27:06.058 23793-23983 libPerfCtl              com.devson.devsonplayer              I  fbcNotifySbeRescue ret=-1
2026-03-18 14:27:06.069 23793-23793 ScrollIdentify          com.devson.devsonplayer              I  on fling
2026-03-18 14:27:06.145 23793-23793 Quality                 com.devson.devsonplayer              I  Skipped: false 13 cost 225.78014 refreshRate 16699315 bit true processName com.devson.devsonplayer
2026-03-18 14:27:06.164 23793-23983 libPerfCtl              com.devson.devsonplayer              I  fbcNotifySbeRescue ret=-1
2026-03-18 14:27:06.172 23793-23983 libPerfCtl              com.devson.devsonplayer              I  fbcNotifySbeRescue ret=-1
2026-03-18 14:27:06.181 23793-23983 libPerfCtl              com.devson.devsonplayer              I  fbcNotifySbeRescue ret=-1
2026-03-18 14:27:06.190 23793-23983 libPerfCtl              com.devson.devsonplayer              I  fbcNotifySbeRescue ret=-1
2026-03-18 14:27:06.190 23793-23793 Quality                 com.devson.devsonplayer              I  Skipped: false 1 cost 20.159904 refreshRate 16698558 bit true processName com.devson.devsonplayer
2026-03-18 14:27:06.260 23793-23983 libPerfCtl              com.devson.devsonplayer              I  fbcNotifySbeRescue ret=-1
2026-03-18 14:27:06.269 23793-23983 libPerfCtl              com.devson.devsonplayer              I  fbcNotifySbeRescue ret=-1
2026-03-18 14:27:06.281 23793-23793 Quality                 com.devson.devsonplayer              I  Skipped: false 4 cost 77.47521 refreshRate 16697807 bit true processName com.devson.devsonplayer
2026-03-18 14:27:06.301 23793-23983 libPerfCtl              com.devson.devsonplayer              I  fbcNotifySbeRescue ret=-1
2026-03-18 14:27:06.312 23793-23983 libPerfCtl              com.devson.devsonplayer              I  fbcNotifySbeRescue ret=-1
2026-03-18 14:27:06.431 23793-23983 libPerfCtl              com.devson.devsonplayer              I  fbcNotifySbeRescue ret=-1
2026-03-18 14:27:06.439 23793-23983 libPerfCtl              com.devson.devsonplayer              I  fbcNotifySbeRescue ret=-1
2026-03-18 14:27:06.440 23793-23793 ScrollIdentify          com.devson.devsonplayer              I  on fling
2026-03-18 14:27:06.446 23793-23793 Quality                 com.devson.devsonplayer              I  Skipped: false 7 cost 125.68066 refreshRate 16699191 bit true processName com.devson.devsonplayer
2026-03-18 14:27:06.464 23793-23983 libPerfCtl              com.devson.devsonplayer              I  fbcNotifySbeRescue ret=-1
2026-03-18 14:27:06.480 23793-23983 libPerfCtl              com.devson.devsonplayer              I  fbcNotifySbeRescue ret=-1
2026-03-18 14:27:06.515 23793-23793 Quality                 com.devson.devsonplayer              I  Skipped: false 2 cost 44.861984 refreshRate 16698711 bit true processName com.devson.devsonplayer
2026-03-18 14:27:06.653 23793-23983 libPerfCtl              com.devson.devsonplayer              I  fbcNotifySbeRescue ret=-1
2026-03-18 14:27:06.661 23793-23983 libPerfCtl              com.devson.devsonplayer              I  fbcNotifySbeRescue ret=-1
2026-03-18 14:27:06.668 23793-23793 Quality                 com.devson.devsonplayer              I  Skipped: false 8 cost 147.57938 refreshRate 16701506 bit true processName com.devson.devsonplayer
2026-03-18 14:27:06.691 23793-23983 libPerfCtl              com.devson.devsonplayer              I  fbcNotifySbeRescue ret=-1
2026-03-18 14:27:06.700 23793-23983 libPerfCtl              com.devson.devsonplayer              I  fbcNotifySbeRescue ret=-1
2026-03-18 14:27:06.708 23793-23793 Quality                 com.devson.devsonplayer              I  Skipped: false 1 cost 20.350163 refreshRate 16701517 bit true processName com.devson.devsonplayer
2026-03-18 14:27:06.720 23793-23793 ScrollIdentify          com.devson.devsonplayer              I  on fling
2026-03-18 14:27:06.942 23793-23983 libPerfCtl              com.devson.devsonplayer              I  fbcNotifySbeRescue ret=-1
2026-03-18 14:27:06.971 23793-23983 libPerfCtl              com.devson.devsonplayer              I  fbcNotifySbeRescue ret=-1
2026-03-18 14:27:06.972 23793-23793 Quality                 com.devson.devsonplayer              I  Skipped: false 15 cost 251.04512 refreshRate 16701247 bit true processName com.devson.devsonplayer
2026-03-18 14:27:07.006 23793-23983 libPerfCtl              com.devson.devsonplayer              I  fbcNotifySbeRescue ret=-1
2026-03-18 14:27:07.015 23793-23983 libPerfCtl              com.devson.devsonplayer              I  fbcNotifySbeRescue ret=-1
2026-03-18 14:27:07.020 23793-23793 ScrollIdentify          com.devson.devsonplayer              I  on fling
2026-03-18 14:27:07.021 23793-23793 Quality                 com.devson.devsonplayer              I  Skipped: true 1 cost 32.976273 refreshRate 16700937 bit true processName com.devson.devsonplayer
2026-03-18 14:27:07.031 23793-23793 Compatibil...geReporter com.devson.devsonplayer              D  Compat change id reported: 171228096; UID 10469; state: ENABLED
2026-03-18 14:27:07.059 23793-23983 libPerfCtl              com.devson.devsonplayer              I  fbcNotifySbeRescue ret=-1
2026-03-18 14:27:07.067 23793-23983 libPerfCtl              com.devson.devsonplayer              I  fbcNotifySbeRescue ret=-1
2026-03-18 14:27:07.072 23793-23793 Quality                 com.devson.devsonplayer              I  Skipped: true 1 cost 33.31346 refreshRate 16701683 bit true processName com.devson.devsonplayer
2026-03-18 14:27:07.195 23793-23983 libPerfCtl              com.devson.devsonplayer              I  fbcNotifySbeRescue ret=-1
2026-03-18 14:27:07.202 23793-23793 Quality                 com.devson.devsonplayer              I  Skipped: false 6 cost 113.95454 refreshRate 16701683 bit true processName com.devson.devsonplayer
2026-03-18 14:27:07.282 23793-23983 libPerfCtl              com.devson.devsonplayer              I  fbcNotifySbeRescue ret=-1
2026-03-18 14:27:07.291 23793-23983 libPerfCtl              com.devson.devsonplayer              I  fbcNotifySbeRescue ret=-1
2026-03-18 14:27:07.316 23793-23983 libPerfCtl              com.devson.devsonplayer              I  fbcNotifySbeRescue ret=-1
2026-03-18 14:27:07.316 23793-23793 ScrollIdentify          com.devson.devsonplayer              I  on fling
2026-03-18 14:27:07.327 23793-23983 libPerfCtl              com.devson.devsonplayer              I  fbcNotifySbeRescue ret=-1
2026-03-18 14:27:07.336 23793-23983 libPerfCtl              com.devson.devsonplayer              I  fbcNotifySbeRescue ret=-1
2026-03-18 14:27:07.341 23793-23983 libPerfCtl              com.devson.devsonplayer              I  fbcNotifySbeRescue ret=-1
2026-03-18 14:27:07.540 23793-23793 Quality                 com.devson.devsonplayer              I  Skipped: false 1 cost 17.401812 refreshRate 16731525 bit true processName com.devson.devsonplayer
2026-03-18 14:27:07.565 23793-23983 libPerfCtl              com.devson.devsonplayer              I  fbcNotifySbeRescue ret=-1
2026-03-18 14:27:07.575 23793-23983 libPerfCtl              com.devson.devsonplayer              I  fbcNotifySbeRescue ret=-1
2026-03-18 14:27:07.599 23793-23983 libPerfCtl              com.devson.devsonplayer              I  fbcNotifySbeRescue ret=-1
2026-03-18 14:27:07.605 23793-23983 libPerfCtl              com.devson.devsonplayer              I  fbcNotifySbeRescue ret=-1
2026-03-18 14:27:07.633 23793-23983 libPerfCtl              com.devson.devsonplayer              I  fbcNotifySbeRescue ret=-1
2026-03-18 14:27:07.638 23793-23793 ScrollIdentify          com.devson.devsonplayer              I  on fling
2026-03-18 14:27:07.648 23793-23983 libPerfCtl              com.devson.devsonplayer              I  fbcNotifySbeRescue ret=-1
2026-03-18 14:27:08.229 23793-23983 libPerfCtl              com.devson.devsonplayer              I  fbcNotifySbeRescue ret=-1
2026-03-18 14:27:08.248 23793-23983 libPerfCtl              com.devson.devsonplayer              I  fbcNotifySbeRescue ret=-1
2026-03-18 14:27:08.249 23793-23793 OnBackInvokedCallback   com.devson.devsonplayer              W  OnBackInvokedCallback is not enabled for the application.
                                                                                                    Set 'android:enableOnBackInvokedCallback="true"' in the application manifest.
2026-03-18 14:27:08.257 23793-23983 libPerfCtl              com.devson.devsonplayer              I  fbcNotifySbeRescue ret=-1
2026-03-18 14:27:08.359 23793-23793 nativeloader            com.devson.devsonplayer              D  Load /data/app/~~ucvu5-IdeEsjVSd9AzUjfg==/com.devson.devsonplayer-5yr-SkflaICgo_b8eLhQdw==/base.apk!/lib/arm64-v8a/libdevson_player.so using class loader ns clns-4 (caller=/data/app/~~ucvu5-IdeEsjVSd9AzUjfg==/com.devson.devsonplayer-5yr-SkflaICgo_b8eLhQdw==/base.apk!classes5.dex): ok
2026-03-18 14:27:08.581 23793-23793 SurfaceView             com.devson.devsonplayer              I  166804879 onAttachedToWindow
2026-03-18 14:27:08.693 23793-23793 BufferQueueConsumer     com.devson.devsonplayer              D  [](id:5cf100000001,api:0,p:-1,c:23793) connect: controlledByApp=false
2026-03-18 14:27:08.695 23793-23793 SurfaceView             com.devson.devsonplayer              I  166804879 visibleChanged -- surfaceCreated 
2026-03-18 14:27:08.696 23793-23793 SurfaceView             com.devson.devsonplayer              I  166804879 surfaceChanged -- format=4 w=720 h=1600
2026-03-18 14:27:08.738 23793-23983 libPerfCtl              com.devson.devsonplayer              I  fbcNotifySbeRescue ret=-1
2026-03-18 14:27:08.783 23793-23793 Choreographer           com.devson.devsonplayer              I  Skipped 30 frames!  The application may be doing too much work on its main thread.
2026-03-18 14:27:08.784 23793-23793 Quality                 com.devson.devsonplayer              I  Skipped: false 30 cost 509.37186 refreshRate 16693209 bit true processName com.devson.devsonplayer
2026-03-18 14:27:08.885 23793-23793 Quality                 com.devson.devsonplayer              I  Skipped: false 5 cost 93.42526 refreshRate 16665329 bit true processName com.devson.devsonplayer
2026-03-18 14:27:09.091 23793-23793 Quality                 com.devson.devsonplayer              I  Skipped: true 11 cost 199.2096 refreshRate 16718367 bit true processName com.devson.devsonplayer
2026-03-18 14:27:09.124 23793-23793 Quality                 com.devson.devsonplayer              I  Skipped: false 1 cost 30.853985 refreshRate 16718367 bit true processName com.devson.devsonplayer
2026-03-18 14:27:09.255 23793-23793 Quality                 com.devson.devsonplayer              I  Skipped: false 6 cost 112.54394 refreshRate 16705504 bit true processName com.devson.devsonplayer
2026-03-18 14:27:10.926 23793-24381 DecoderSelector         com.devson.devsonplayer              I  selectDecoder: mime=video/hevc 1280x720 10bit
2026-03-18 14:27:10.927 23793-24381 DecoderSelector         com.devson.devsonplayer              I  HEVC video detected → Forcing SOFTWARE decoder by default
2026-03-18 14:27:11.034 23793-23793 ExoPlayerImpl           com.devson.devsonplayer              I  Init 997fc23 [AndroidXMedia3/1.5.1] [RED8AF, RMX3430, realme, 33]
2026-03-18 14:27:11.135 23793-23793 on.devsonplayer         com.devson.devsonplayer              I  hiddenapi: Accessing hidden method Landroid/media/AudioTrack;->getLatency()I (runtime_flags=0, domain=platform, api=unsupported) from Landroidx/media3/exoplayer/audio/AudioTrackPositionTracker; (domain=app, TargetSdkVersion=36) using reflection: allowed
2026-03-18 14:27:11.243 23793-24905 FFmpegDecoder           com.devson.devsonplayer              I  FFmpegDecoder created
2026-03-18 14:27:11.243 23793-24905 libMEOW                 com.devson.devsonplayer              D  meow new tls: 0xb400007c06f13380
2026-03-18 14:27:11.243 23793-24905 libMEOW                 com.devson.devsonplayer              D  applied 1 plugins for [com.devson.devsonplayer]:
2026-03-18 14:27:11.243 23793-24905 libMEOW                 com.devson.devsonplayer              D    plugin 1: [libMEOW_gift.so]: 0xb400007c84296000
2026-03-18 14:27:11.244 23793-24905 libMEOW                 com.devson.devsonplayer              D  rebuild call chain: 0xb400007c06f224c0
2026-03-18 14:27:11.245 23793-23793 Quality                 com.devson.devsonplayer              I  Skipped: true 18 cost 313.8714 refreshRate 16724412 bit true processName com.devson.devsonplayer
2026-03-18 14:27:11.257 23793-23793 SurfaceView             com.devson.devsonplayer              I  166804879 surfaceChanged -- format=4 w=720 h=405
2026-03-18 14:27:11.278 23793-24905 VideoRenderer           com.devson.devsonplayer              I  VideoRenderer initialised 1920x1080
2026-03-18 14:27:11.278 23793-24905 OboeAudio               com.devson.devsonplayer              I  openStream() OUTPUT -------- OboeVersion1.8.0 --------
2026-03-18 14:27:11.289 23793-24905 AAudio                  com.devson.devsonplayer              I  AAudioStreamBuilder_openStream() called ----------------------------------------
2026-03-18 14:27:11.289 23793-24905 AudioStreamBuilder      com.devson.devsonplayer              I  rate   =  44100, channels  = 2, channelMask = 0x80000003, format   = 1, sharing = SH, dir = OUTPUT
2026-03-18 14:27:11.290 23793-24905 AudioStreamBuilder      com.devson.devsonplayer              I  device =      0, sessionId = -1, perfMode = 12, callback: ON with frames = 0, error callback: ON
2026-03-18 14:27:11.290 23793-24905 AudioStreamBuilder      com.devson.devsonplayer              I  usage  =      1, contentType = 2, inputPreset = 6, allowedCapturePolicy = 0
2026-03-18 14:27:11.290 23793-24905 AudioStreamBuilder      com.devson.devsonplayer              I  privacy sensitive = false, opPackageName = (null), attributionTag = (null)
2026-03-18 14:27:11.296 23793-24905 on.devsonplayer         com.devson.devsonplayer              D  PlayerBase::PlayerBase()
2026-03-18 14:27:11.299 23793-24905 AudioStreamTrack        com.devson.devsonplayer              D  open(), request notificationFrames = -8, frameCount = 0
2026-03-18 14:27:11.301 23793-24905 AudioTrack              com.devson.devsonplayer              I  set(): type=audio,case=1,attributes=1,content_type=2,usage=1,source=0,flags=0x8000
2026-03-18 14:27:11.301 23793-24905 AudioTrackExtImpl       com.devson.devsonplayer              D  AudioTrackExtImpl init
2026-03-18 14:27:11.301 23793-24905 AudioTrack              com.devson.devsonplayer              D  set(): streamType -1, sampleRate 44100, format 0x1, channelMask 0x3, frameCount 0, flags #104, notificationFrames -8, sessionId 0, transferType 1, uid -1, pid -1
2026-03-18 14:27:11.301 23793-24905 AudioTrack              com.devson.devsonplayer              I  set(): 0xb400007be25c6c00, Create AudioTrackThread, tid = 25657
2026-03-18 14:27:11.301 23793-24905 ListServiceUtils        com.devson.devsonplayer              D  mListServiceUtils::init CallingPid 23793
2026-03-18 14:27:11.302 23793-24905 ListServiceUtils        com.devson.devsonplayer              D  mListServiceUtils::init this 0xb400007be2589900
2026-03-18 14:27:11.302 23793-24905 ListServiceUtils        com.devson.devsonplayer              V  checkInListByUid module:audio-choppy-boost uid:10469 cost 238us return 0
2026-03-18 14:27:11.302 23793-24905 AudioTrackExtImpl       com.devson.devsonplayer              D  setAudioBoostTid
2026-03-18 14:27:11.304 23793-24905 AudioTrackExtImpl       com.devson.devsonplayer              D  oplusDumpValue PID is 23793  Tid is 25657
2026-03-18 14:27:11.304 23793-24905 AudioTrackExtImpl       com.devson.devsonplayer              D  setAudioBoostTid
2026-03-18 14:27:11.306 23793-24905 AudioTrackExtImpl       com.devson.devsonplayer              D  oplusDumpValue PID is 23793  Tid is 24905
2026-03-18 14:27:11.306 23793-24905 AudioTrackExtImpl       com.devson.devsonplayer              D  oplusDumpValue PID is 23793  Tid is 25657
2026-03-18 14:27:11.332 23793-24905 AudioTrack              com.devson.devsonplayer              I  createTrack_l(435) on outputId(53) : 0xb400007be25c6c00, mCblk = 0x7d318fa000,  mLatency = 424, mAfLatency = 210, frameCount = 9450, mSampleRate = 44100, mFlags = 0, mReqFrameCount = 9450, mNotificationFramesAct = 882
2026-03-18 14:27:11.334 23793-24905 ListServiceUtils        com.devson.devsonplayer              V  checkInListByUid start module:change-futex-timeout uid:10469  time 23564985582us
2026-03-18 14:27:11.334 23793-24905 ListServiceUtils        com.devson.devsonplayer              V  checkInListByUid end module:change-futex-timeout uid:10469  time 23564985782us
2026-03-18 14:27:11.334 23793-24905 ListServiceUtils        com.devson.devsonplayer              D  checkInListByUid module:change-futex-timeout uid:10469 cost 199us return 0
2026-03-18 14:27:11.335 23793-24905 AudioTrack              com.devson.devsonplayer              D  setVolume(435) left 1.000 right 1.000 , callingPid 23793
2026-03-18 14:27:11.336 23793-24905 AudioStreamTrack        com.devson.devsonplayer              D  open() flags changed from 0x00000104 to 0x00000000
2026-03-18 14:27:11.336 23793-24905 AudioStreamTrack        com.devson.devsonplayer              D  open() perfMode changed from 12 to 10
2026-03-18 14:27:11.336 23793-24905 AAudioStream            com.devson.devsonplayer              D  setState(s#1) from 0 to 2
2026-03-18 14:27:11.338 23793-24905 AAudio                  com.devson.devsonplayer              I  AAudioStreamBuilder_openStream() returns 0 = AAUDIO_OK for s#1 ----------------
2026-03-18 14:27:11.338 23793-24905 AudioRenderer           com.devson.devsonplayer              I  Oboe stream opened: 44100Hz 2ch burst=882
2026-03-18 14:27:11.445 23793-24905 FFmpegDecoder           com.devson.devsonplayer              I  Streams: video=0  audio=1
2026-03-18 14:27:11.447 23793-24905 FFmpegDecoder           com.devson.devsonplayer              I  Video: hevc  0x1280  pix_fmt=yuv420p  profile=0  threads=4
2026-03-18 14:27:11.447 23793-24905 FFmpegDecoder           com.devson.devsonplayer              I  Already YUV420P — no SWS needed
2026-03-18 14:27:11.447 23793-24905 FFmpegDecoder           com.devson.devsonplayer              I  Audio: aac  0Hz  ch=2
2026-03-18 14:27:11.447 23793-24905 FFmpegDecoder           com.devson.devsonplayer              I  Decoder initialised: 0x1280  duration=5.00s  codec=hevc
2026-03-18 14:27:11.447 23793-24905 NativePlayer            com.devson.devsonplayer              I  NativePlayer init OK  handle=0xb400007bf73d4000
2026-03-18 14:27:11.590 23793-23793 Quality                 com.devson.devsonplayer              I  SlowBinder: com.devson.devsonplayer to android.app.IActivityClientController cost= 301 code= 26
2026-03-18 14:27:11.592 23793-23793 Quality                 com.devson.devsonplayer              I  Skipped: false 19 cost 326.8296 refreshRate 16724412 bit true processName com.devson.devsonplayer
2026-03-18 14:27:11.609 23793-23793 ViewRootImplExtImpl     com.devson.devsonplayer              D  onDisplayChanged 0 for VRI android.view.ViewRootImpl@79dd3ef
2026-03-18 14:27:11.670 23793-23793 ZoomWindowDecorView     com.devson.devsonplayer              V  setLastReportedMergedConfiguration mZoomDisplayHeight: 720 getDecorView.217147236
2026-03-18 14:27:11.675 23793-25185 AAudio                  com.devson.devsonplayer              D  AAudioStream_requestStart(s#1) called --------------
2026-03-18 14:27:11.675 23793-25185 AAudioStream            com.devson.devsonplayer              D  setState(s#1) from 2 to 3
2026-03-18 14:27:11.675 23793-25185 AudioTrack              com.devson.devsonplayer              D  start(435): prior state:STATE_STOPPED output 53 stream 3 session 3321
2026-03-18 14:27:11.712 23793-25185 AudioTrackExtImpl       com.devson.devsonplayer              D  setAudioBoostTid
2026-03-18 14:27:11.724 23793-25185 AudioTrackExtImpl       com.devson.devsonplayer              D  oplusDumpValue PID is 23793  Tid is 24905
2026-03-18 14:27:11.724 23793-25185 AudioTrackExtImpl       com.devson.devsonplayer              D  oplusDumpValue PID is 23793  Tid is 25185
2026-03-18 14:27:11.724 23793-25185 AudioTrackExtImpl       com.devson.devsonplayer              D  oplusDumpValue PID is 23793  Tid is 25657
2026-03-18 14:27:11.725 23793-25185 AAudio                  com.devson.devsonplayer              D  AAudioStream_requestStart(s#1) returned 0 ---------
2026-03-18 14:27:11.725 23793-25486 AudioStreamTrack        com.devson.devsonplayer              D  onAudioDeviceUpdate() audioIo 53 devId 339 => 339
2026-03-18 14:27:11.733 23793-25663 FFmpegDecoder           com.devson.devsonplayer              I  Demux thread started
2026-03-18 14:27:11.738 23793-23793 SurfaceView             com.devson.devsonplayer              I  166804879 surfaceChanged -- format=4 w=1280 h=720
2026-03-18 14:27:11.739 23793-25665 FFmpegDecoder           com.devson.devsonplayer              I  Audio decode thread started
2026-03-18 14:27:11.746 23793-25665 FFmpegDecoder           com.devson.devsonplayer              E  swr_init failed
2026-03-18 14:27:11.748 23793-25665 FFmpegDecoder           com.devson.devsonplayer              E  swr_init failed
2026-03-18 14:27:11.754 23793-25665 FFmpegDecoder           com.devson.devsonplayer              E  swr_init failed
2026-03-18 14:27:11.755 23793-25665 FFmpegDecoder           com.devson.devsonplayer              E  swr_init failed
2026-03-18 14:27:11.756 23793-25665 FFmpegDecoder           com.devson.devsonplayer              E  swr_init failed
2026-03-18 14:27:11.757 23793-25665 FFmpegDecoder           com.devson.devsonplayer              E  swr_init failed
2026-03-18 14:27:11.758 23793-25665 FFmpegDecoder           com.devson.devsonplayer              E  swr_init failed
2026-03-18 14:27:11.759 23793-25665 FFmpegDecoder           com.devson.devsonplayer              E  swr_init failed
2026-03-18 14:27:11.760 23793-25665 FFmpegDecoder           com.devson.devsonplayer              E  swr_init failed
2026-03-18 14:27:11.780 23793-25664 FFmpegDecoder           com.devson.devsonplayer              I  Video decode thread started
2026-03-18 14:27:11.788 23793-25665 FFmpegDecoder           com.devson.devsonplayer              E  swr_init failed
2026-03-18 14:27:11.789 23793-25665 FFmpegDecoder           com.devson.devsonplayer              E  swr_init failed
2026-03-18 14:27:11.790 23793-25665 FFmpegDecoder           com.devson.devsonplayer              E  swr_init failed
2026-03-18 14:27:11.791 23793-25665 FFmpegDecoder           com.devson.devsonplayer              E  swr_init failed
2026-03-18 14:27:11.791 23793-23793 SurfaceSyncer           com.devson.devsonplayer              E  Failed to find sync for id=0
2026-03-18 14:27:11.791 23793-23793 SurfaceSyncer           com.devson.devsonplayer              E  Failed to find sync for id=1
2026-03-18 14:27:11.791 23793-23793 SurfaceSyncer           com.devson.devsonplayer              E  Failed to find sync for id=2
2026-03-18 14:27:11.791 23793-23793 VRI[MainActivity]       com.devson.devsonplayer              D  registerCallbacksForSync syncBuffer=false
2026-03-18 14:27:11.792 23793-25665 FFmpegDecoder           com.devson.devsonplayer              E  swr_init failed
2026-03-18 14:27:11.795 23793-25665 FFmpegDecoder           com.devson.devsonplayer              E  swr_init failed
2026-03-18 14:27:11.796 23793-25665 FFmpegDecoder           com.devson.devsonplayer              E  swr_init failed
2026-03-18 14:27:11.797 23793-25665 FFmpegDecoder           com.devson.devsonplayer              E  swr_init failed
2026-03-18 14:27:11.798 23793-25665 FFmpegDecoder           com.devson.devsonplayer              E  swr_init failed
2026-03-18 14:27:11.800 23793-25665 FFmpegDecoder           com.devson.devsonplayer              E  swr_init failed
2026-03-18 14:27:11.801 23793-25665 FFmpegDecoder           com.devson.devsonplayer              E  swr_init failed
2026-03-18 14:27:11.803 23793-25665 FFmpegDecoder           com.devson.devsonplayer              E  swr_init failed
2026-03-18 14:27:11.812 23793-23986 BLASTBufferQueue        com.devson.devsonplayer              D  [VRI[MainActivity]#0](f:0,a:2) producer disconnected before: mAbandoned=0
                                                                                                    - BufferQueue mMaxAcquiredBufferCount=2 mMaxDequeuedBufferCount=2
                                                                                                      mDequeueBufferCannotBlock=0 mAsyncMode=0
                                                                                                      mQueueBufferCanDrop=0 mLegacyBufferDrop=1
                                                                                                      default-size=[1600x720] default-format=1   transform-hint=04 frame-counter=218
                                                                                                      mTransformHintInUse=04 mAutoPrerotation=0
                                                                                                    FIFO(0):
                                                                                                    (mConsumerName=VRI[MainActivity]#0(BLAST Consumer)0, mConnectedApi=1, mConsumerUsageBits=2304, mId=5cf100000000, producer=[23793:com.devson.devsonplayer], consumer=[23793:com.devson.devsonplayer])
                                                                                                    Slots:
                                                                                                     >[00:0xb400007c8b490f00] state=ACQUIRED 0xb400007c8b469900 frame=218 [ 720x1600: 720,  1]
                                                                                                      [01:0x0] state=FREE    
                                                                                                      [02:0x0] state=FREE    
                                                                                                      [03:0x0] state=FREE    
2026-03-18 14:27:11.813 23793-23986 VRI[MainActivity]       com.devson.devsonplayer              D  Received frameCommittedCallback lastAttemptedDrawFrameNum=218 didProduceBuffer=true syncBuffer=false
2026-03-18 14:27:11.813 23793-23793 VRI[MainActivity]       com.devson.devsonplayer              D  draw finished.
2026-03-18 14:27:11.815 23793-23793 Quality                 com.devson.devsonplayer              I  Skipped: false 7 cost 117.97323 refreshRate 16666667 bit true processName com.devson.devsonplayer
2026-03-18 14:27:11.848 23793-25665 FFmpegDecoder           com.devson.devsonplayer              E  swr_init failed
2026-03-18 14:27:11.852 23793-25665 FFmpegDecoder           com.devson.devsonplayer              E  swr_init failed
2026-03-18 14:27:11.853 23793-25665 FFmpegDecoder           com.devson.devsonplayer              E  swr_init failed
2026-03-18 14:27:11.854 23793-25665 FFmpegDecoder           com.devson.devsonplayer              E  swr_init failed
2026-03-18 14:27:11.855 23793-25665 FFmpegDecoder           com.devson.devsonplayer              E  swr_init failed
2026-03-18 14:27:11.856 23793-25665 FFmpegDecoder           com.devson.devsonplayer              E  swr_init failed
2026-03-18 14:27:11.863 23793-25665 FFmpegDecoder           com.devson.devsonplayer              E  swr_init failed
2026-03-18 14:27:11.864 23793-25665 FFmpegDecoder           com.devson.devsonplayer              E  swr_init failed
2026-03-18 14:27:11.865 23793-25665 FFmpegDecoder           com.devson.devsonplayer              E  swr_init failed
2026-03-18 14:27:11.869 23793-25665 FFmpegDecoder           com.devson.devsonplayer              E  swr_init failed
2026-03-18 14:27:11.870 23793-25665 FFmpegDecoder           com.devson.devsonplayer              E  swr_init failed
2026-03-18 14:27:11.881 23793-25665 FFmpegDecoder           com.devson.devsonplayer              E  swr_init failed
2026-03-18 14:27:11.881 23793-25665 FFmpegDecoder           com.devson.devsonplayer              E  swr_init failed
2026-03-18 14:27:11.882 23793-25665 FFmpegDecoder           com.devson.devsonplayer              E  swr_init failed
2026-03-18 14:27:11.883 23793-25665 FFmpegDecoder           com.devson.devsonplayer              E  swr_init failed
2026-03-18 14:27:11.883 23793-25665 FFmpegDecoder           com.devson.devsonplayer              E  swr_init failed
2026-03-18 14:27:11.884 23793-25665 FFmpegDecoder           com.devson.devsonplayer              E  swr_init failed
2026-03-18 14:27:11.885 23793-25665 FFmpegDecoder           com.devson.devsonplayer              E  swr_init failed
2026-03-18 14:27:11.885 23793-25665 FFmpegDecoder           com.devson.devsonplayer              E  swr_init failed
2026-03-18 14:27:11.886 23793-25665 FFmpegDecoder           com.devson.devsonplayer              E  swr_init failed
2026-03-18 14:27:11.887 23793-25665 FFmpegDecoder           com.devson.devsonplayer              E  swr_init failed
2026-03-18 14:27:11.887 23793-25665 FFmpegDecoder           com.devson.devsonplayer              E  swr_init failed
2026-03-18 14:27:11.934 23793-25657 AAudioStream            com.devson.devsonplayer              D  setState(s#1) from 3 to 4
2026-03-18 14:27:11.993 23793-25664 FFmpegDecoder           com.devson.devsonplayer              I  Already YUV420P — no SWS needed
2026-03-18 14:27:11.993 23793-25664 libMEOW                 com.devson.devsonplayer              D  meow new tls: 0xb400007bf4f61f40
2026-03-18 14:27:11.993 23793-25664 libMEOW                 com.devson.devsonplayer              D  applied 1 plugins for [com.devson.devsonplayer]:
2026-03-18 14:27:11.993 23793-25664 libMEOW                 com.devson.devsonplayer              D    plugin 1: [libMEOW_gift.so]: 0xb400007c84296000
2026-03-18 14:27:11.993 23793-25664 libMEOW                 com.devson.devsonplayer              D  rebuild call chain: 0xb400007bd5df21c0
2026-03-18 14:27:12.006 23793-25664 BLASTBufferQueue        com.devson.devsonplayer              E  [SurfaceView[com.devson.devsonplayer/com.devson.devsonplayer.MainActivity]#1](f:0,a:0) rejecting buffer:active_size=1280x720, requested_size=1280x720 buffer{size=720x1600 transform=0}
2026-03-18 14:27:12.200 23793-25665 FFmpegDecoder           com.devson.devsonplayer              E  swr_init failed
2026-03-18 14:27:12.200 23793-25665 FFmpegDecoder           com.devson.devsonplayer              E  swr_init failed
2026-03-18 14:27:12.201 23793-25665 FFmpegDecoder           com.devson.devsonplayer              E  swr_init failed
2026-03-18 14:27:12.201 23793-25665 FFmpegDecoder           com.devson.devsonplayer              E  swr_init failed
2026-03-18 14:27:12.203 23793-25665 FFmpegDecoder           com.devson.devsonplayer              E  swr_init failed
2026-03-18 14:27:12.204 23793-25665 FFmpegDecoder           com.devson.devsonplayer              E  swr_init failed
2026-03-18 14:27:12.205 23793-25665 FFmpegDecoder           com.devson.devsonplayer              E  swr_init failed
2026-03-18 14:27:12.205 23793-25665 FFmpegDecoder           com.devson.devsonplayer              E  swr_init failed
2026-03-18 14:27:12.222 23793-25650 AudioCapabilities       com.devson.devsonplayer              W  Unsupported mime audio/x-adpcm-dvi-ima
2026-03-18 14:27:12.223 23793-25650 AudioCapabilities       com.devson.devsonplayer              W  Unsupported mime audio/x-adpcm-dvi-ima
2026-03-18 14:27:12.223 23793-25650 AudioCapabilities       com.devson.devsonplayer              W  Unsupported mime audio/x-adpcm-ms
2026-03-18 14:27:12.224 23793-25650 AudioCapabilities       com.devson.devsonplayer              W  Unsupported mime audio/x-adpcm-ms
2026-03-18 14:27:12.224 23793-25650 AudioCapabilities       com.devson.devsonplayer              W  Unsupported mime audio/alac
2026-03-18 14:27:12.225 23793-25650 AudioCapabilities       com.devson.devsonplayer              W  Unsupported mime audio/alac
2026-03-18 14:27:12.225 23793-25650 AudioCapabilities       com.devson.devsonplayer              W  Unsupported mime audio/ape
2026-03-18 14:27:12.225 23793-25650 AudioCapabilities       com.devson.devsonplayer              W  Unsupported mime audio/ape
2026-03-18 14:27:12.241 23793-25650 AudioCapabilities       com.devson.devsonplayer              W  Unsupported mime audio/ffmpeg
2026-03-18 14:27:12.270 23793-25650 VideoCapabilities       com.devson.devsonplayer              W  Unrecognized profile/level 32768/256 for video/mp4v-es
2026-03-18 14:27:12.271 23793-25650 VideoCapabilities       com.devson.devsonplayer              W  Unrecognized profile/level 32768/256 for video/mp4v-es
2026-03-18 14:27:12.274 23793-25650 VideoCapabilities       com.devson.devsonplayer              W  Unsupported mime video/x-ms-wmv
2026-03-18 14:27:12.275 23793-25650 VideoCapabilities       com.devson.devsonplayer              W  Unsupported mime video/x-ms-wmv
2026-03-18 14:27:12.304 23793-25650 VideoCapabilities       com.devson.devsonplayer              W  Unsupported mime video/ffmpeg
2026-03-18 14:27:12.831 23793-25665 FFmpegDecoder           com.devson.devsonplayer              E  swr_init failed
2026-03-18 14:27:12.832 23793-25665 FFmpegDecoder           com.devson.devsonplayer              E  swr_init failed
2026-03-18 14:27:12.833 23793-25665 FFmpegDecoder           com.devson.devsonplayer              E  swr_init failed
2026-03-18 14:27:12.834 23793-25665 FFmpegDecoder           com.devson.devsonplayer              E  swr_init failed
2026-03-18 14:27:12.835 23793-25665 FFmpegDecoder           com.devson.devsonplayer              E  swr_init failed
2026-03-18 14:27:12.836 23793-25665 FFmpegDecoder           com.devson.devsonplayer              E  swr_init failed
2026-03-18 14:27:12.837 23793-25665 FFmpegDecoder           com.devson.devsonplayer              E  swr_init failed
2026-03-18 14:27:12.838 23793-25665 FFmpegDecoder           com.devson.devsonplayer              E  swr_init failed
2026-03-18 14:27:13.204 23793-25665 FFmpegDecoder           com.devson.devsonplayer              E  swr_init failed
2026-03-18 14:27:13.205 23793-25665 FFmpegDecoder           com.devson.devsonplayer              E  swr_init failed
2026-03-18 14:27:13.205 23793-25665 FFmpegDecoder           com.devson.devsonplayer              E  swr_init failed
2026-03-18 14:27:13.206 23793-25665 FFmpegDecoder           com.devson.devsonplayer              E  swr_init failed
2026-03-18 14:27:13.206 23793-25665 FFmpegDecoder           com.devson.devsonplayer              E  swr_init failed
2026-03-18 14:27:13.207 23793-25665 FFmpegDecoder           com.devson.devsonplayer              E  swr_init failed
2026-03-18 14:27:13.207 23793-25665 FFmpegDecoder           com.devson.devsonplayer              E  swr_init failed
2026-03-18 14:27:13.208 23793-25665 FFmpegDecoder           com.devson.devsonplayer              E  swr_init failed
2026-03-18 14:27:13.208 23793-25665 FFmpegDecoder           com.devson.devsonplayer              E  swr_init failed
2026-03-18 14:27:13.209 23793-25665 FFmpegDecoder           com.devson.devsonplayer              E  swr_init failed
2026-03-18 14:27:13.210 23793-25665 FFmpegDecoder           com.devson.devsonplayer              E  swr_init failed
2026-03-18 14:27:13.210 23793-25665 FFmpegDecoder           com.devson.devsonplayer              E  swr_init failed
2026-03-18 14:27:13.211 23793-25665 FFmpegDecoder           com.devson.devsonplayer              E  swr_init failed
2026-03-18 14:27:13.211 23793-25665 FFmpegDecoder           com.devson.devsonplayer              E  swr_init failed
2026-03-18 14:27:13.211 23793-25665 FFmpegDecoder           com.devson.devsonplayer              E  swr_init failed
2026-03-18 14:27:13.212 23793-25665 FFmpegDecoder           com.devson.devsonplayer              E  swr_init failed
2026-03-18 14:27:13.617 23793-23793 Quality                 com.devson.devsonplayer              I  Skipped: true 1 cost 29.95198 refreshRate 16793216 bit true processName com.devson.devsonplayer
2026-03-18 14:27:13.684 23793-25665 FFmpegDecoder           com.devson.devsonplayer              E  swr_init failed
2026-03-18 14:27:13.705 23793-23793 Quality                 com.devson.devsonplayer              I  Skipped: true 2 cost 34.28896 refreshRate 16762863 bit true processName com.devson.devsonplayer
2026-03-18 14:27:13.706 23793-25665 FFmpegDecoder           com.devson.devsonplayer              E  swr_init failed
2026-03-18 14:27:13.708 23793-25665 FFmpegDecoder           com.devson.devsonplayer              E  swr_init failed
2026-03-18 14:27:13.709 23793-25665 FFmpegDecoder           com.devson.devsonplayer              E  swr_init failed
2026-03-18 14:27:13.712 23793-25665 FFmpegDecoder           com.devson.devsonplayer              E  swr_init failed
2026-03-18 14:27:13.715 23793-25665 FFmpegDecoder           com.devson.devsonplayer              E  swr_init failed
2026-03-18 14:27:13.717 23793-25665 FFmpegDecoder           com.devson.devsonplayer              E  swr_init failed
2026-03-18 14:27:13.769 23793-25665 FFmpegDecoder           com.devson.devsonplayer              E  swr_init failed
2026-03-18 14:27:13.769 23793-25665 FFmpegDecoder           com.devson.devsonplayer              E  swr_init failed
2026-03-18 14:27:13.769 23793-25665 FFmpegDecoder           com.devson.devsonplayer              E  swr_init failed
2026-03-18 14:27:13.770 23793-25665 FFmpegDecoder           com.devson.devsonplayer              E  swr_init failed
2026-03-18 14:27:13.770 23793-25665 FFmpegDecoder           com.devson.devsonplayer              E  swr_init failed
2026-03-18 14:27:13.770 23793-25665 FFmpegDecoder           com.devson.devsonplayer              E  swr_init failed
2026-03-18 14:27:13.771 23793-25665 FFmpegDecoder           com.devson.devsonplayer              E  swr_init failed
2026-03-18 14:27:13.771 23793-25665 FFmpegDecoder           com.devson.devsonplayer              E  swr_init failed
2026-03-18 14:27:13.772 23793-25665 FFmpegDecoder           com.devson.devsonplayer              E  swr_init failed
2026-03-18 14:27:13.773 23793-25665 FFmpegDecoder           com.devson.devsonplayer              E  swr_init failed
2026-03-18 14:27:13.773 23793-23793 Quality                 com.devson.devsonplayer              I  Skipped: false 2 cost 34.89525 refreshRate 16785220 bit true processName com.devson.devsonplayer
2026-03-18 14:27:13.773 23793-25665 FFmpegDecoder           com.devson.devsonplayer              E  swr_init failed
2026-03-18 14:27:13.774 23793-25665 FFmpegDecoder           com.devson.devsonplayer              E  swr_init failed
2026-03-18 14:27:13.774 23793-25665 FFmpegDecoder           com.devson.devsonplayer              E  swr_init failed
2026-03-18 14:27:13.774 23793-25665 FFmpegDecoder           com.devson.devsonplayer              E  swr_init failed
2026-03-18 14:27:13.775 23793-25665 FFmpegDecoder           com.devson.devsonplayer              E  swr_init failed
2026-03-18 14:27:13.775 23793-25665 FFmpegDecoder           com.devson.devsonplayer              E  swr_init failed
2026-03-18 14:27:13.776 23793-25665 FFmpegDecoder           com.devson.devsonplayer              E  swr_init failed
2026-03-18 14:27:13.776 23793-25665 FFmpegDecoder           com.devson.devsonplayer              E  swr_init failed
2026-03-18 14:27:13.776 23793-25665 FFmpegDecoder           com.devson.devsonplayer              E  swr_init failed
2026-03-18 14:27:13.777 23793-25665 FFmpegDecoder           com.devson.devsonplayer              E  swr_init failed
2026-03-18 14:27:13.777 23793-25665 FFmpegDecoder           com.devson.devsonplayer              E  swr_init failed
2026-03-18 14:27:13.778 23793-25665 FFmpegDecoder           com.devson.devsonplayer              E  swr_init failed
2026-03-18 14:27:13.778 23793-25665 FFmpegDecoder           com.devson.devsonplayer              E  swr_init failed
2026-03-18 14:27:13.778 23793-25665 FFmpegDecoder           com.devson.devsonplayer              E  swr_init failed
2026-03-18 14:27:13.779 23793-25665 FFmpegDecoder           com.devson.devsonplayer              E  swr_init failed
2026-03-18 14:27:13.779 23793-25665 FFmpegDecoder           com.devson.devsonplayer              E  swr_init failed
2026-03-18 14:27:13.802 23793-23808 on.devsonplayer         com.devson.devsonplayer              I  NativeAlloc concurrent copying GC freed 3346KB AllocSpace bytes, 6(232KB) LOS objects, 63% free, 7063KB/18MB, paused 331us,151us total 147.505ms
2026-03-18 14:27:13.873 23793-25665 FFmpegDecoder           com.devson.devsonplayer              E  swr_init failed
2026-03-18 14:27:13.874 23793-25665 FFmpegDecoder           com.devson.devsonplayer              E  swr_init failed
2026-03-18 14:27:13.875 23793-25665 FFmpegDecoder           com.devson.devsonplayer              E  swr_init failed
2026-03-18 14:27:13.876 23793-25665 FFmpegDecoder           com.devson.devsonplayer              E  swr_init failed
2026-03-18 14:27:13.877 23793-25665 FFmpegDecoder           com.devson.devsonplayer              E  swr_init failed
2026-03-18 14:27:13.877 23793-25665 FFmpegDecoder           com.devson.devsonplayer              E  swr_init failed
2026-03-18 14:27:13.878 23793-25665 FFmpegDecoder           com.devson.devsonplayer              E  swr_init failed
2026-03-18 14:27:13.880 23793-25665 FFmpegDecoder           com.devson.devsonplayer              E  swr_init failed
2026-03-18 14:27:14.003 23793-25665 FFmpegDecoder           com.devson.devsonplayer              E  swr_init failed
2026-03-18 14:27:14.004 23793-25665 FFmpegDecoder           com.devson.devsonplayer              E  swr_init failed
2026-03-18 14:27:14.005 23793-25665 FFmpegDecoder           com.devson.devsonplayer              E  swr_init failed
2026-03-18 14:27:14.006 23793-25665 FFmpegDecoder           com.devson.devsonplayer              E  swr_init failed
2026-03-18 14:27:14.007 23793-25665 FFmpegDecoder           com.devson.devsonplayer              E  swr_init failed
2026-03-18 14:27:14.008 23793-25665 FFmpegDecoder           com.devson.devsonplayer              E  swr_init failed
2026-03-18 14:27:14.009 23793-25665 FFmpegDecoder           com.devson.devsonplayer              E  swr_init failed
2026-03-18 14:27:14.011 23793-25665 FFmpegDecoder           com.devson.devsonplayer              E  swr_init failed
2026-03-18 14:27:14.092 23793-25665 FFmpegDecoder           com.devson.devsonplayer              E  swr_init failed
2026-03-18 14:27:14.093 23793-25665 FFmpegDecoder           com.devson.devsonplayer              E  swr_init failed
2026-03-18 14:27:14.094 23793-25665 FFmpegDecoder           com.devson.devsonplayer              E  swr_init failed
2026-03-18 14:27:14.095 23793-25665 FFmpegDecoder           com.devson.devsonplayer              E  swr_init failed
2026-03-18 14:27:14.096 23793-25665 FFmpegDecoder           com.devson.devsonplayer              E  swr_init failed
2026-03-18 14:27:14.097 23793-25665 FFmpegDecoder           com.devson.devsonplayer              E  swr_init failed
2026-03-18 14:27:14.098 23793-25665 FFmpegDecoder           com.devson.devsonplayer              E  swr_init failed
2026-03-18 14:27:14.099 23793-25665 FFmpegDecoder           com.devson.devsonplayer              E  swr_init failed
2026-03-18 14:27:14.346 23793-25665 FFmpegDecoder           com.devson.devsonplayer              E  swr_init failed
2026-03-18 14:27:14.347 23793-25665 FFmpegDecoder           com.devson.devsonplayer              E  swr_init failed
2026-03-18 14:27:14.348 23793-25665 FFmpegDecoder           com.devson.devsonplayer              E  swr_init failed
2026-03-18 14:27:14.349 23793-25665 FFmpegDecoder           com.devson.devsonplayer              E  swr_init failed
2026-03-18 14:27:14.349 23793-25665 FFmpegDecoder           com.devson.devsonplayer              E  swr_init failed
2026-03-18 14:27:14.350 23793-25665 FFmpegDecoder           com.devson.devsonplayer              E  swr_init failed
2026-03-18 14:27:14.350 23793-25665 FFmpegDecoder           com.devson.devsonplayer              E  swr_init failed
2026-03-18 14:27:14.350 23793-25665 FFmpegDecoder           com.devson.devsonplayer              E  swr_init failed
2026-03-18 14:27:14.407 23793-25665 FFmpegDecoder           com.devson.devsonplayer              E  swr_init failed
2026-03-18 14:27:14.408 23793-25665 FFmpegDecoder           com.devson.devsonplayer              E  swr_init failed
2026-03-18 14:27:14.408 23793-25665 FFmpegDecoder           com.devson.devsonplayer              E  swr_init failed
2026-03-18 14:27:14.409 23793-25665 FFmpegDecoder           com.devson.devsonplayer              E  swr_init failed
2026-03-18 14:27:14.409 23793-25665 FFmpegDecoder           com.devson.devsonplayer              E  swr_init failed
2026-03-18 14:27:14.410 23793-25665 FFmpegDecoder           com.devson.devsonplayer              E  swr_init failed
2026-03-18 14:27:14.410 23793-25665 FFmpegDecoder           com.devson.devsonplayer              E  swr_init failed
2026-03-18 14:27:14.411 23793-25665 FFmpegDecoder           com.devson.devsonplayer              E  swr_init failed
2026-03-18 14:27:14.619 23793-25665 FFmpegDecoder           com.devson.devsonplayer              E  swr_init failed
2026-03-18 14:27:14.619 23793-25665 FFmpegDecoder           com.devson.devsonplayer              E  swr_init failed
2026-03-18 14:27:14.620 23793-25665 FFmpegDecoder           com.devson.devsonplayer              E  swr_init failed
2026-03-18 14:27:14.620 23793-25665 FFmpegDecoder           com.devson.devsonplayer              E  swr_init failed
2026-03-18 14:27:14.621 23793-25665 FFmpegDecoder           com.devson.devsonplayer              E  swr_init failed
2026-03-18 14:27:14.621 23793-25665 FFmpegDecoder           com.devson.devsonplayer              E  swr_init failed
2026-03-18 14:27:14.683 23793-25665 FFmpegDecoder           com.devson.devsonplayer              E  swr_init failed
2026-03-18 14:27:14.684 23793-25665 FFmpegDecoder           com.devson.devsonplayer              E  swr_init failed
2026-03-18 14:27:14.774 23793-25665 FFmpegDecoder           com.devson.devsonplayer              E  swr_init failed
2026-03-18 14:27:14.774 23793-25665 FFmpegDecoder           com.devson.devsonplayer              E  swr_init failed
2026-03-18 14:27:14.775 23793-25665 FFmpegDecoder           com.devson.devsonplayer              E  swr_init failed
2026-03-18 14:27:14.775 23793-25665 FFmpegDecoder           com.devson.devsonplayer              E  swr_init failed
2026-03-18 14:27:14.775 23793-25665 FFmpegDecoder           com.devson.devsonplayer              E  swr_init failed
2026-03-18 14:27:14.776 23793-25665 FFmpegDecoder           com.devson.devsonplayer              E  swr_init failed
2026-03-18 14:27:14.776 23793-25665 FFmpegDecoder           com.devson.devsonplayer              E  swr_init failed
2026-03-18 14:27:14.777 23793-25665 FFmpegDecoder           com.devson.devsonplayer              E  swr_init failed
2026-03-18 14:27:15.051 23793-25665 FFmpegDecoder           com.devson.devsonplayer              E  swr_init failed
2026-03-18 14:27:15.051 23793-25665 FFmpegDecoder           com.devson.devsonplayer              E  swr_init failed
2026-03-18 14:27:15.052 23793-25665 FFmpegDecoder           com.devson.devsonplayer              E  swr_init failed
2026-03-18 14:27:15.052 23793-25665 FFmpegDecoder           com.devson.devsonplayer              E  swr_init failed
2026-03-18 14:27:15.052 23793-25665 FFmpegDecoder           com.devson.devsonplayer              E  swr_init failed
2026-03-18 14:27:15.053 23793-25665 FFmpegDecoder           com.devson.devsonplayer              E  swr_init failed
2026-03-18 14:27:15.053 23793-25665 FFmpegDecoder           com.devson.devsonplayer              E  swr_init failed
2026-03-18 14:27:15.053 23793-25665 FFmpegDecoder           com.devson.devsonplayer              E  swr_init failed
2026-03-18 14:27:15.054 23793-25665 FFmpegDecoder           com.devson.devsonplayer              E  swr_init failed
2026-03-18 14:27:15.054 23793-25665 FFmpegDecoder           com.devson.devsonplayer              E  swr_init failed
2026-03-18 14:27:15.054 23793-25665 FFmpegDecoder           com.devson.devsonplayer              E  swr_init failed
2026-03-18 14:27:15.055 23793-25665 FFmpegDecoder           com.devson.devsonplayer              E  swr_init failed
2026-03-18 14:27:15.055 23793-25665 FFmpegDecoder           com.devson.devsonplayer              E  swr_init failed
2026-03-18 14:27:15.055 23793-25665 FFmpegDecoder           com.devson.devsonplayer              E  swr_init failed
2026-03-18 14:27:15.056 23793-25665 FFmpegDecoder           com.devson.devsonplayer              E  swr_init failed
2026-03-18 14:27:15.056 23793-25665 FFmpegDecoder           com.devson.devsonplayer              E  swr_init failed
2026-03-18 14:27:15.057 23793-25665 FFmpegDecoder           com.devson.devsonplayer              E  swr_init failed
2026-03-18 14:27:15.057 23793-25665 FFmpegDecoder           com.devson.devsonplayer              E  swr_init failed
2026-03-18 14:27:15.058 23793-25665 FFmpegDecoder           com.devson.devsonplayer              E  swr_init failed
2026-03-18 14:27:15.058 23793-25665 FFmpegDecoder           com.devson.devsonplayer              E  swr_init failed
2026-03-18 14:27:15.059 23793-25665 FFmpegDecoder           com.devson.devsonplayer              E  swr_init failed
2026-03-18 14:27:15.060 23793-25665 FFmpegDecoder           com.devson.devsonplayer              E  swr_init failed
2026-03-18 14:27:15.060 23793-25665 FFmpegDecoder           com.devson.devsonplayer              E  swr_init failed
2026-03-18 14:27:15.061 23793-25665 FFmpegDecoder           com.devson.devsonplayer              E  swr_init failed
2026-03-18 14:27:15.062 23793-25665 FFmpegDecoder           com.devson.devsonplayer              E  swr_init failed
2026-03-18 14:27:15.063 23793-25665 FFmpegDecoder           com.devson.devsonplayer              E  swr_init failed
2026-03-18 14:27:15.064 23793-25665 FFmpegDecoder           com.devson.devsonplayer              E  swr_init failed
2026-03-18 14:27:15.064 23793-25665 FFmpegDecoder           com.devson.devsonplayer              E  swr_init failed
2026-03-18 14:27:15.065 23793-25665 FFmpegDecoder           com.devson.devsonplayer              E  swr_init failed
2026-03-18 14:27:15.065 23793-25665 FFmpegDecoder           com.devson.devsonplayer              E  swr_init failed
2026-03-18 14:27:15.066 23793-25665 FFmpegDecoder           com.devson.devsonplayer              E  swr_init failed
2026-03-18 14:27:15.066 23793-25665 FFmpegDecoder           com.devson.devsonplayer              E  swr_init failed
2026-03-18 14:27:15.067 23793-25665 FFmpegDecoder           com.devson.devsonplayer              E  swr_init failed
2026-03-18 14:27:15.067 23793-25665 FFmpegDecoder           com.devson.devsonplayer              E  swr_init failed
2026-03-18 14:27:15.068 23793-25665 FFmpegDecoder           com.devson.devsonplayer              E  swr_init failed
2026-03-18 14:27:15.068 23793-25665 FFmpegDecoder           com.devson.devsonplayer              E  swr_init failed
2026-03-18 14:27:15.069 23793-25665 FFmpegDecoder           com.devson.devsonplayer              E  swr_init failed
2026-03-18 14:27:15.069 23793-25665 FFmpegDecoder           com.devson.devsonplayer              E  swr_init failed
2026-03-18 14:27:15.069 23793-25665 FFmpegDecoder           com.devson.devsonplayer              E  swr_init failed
2026-03-18 14:27:15.070 23793-25665 FFmpegDecoder           com.devson.devsonplayer              E  swr_init failed
2026-03-18 14:27:15.136 23793-25665 FFmpegDecoder           com.devson.devsonplayer              E  swr_init failed
2026-03-18 14:27:15.137 23793-25665 FFmpegDecoder           com.devson.devsonplayer              E  swr_init failed
2026-03-18 14:27:15.137 23793-25665 FFmpegDecoder           com.devson.devsonplayer              E  swr_init failed
2026-03-18 14:27:15.138 23793-25665 FFmpegDecoder           com.devson.devsonplayer              E  swr_init failed
2026-03-18 14:27:15.138 23793-25665 FFmpegDecoder           com.devson.devsonplayer              E  swr_init failed
2026-03-18 14:27:15.138 23793-25665 FFmpegDecoder           com.devson.devsonplayer              E  swr_init failed
2026-03-18 14:27:15.139 23793-25665 FFmpegDecoder           com.devson.devsonplayer              E  swr_init failed
2026-03-18 14:27:15.139 23793-25665 FFmpegDecoder           com.devson.devsonplayer              E  swr_init failed
2026-03-18 14:27:15.299 23793-25665 FFmpegDecoder           com.devson.devsonplayer              E  swr_init failed
2026-03-18 14:27:15.300 23793-25665 FFmpegDecoder           com.devson.devsonplayer              E  swr_init failed
2026-03-18 14:27:15.301 23793-25665 FFmpegDecoder           com.devson.devsonplayer              E  swr_init failed
2026-03-18 14:27:15.302 23793-25665 FFmpegDecoder           com.devson.devsonplayer              E  swr_init failed
2026-03-18 14:27:15.302 23793-25665 FFmpegDecoder           com.devson.devsonplayer              E  swr_init failed
2026-03-18 14:27:15.303 23793-25665 FFmpegDecoder           com.devson.devsonplayer              E  swr_init failed
2026-03-18 14:27:15.304 23793-25665 FFmpegDecoder           com.devson.devsonplayer              E  swr_init failed
2026-03-18 14:27:15.305 23793-25665 FFmpegDecoder           com.devson.devsonplayer              E  swr_init failed
2026-03-18 14:27:15.329 23793-23793 Quality                 com.devson.devsonplayer              I  Skipped: true 2 cost 39.48774 refreshRate 16710039 bit true processName com.devson.devsonplayer
2026-03-18 14:27:15.531 23793-25665 FFmpegDecoder           com.devson.devsonplayer              E  swr_init failed
2026-03-18 14:27:15.532 23793-25665 FFmpegDecoder           com.devson.devsonplayer              E  swr_init failed
2026-03-18 14:27:15.534 23793-25665 FFmpegDecoder           com.devson.devsonplayer              E  swr_init failed
2026-03-18 14:27:15.535 23793-25665 FFmpegDecoder           com.devson.devsonplayer              E  swr_init failed
2026-03-18 14:27:15.537 23793-25665 FFmpegDecoder           com.devson.devsonplayer              E  swr_init failed
2026-03-18 14:27:15.537 23793-25665 FFmpegDecoder           com.devson.devsonplayer              E  swr_init failed
2026-03-18 14:27:15.538 23793-25665 FFmpegDecoder           com.devson.devsonplayer              E  swr_init failed
2026-03-18 14:27:15.538 23793-25665 FFmpegDecoder           com.devson.devsonplayer              E  swr_init failed
2026-03-18 14:27:15.675 23793-23793 AudioManagerExtImpl     com.devson.devsonplayer              D  getStreamVolume packageName=com.devson.devsonplayer, index=10, streamType=3
2026-03-18 14:27:15.769 23793-25665 FFmpegDecoder           com.devson.devsonplayer              E  swr_init failed
2026-03-18 14:27:15.770 23793-25665 FFmpegDecoder           com.devson.devsonplayer              E  swr_init failed
2026-03-18 14:27:15.771 23793-25665 FFmpegDecoder           com.devson.devsonplayer              E  swr_init failed
2026-03-18 14:27:15.772 23793-25665 FFmpegDecoder           com.devson.devsonplayer              E  swr_init failed
2026-03-18 14:27:15.773 23793-25665 FFmpegDecoder           com.devson.devsonplayer              E  swr_init failed
2026-03-18 14:27:15.774 23793-25665 FFmpegDecoder           com.devson.devsonplayer              E  swr_init failed
2026-03-18 14:27:15.775 23793-25665 FFmpegDecoder           com.devson.devsonplayer              E  swr_init failed
2026-03-18 14:27:15.776 23793-25665 FFmpegDecoder           com.devson.devsonplayer              E  swr_init failed
2026-03-18 14:27:15.895 23793-25665 FFmpegDecoder           com.devson.devsonplayer              E  swr_init failed
2026-03-18 14:27:15.897 23793-25665 FFmpegDecoder           com.devson.devsonplayer              E  swr_init failed
2026-03-18 14:27:15.898 23793-25665 FFmpegDecoder           com.devson.devsonplayer              E  swr_init failed
2026-03-18 14:27:15.899 23793-25665 FFmpegDecoder           com.devson.devsonplayer              E  swr_init failed
2026-03-18 14:27:15.900 23793-25665 FFmpegDecoder           com.devson.devsonplayer              E  swr_init failed
2026-03-18 14:27:15.945 23793-25665 FFmpegDecoder           com.devson.devsonplayer              E  swr_init failed
2026-03-18 14:27:15.946 23793-25665 FFmpegDecoder           com.devson.devsonplayer              E  swr_init failed
2026-03-18 14:27:15.946 23793-25665 FFmpegDecoder           com.devson.devsonplayer              E  swr_init failed
2026-03-18 14:27:16.130 23793-25665 FFmpegDecoder           com.devson.devsonplayer              E  swr_init failed
2026-03-18 14:27:16.131 23793-25665 FFmpegDecoder           com.devson.devsonplayer              E  swr_init failed
2026-03-18 14:27:16.131 23793-25665 FFmpegDecoder           com.devson.devsonplayer              E  swr_init failed
2026-03-18 14:27:16.132 23793-25665 FFmpegDecoder           com.devson.devsonplayer              E  swr_init failed
2026-03-18 14:27:16.133 23793-25665 FFmpegDecoder           com.devson.devsonplayer              E  swr_init failed
2026-03-18 14:27:16.135 23793-25665 FFmpegDecoder           com.devson.devsonplayer              E  swr_init failed
2026-03-18 14:27:16.135 23793-25665 FFmpegDecoder           com.devson.devsonplayer              E  swr_init failed
2026-03-18 14:27:16.137 23793-25665 FFmpegDecoder           com.devson.devsonplayer              E  swr_init failed
2026-03-18 14:27:16.176 23793-23793 Quality                 com.devson.devsonplayer              I  Skipped: false 5 cost 85.89629 refreshRate 16702715 bit true processName com.devson.devsonplayer
2026-03-18 14:27:16.222 23793-25665 FFmpegDecoder           com.devson.devsonplayer              E  swr_init failed
2026-03-18 14:27:16.222 23793-25665 FFmpegDecoder           com.devson.devsonplayer              E  swr_init failed
2026-03-18 14:27:16.223 23793-25665 FFmpegDecoder           com.devson.devsonplayer              E  swr_init failed
2026-03-18 14:27:16.223 23793-25665 FFmpegDecoder           com.devson.devsonplayer              E  swr_init failed
2026-03-18 14:27:16.223 23793-25665 FFmpegDecoder           com.devson.devsonplayer              E  swr_init failed
2026-03-18 14:27:16.224 23793-25665 FFmpegDecoder           com.devson.devsonplayer              E  swr_init failed
2026-03-18 14:27:16.224 23793-25665 FFmpegDecoder           com.devson.devsonplayer              E  swr_init failed
2026-03-18 14:27:16.224 23793-25665 FFmpegDecoder           com.devson.devsonplayer              E  swr_init failed
2026-03-18 14:27:16.551 23793-25665 FFmpegDecoder           com.devson.devsonplayer              E  swr_init failed
2026-03-18 14:27:16.552 23793-25665 FFmpegDecoder           com.devson.devsonplayer              E  swr_init failed
2026-03-18 14:27:16.552 23793-25665 FFmpegDecoder           com.devson.devsonplayer              E  swr_init failed
2026-03-18 14:27:16.553 23793-25665 FFmpegDecoder           com.devson.devsonplayer              E  swr_init failed
2026-03-18 14:27:16.553 23793-25665 FFmpegDecoder           com.devson.devsonplayer              E  swr_init failed
2026-03-18 14:27:16.554 23793-25665 FFmpegDecoder           com.devson.devsonplayer              E  swr_init failed
2026-03-18 14:27:16.554 23793-25665 FFmpegDecoder           com.devson.devsonplayer              E  swr_init failed
2026-03-18 14:27:16.554 23793-25665 FFmpegDecoder           com.devson.devsonplayer              E  swr_init failed
2026-03-18 14:27:16.558 23793-23793 Quality                 com.devson.devsonplayer              I  Skipped: true 2 cost 33.795204 refreshRate 16704502 bit true processName com.devson.devsonplayer
2026-03-18 14:27:16.623 23793-25665 FFmpegDecoder           com.devson.devsonplayer              E  swr_init failed
2026-03-18 14:27:16.708 23793-25665 FFmpegDecoder           com.devson.devsonplayer              E  swr_init failed
2026-03-18 14:27:16.709 23793-25665 FFmpegDecoder           com.devson.devsonplayer              E  swr_init failed
2026-03-18 14:27:16.709 23793-25665 FFmpegDecoder           com.devson.devsonplayer              E  swr_init failed
2026-03-18 14:27:16.710 23793-25665 FFmpegDecoder           com.devson.devsonplayer              E  swr_init failed
2026-03-18 14:27:16.710 23793-25665 FFmpegDecoder           com.devson.devsonplayer              E  swr_init failed
2026-03-18 14:27:16.710 23793-25665 FFmpegDecoder           com.devson.devsonplayer              E  swr_init failed
2026-03-18 14:27:16.711 23793-25665 FFmpegDecoder           com.devson.devsonplayer              E  swr_init failed
2026-03-18 14:27:16.711 23793-25665 FFmpegDecoder           com.devson.devsonplayer              E  swr_init failed
2026-03-18 14:27:16.711 23793-25665 FFmpegDecoder           com.devson.devsonplayer              E  swr_init failed
2026-03-18 14:27:16.712 23793-25665 FFmpegDecoder           com.devson.devsonplayer              E  swr_init failed
2026-03-18 14:27:16.712 23793-25665 FFmpegDecoder           com.devson.devsonplayer              E  swr_init failed
2026-03-18 14:27:16.712 23793-25665 FFmpegDecoder           com.devson.devsonplayer              E  swr_init failed
2026-03-18 14:27:16.713 23793-25665 FFmpegDecoder           com.devson.devsonplayer              E  swr_init failed
2026-03-18 14:27:16.713 23793-25665 FFmpegDecoder           com.devson.devsonplayer              E  swr_init failed
2026-03-18 14:27:16.713 23793-25665 FFmpegDecoder           com.devson.devsonplayer              E  swr_init failed
2026-03-18 14:27:16.714 23793-25665 FFmpegDecoder           com.devson.devsonplayer              E  swr_init failed
2026-03-18 14:27:16.714 23793-25665 FFmpegDecoder           com.devson.devsonplayer              E  swr_init failed
2026-03-18 14:27:16.714 23793-25665 FFmpegDecoder           com.devson.devsonplayer              E  swr_init failed
2026-03-18 14:27:16.715 23793-25665 FFmpegDecoder           com.devson.devsonplayer              E  swr_init failed
2026-03-18 14:27:16.715 23793-25665 FFmpegDecoder           com.devson.devsonplayer              E  swr_init failed
2026-03-18 14:27:16.716 23793-25665 FFmpegDecoder           com.devson.devsonplayer              E  swr_init failed
2026-03-18 14:27:16.716 23793-25665 FFmpegDecoder           com.devson.devsonplayer              E  swr_init failed
2026-03-18 14:27:16.717 23793-25665 FFmpegDecoder           com.devson.devsonplayer              E  swr_init failed
2026-03-18 14:27:16.717 23793-25665 FFmpegDecoder           com.devson.devsonplayer              E  swr_init failed
2026-03-18 14:27:16.717 23793-25665 FFmpegDecoder           com.devson.devsonplayer              E  swr_init failed
2026-03-18 14:27:16.718 23793-25665 FFmpegDecoder           com.devson.devsonplayer              E  swr_init failed
2026-03-18 14:27:16.718 23793-25665 FFmpegDecoder           com.devson.devsonplayer              E  swr_init failed
2026-03-18 14:27:16.718 23793-25665 FFmpegDecoder           com.devson.devsonplayer              E  swr_init failed
2026-03-18 14:27:16.719 23793-25665 FFmpegDecoder           com.devson.devsonplayer              E  swr_init failed
2026-03-18 14:27:16.719 23793-25665 FFmpegDecoder           com.devson.devsonplayer              E  swr_init failed
2026-03-18 14:27:16.719 23793-25665 FFmpegDecoder           com.devson.devsonplayer              E  swr_init failed
2026-03-18 14:27:16.720 23793-25665 FFmpegDecoder           com.devson.devsonplayer              E  swr_init failed
2026-03-18 14:27:16.720 23793-25665 FFmpegDecoder           com.devson.devsonplayer              E  swr_init failed
2026-03-18 14:27:16.720 23793-25665 FFmpegDecoder           com.devson.devsonplayer              E  swr_init failed
2026-03-18 14:27:16.721 23793-25665 FFmpegDecoder           com.devson.devsonplayer              E  swr_init failed
2026-03-18 14:27:16.721 23793-25665 FFmpegDecoder           com.devson.devsonplayer              E  swr_init failed
2026-03-18 14:27:16.721 23793-25665 FFmpegDecoder           com.devson.devsonplayer              E  swr_init failed
2026-03-18 14:27:16.722 23793-25665 FFmpegDecoder           com.devson.devsonplayer              E  swr_init failed
2026-03-18 14:27:16.722 23793-25665 FFmpegDecoder           com.devson.devsonplayer              E  swr_init failed
2026-03-18 14:27:16.723 23793-25665 FFmpegDecoder           com.devson.devsonplayer              E  swr_init failed
2026-03-18 14:27:16.848 23793-25665 FFmpegDecoder           com.devson.devsonplayer              E  swr_init failed
2026-03-18 14:27:16.848 23793-25665 FFmpegDecoder           com.devson.devsonplayer              E  swr_init failed
2026-03-18 14:27:16.849 23793-25665 FFmpegDecoder           com.devson.devsonplayer              E  swr_init failed
2026-03-18 14:27:16.849 23793-25665 FFmpegDecoder           com.devson.devsonplayer              E  swr_init failed
2026-03-18 14:27:16.850 23793-25665 FFmpegDecoder           com.devson.devsonplayer              E  swr_init failed
2026-03-18 14:27:16.850 23793-25665 FFmpegDecoder           com.devson.devsonplayer              E  swr_init failed
2026-03-18 14:27:16.851 23793-25665 FFmpegDecoder           com.devson.devsonplayer              E  swr_init failed
2026-03-18 14:27:16.851 23793-25665 FFmpegDecoder           com.devson.devsonplayer              E  swr_init failed
2026-03-18 14:27:16.963 23793-25665 FFmpegDecoder           com.devson.devsonplayer              E  swr_init failed
2026-03-18 14:27:16.963 23793-25665 FFmpegDecoder           com.devson.devsonplayer              E  swr_init failed
2026-03-18 14:27:16.964 23793-25665 FFmpegDecoder           com.devson.devsonplayer              E  swr_init failed
2026-03-18 14:27:16.964 23793-25665 FFmpegDecoder           com.devson.devsonplayer              E  swr_init failed
2026-03-18 14:27:16.965 23793-25665 FFmpegDecoder           com.devson.devsonplayer              E  swr_init failed
2026-03-18 14:27:16.965 23793-25665 FFmpegDecoder           com.devson.devsonplayer              E  swr_init failed
2026-03-18 14:27:16.966 23793-25665 FFmpegDecoder           com.devson.devsonplayer              E  swr_init failed
2026-03-18 14:27:16.966 23793-25665 FFmpegDecoder           com.devson.devsonplayer              E  swr_init failed
2026-03-18 14:27:17.210 23793-25665 FFmpegDecoder           com.devson.devsonplayer              E  swr_init failed
2026-03-18 14:27:17.211 23793-25665 FFmpegDecoder           com.devson.devsonplayer              E  swr_init failed
2026-03-18 14:27:17.213 23793-25665 FFmpegDecoder           com.devson.devsonplayer              E  swr_init failed
2026-03-18 14:27:17.214 23793-25665 FFmpegDecoder           com.devson.devsonplayer              E  swr_init failed
2026-03-18 14:27:17.215 23793-25665 FFmpegDecoder           com.devson.devsonplayer              E  swr_init failed
2026-03-18 14:27:17.216 23793-25665 FFmpegDecoder           com.devson.devsonplayer              E  swr_init failed
2026-03-18 14:27:17.217 23793-25665 FFmpegDecoder           com.devson.devsonplayer              E  swr_init failed
2026-03-18 14:27:17.218 23793-25665 FFmpegDecoder           com.devson.devsonplayer              E  swr_init failed
2026-03-18 14:27:17.340 23793-25665 FFmpegDecoder           com.devson.devsonplayer              E  swr_init failed
2026-03-18 14:27:17.341 23793-25665 FFmpegDecoder           com.devson.devsonplayer              E  swr_init failed
2026-03-18 14:27:17.342 23793-25665 FFmpegDecoder           com.devson.devsonplayer              E  swr_init failed
2026-03-18 14:27:17.342 23793-25665 FFmpegDecoder           com.devson.devsonplayer              E  swr_init failed
2026-03-18 14:27:17.343 23793-25665 FFmpegDecoder           com.devson.devsonplayer              E  swr_init failed
2026-03-18 14:27:17.343 23793-25665 FFmpegDecoder           com.devson.devsonplayer              E  swr_init failed
2026-03-18 14:27:17.344 23793-25665 FFmpegDecoder           com.devson.devsonplayer              E  swr_init failed
2026-03-18 14:27:17.344 23793-25665 FFmpegDecoder           com.devson.devsonplayer              E  swr_init failed
2026-03-18 14:27:17.700 23793-23793 Quality                 com.devson.devsonplayer              I  Skipped: true 6 cost 106.4721 refreshRate 16707582 bit true processName com.devson.devsonplayer
2026-03-18 14:27:17.716 23793-25665 FFmpegDecoder           com.devson.devsonplayer              E  swr_init failed
2026-03-18 14:27:17.717 23793-25665 FFmpegDecoder           com.devson.devsonplayer              E  swr_init failed
2026-03-18 14:27:17.718 23793-25665 FFmpegDecoder           com.devson.devsonplayer              E  swr_init failed
2026-03-18 14:27:17.719 23793-25665 FFmpegDecoder           com.devson.devsonplayer              E  swr_init failed
2026-03-18 14:27:17.720 23793-25665 FFmpegDecoder           com.devson.devsonplayer              E  swr_init failed
2026-03-18 14:27:17.721 23793-25665 FFmpegDecoder           com.devson.devsonplayer              E  swr_init failed
2026-03-18 14:27:17.722 23793-25665 FFmpegDecoder           com.devson.devsonplayer              E  swr_init failed
2026-03-18 14:27:17.723 23793-25665 FFmpegDecoder           com.devson.devsonplayer              E  swr_init failed
2026-03-18 14:27:17.724 23793-25665 FFmpegDecoder           com.devson.devsonplayer              E  swr_init failed
2026-03-18 14:27:17.725 23793-25665 FFmpegDecoder           com.devson.devsonplayer              E  swr_init failed
2026-03-18 14:27:17.726 23793-25665 FFmpegDecoder           com.devson.devsonplayer              E  swr_init failed
2026-03-18 14:27:17.727 23793-25665 FFmpegDecoder           com.devson.devsonplayer              E  swr_init failed
2026-03-18 14:27:17.746 23793-25665 FFmpegDecoder           com.devson.devsonplayer              E  swr_init failed
2026-03-18 14:27:17.747 23793-25665 FFmpegDecoder           com.devson.devsonplayer              E  swr_init failed
2026-03-18 14:27:17.747 23793-25665 FFmpegDecoder           com.devson.devsonplayer              E  swr_init failed
2026-03-18 14:27:17.748 23793-25665 FFmpegDecoder           com.devson.devsonplayer              E  swr_init failed
2026-03-18 14:27:17.748 23793-25665 FFmpegDecoder           com.devson.devsonplayer              E  swr_init failed
2026-03-18 14:27:17.749 23793-25665 FFmpegDecoder           com.devson.devsonplayer              E  swr_init failed
2026-03-18 14:27:17.749 23793-25665 FFmpegDecoder           com.devson.devsonplayer              E  swr_init failed
2026-03-18 14:27:17.749 23793-25665 FFmpegDecoder           com.devson.devsonplayer              E  swr_init failed
2026-03-18 14:27:17.750 23793-25665 FFmpegDecoder           com.devson.devsonplayer              E  swr_init failed
2026-03-18 14:27:17.752 23793-23793 OnBackInvokedCallback   com.devson.devsonplayer              W  OnBackInvokedCallback is not enabled for the application.
                                                                                                    Set 'android:enableOnBackInvokedCallback="true"' in the application manifest.
2026-03-18 14:27:17.758 23793-23793 WindowManager           com.devson.devsonplayer              D  Add to mViews: DecorView@d088f46[MainActivity],pkg= com.devson.devsonplayer
2026-03-18 14:27:17.773 23793-23793 ViewRootImplExtImpl     com.devson.devsonplayer              D  onDisplayChanged -1 for VRI android.view.ViewRootImpl@2ae59d2
2026-03-18 14:27:17.775 23793-23793 InputEventReceiver      com.devson.devsonplayer              D  Input log is disabled
2026-03-18 14:27:17.780 23793-23793 OplusBracketLog         com.devson.devsonplayer              E  [OplusViewMirrorManager] updateHostViewRootIfNeeded, not support android.view.ViewRootImpl@2ae59d2
2026-03-18 14:27:17.781 23793-23793 OnBackInvokedCallback   com.devson.devsonplayer              W  OnBackInvokedCallback is not enabled for the application.
                                                                                                    Set 'android:enableOnBackInvokedCallback="true"' in the application manifest.
2026-03-18 14:27:17.871 23793-23793 BufferQueueConsumer     com.devson.devsonplayer              D  [](id:5cf100000002,api:0,p:-1,c:23793) connect: controlledByApp=false
2026-03-18 14:27:17.873 23793-23793 ZoomWindowDecorView     com.devson.devsonplayer              V  setLastReportedMergedConfiguration mZoomDisplayHeight: 720 getDecorView.218664774
2026-03-18 14:27:17.898 23793-23793 VRI[MainActivity]       com.devson.devsonplayer              D  registerCallbacksForSync syncBuffer=false
2026-03-18 14:27:17.909 23793-25665 FFmpegDecoder           com.devson.devsonplayer              E  swr_init failed
2026-03-18 14:27:17.910 23793-25665 FFmpegDecoder           com.devson.devsonplayer              E  swr_init failed
2026-03-18 14:27:17.910 23793-25665 FFmpegDecoder           com.devson.devsonplayer              E  swr_init failed
2026-03-18 14:27:17.910 23793-25665 FFmpegDecoder           com.devson.devsonplayer              E  swr_init failed
2026-03-18 14:27:17.911 23793-25665 FFmpegDecoder           com.devson.devsonplayer              E  swr_init failed
2026-03-18 14:27:17.911 23793-25665 FFmpegDecoder           com.devson.devsonplayer              E  swr_init failed
2026-03-18 14:27:17.911 23793-25665 FFmpegDecoder           com.devson.devsonplayer              E  swr_init failed
2026-03-18 14:27:17.912 23793-25665 FFmpegDecoder           com.devson.devsonplayer              E  swr_init failed
2026-03-18 14:27:17.915 23793-23986 BLASTBufferQueue        com.devson.devsonplayer              D  [VRI[MainActivity]#2](f:0,a:1) acquireNextBufferLocked size=1600x720 mFrameNumber=1 applyTransaction=true mTimestamp=23571565713635(auto) mPendingTransactions.size=0 graphicBufferId=102190156873745 transform=7
2026-03-18 14:27:17.915 23793-23986 VRI[MainActivity]       com.devson.devsonplayer              D  Received frameCommittedCallback lastAttemptedDrawFrameNum=1 didProduceBuffer=true syncBuffer=false
2026-03-18 14:27:17.916 23793-23986 Parcel                  com.devson.devsonplayer              W  Expecting binder but got null!
2026-03-18 14:27:17.917 23793-23793 VRI[MainActivity]       com.devson.devsonplayer              D  draw finished.
2026-03-18 14:27:17.917 23793-23793 VRI[MainActivity]       com.devson.devsonplayer              D  onFocusEvent false
2026-03-18 14:27:17.918 23793-23793 Quality                 com.devson.devsonplayer              I  Skipped: false 12 cost 208.0471 refreshRate 16691409 bit true processName com.devson.devsonplayer
2026-03-18 14:27:17.964 23793-23793 Quality                 com.devson.devsonplayer              I  Skipped: false 2 cost 36.327286 refreshRate 16707714 bit true processName com.devson.devsonplayer
2026-03-18 14:27:17.992 23793-23793 VRI[MainActivity]       com.devson.devsonplayer              D  onFocusEvent true
2026-03-18 14:27:17.998 23793-23793 Quality                 com.devson.devsonplayer              I  Skipped: true 1 cost 20.895067 refreshRate 16703083 bit true processName com.devson.devsonplayer
2026-03-18 14:27:18.030 23793-23793 Quality                 com.devson.devsonplayer              I  Skipped: false 1 cost 19.19716 refreshRate 16725577 bit true processName com.devson.devsonplayer
2026-03-18 14:27:18.131 23793-23793 Quality                 com.devson.devsonplayer              I  Skipped: true 1 cost 19.654427 refreshRate 16706226 bit true processName com.devson.devsonplayer
2026-03-18 14:27:18.203 23793-25665 FFmpegDecoder           com.devson.devsonplayer              E  swr_init failed
2026-03-18 14:27:18.260 23793-25665 FFmpegDecoder           com.devson.devsonplayer              E  swr_init failed
2026-03-18 14:27:18.261 23793-25665 FFmpegDecoder           com.devson.devsonplayer              E  swr_init failed
2026-03-18 14:27:18.261 23793-25665 FFmpegDecoder           com.devson.devsonplayer              E  swr_init failed
2026-03-18 14:27:18.262 23793-25665 FFmpegDecoder           com.devson.devsonplayer              E  swr_init failed
2026-03-18 14:27:18.262 23793-25665 FFmpegDecoder           com.devson.devsonplayer              E  swr_init failed
2026-03-18 14:27:18.263 23793-25665 FFmpegDecoder           com.devson.devsonplayer              E  swr_init failed
2026-03-18 14:27:18.263 23793-25665 FFmpegDecoder           com.devson.devsonplayer              E  swr_init failed
2026-03-18 14:27:18.264 23793-25665 FFmpegDecoder           com.devson.devsonplayer              E  swr_init failed
2026-03-18 14:27:18.264 23793-25665 FFmpegDecoder           com.devson.devsonplayer              E  swr_init failed
2026-03-18 14:27:18.264 23793-25665 FFmpegDecoder           com.devson.devsonplayer              E  swr_init failed
2026-03-18 14:27:18.265 23793-25665 FFmpegDecoder           com.devson.devsonplayer              E  swr_init failed
2026-03-18 14:27:18.268 23793-25665 FFmpegDecoder           com.devson.devsonplayer              E  swr_init failed
2026-03-18 14:27:18.269 23793-25665 FFmpegDecoder           com.devson.devsonplayer              E  swr_init failed
2026-03-18 14:27:18.270 23793-25665 FFmpegDecoder           com.devson.devsonplayer              E  swr_init failed
2026-03-18 14:27:18.271 23793-25665 FFmpegDecoder           com.devson.devsonplayer              E  swr_init failed
2026-03-18 14:27:18.422 23793-25665 FFmpegDecoder           com.devson.devsonplayer              E  swr_init failed
2026-03-18 14:27:18.423 23793-25665 FFmpegDecoder           com.devson.devsonplayer              E  swr_init failed
2026-03-18 14:27:18.424 23793-25665 FFmpegDecoder           com.devson.devsonplayer              E  swr_init failed
2026-03-18 14:27:18.424 23793-25665 FFmpegDecoder           com.devson.devsonplayer              E  swr_init failed
2026-03-18 14:27:18.424 23793-25665 FFmpegDecoder           com.devson.devsonplayer              E  swr_init failed
2026-03-18 14:27:18.425 23793-25665 FFmpegDecoder           com.devson.devsonplayer              E  swr_init failed
2026-03-18 14:27:18.427 23793-25665 FFmpegDecoder           com.devson.devsonplayer              E  swr_init failed
2026-03-18 14:27:18.427 23793-25665 FFmpegDecoder           com.devson.devsonplayer              E  swr_init failed
2026-03-18 14:27:18.631 23793-25665 FFmpegDecoder           com.devson.devsonplayer              E  swr_init failed
2026-03-18 14:27:18.631 23793-25665 FFmpegDecoder           com.devson.devsonplayer              E  swr_init failed
2026-03-18 14:27:18.632 23793-25665 FFmpegDecoder           com.devson.devsonplayer              E  swr_init failed
2026-03-18 14:27:18.633 23793-25665 FFmpegDecoder           com.devson.devsonplayer              E  swr_init failed
2026-03-18 14:27:18.633 23793-25665 FFmpegDecoder           com.devson.devsonplayer              E  swr_init failed
2026-03-18 14:27:18.634 23793-25665 FFmpegDecoder           com.devson.devsonplayer              E  swr_init failed
2026-03-18 14:27:18.634 23793-25665 FFmpegDecoder           com.devson.devsonplayer              E  swr_init failed
2026-03-18 14:27:18.634 23793-25665 FFmpegDecoder           com.devson.devsonplayer              E  swr_init failed
2026-03-18 14:27:18.903 23793-25665 FFmpegDecoder           com.devson.devsonplayer              E  swr_init failed
2026-03-18 14:27:18.905 23793-25665 FFmpegDecoder           com.devson.devsonplayer              E  swr_init failed
2026-03-18 14:27:18.906 23793-25665 FFmpegDecoder           com.devson.devsonplayer              E  swr_init failed
2026-03-18 14:27:18.908 23793-25665 FFmpegDecoder           com.devson.devsonplayer              E  swr_init failed
2026-03-18 14:27:18.908 23793-25665 FFmpegDecoder           com.devson.devsonplayer              E  swr_init failed
2026-03-18 14:27:18.909 23793-25665 FFmpegDecoder           com.devson.devsonplayer              E  swr_init failed
2026-03-18 14:27:18.909 23793-25665 FFmpegDecoder           com.devson.devsonplayer              E  swr_init failed
2026-03-18 14:27:18.910 23793-25665 FFmpegDecoder           com.devson.devsonplayer              E  swr_init failed
2026-03-18 14:27:18.910 23793-25665 FFmpegDecoder           com.devson.devsonplayer              E  swr_init failed
2026-03-18 14:27:18.958 23793-23793 OplusScrollToTopManager com.devson.devsonplayer              D  com.devson.devsonplayer/com.devson.devsonplayer.MainActivity,This DecorView@cf16764[MainActivity] change focus to false
2026-03-18 14:27:19.021 23793-23793 OplusScrollToTopManager com.devson.devsonplayer              D  com.devson.devsonplayer/com.devson.devsonplayer.MainActivity,This DecorView@d088f46[MainActivity] change focus to true
2026-03-18 14:27:19.072 23793-25665 FFmpegDecoder           com.devson.devsonplayer              E  swr_init failed
2026-03-18 14:27:19.074 23793-25665 FFmpegDecoder           com.devson.devsonplayer              E  swr_init failed
2026-03-18 14:27:19.075 23793-25665 FFmpegDecoder           com.devson.devsonplayer              E  swr_init failed
2026-03-18 14:27:19.075 23793-25665 FFmpegDecoder           com.devson.devsonplayer              E  swr_init failed
2026-03-18 14:27:19.075 23793-25665 FFmpegDecoder           com.devson.devsonplayer              E  swr_init failed
2026-03-18 14:27:19.076 23793-25665 FFmpegDecoder           com.devson.devsonplayer              E  swr_init failed
2026-03-18 14:27:19.076 23793-25665 FFmpegDecoder           com.devson.devsonplayer              E  swr_init failed
2026-03-18 14:27:19.077 23793-25665 FFmpegDecoder           com.devson.devsonplayer              E  swr_init failed
2026-03-18 14:27:19.211 23793-25665 FFmpegDecoder           com.devson.devsonplayer              E  swr_init failed
2026-03-18 14:27:19.212 23793-25665 FFmpegDecoder           com.devson.devsonplayer              E  swr_init failed
2026-03-18 14:27:19.213 23793-25665 FFmpegDecoder           com.devson.devsonplayer              E  swr_init failed
2026-03-18 14:27:19.215 23793-25665 FFmpegDecoder           com.devson.devsonplayer              E  swr_init failed
2026-03-18 14:27:19.216 23793-23793 Quality                 com.devson.devsonplayer              I  Skipped: false 1 cost 18.072515 refreshRate 16732790 bit true processName com.devson.devsonplayer
2026-03-18 14:27:19.216 23793-25665 FFmpegDecoder           com.devson.devsonplayer              E  swr_init failed
2026-03-18 14:27:19.218 23793-25665 FFmpegDecoder           com.devson.devsonplayer              E  swr_init failed
2026-03-18 14:27:19.218 23793-25665 FFmpegDecoder           com.devson.devsonplayer              E  swr_init failed
2026-03-18 14:27:19.220 23793-25665 FFmpegDecoder           com.devson.devsonplayer              E  swr_init failed
2026-03-18 14:27:19.351 23793-25665 FFmpegDecoder           com.devson.devsonplayer              E  swr_init failed
2026-03-18 14:27:19.352 23793-25665 FFmpegDecoder           com.devson.devsonplayer              E  swr_init failed
2026-03-18 14:27:19.353 23793-25665 FFmpegDecoder           com.devson.devsonplayer              E  swr_init failed
2026-03-18 14:27:19.354 23793-25665 FFmpegDecoder           com.devson.devsonplayer              E  swr_init failed
2026-03-18 14:27:19.354 23793-25665 FFmpegDecoder           com.devson.devsonplayer              E  swr_init failed
2026-03-18 14:27:19.354 23793-25665 FFmpegDecoder           com.devson.devsonplayer              E  swr_init failed
2026-03-18 14:27:19.355 23793-25665 FFmpegDecoder           com.devson.devsonplayer              E  swr_init failed
2026-03-18 14:27:19.355 23793-25665 FFmpegDecoder           com.devson.devsonplayer              E  swr_init failed
2026-03-18 14:27:19.508 23793-23793 OplusScrollToTopManager com.devson.devsonplayer              D  com.devson.devsonplayer/com.devson.devsonplayer.MainActivity,window dying
2026-03-18 14:27:19.508 23793-23793 OplusScrollToTopManager com.devson.devsonplayer              D  com.devson.devsonplayer/com.devson.devsonplayer.MainActivity,unregisterSystemUIBroadcastReceiver 
2026-03-18 14:27:19.508 23793-23793 OplusScrollToTopManager com.devson.devsonplayer              D  com.devson.devsonplayer/com.devson.devsonplayer.MainActivity, unregisterSystemUIBroadcastReceiver failed java.lang.IllegalArgumentException: Receiver not registered: android.view.OplusScrollToTopManager$2@30d17c2
2026-03-18 14:27:19.536 23793-23793 ZoomWindowDecorView     com.devson.devsonplayer              V  removeZoomView
2026-03-18 14:27:19.536 23793-23793 OpenGLRenderer          com.devson.devsonplayer              D  RenderProxy::destroy: this=0xb400007bc94eb000, mContext=0xb400007be24f63c0
2026-03-18 14:27:19.537 23793-23986 OpenGLRenderer          com.devson.devsonplayer              D  SkiaOpenGLPipeline::setSurface: this=0xb400007bf4684e00, surface=NULL
2026-03-18 14:27:19.539 23793-23793 BLASTBufferQueue        com.devson.devsonplayer              D  [VRI[MainActivity]#2](f:0,a:1) destructor()
2026-03-18 14:27:19.539 23793-23793 BufferQueueConsumer     com.devson.devsonplayer              D  [VRI[MainActivity]#2(BLAST Consumer)2](id:5cf100000002,api:0,p:-1,c:23793) disconnect
2026-03-18 14:27:19.570 23793-23793 Quality                 com.devson.devsonplayer              I  Skipped: true 3 cost 55.655674 refreshRate 16668141 bit true processName com.devson.devsonplayer
2026-03-18 14:27:19.599 23793-23793 VRI[MainActivity]       com.devson.devsonplayer              D  onFocusEvent true
2026-03-18 14:27:19.609 23793-23793 Quality                 com.devson.devsonplayer              I  Skipped: false 1 cost 28.14801 refreshRate 16704099 bit true processName com.devson.devsonplayer
2026-03-18 14:27:19.627 23793-23793 AudioManagerExtImpl     com.devson.devsonplayer              D  getStreamVolume packageName=com.devson.devsonplayer, index=10, streamType=3
2026-03-18 14:27:19.690 23793-25665 FFmpegDecoder           com.devson.devsonplayer              E  swr_init failed
2026-03-18 14:27:19.690 23793-25665 FFmpegDecoder           com.devson.devsonplayer              E  swr_init failed
2026-03-18 14:27:19.691 23793-25665 FFmpegDecoder           com.devson.devsonplayer              E  swr_init failed
2026-03-18 14:27:19.691 23793-25665 FFmpegDecoder           com.devson.devsonplayer              E  swr_init failed
2026-03-18 14:27:19.692 23793-25665 FFmpegDecoder           com.devson.devsonplayer              E  swr_init failed
2026-03-18 14:27:19.692 23793-25665 FFmpegDecoder           com.devson.devsonplayer              E  swr_init failed
2026-03-18 14:27:19.692 23793-25665 FFmpegDecoder           com.devson.devsonplayer              E  swr_init failed
2026-03-18 14:27:19.693 23793-25665 FFmpegDecoder           com.devson.devsonplayer              E  swr_init failed
2026-03-18 14:27:19.693 23793-25665 FFmpegDecoder           com.devson.devsonplayer              E  swr_init failed
2026-03-18 14:27:19.693 23793-25665 FFmpegDecoder           com.devson.devsonplayer              E  swr_init failed
2026-03-18 14:27:19.694 23793-25665 FFmpegDecoder           com.devson.devsonplayer              E  swr_init failed
2026-03-18 14:27:19.694 23793-25665 FFmpegDecoder           com.devson.devsonplayer              E  swr_init failed
2026-03-18 14:27:19.694 23793-25665 FFmpegDecoder           com.devson.devsonplayer              E  swr_init failed
2026-03-18 14:27:19.695 23793-25665 FFmpegDecoder           com.devson.devsonplayer              E  swr_init failed
2026-03-18 14:27:19.695 23793-25665 FFmpegDecoder           com.devson.devsonplayer              E  swr_init failed
2026-03-18 14:27:19.696 23793-25665 FFmpegDecoder           com.devson.devsonplayer              E  swr_init failed
2026-03-18 14:27:19.883 23793-25665 FFmpegDecoder           com.devson.devsonplayer              E  swr_init failed
2026-03-18 14:27:19.883 23793-25665 FFmpegDecoder           com.devson.devsonplayer              E  swr_init failed
2026-03-18 14:27:19.884 23793-25665 FFmpegDecoder           com.devson.devsonplayer              E  swr_init failed
2026-03-18 14:27:19.885 23793-25665 FFmpegDecoder           com.devson.devsonplayer              E  swr_init failed
2026-03-18 14:27:19.885 23793-25665 FFmpegDecoder           com.devson.devsonplayer              E  swr_init failed
2026-03-18 14:27:19.886 23793-25665 FFmpegDecoder           com.devson.devsonplayer              E  swr_init failed
2026-03-18 14:27:19.886 23793-25665 FFmpegDecoder           com.devson.devsonplayer              E  swr_init failed
2026-03-18 14:27:19.887 23793-25665 FFmpegDecoder           com.devson.devsonplayer              E  swr_init failed
2026-03-18 14:27:20.042 23793-25665 FFmpegDecoder           com.devson.devsonplayer              E  swr_init failed
2026-03-18 14:27:20.043 23793-25665 FFmpegDecoder           com.devson.devsonplayer              E  swr_init failed
2026-03-18 14:27:20.044 23793-25665 FFmpegDecoder           com.devson.devsonplayer              E  swr_init failed
2026-03-18 14:27:20.045 23793-25665 FFmpegDecoder           com.devson.devsonplayer              E  swr_init failed
2026-03-18 14:27:20.045 23793-25665 FFmpegDecoder           com.devson.devsonplayer              E  swr_init failed
2026-03-18 14:27:20.046 23793-25665 FFmpegDecoder           com.devson.devsonplayer              E  swr_init failed
2026-03-18 14:27:20.046 23793-25665 FFmpegDecoder           com.devson.devsonplayer              E  swr_init failed
2026-03-18 14:27:20.047 23793-25665 FFmpegDecoder           com.devson.devsonplayer              E  swr_init failed
2026-03-18 14:27:20.092 23793-23793 Quality                 com.devson.devsonplayer              I  Skipped: false 8 cost 142.55309 refreshRate 16732462 bit true processName com.devson.devsonplayer
2026-03-18 14:27:20.116 23793-23793 Quality                 com.devson.devsonplayer              I  Skipped: false 1 cost 17.478294 refreshRate 16670787 bit true processName com.devson.devsonplayer
2026-03-18 14:27:20.205 23793-25665 FFmpegDecoder           com.devson.devsonplayer              E  swr_init failed
2026-03-18 14:27:20.207 23793-25665 FFmpegDecoder           com.devson.devsonplayer              E  swr_init failed
2026-03-18 14:27:20.207 23793-25665 FFmpegDecoder           com.devson.devsonplayer              E  swr_init failed
2026-03-18 14:27:20.208 23793-25665 FFmpegDecoder           com.devson.devsonplayer              E  swr_init failed
2026-03-18 14:27:20.209 23793-25665 FFmpegDecoder           com.devson.devsonplayer              E  swr_init failed
2026-03-18 14:27:20.209 23793-25665 FFmpegDecoder           com.devson.devsonplayer              E  swr_init failed
2026-03-18 14:27:20.210 23793-25665 FFmpegDecoder           com.devson.devsonplayer              E  swr_init failed
2026-03-18 14:27:20.210 23793-25665 FFmpegDecoder           com.devson.devsonplayer              E  swr_init failed
2026-03-18 14:27:20.369 23793-25665 FFmpegDecoder           com.devson.devsonplayer              E  swr_init failed
2026-03-18 14:27:20.370 23793-25665 FFmpegDecoder           com.devson.devsonplayer              E  swr_init failed
2026-03-18 14:27:20.370 23793-25665 FFmpegDecoder           com.devson.devsonplayer              E  swr_init failed
2026-03-18 14:27:20.370 23793-25665 FFmpegDecoder           com.devson.devsonplayer              E  swr_init failed
2026-03-18 14:27:20.371 23793-25665 FFmpegDecoder           com.devson.devsonplayer              E  swr_init failed
2026-03-18 14:27:20.371 23793-25665 FFmpegDecoder           com.devson.devsonplayer              E  swr_init failed
2026-03-18 14:27:20.372 23793-25665 FFmpegDecoder           com.devson.devsonplayer              E  swr_init failed
2026-03-18 14:27:20.372 23793-25665 FFmpegDecoder           com.devson.devsonplayer              E  swr_init failed
2026-03-18 14:27:20.458 23793-23793 Quality                 com.devson.devsonplayer              I  Skipped: true 1 cost 25.686392 refreshRate 16704144 bit true processName com.devson.devsonplayer
2026-03-18 14:27:20.619 23793-23793 OplusScrollToTopManager com.devson.devsonplayer              D  com.devson.devsonplayer/com.devson.devsonplayer.MainActivity,This DecorView@cf16764[MainActivity] change focus to true
2026-03-18 14:27:20.633 23793-25665 FFmpegDecoder           com.devson.devsonplayer              E  swr_init failed
2026-03-18 14:27:20.634 23793-25665 FFmpegDecoder           com.devson.devsonplayer              E  swr_init failed
2026-03-18 14:27:20.635 23793-25665 FFmpegDecoder           com.devson.devsonplayer              E  swr_init failed
2026-03-18 14:27:20.636 23793-25665 FFmpegDecoder           com.devson.devsonplayer              E  swr_init failed
2026-03-18 14:27:20.636 23793-25665 FFmpegDecoder           com.devson.devsonplayer              E  swr_init failed
2026-03-18 14:27:20.637 23793-25665 FFmpegDecoder           com.devson.devsonplayer              E  swr_init failed
2026-03-18 14:27:20.637 23793-25665 FFmpegDecoder           com.devson.devsonplayer              E  swr_init failed
2026-03-18 14:27:20.637 23793-25665 FFmpegDecoder           com.devson.devsonplayer              E  swr_init failed
2026-03-18 14:27:20.638 23793-25665 FFmpegDecoder           com.devson.devsonplayer              E  swr_init failed
2026-03-18 14:27:20.638 23793-25665 FFmpegDecoder           com.devson.devsonplayer              E  swr_init failed
2026-03-18 14:27:20.639 23793-25665 FFmpegDecoder           com.devson.devsonplayer              E  swr_init failed
2026-03-18 14:27:20.639 23793-25665 FFmpegDecoder           com.devson.devsonplayer              E  swr_init failed
2026-03-18 14:27:20.639 23793-25665 FFmpegDecoder           com.devson.devsonplayer              E  swr_init failed
2026-03-18 14:27:20.640 23793-25665 FFmpegDecoder           com.devson.devsonplayer              E  swr_init failed
2026-03-18 14:27:20.640 23793-25665 FFmpegDecoder           com.devson.devsonplayer              E  swr_init failed
2026-03-18 14:27:20.641 23793-25665 FFmpegDecoder           com.devson.devsonplayer              E  swr_init failed
2026-03-18 14:27:20.750 23793-25665 FFmpegDecoder           com.devson.devsonplayer              E  swr_init failed
2026-03-18 14:27:20.751 23793-25665 FFmpegDecoder           com.devson.devsonplayer              E  swr_init failed
2026-03-18 14:27:20.751 23793-25665 FFmpegDecoder           com.devson.devsonplayer              E  swr_init failed
2026-03-18 14:27:20.752 23793-25665 FFmpegDecoder           com.devson.devsonplayer              E  swr_init failed
2026-03-18 14:27:20.753 23793-25665 FFmpegDecoder           com.devson.devsonplayer              E  swr_init failed
2026-03-18 14:27:20.755 23793-25665 FFmpegDecoder           com.devson.devsonplayer              E  swr_init failed
2026-03-18 14:27:20.756 23793-25665 FFmpegDecoder           com.devson.devsonplayer              E  swr_init failed
2026-03-18 14:27:20.757 23793-25665 FFmpegDecoder           com.devson.devsonplayer              E  swr_init failed
2026-03-18 14:27:20.920 23793-25665 FFmpegDecoder           com.devson.devsonplayer              E  swr_init failed
2026-03-18 14:27:20.921 23793-25665 FFmpegDecoder           com.devson.devsonplayer              E  swr_init failed
2026-03-18 14:27:20.922 23793-25665 FFmpegDecoder           com.devson.devsonplayer              E  swr_init failed
2026-03-18 14:27:20.923 23793-25665 FFmpegDecoder           com.devson.devsonplayer              E  swr_init failed
2026-03-18 14:27:20.924 23793-25665 FFmpegDecoder           com.devson.devsonplayer              E  swr_init failed
2026-03-18 14:27:20.926 23793-25665 FFmpegDecoder           com.devson.devsonplayer              E  swr_init failed
2026-03-18 14:27:20.927 23793-25665 FFmpegDecoder           com.devson.devsonplayer              E  swr_init failed
2026-03-18 14:27:20.928 23793-25665 FFmpegDecoder           com.devson.devsonplayer              E  swr_init failed
2026-03-18 14:27:21.086 23793-25665 FFmpegDecoder           com.devson.devsonplayer              E  swr_init failed
2026-03-18 14:27:21.244 23793-25665 FFmpegDecoder           com.devson.devsonplayer              E  swr_init failed
2026-03-18 14:27:21.245 23793-25665 FFmpegDecoder           com.devson.devsonplayer              E  swr_init failed
2026-03-18 14:27:21.246 23793-25665 FFmpegDecoder           com.devson.devsonplayer              E  swr_init failed
2026-03-18 14:27:21.247 23793-25665 FFmpegDecoder           com.devson.devsonplayer              E  swr_init failed
2026-03-18 14:27:21.248 23793-25665 FFmpegDecoder           com.devson.devsonplayer              E  swr_init failed
2026-03-18 14:27:21.249 23793-25665 FFmpegDecoder           com.devson.devsonplayer              E  swr_init failed
2026-03-18 14:27:21.250 23793-25665 FFmpegDecoder           com.devson.devsonplayer              E  swr_init failed
2026-03-18 14:27:21.252 23793-25665 FFmpegDecoder           com.devson.devsonplayer              E  swr_init failed
2026-03-18 14:27:21.253 23793-25665 FFmpegDecoder           com.devson.devsonplayer              E  swr_init failed
2026-03-18 14:27:21.255 23793-25665 FFmpegDecoder           com.devson.devsonplayer              E  swr_init failed
2026-03-18 14:27:21.256 23793-25665 FFmpegDecoder           com.devson.devsonplayer              E  swr_init failed
2026-03-18 14:27:21.257 23793-25665 FFmpegDecoder           com.devson.devsonplayer              E  swr_init failed
2026-03-18 14:27:21.258 23793-25665 FFmpegDecoder           com.devson.devsonplayer              E  swr_init failed
2026-03-18 14:27:21.259 23793-25665 FFmpegDecoder           com.devson.devsonplayer              E  swr_init failed
2026-03-18 14:27:21.260 23793-25665 FFmpegDecoder           com.devson.devsonplayer              E  swr_init failed
2026-03-18 14:27:21.261 23793-25665 FFmpegDecoder           com.devson.devsonplayer              E  swr_init failed
2026-03-18 14:27:21.262 23793-25665 FFmpegDecoder           com.devson.devsonplayer              E  swr_init failed
2026-03-18 14:27:21.262 23793-25665 FFmpegDecoder           com.devson.devsonplayer              E  swr_init failed
2026-03-18 14:27:21.263 23793-25665 FFmpegDecoder           com.devson.devsonplayer              E  swr_init failed
2026-03-18 14:27:21.264 23793-25665 FFmpegDecoder           com.devson.devsonplayer              E  swr_init failed
2026-03-18 14:27:21.266 23793-25665 FFmpegDecoder           com.devson.devsonplayer              E  swr_init failed
2026-03-18 14:27:21.267 23793-25665 FFmpegDecoder           com.devson.devsonplayer              E  swr_init failed
2026-03-18 14:27:21.268 23793-25665 FFmpegDecoder           com.devson.devsonplayer              E  swr_init failed
2026-03-18 14:27:21.269 23793-25665 FFmpegDecoder           com.devson.devsonplayer              E  swr_init failed
2026-03-18 14:27:21.270 23793-25665 FFmpegDecoder           com.devson.devsonplayer              E  swr_init failed
2026-03-18 14:27:21.271 23793-25665 FFmpegDecoder           com.devson.devsonplayer              E  swr_init failed
2026-03-18 14:27:21.273 23793-25665 FFmpegDecoder           com.devson.devsonplayer              E  swr_init failed
2026-03-18 14:27:21.274 23793-25665 FFmpegDecoder           com.devson.devsonplayer              E  swr_init failed
2026-03-18 14:27:21.275 23793-25665 FFmpegDecoder           com.devson.devsonplayer              E  swr_init failed
2026-03-18 14:27:21.276 23793-25665 FFmpegDecoder           com.devson.devsonplayer              E  swr_init failed
2026-03-18 14:27:21.277 23793-25665 FFmpegDecoder           com.devson.devsonplayer              E  swr_init failed
2026-03-18 14:27:21.278 23793-25665 FFmpegDecoder           com.devson.devsonplayer              E  swr_init failed
2026-03-18 14:27:21.279 23793-25665 FFmpegDecoder           com.devson.devsonplayer              E  swr_init failed
2026-03-18 14:27:21.280 23793-25665 FFmpegDecoder           com.devson.devsonplayer              E  swr_init failed
2026-03-18 14:27:21.281 23793-25665 FFmpegDecoder           com.devson.devsonplayer              E  swr_init failed
2026-03-18 14:27:21.282 23793-25665 FFmpegDecoder           com.devson.devsonplayer              E  swr_init failed
2026-03-18 14:27:21.283 23793-25665 FFmpegDecoder           com.devson.devsonplayer              E  swr_init failed
2026-03-18 14:27:21.283 23793-25665 FFmpegDecoder           com.devson.devsonplayer              E  swr_init failed
2026-03-18 14:27:21.284 23793-25665 FFmpegDecoder           com.devson.devsonplayer              E  swr_init failed
2026-03-18 14:27:21.285 23793-25665 FFmpegDecoder           com.devson.devsonplayer              E  swr_init failed
2026-03-18 14:27:21.286 23793-25665 FFmpegDecoder           com.devson.devsonplayer              E  swr_init failed
2026-03-18 14:27:21.287 23793-25665 FFmpegDecoder           com.devson.devsonplayer              E  swr_init failed
2026-03-18 14:27:21.288 23793-25665 FFmpegDecoder           com.devson.devsonplayer              E  swr_init failed
2026-03-18 14:27:21.289 23793-25665 FFmpegDecoder           com.devson.devsonplayer              E  swr_init failed
2026-03-18 14:27:21.290 23793-25665 FFmpegDecoder           com.devson.devsonplayer              E  swr_init failed
2026-03-18 14:27:21.291 23793-25665 FFmpegDecoder           com.devson.devsonplayer              E  swr_init failed
2026-03-18 14:27:21.292 23793-25665 FFmpegDecoder           com.devson.devsonplayer              E  swr_init failed
2026-03-18 14:27:21.292 23793-25665 FFmpegDecoder           com.devson.devsonplayer              E  swr_init failed
2026-03-18 14:27:21.681 23793-25665 FFmpegDecoder           com.devson.devsonplayer              E  swr_init failed
2026-03-18 14:27:21.682 23793-25665 FFmpegDecoder           com.devson.devsonplayer              E  swr_init failed
2026-03-18 14:27:21.683 23793-25665 FFmpegDecoder           com.devson.devsonplayer              E  swr_init failed
2026-03-18 14:27:21.684 23793-25665 FFmpegDecoder           com.devson.devsonplayer              E  swr_init failed
2026-03-18 14:27:21.685 23793-25665 FFmpegDecoder           com.devson.devsonplayer              E  swr_init failed
2026-03-18 14:27:21.687 23793-25665 FFmpegDecoder           com.devson.devsonplayer              E  swr_init failed
2026-03-18 14:27:21.687 23793-25665 FFmpegDecoder           com.devson.devsonplayer              E  swr_init failed
2026-03-18 14:27:21.687 23793-25665 FFmpegDecoder           com.devson.devsonplayer              E  swr_init failed
2026-03-18 14:27:21.877 23793-25665 FFmpegDecoder           com.devson.devsonplayer              E  swr_init failed
2026-03-18 14:27:21.878 23793-25665 FFmpegDecoder           com.devson.devsonplayer              E  swr_init failed
2026-03-18 14:27:21.880 23793-25665 FFmpegDecoder           com.devson.devsonplayer              E  swr_init failed
2026-03-18 14:27:21.881 23793-25665 FFmpegDecoder           com.devson.devsonplayer              E  swr_init failed
2026-03-18 14:27:21.882 23793-25665 FFmpegDecoder           com.devson.devsonplayer              E  swr_init failed
2026-03-18 14:27:21.883 23793-25665 FFmpegDecoder           com.devson.devsonplayer              E  swr_init failed
2026-03-18 14:27:21.885 23793-25665 FFmpegDecoder           com.devson.devsonplayer              E  swr_init failed
2026-03-18 14:27:21.886 23793-25665 FFmpegDecoder           com.devson.devsonplayer              E  swr_init failed
2026-03-18 14:27:22.034 23793-23793 AudioManagerExtImpl     com.devson.devsonplayer              D  getStreamVolume packageName=com.devson.devsonplayer, index=10, streamType=3
2026-03-18 14:27:22.054 23793-25665 FFmpegDecoder           com.devson.devsonplayer              E  swr_init failed
2026-03-18 14:27:22.055 23793-25665 FFmpegDecoder           com.devson.devsonplayer              E  swr_init failed
2026-03-18 14:27:22.055 23793-25665 FFmpegDecoder           com.devson.devsonplayer              E  swr_init failed
2026-03-18 14:27:22.056 23793-25665 FFmpegDecoder           com.devson.devsonplayer              E  swr_init failed
2026-03-18 14:27:22.056 23793-25665 FFmpegDecoder           com.devson.devsonplayer              E  swr_init failed
2026-03-18 14:27:22.056 23793-25665 FFmpegDecoder           com.devson.devsonplayer              E  swr_init failed
2026-03-18 14:27:22.057 23793-25665 FFmpegDecoder           com.devson.devsonplayer              E  swr_init failed
2026-03-18 14:27:22.057 23793-25665 FFmpegDecoder           com.devson.devsonplayer              E  swr_init failed
2026-03-18 14:27:22.198 23793-25665 FFmpegDecoder           com.devson.devsonplayer              E  swr_init failed
2026-03-18 14:27:22.200 23793-25665 FFmpegDecoder           com.devson.devsonplayer              E  swr_init failed
2026-03-18 14:27:22.201 23793-25665 FFmpegDecoder           com.devson.devsonplayer              E  swr_init failed
2026-03-18 14:27:22.202 23793-25665 FFmpegDecoder           com.devson.devsonplayer              E  swr_init failed
2026-03-18 14:27:22.204 23793-25665 FFmpegDecoder           com.devson.devsonplayer              E  swr_init failed
2026-03-18 14:27:22.205 23793-25665 FFmpegDecoder           com.devson.devsonplayer              E  swr_init failed
2026-03-18 14:27:22.207 23793-25665 FFmpegDecoder           com.devson.devsonplayer              E  swr_init failed
2026-03-18 14:27:22.208 23793-25665 FFmpegDecoder           com.devson.devsonplayer              E  swr_init failed
2026-03-18 14:27:22.532 23793-25665 FFmpegDecoder           com.devson.devsonplayer              E  swr_init failed
2026-03-18 14:27:22.533 23793-25665 FFmpegDecoder           com.devson.devsonplayer              E  swr_init failed
2026-03-18 14:27:22.533 23793-25665 FFmpegDecoder           com.devson.devsonplayer              E  swr_init failed
2026-03-18 14:27:22.534 23793-25665 FFmpegDecoder           com.devson.devsonplayer              E  swr_init failed
2026-03-18 14:27:22.535 23793-25665 FFmpegDecoder           com.devson.devsonplayer              E  swr_init failed
2026-03-18 14:27:22.536 23793-25665 FFmpegDecoder           com.devson.devsonplayer              E  swr_init failed
2026-03-18 14:27:22.537 23793-25665 FFmpegDecoder           com.devson.devsonplayer              E  swr_init failed
2026-03-18 14:27:22.538 23793-25665 FFmpegDecoder           com.devson.devsonplayer              E  swr_init failed
2026-03-18 14:27:22.709 23793-23793 Quality                 com.devson.devsonplayer              I  Skipped: true 1 cost 21.70007 refreshRate 16699327 bit true processName com.devson.devsonplayer
2026-03-18 14:27:22.711 23793-25665 FFmpegDecoder           com.devson.devsonplayer              E  swr_init failed
2026-03-18 14:27:22.757 23793-23793 Quality                 com.devson.devsonplayer              I  Skipped: true 1 cost 19.338547 refreshRate 16703466 bit true processName com.devson.devsonplayer
2026-03-18 14:27:23.118 23793-25665 FFmpegDecoder           com.devson.devsonplayer              E  swr_init failed
2026-03-18 14:27:23.121 23793-25665 FFmpegDecoder           com.devson.devsonplayer              E  swr_init failed
2026-03-18 14:27:23.124 23793-25665 FFmpegDecoder           com.devson.devsonplayer              E  swr_init failed
2026-03-18 14:27:23.126 23793-25665 FFmpegDecoder           com.devson.devsonplayer              E  swr_init failed
2026-03-18 14:27:23.129 23793-25665 FFmpegDecoder           com.devson.devsonplayer              E  swr_init failed
2026-03-18 14:27:23.129 23793-25665 FFmpegDecoder           com.devson.devsonplayer              E  swr_init failed
2026-03-18 14:27:23.129 23793-25665 FFmpegDecoder           com.devson.devsonplayer              E  swr_init failed
2026-03-18 14:27:23.130 23793-25665 FFmpegDecoder           com.devson.devsonplayer              E  swr_init failed
2026-03-18 14:27:23.131 23793-25665 FFmpegDecoder           com.devson.devsonplayer              E  swr_init failed
2026-03-18 14:27:23.132 23793-25665 FFmpegDecoder           com.devson.devsonplayer              E  swr_init failed
2026-03-18 14:27:23.133 23793-25665 FFmpegDecoder           com.devson.devsonplayer              E  swr_init failed
2026-03-18 14:27:23.135 23793-25665 FFmpegDecoder           com.devson.devsonplayer              E  swr_init failed
2026-03-18 14:27:23.136 23793-25665 FFmpegDecoder           com.devson.devsonplayer              E  swr_init failed
2026-03-18 14:27:23.138 23793-25665 FFmpegDecoder           com.devson.devsonplayer              E  swr_init failed
2026-03-18 14:27:23.140 23793-25665 FFmpegDecoder           com.devson.devsonplayer              E  swr_init failed
2026-03-18 14:27:23.142 23793-25665 FFmpegDecoder           com.devson.devsonplayer              E  swr_init failed
2026-03-18 14:27:23.143 23793-25665 FFmpegDecoder           com.devson.devsonplayer              E  swr_init failed
2026-03-18 14:27:23.145 23793-25665 FFmpegDecoder           com.devson.devsonplayer              E  swr_init failed
2026-03-18 14:27:23.147 23793-25665 FFmpegDecoder           com.devson.devsonplayer              E  swr_init failed
2026-03-18 14:27:23.149 23793-25665 FFmpegDecoder           com.devson.devsonplayer              E  swr_init failed
2026-03-18 14:27:23.149 23793-25665 FFmpegDecoder           com.devson.devsonplayer              E  swr_init failed
2026-03-18 14:27:23.150 23793-25665 FFmpegDecoder           com.devson.devsonplayer              E  swr_init failed
2026-03-18 14:27:23.150 23793-25665 FFmpegDecoder           com.devson.devsonplayer              E  swr_init failed
2026-03-18 14:27:23.151 23793-25665 FFmpegDecoder           com.devson.devsonplayer              E  swr_init failed
2026-03-18 14:27:23.151 23793-25665 FFmpegDecoder           com.devson.devsonplayer              E  swr_init failed
2026-03-18 14:27:23.151 23793-25665 FFmpegDecoder           com.devson.devsonplayer              E  swr_init failed
2026-03-18 14:27:23.152 23793-25665 FFmpegDecoder           com.devson.devsonplayer              E  swr_init failed
2026-03-18 14:27:23.152 23793-25665 FFmpegDecoder           com.devson.devsonplayer              E  swr_init failed
2026-03-18 14:27:23.152 23793-25665 FFmpegDecoder           com.devson.devsonplayer              E  swr_init failed
2026-03-18 14:27:23.153 23793-25665 FFmpegDecoder           com.devson.devsonplayer              E  swr_init failed
2026-03-18 14:27:23.153 23793-25665 FFmpegDecoder           com.devson.devsonplayer              E  swr_init failed
2026-03-18 14:27:23.153 23793-25665 FFmpegDecoder           com.devson.devsonplayer              E  swr_init failed
2026-03-18 14:27:23.154 23793-25665 FFmpegDecoder           com.devson.devsonplayer              E  swr_init failed
2026-03-18 14:27:23.154 23793-25665 FFmpegDecoder           com.devson.devsonplayer              E  swr_init failed
2026-03-18 14:27:23.155 23793-25665 FFmpegDecoder           com.devson.devsonplayer              E  swr_init failed
2026-03-18 14:27:23.155 23793-25665 FFmpegDecoder           com.devson.devsonplayer              E  swr_init failed
2026-03-18 14:27:23.156 23793-25665 FFmpegDecoder           com.devson.devsonplayer              E  swr_init failed
2026-03-18 14:27:23.156 23793-25665 FFmpegDecoder           com.devson.devsonplayer              E  swr_init failed
2026-03-18 14:27:23.156 23793-25665 FFmpegDecoder           com.devson.devsonplayer              E  swr_init failed
2026-03-18 14:27:23.157 23793-25665 FFmpegDecoder           com.devson.devsonplayer              E  swr_init failed
2026-03-18 14:27:23.158 23793-25665 FFmpegDecoder           com.devson.devsonplayer              E  swr_init failed
2026-03-18 14:27:23.158 23793-25665 FFmpegDecoder           com.devson.devsonplayer              E  swr_init failed
2026-03-18 14:27:23.159 23793-25665 FFmpegDecoder           com.devson.devsonplayer              E  swr_init failed
2026-03-18 14:27:23.160 23793-25665 FFmpegDecoder           com.devson.devsonplayer              E  swr_init failed
2026-03-18 14:27:23.161 23793-25665 FFmpegDecoder           com.devson.devsonplayer              E  swr_init failed
2026-03-18 14:27:23.162 23793-25665 FFmpegDecoder           com.devson.devsonplayer              E  swr_init failed
2026-03-18 14:27:23.163 23793-25665 FFmpegDecoder           com.devson.devsonplayer              E  swr_init failed
2026-03-18 14:27:23.163 23793-25665 FFmpegDecoder           com.devson.devsonplayer              E  swr_init failed
2026-03-18 14:27:23.164 23793-25665 FFmpegDecoder           com.devson.devsonplayer              E  swr_init failed
2026-03-18 14:27:23.165 23793-25665 FFmpegDecoder           com.devson.devsonplayer              E  swr_init failed
2026-03-18 14:27:23.166 23793-25665 FFmpegDecoder           com.devson.devsonplayer              E  swr_init failed
2026-03-18 14:27:23.167 23793-25665 FFmpegDecoder           com.devson.devsonplayer              E  swr_init failed
2026-03-18 14:27:23.168 23793-25665 FFmpegDecoder           com.devson.devsonplayer              E  swr_init failed
2026-03-18 14:27:23.169 23793-25665 FFmpegDecoder           com.devson.devsonplayer              E  swr_init failed
2026-03-18 14:27:23.170 23793-25665 FFmpegDecoder           com.devson.devsonplayer              E  swr_init failed
2026-03-18 14:27:23.170 23793-25665 FFmpegDecoder           com.devson.devsonplayer              E  swr_init failed
2026-03-18 14:27:23.377 23793-25665 FFmpegDecoder           com.devson.devsonplayer              E  swr_init failed
2026-03-18 14:27:23.378 23793-25665 FFmpegDecoder           com.devson.devsonplayer              E  swr_init failed
2026-03-18 14:27:23.379 23793-25665 FFmpegDecoder           com.devson.devsonplayer              E  swr_init failed
2026-03-18 14:27:23.380 23793-25665 FFmpegDecoder           com.devson.devsonplayer              E  swr_init failed
2026-03-18 14:27:23.381 23793-25665 FFmpegDecoder           com.devson.devsonplayer              E  swr_init failed
2026-03-18 14:27:23.382 23793-25665 FFmpegDecoder           com.devson.devsonplayer              E  swr_init failed
2026-03-18 14:27:23.383 23793-25665 FFmpegDecoder           com.devson.devsonplayer              E  swr_init failed
2026-03-18 14:27:23.385 23793-25665 FFmpegDecoder           com.devson.devsonplayer              E  swr_init failed
2026-03-18 14:27:23.667 23793-25665 FFmpegDecoder           com.devson.devsonplayer              E  swr_init failed
2026-03-18 14:27:23.668 23793-25665 FFmpegDecoder           com.devson.devsonplayer              E  swr_init failed
2026-03-18 14:27:23.669 23793-25665 FFmpegDecoder           com.devson.devsonplayer              E  swr_init failed
2026-03-18 14:27:23.670 23793-25665 FFmpegDecoder           com.devson.devsonplayer              E  swr_init failed
2026-03-18 14:27:23.671 23793-25665 FFmpegDecoder           com.devson.devsonplayer              E  swr_init failed
2026-03-18 14:27:23.673 23793-25665 FFmpegDecoder           com.devson.devsonplayer              E  swr_init failed
2026-03-18 14:27:23.674 23793-25665 FFmpegDecoder           com.devson.devsonplayer              E  swr_init failed
2026-03-18 14:27:23.675 23793-25665 FFmpegDecoder           com.devson.devsonplayer              E  swr_init failed
2026-03-18 14:27:23.676 23793-25665 FFmpegDecoder           com.devson.devsonplayer              E  swr_init failed
2026-03-18 14:27:23.677 23793-25665 FFmpegDecoder           com.devson.devsonplayer              E  swr_init failed
2026-03-18 14:27:23.679 23793-25665 FFmpegDecoder           com.devson.devsonplayer              E  swr_init failed
2026-03-18 14:27:23.680 23793-25665 FFmpegDecoder           com.devson.devsonplayer              E  swr_init failed
2026-03-18 14:27:23.681 23793-25665 FFmpegDecoder           com.devson.devsonplayer              E  swr_init failed
2026-03-18 14:27:23.682 23793-25665 FFmpegDecoder           com.devson.devsonplayer              E  swr_init failed
2026-03-18 14:27:23.684 23793-25665 FFmpegDecoder           com.devson.devsonplayer              E  swr_init failed
2026-03-18 14:27:23.685 23793-25665 FFmpegDecoder           com.devson.devsonplayer              E  swr_init failed
2026-03-18 14:27:23.947 23793-25665 FFmpegDecoder           com.devson.devsonplayer              E  swr_init failed
2026-03-18 14:27:23.948 23793-25665 FFmpegDecoder           com.devson.devsonplayer              E  swr_init failed
2026-03-18 14:27:23.949 23793-25665 FFmpegDecoder           com.devson.devsonplayer              E  swr_init failed
2026-03-18 14:27:23.949 23793-25665 FFmpegDecoder           com.devson.devsonplayer              E  swr_init failed
2026-03-18 14:27:23.950 23793-25665 FFmpegDecoder           com.devson.devsonplayer              E  swr_init failed
2026-03-18 14:27:23.951 23793-25665 FFmpegDecoder           com.devson.devsonplayer              E  swr_init failed
2026-03-18 14:27:23.952 23793-25665 FFmpegDecoder           com.devson.devsonplayer              E  swr_init failed
2026-03-18 14:27:23.953 23793-25665 FFmpegDecoder           com.devson.devsonplayer              E  swr_init failed
2026-03-18 14:27:24.139 23793-25665 FFmpegDecoder           com.devson.devsonplayer              E  swr_init failed
2026-03-18 14:27:24.139 23793-25665 FFmpegDecoder           com.devson.devsonplayer              E  swr_init failed
2026-03-18 14:27:24.140 23793-25665 FFmpegDecoder           com.devson.devsonplayer              E  swr_init failed
2026-03-18 14:27:24.140 23793-25665 FFmpegDecoder           com.devson.devsonplayer              E  swr_init failed
2026-03-18 14:27:24.140 23793-25665 FFmpegDecoder           com.devson.devsonplayer              E  swr_init failed
2026-03-18 14:27:24.141 23793-25665 FFmpegDecoder           com.devson.devsonplayer              E  swr_init failed
2026-03-18 14:27:24.141 23793-25665 FFmpegDecoder           com.devson.devsonplayer              E  swr_init failed
2026-03-18 14:27:24.142 23793-25665 FFmpegDecoder           com.devson.devsonplayer              E  swr_init failed
2026-03-18 14:27:24.329 23793-25665 FFmpegDecoder           com.devson.devsonplayer              E  swr_init failed
2026-03-18 14:27:24.329 23793-25665 FFmpegDecoder           com.devson.devsonplayer              E  swr_init failed
2026-03-18 14:27:24.330 23793-25665 FFmpegDecoder           com.devson.devsonplayer              E  swr_init failed
2026-03-18 14:27:24.330 23793-25665 FFmpegDecoder           com.devson.devsonplayer              E  swr_init failed
2026-03-18 14:27:24.330 23793-25665 FFmpegDecoder           com.devson.devsonplayer              E  swr_init failed
2026-03-18 14:27:24.331 23793-25665 FFmpegDecoder           com.devson.devsonplayer              E  swr_init failed
2026-03-18 14:27:24.331 23793-25665 FFmpegDecoder           com.devson.devsonplayer              E  swr_init failed
2026-03-18 14:27:24.331 23793-25665 FFmpegDecoder           com.devson.devsonplayer              E  swr_init failed
2026-03-18 14:27:24.434 23793-25665 FFmpegDecoder           com.devson.devsonplayer              E  swr_init failed
2026-03-18 14:27:24.434 23793-25665 FFmpegDecoder           com.devson.devsonplayer              E  swr_init failed
2026-03-18 14:27:24.435 23793-25665 FFmpegDecoder           com.devson.devsonplayer              E  swr_init failed
2026-03-18 14:27:24.435 23793-25665 FFmpegDecoder           com.devson.devsonplayer              E  swr_init failed
2026-03-18 14:27:24.436 23793-25665 FFmpegDecoder           com.devson.devsonplayer              E  swr_init failed
2026-03-18 14:27:24.436 23793-25665 FFmpegDecoder           com.devson.devsonplayer              E  swr_init failed
2026-03-18 14:27:24.436 23793-25665 FFmpegDecoder           com.devson.devsonplayer              E  swr_init failed
2026-03-18 14:27:24.437 23793-25665 FFmpegDecoder           com.devson.devsonplayer              E  swr_init failed
2026-03-18 14:27:24.645 23793-25665 FFmpegDecoder           com.devson.devsonplayer              E  swr_init failed
2026-03-18 14:27:24.646 23793-25665 FFmpegDecoder           com.devson.devsonplayer              E  swr_init failed
2026-03-18 14:27:24.646 23793-25665 FFmpegDecoder           com.devson.devsonplayer              E  swr_init failed
2026-03-18 14:27:24.647 23793-25665 FFmpegDecoder           com.devson.devsonplayer              E  swr_init failed
2026-03-18 14:27:24.647 23793-25665 FFmpegDecoder           com.devson.devsonplayer              E  swr_init failed
2026-03-18 14:27:24.825 23793-25665 FFmpegDecoder           com.devson.devsonplayer              E  swr_init failed
2026-03-18 14:27:24.826 23793-25665 FFmpegDecoder           com.devson.devsonplayer              E  swr_init failed
2026-03-18 14:27:24.827 23793-25665 FFmpegDecoder           com.devson.devsonplayer              E  swr_init failed
2026-03-18 14:27:24.828 23793-25665 FFmpegDecoder           com.devson.devsonplayer              E  swr_init failed
2026-03-18 14:27:24.829 23793-25665 FFmpegDecoder           com.devson.devsonplayer              E  swr_init failed
2026-03-18 14:27:24.831 23793-25665 FFmpegDecoder           com.devson.devsonplayer              E  swr_init failed
2026-03-18 14:27:24.832 23793-25665 FFmpegDecoder           com.devson.devsonplayer              E  swr_init failed
2026-03-18 14:27:24.833 23793-25665 FFmpegDecoder           com.devson.devsonplayer              E  swr_init failed
2026-03-18 14:27:24.959 23793-25665 FFmpegDecoder           com.devson.devsonplayer              E  swr_init failed
2026-03-18 14:27:24.960 23793-25665 FFmpegDecoder           com.devson.devsonplayer              E  swr_init failed
2026-03-18 14:27:24.961 23793-25665 FFmpegDecoder           com.devson.devsonplayer              E  swr_init failed
2026-03-18 14:27:24.962 23793-25665 FFmpegDecoder           com.devson.devsonplayer              E  swr_init failed
2026-03-18 14:27:24.963 23793-25665 FFmpegDecoder           com.devson.devsonplayer              E  swr_init failed
2026-03-18 14:27:24.964 23793-25665 FFmpegDecoder           com.devson.devsonplayer              E  swr_init failed
2026-03-18 14:27:24.965 23793-25665 FFmpegDecoder           com.devson.devsonplayer              E  swr_init failed
2026-03-18 14:27:24.966 23793-25665 FFmpegDecoder           com.devson.devsonplayer              E  swr_init failed
2026-03-18 14:27:25.137 23793-25665 FFmpegDecoder           com.devson.devsonplayer              E  swr_init failed
2026-03-18 14:27:25.138 23793-25665 FFmpegDecoder           com.devson.devsonplayer              E  swr_init failed
2026-03-18 14:27:25.138 23793-25665 FFmpegDecoder           com.devson.devsonplayer              E  swr_init failed
2026-03-18 14:27:25.139 23793-25665 FFmpegDecoder           com.devson.devsonplayer              E  swr_init failed
2026-03-18 14:27:25.139 23793-25665 FFmpegDecoder           com.devson.devsonplayer              E  swr_init failed
2026-03-18 14:27:25.139 23793-25665 FFmpegDecoder           com.devson.devsonplayer              E  swr_init failed
2026-03-18 14:27:25.140 23793-25665 FFmpegDecoder           com.devson.devsonplayer              E  swr_init failed
2026-03-18 14:27:25.140 23793-25665 FFmpegDecoder           com.devson.devsonplayer              E  swr_init failed
2026-03-18 14:27:25.296 23793-25665 FFmpegDecoder           com.devson.devsonplayer              E  swr_init failed
2026-03-18 14:27:25.297 23793-25665 FFmpegDecoder           com.devson.devsonplayer              E  swr_init failed
2026-03-18 14:27:25.298 23793-25665 FFmpegDecoder           com.devson.devsonplayer              E  swr_init failed
2026-03-18 14:27:25.299 23793-25665 FFmpegDecoder           com.devson.devsonplayer              E  swr_init failed
2026-03-18 14:27:25.300 23793-25665 FFmpegDecoder           com.devson.devsonplayer              E  swr_init failed
2026-03-18 14:27:25.301 23793-25665 FFmpegDecoder           com.devson.devsonplayer              E  swr_init failed
2026-03-18 14:27:25.301 23793-25665 FFmpegDecoder           com.devson.devsonplayer              E  swr_init failed
2026-03-18 14:27:25.301 23793-25665 FFmpegDecoder           com.devson.devsonplayer              E  swr_init failed
2026-03-18 14:27:25.477 23793-25665 FFmpegDecoder           com.devson.devsonplayer              E  swr_init failed
2026-03-18 14:27:25.478 23793-25665 FFmpegDecoder           com.devson.devsonplayer              E  swr_init failed
2026-03-18 14:27:25.479 23793-25665 FFmpegDecoder           com.devson.devsonplayer              E  swr_init failed
2026-03-18 14:27:25.480 23793-25665 FFmpegDecoder           com.devson.devsonplayer              E  swr_init failed
2026-03-18 14:27:25.481 23793-25665 FFmpegDecoder           com.devson.devsonplayer              E  swr_init failed
2026-03-18 14:27:25.483 23793-25665 FFmpegDecoder           com.devson.devsonplayer              E  swr_init failed
2026-03-18 14:27:25.484 23793-25665 FFmpegDecoder           com.devson.devsonplayer              E  swr_init failed
2026-03-18 14:27:25.485 23793-25665 FFmpegDecoder           com.devson.devsonplayer              E  swr_init failed
2026-03-18 14:27:25.694 23793-25665 FFmpegDecoder           com.devson.devsonplayer              E  swr_init failed
2026-03-18 14:27:25.695 23793-25665 FFmpegDecoder           com.devson.devsonplayer              E  swr_init failed
2026-03-18 14:27:25.695 23793-25665 FFmpegDecoder           com.devson.devsonplayer              E  swr_init failed
2026-03-18 14:27:25.696 23793-25665 FFmpegDecoder           com.devson.devsonplayer              E  swr_init failed
2026-03-18 14:27:25.696 23793-25665 FFmpegDecoder           com.devson.devsonplayer              E  swr_init failed
2026-03-18 14:27:25.696 23793-25665 FFmpegDecoder           com.devson.devsonplayer              E  swr_init failed
2026-03-18 14:27:25.697 23793-25665 FFmpegDecoder           com.devson.devsonplayer              E  swr_init failed
2026-03-18 14:27:25.697 23793-25665 FFmpegDecoder           com.devson.devsonplayer              E  swr_init failed
2026-03-18 14:27:25.892 23793-25665 FFmpegDecoder           com.devson.devsonplayer              E  swr_init failed
2026-03-18 14:27:25.893 23793-25665 FFmpegDecoder           com.devson.devsonplayer              E  swr_init failed
2026-03-18 14:27:25.893 23793-25665 FFmpegDecoder           com.devson.devsonplayer              E  swr_init failed
2026-03-18 14:27:25.894 23793-25665 FFmpegDecoder           com.devson.devsonplayer              E  swr_init failed
2026-03-18 14:27:25.894 23793-25665 FFmpegDecoder           com.devson.devsonplayer              E  swr_init failed
2026-03-18 14:27:25.895 23793-25665 FFmpegDecoder           com.devson.devsonplayer              E  swr_init failed
2026-03-18 14:27:25.895 23793-25665 FFmpegDecoder           com.devson.devsonplayer              E  swr_init failed
2026-03-18 14:27:25.896 23793-25665 FFmpegDecoder           com.devson.devsonplayer              E  swr_init failed
2026-03-18 14:27:26.035 23793-25665 FFmpegDecoder           com.devson.devsonplayer              E  swr_init failed
2026-03-18 14:27:26.036 23793-25665 FFmpegDecoder           com.devson.devsonplayer              E  swr_init failed
2026-03-18 14:27:26.037 23793-25665 FFmpegDecoder           com.devson.devsonplayer              E  swr_init failed
2026-03-18 14:27:26.037 23793-25665 FFmpegDecoder           com.devson.devsonplayer              E  swr_init failed
2026-03-18 14:27:26.038 23793-25665 FFmpegDecoder           com.devson.devsonplayer              E  swr_init failed
2026-03-18 14:27:26.038 23793-25665 FFmpegDecoder           com.devson.devsonplayer              E  swr_init failed
2026-03-18 14:27:26.038 23793-25665 FFmpegDecoder           com.devson.devsonplayer              E  swr_init failed
2026-03-18 14:27:26.039 23793-25665 FFmpegDecoder           com.devson.devsonplayer              E  swr_init failed
2026-03-18 14:27:26.370 23793-25665 FFmpegDecoder           com.devson.devsonplayer              E  swr_init failed
2026-03-18 14:27:26.372 23793-25665 FFmpegDecoder           com.devson.devsonplayer              E  swr_init failed
2026-03-18 14:27:26.373 23793-25665 FFmpegDecoder           com.devson.devsonplayer              E  swr_init failed
2026-03-18 14:27:26.375 23793-25665 FFmpegDecoder           com.devson.devsonplayer              E  swr_init failed
2026-03-18 14:27:26.376 23793-25665 FFmpegDecoder           com.devson.devsonplayer              E  swr_init failed
2026-03-18 14:27:26.378 23793-25665 FFmpegDecoder           com.devson.devsonplayer              E  swr_init failed
2026-03-18 14:27:26.379 23793-25665 FFmpegDecoder           com.devson.devsonplayer              E  swr_init failed
2026-03-18 14:27:26.380 23793-25665 FFmpegDecoder           com.devson.devsonplayer              E  swr_init failed
2026-03-18 14:27:26.382 23793-25665 FFmpegDecoder           com.devson.devsonplayer              E  swr_init failed
2026-03-18 14:27:26.383 23793-25665 FFmpegDecoder           com.devson.devsonplayer              E  swr_init failed
2026-03-18 14:27:26.384 23793-25665 FFmpegDecoder           com.devson.devsonplayer              E  swr_init failed
2026-03-18 14:27:26.385 23793-25665 FFmpegDecoder           com.devson.devsonplayer              E  swr_init failed
2026-03-18 14:27:26.386 23793-25665 FFmpegDecoder           com.devson.devsonplayer              E  swr_init failed
2026-03-18 14:27:26.386 23793-25665 FFmpegDecoder           com.devson.devsonplayer              E  swr_init failed
2026-03-18 14:27:26.387 23793-25665 FFmpegDecoder           com.devson.devsonplayer              E  swr_init failed
2026-03-18 14:27:26.388 23793-25665 FFmpegDecoder           com.devson.devsonplayer              E  swr_init failed
2026-03-18 14:27:27.070 23793-25665 FFmpegDecoder           com.devson.devsonplayer              E  swr_init failed
2026-03-18 14:27:27.071 23793-25665 FFmpegDecoder           com.devson.devsonplayer              E  swr_init failed
2026-03-18 14:27:27.072 23793-25665 FFmpegDecoder           com.devson.devsonplayer              E  swr_init failed
2026-03-18 14:27:27.073 23793-25665 FFmpegDecoder           com.devson.devsonplayer              E  swr_init failed
2026-03-18 14:27:27.073 23793-25665 FFmpegDecoder           com.devson.devsonplayer              E  swr_init failed
2026-03-18 14:27:27.074 23793-25665 FFmpegDecoder           com.devson.devsonplayer              E  swr_init failed
2026-03-18 14:27:27.074 23793-25665 FFmpegDecoder           com.devson.devsonplayer              E  swr_init failed
2026-03-18 14:27:27.075 23793-25665 FFmpegDecoder           com.devson.devsonplayer              E  swr_init failed
2026-03-18 14:27:27.075 23793-25665 FFmpegDecoder           com.devson.devsonplayer              E  swr_init failed
2026-03-18 14:27:27.075 23793-25665 FFmpegDecoder           com.devson.devsonplayer              E  swr_init failed
2026-03-18 14:27:27.076 23793-25665 FFmpegDecoder           com.devson.devsonplayer              E  swr_init failed
2026-03-18 14:27:27.076 23793-25665 FFmpegDecoder           com.devson.devsonplayer              E  swr_init failed
2026-03-18 14:27:27.077 23793-25665 FFmpegDecoder           com.devson.devsonplayer              E  swr_init failed
2026-03-18 14:27:27.077 23793-25665 FFmpegDecoder           com.devson.devsonplayer              E  swr_init failed
2026-03-18 14:27:27.077 23793-25665 FFmpegDecoder           com.devson.devsonplayer              E  swr_init failed
2026-03-18 14:27:27.078 23793-25665 FFmpegDecoder           com.devson.devsonplayer              E  swr_init failed
2026-03-18 14:27:27.078 23793-25665 FFmpegDecoder           com.devson.devsonplayer              E  swr_init failed
2026-03-18 14:27:27.078 23793-25665 FFmpegDecoder           com.devson.devsonplayer              E  swr_init failed
2026-03-18 14:27:27.079 23793-25665 FFmpegDecoder           com.devson.devsonplayer              E  swr_init failed
2026-03-18 14:27:27.097 23793-25665 FFmpegDecoder           com.devson.devsonplayer              E  swr_init failed
2026-03-18 14:27:27.098 23793-25665 FFmpegDecoder           com.devson.devsonplayer              E  swr_init failed
2026-03-18 14:27:27.099 23793-25665 FFmpegDecoder           com.devson.devsonplayer              E  swr_init failed
2026-03-18 14:27:27.099 23793-25665 FFmpegDecoder           com.devson.devsonplayer              E  swr_init failed
2026-03-18 14:27:27.099 23793-25665 FFmpegDecoder           com.devson.devsonplayer              E  swr_init failed
2026-03-18 14:27:27.100 23793-25665 FFmpegDecoder           com.devson.devsonplayer              E  swr_init failed
2026-03-18 14:27:27.100 23793-25665 FFmpegDecoder           com.devson.devsonplayer              E  swr_init failed
2026-03-18 14:27:27.100 23793-25665 FFmpegDecoder           com.devson.devsonplayer              E  swr_init failed
2026-03-18 14:27:27.101 23793-25665 FFmpegDecoder           com.devson.devsonplayer              E  swr_init failed
2026-03-18 14:27:27.101 23793-25665 FFmpegDecoder           com.devson.devsonplayer              E  swr_init failed
2026-03-18 14:27:27.260 23793-25665 FFmpegDecoder           com.devson.devsonplayer              E  swr_init failed
2026-03-18 14:27:27.261 23793-25665 FFmpegDecoder           com.devson.devsonplayer              E  swr_init failed
2026-03-18 14:27:27.261 23793-25665 FFmpegDecoder           com.devson.devsonplayer              E  swr_init failed
2026-03-18 14:27:27.261 23793-25665 FFmpegDecoder           com.devson.devsonplayer              E  swr_init failed
2026-03-18 14:27:27.262 23793-25665 FFmpegDecoder           com.devson.devsonplayer              E  swr_init failed
2026-03-18 14:27:27.262 23793-25665 FFmpegDecoder           com.devson.devsonplayer              E  swr_init failed
2026-03-18 14:27:27.262 23793-25665 FFmpegDecoder           com.devson.devsonplayer              E  swr_init failed
2026-03-18 14:27:27.263 23793-25665 FFmpegDecoder           com.devson.devsonplayer              E  swr_init failed
2026-03-18 14:27:27.427 23793-25665 FFmpegDecoder           com.devson.devsonplayer              E  swr_init failed
2026-03-18 14:27:27.428 23793-25665 FFmpegDecoder           com.devson.devsonplayer              E  swr_init failed
2026-03-18 14:27:27.428 23793-25665 FFmpegDecoder           com.devson.devsonplayer              E  swr_init failed
2026-03-18 14:27:27.429 23793-25665 FFmpegDecoder           com.devson.devsonplayer              E  swr_init failed
2026-03-18 14:27:27.429 23793-25665 FFmpegDecoder           com.devson.devsonplayer              E  swr_init failed
2026-03-18 14:27:27.430 23793-25665 FFmpegDecoder           com.devson.devsonplayer              E  swr_init failed
2026-03-18 14:27:27.430 23793-25665 FFmpegDecoder           com.devson.devsonplayer              E  swr_init failed
2026-03-18 14:27:27.431 23793-25665 FFmpegDecoder           com.devson.devsonplayer              E  swr_init failed
2026-03-18 14:27:27.578 23793-25665 FFmpegDecoder           com.devson.devsonplayer              E  swr_init failed
2026-03-18 14:27:27.579 23793-25665 FFmpegDecoder           com.devson.devsonplayer              E  swr_init failed
2026-03-18 14:27:27.580 23793-25665 FFmpegDecoder           com.devson.devsonplayer              E  swr_init failed
2026-03-18 14:27:27.581 23793-25665 FFmpegDecoder           com.devson.devsonplayer              E  swr_init failed
2026-03-18 14:27:27.582 23793-25665 FFmpegDecoder           com.devson.devsonplayer              E  swr_init failed
2026-03-18 14:27:27.582 23793-25665 FFmpegDecoder           com.devson.devsonplayer              E  swr_init failed
2026-03-18 14:27:27.583 23793-25665 FFmpegDecoder           com.devson.devsonplayer              E  swr_init failed
2026-03-18 14:27:27.584 23793-25665 FFmpegDecoder           com.devson.devsonplayer              E  swr_init failed
2026-03-18 14:27:27.772 23793-25665 FFmpegDecoder           com.devson.devsonplayer              E  swr_init failed
2026-03-18 14:27:27.794 23793-25665 FFmpegDecoder           com.devson.devsonplayer              E  swr_init failed
2026-03-18 14:27:27.795 23793-25665 FFmpegDecoder           com.devson.devsonplayer              E  swr_init failed
2026-03-18 14:27:27.795 23793-25665 FFmpegDecoder           com.devson.devsonplayer              E  swr_init failed
2026-03-18 14:27:27.795 23793-25665 FFmpegDecoder           com.devson.devsonplayer              E  swr_init failed
2026-03-18 14:27:27.796 23793-25665 FFmpegDecoder           com.devson.devsonplayer              E  swr_init failed
2026-03-18 14:27:27.796 23793-25665 FFmpegDecoder           com.devson.devsonplayer              E  swr_init failed
2026-03-18 14:27:27.796 23793-25665 FFmpegDecoder           com.devson.devsonplayer              E  swr_init failed
2026-03-18 14:27:27.958 23793-25665 FFmpegDecoder           com.devson.devsonplayer              E  swr_init failed
2026-03-18 14:27:27.959 23793-25665 FFmpegDecoder           com.devson.devsonplayer              E  swr_init failed
2026-03-18 14:27:27.960 23793-25665 FFmpegDecoder           com.devson.devsonplayer              E  swr_init failed
2026-03-18 14:27:27.960 23793-25665 FFmpegDecoder           com.devson.devsonplayer              E  swr_init failed
2026-03-18 14:27:27.961 23793-25665 FFmpegDecoder           com.devson.devsonplayer              E  swr_init failed
2026-03-18 14:27:27.962 23793-25665 FFmpegDecoder           com.devson.devsonplayer              E  swr_init failed
2026-03-18 14:27:27.963 23793-25665 FFmpegDecoder           com.devson.devsonplayer              E  swr_init failed
2026-03-18 14:27:27.964 23793-25665 FFmpegDecoder           com.devson.devsonplayer              E  swr_init failed
2026-03-18 14:27:28.204 23793-25665 FFmpegDecoder           com.devson.devsonplayer              E  swr_init failed
2026-03-18 14:27:28.205 23793-25665 FFmpegDecoder           com.devson.devsonplayer              E  swr_init failed
2026-03-18 14:27:28.206 23793-25665 FFmpegDecoder           com.devson.devsonplayer              E  swr_init failed
2026-03-18 14:27:28.207 23793-25665 FFmpegDecoder           com.devson.devsonplayer              E  swr_init failed
2026-03-18 14:27:28.207 23793-25665 FFmpegDecoder           com.devson.devsonplayer              E  swr_init failed
2026-03-18 14:27:28.208 23793-25665 FFmpegDecoder           com.devson.devsonplayer              E  swr_init failed
2026-03-18 14:27:28.208 23793-25665 FFmpegDecoder           com.devson.devsonplayer              E  swr_init failed
2026-03-18 14:27:28.208 23793-25665 FFmpegDecoder           com.devson.devsonplayer              E  swr_init failed
2026-03-18 14:27:28.714 23793-25665 FFmpegDecoder           com.devson.devsonplayer              E  swr_init failed
2026-03-18 14:27:28.716 23793-25665 FFmpegDecoder           com.devson.devsonplayer              E  swr_init failed
2026-03-18 14:27:28.718 23793-25665 FFmpegDecoder           com.devson.devsonplayer              E  swr_init failed
2026-03-18 14:27:28.720 23793-25665 FFmpegDecoder           com.devson.devsonplayer              E  swr_init failed
2026-03-18 14:27:28.722 23793-25665 FFmpegDecoder           com.devson.devsonplayer              E  swr_init failed
2026-03-18 14:27:28.725 23793-25665 FFmpegDecoder           com.devson.devsonplayer              E  swr_init failed
2026-03-18 14:27:28.726 23793-25665 FFmpegDecoder           com.devson.devsonplayer              E  swr_init failed
2026-03-18 14:27:28.729 23793-25665 FFmpegDecoder           com.devson.devsonplayer              E  swr_init failed
2026-03-18 14:27:28.731 23793-25665 FFmpegDecoder           com.devson.devsonplayer              E  swr_init failed
2026-03-18 14:27:28.734 23793-25665 FFmpegDecoder           com.devson.devsonplayer              E  swr_init failed
2026-03-18 14:27:28.736 23793-25665 FFmpegDecoder           com.devson.devsonplayer              E  swr_init failed
2026-03-18 14:27:28.738 23793-25665 FFmpegDecoder           com.devson.devsonplayer              E  swr_init failed
2026-03-18 14:27:28.740 23793-25665 FFmpegDecoder           com.devson.devsonplayer              E  swr_init failed
2026-03-18 14:27:28.741 23793-25665 FFmpegDecoder           com.devson.devsonplayer              E  swr_init failed
2026-03-18 14:27:28.742 23793-25665 FFmpegDecoder           com.devson.devsonplayer              E  swr_init failed
2026-03-18 14:27:28.743 23793-25665 FFmpegDecoder           com.devson.devsonplayer              E  swr_init failed
2026-03-18 14:27:28.745 23793-25665 FFmpegDecoder           com.devson.devsonplayer              E  swr_init failed
2026-03-18 14:27:28.746 23793-25665 FFmpegDecoder           com.devson.devsonplayer              E  swr_init failed
2026-03-18 14:27:28.747 23793-25665 FFmpegDecoder           com.devson.devsonplayer              E  swr_init failed
2026-03-18 14:27:28.748 23793-25665 FFmpegDecoder           com.devson.devsonplayer              E  swr_init failed
2026-03-18 14:27:28.749 23793-25665 FFmpegDecoder           com.devson.devsonplayer              E  swr_init failed
2026-03-18 14:27:28.749 23793-25665 FFmpegDecoder           com.devson.devsonplayer              E  swr_init failed
2026-03-18 14:27:28.750 23793-25665 FFmpegDecoder           com.devson.devsonplayer              E  swr_init failed
2026-03-18 14:27:28.751 23793-25665 FFmpegDecoder           com.devson.devsonplayer              E  swr_init failed
2026-03-18 14:27:29.203 23793-25665 FFmpegDecoder           com.devson.devsonplayer              E  swr_init failed
2026-03-18 14:27:29.204 23793-25665 FFmpegDecoder           com.devson.devsonplayer              E  swr_init failed
2026-03-18 14:27:29.204 23793-25665 FFmpegDecoder           com.devson.devsonplayer              E  swr_init failed
2026-03-18 14:27:29.204 23793-25665 FFmpegDecoder           com.devson.devsonplayer              E  swr_init failed
2026-03-18 14:27:29.205 23793-25665 FFmpegDecoder           com.devson.devsonplayer              E  swr_init failed
2026-03-18 14:27:29.205 23793-25665 FFmpegDecoder           com.devson.devsonplayer              E  swr_init failed
2026-03-18 14:27:29.205 23793-25665 FFmpegDecoder           com.devson.devsonplayer              E  swr_init failed
2026-03-18 14:27:29.206 23793-25665 FFmpegDecoder           com.devson.devsonplayer              E  swr_init failed
2026-03-18 14:27:29.206 23793-25665 FFmpegDecoder           com.devson.devsonplayer              E  swr_init failed
2026-03-18 14:27:29.207 23793-25665 FFmpegDecoder           com.devson.devsonplayer              E  swr_init failed
2026-03-18 14:27:29.207 23793-25665 FFmpegDecoder           com.devson.devsonplayer              E  swr_init failed
2026-03-18 14:27:29.207 23793-25665 FFmpegDecoder           com.devson.devsonplayer              E  swr_init failed
2026-03-18 14:27:29.208 23793-25665 FFmpegDecoder           com.devson.devsonplayer              E  swr_init failed
2026-03-18 14:27:29.208 23793-25665 FFmpegDecoder           com.devson.devsonplayer              E  swr_init failed
2026-03-18 14:27:29.208 23793-25665 FFmpegDecoder           com.devson.devsonplayer              E  swr_init failed
2026-03-18 14:27:29.209 23793-25665 FFmpegDecoder           com.devson.devsonplayer              E  swr_init failed
2026-03-18 14:27:29.252 23793-25665 FFmpegDecoder           com.devson.devsonplayer              E  swr_init failed
2026-03-18 14:27:29.253 23793-25665 FFmpegDecoder           com.devson.devsonplayer              E  swr_init failed
2026-03-18 14:27:29.254 23793-25665 FFmpegDecoder           com.devson.devsonplayer              E  swr_init failed
2026-03-18 14:27:29.254 23793-25665 FFmpegDecoder           com.devson.devsonplayer              E  swr_init failed
2026-03-18 14:27:29.254 23793-25665 FFmpegDecoder           com.devson.devsonplayer              E  swr_init failed
2026-03-18 14:27:29.255 23793-25665 FFmpegDecoder           com.devson.devsonplayer              E  swr_init failed
2026-03-18 14:27:29.255 23793-25665 FFmpegDecoder           com.devson.devsonplayer              E  swr_init failed
2026-03-18 14:27:29.256 23793-25665 FFmpegDecoder           com.devson.devsonplayer              E  swr_init failed
2026-03-18 14:27:29.632 23793-25665 FFmpegDecoder           com.devson.devsonplayer              E  swr_init failed
2026-03-18 14:27:29.632 23793-25665 FFmpegDecoder           com.devson.devsonplayer              E  swr_init failed
2026-03-18 14:27:29.633 23793-25665 FFmpegDecoder           com.devson.devsonplayer              E  swr_init failed
2026-03-18 14:27:29.633 23793-25665 FFmpegDecoder           com.devson.devsonplayer              E  swr_init failed
2026-03-18 14:27:29.634 23793-25665 FFmpegDecoder           com.devson.devsonplayer              E  swr_init failed
2026-03-18 14:27:29.634 23793-25665 FFmpegDecoder           com.devson.devsonplayer              E  swr_init failed
2026-03-18 14:27:29.635 23793-25665 FFmpegDecoder           com.devson.devsonplayer              E  swr_init failed
2026-03-18 14:27:29.635 23793-25665 FFmpegDecoder           com.devson.devsonplayer              E  swr_init failed
2026-03-18 14:27:29.635 23793-25665 FFmpegDecoder           com.devson.devsonplayer              E  swr_init failed
2026-03-18 14:27:29.636 23793-25665 FFmpegDecoder           com.devson.devsonplayer              E  swr_init failed
2026-03-18 14:27:29.637 23793-25665 FFmpegDecoder           com.devson.devsonplayer              E  swr_init failed
2026-03-18 14:27:29.637 23793-25665 FFmpegDecoder           com.devson.devsonplayer              E  swr_init failed
2026-03-18 14:27:29.637 23793-25665 FFmpegDecoder           com.devson.devsonplayer              E  swr_init failed
2026-03-18 14:27:29.805 23793-25665 FFmpegDecoder           com.devson.devsonplayer              E  swr_init failed
2026-03-18 14:27:29.807 23793-25665 FFmpegDecoder           com.devson.devsonplayer              E  swr_init failed
2026-03-18 14:27:29.809 23793-25665 FFmpegDecoder           com.devson.devsonplayer              E  swr_init failed
2026-03-18 14:27:29.809 23793-25665 FFmpegDecoder           com.devson.devsonplayer              E  swr_init failed
2026-03-18 14:27:29.810 23793-25665 FFmpegDecoder           com.devson.devsonplayer              E  swr_init failed
2026-03-18 14:27:29.810 23793-25665 FFmpegDecoder           com.devson.devsonplayer              E  swr_init failed
2026-03-18 14:27:29.810 23793-25665 FFmpegDecoder           com.devson.devsonplayer              E  swr_init failed
2026-03-18 14:27:29.811 23793-25665 FFmpegDecoder           com.devson.devsonplayer              E  swr_init failed
2026-03-18 14:27:29.996 23793-25665 FFmpegDecoder           com.devson.devsonplayer              E  swr_init failed
2026-03-18 14:27:29.997 23793-25665 FFmpegDecoder           com.devson.devsonplayer              E  swr_init failed
2026-03-18 14:27:29.998 23793-25665 FFmpegDecoder           com.devson.devsonplayer              E  swr_init failed
2026-03-18 14:27:29.999 23793-25665 FFmpegDecoder           com.devson.devsonplayer              E  swr_init failed
2026-03-18 14:27:29.999 23793-25665 FFmpegDecoder           com.devson.devsonplayer              E  swr_init failed
2026-03-18 14:27:30.000 23793-25665 FFmpegDecoder           com.devson.devsonplayer              E  swr_init failed
2026-03-18 14:27:30.001 23793-25665 FFmpegDecoder           com.devson.devsonplayer              E  swr_init failed
2026-03-18 14:27:30.002 23793-25665 FFmpegDecoder           com.devson.devsonplayer              E  swr_init failed
2026-03-18 14:27:30.170 23793-25665 FFmpegDecoder           com.devson.devsonplayer              E  swr_init failed
2026-03-18 14:27:30.230 23793-25665 FFmpegDecoder           com.devson.devsonplayer              E  swr_init failed
2026-03-18 14:27:30.230 23793-25665 FFmpegDecoder           com.devson.devsonplayer              E  swr_init failed
2026-03-18 14:27:30.230 23793-25665 FFmpegDecoder           com.devson.devsonplayer              E  swr_init failed
2026-03-18 14:27:30.231 23793-25665 FFmpegDecoder           com.devson.devsonplayer              E  swr_init failed
2026-03-18 14:27:30.231 23793-25665 FFmpegDecoder           com.devson.devsonplayer              E  swr_init failed
2026-03-18 14:27:30.231 23793-25665 FFmpegDecoder           com.devson.devsonplayer              E  swr_init failed
2026-03-18 14:27:30.232 23793-25665 FFmpegDecoder           com.devson.devsonplayer              E  swr_init failed
2026-03-18 14:27:30.340 23793-25665 FFmpegDecoder           com.devson.devsonplayer              E  swr_init failed
2026-03-18 14:27:30.341 23793-25665 FFmpegDecoder           com.devson.devsonplayer              E  swr_init failed
2026-03-18 14:27:30.342 23793-25665 FFmpegDecoder           com.devson.devsonplayer              E  swr_init failed
2026-03-18 14:27:30.343 23793-25665 FFmpegDecoder           com.devson.devsonplayer              E  swr_init failed
2026-03-18 14:27:30.344 23793-25665 FFmpegDecoder           com.devson.devsonplayer              E  swr_init failed
2026-03-18 14:27:30.346 23793-25665 FFmpegDecoder           com.devson.devsonplayer              E  swr_init failed
2026-03-18 14:27:30.346 23793-25665 FFmpegDecoder           com.devson.devsonplayer              E  swr_init failed
2026-03-18 14:27:30.347 23793-25665 FFmpegDecoder           com.devson.devsonplayer              E  swr_init failed
2026-03-18 14:27:30.570 23793-25665 FFmpegDecoder           com.devson.devsonplayer              E  swr_init failed
2026-03-18 14:27:30.571 23793-25665 FFmpegDecoder           com.devson.devsonplayer              E  swr_init failed
2026-03-18 14:27:30.572 23793-25665 FFmpegDecoder           com.devson.devsonplayer              E  swr_init failed
2026-03-18 14:27:30.572 23793-25665 FFmpegDecoder           com.devson.devsonplayer              E  swr_init failed
2026-03-18 14:27:30.573 23793-25665 FFmpegDecoder           com.devson.devsonplayer              E  swr_init failed
2026-03-18 14:27:30.573 23793-25665 FFmpegDecoder           com.devson.devsonplayer              E  swr_init failed
2026-03-18 14:27:30.574 23793-25665 FFmpegDecoder           com.devson.devsonplayer              E  swr_init failed
2026-03-18 14:27:30.574 23793-25665 FFmpegDecoder           com.devson.devsonplayer              E  swr_init failed
2026-03-18 14:27:30.584 23793-23793 AudioManagerExtImpl     com.devson.devsonplayer              D  getStreamVolume packageName=com.devson.devsonplayer, index=10, streamType=3
2026-03-18 14:27:30.696 23793-25665 FFmpegDecoder           com.devson.devsonplayer              E  swr_init failed
2026-03-18 14:27:30.697 23793-25665 FFmpegDecoder           com.devson.devsonplayer              E  swr_init failed
2026-03-18 14:27:30.697 23793-25665 FFmpegDecoder           com.devson.devsonplayer              E  swr_init failed
2026-03-18 14:27:30.698 23793-25665 FFmpegDecoder           com.devson.devsonplayer              E  swr_init failed
2026-03-18 14:27:30.699 23793-25665 FFmpegDecoder           com.devson.devsonplayer              E  swr_init failed
2026-03-18 14:27:30.700 23793-25665 FFmpegDecoder           com.devson.devsonplayer              E  swr_init failed
2026-03-18 14:27:30.701 23793-25665 FFmpegDecoder           com.devson.devsonplayer              E  swr_init failed
2026-03-18 14:27:30.701 23793-25665 FFmpegDecoder           com.devson.devsonplayer              E  swr_init failed
2026-03-18 14:27:30.715 23793-23793 AAudio                  com.devson.devsonplayer              D  AAudioStream_requestPause(s#1) called
2026-03-18 14:27:30.715 23793-23793 AAudioStream            com.devson.devsonplayer              D  setState(s#1) from 4 to 5
2026-03-18 14:27:30.715 23793-23793 AudioTrack              com.devson.devsonplayer              D  pause(435): prior state:STATE_ACTIVE output 53 stream 3 session 3321
2026-03-18 14:27:30.729 23793-23793 AudioTrackExtImpl       com.devson.devsonplayer              D  clearAudioBoostTid
2026-03-18 14:27:30.731 23793-23793 AudioTrackExtImpl       com.devson.devsonplayer              D  clearAudioBoostTid  pid 23793  tid 24905
2026-03-18 14:27:30.731 23793-23793 AudioTrackExtImpl       com.devson.devsonplayer              D  clearAudioBoostTid  pid 23793  tid 25185
2026-03-18 14:27:30.732 23793-23793 AudioTrackExtImpl       com.devson.devsonplayer              D  clearAudioBoostTid  pid 23793  tid 25657
2026-03-18 14:27:30.736 23793-23793 AudioManagerExtImpl     com.devson.devsonplayer              D  getStreamVolume packageName=com.devson.devsonplayer, index=10, streamType=3
