2026-03-18 12:59:20.814  6079-6079  FFmpegDecoder           com.devson.devsonplayer              I  Audio codec opened: aac  sr=0  ch=2  fmt=u8
2026-03-18 12:59:20.814  6079-6079  FFmpegDecoder           com.devson.devsonplayer              E  openAudioCodec: swr_init failed: Invalid argument
2026-03-18 12:59:20.831  6079-6079  OplusScrollToTopManager com.devson.devsonplayer              D  com.devson.devsonplayer/com.devson.devsonplayer.MainActivity,window dying
2026-03-18 12:59:20.831  6079-6079  OplusScrollToTopManager com.devson.devsonplayer              D  com.devson.devsonplayer/com.devson.devsonplayer.MainActivity,unregisterSystemUIBroadcastReceiver
2026-03-18 12:59:20.831  6079-6079  OplusScrollToTopManager com.devson.devsonplayer              D  com.devson.devsonplayer/com.devson.devsonplayer.MainActivity, unregisterSystemUIBroadcastReceiver failed java.lang.IllegalArgumentException: Receiver not registered: android.view.OplusScrollToTopManager$2@824f36b
2026-03-18 12:59:20.856  6079-6079  ZoomWindowDecorView     com.devson.devsonplayer              V  removeZoomView
2026-03-18 12:59:20.857  6079-6079  OpenGLRenderer          com.devson.devsonplayer              D  RenderProxy::destroy: this=0xb400007c224ba200, mContext=0xb400007be8c6dec0
2026-03-18 12:59:20.857  6079-6398  OpenGLRenderer          com.devson.devsonplayer              D  SkiaOpenGLPipeline::setSurface: this=0xb400007c221e0700, surface=NULL
2026-03-18 12:59:20.859  6079-6079  BLASTBufferQueue        com.devson.devsonplayer              D  [VRI[MainActivity]#2](f:0,a:1) destructor()
2026-03-18 12:59:20.859  6079-6079  BufferQueueConsumer     com.devson.devsonplayer              D  [VRI[MainActivity]#2(BLAST Consumer)2](id:17bf00000002,api:0,p:-1,c:6079) disconnect
2026-03-18 12:59:20.886  6079-6079  Quality                 com.devson.devsonplayer              I  Skipped: false 2 cost 34.06953 refreshRate 16690994 bit true processName com.devson.devsonplayer
2026-03-18 12:59:20.911  6079-6079  VRI[MainActivity]       com.devson.devsonplayer              D  onFocusEvent true
2026-03-18 12:59:21.052  6079-6079  Quality                 com.devson.devsonplayer              I  Skipped: true 1 cost 33.22313 refreshRate 16688353 bit true processName com.devson.devsonplayer
2026-03-18 12:59:21.371  6079-6079  Quality                 com.devson.devsonplayer              I  Skipped: true 1 cost 17.30913 refreshRate 16704542 bit true processName com.devson.devsonplayer
2026-03-18 12:59:21.769  6079-6079  AudioManagerExtImpl     com.devson.devsonplayer              D  getStreamVolume packageName=com.devson.devsonplayer, index=10, streamType=3
2026-03-18 12:59:21.912  6079-6079  OplusScrollToTopManager com.devson.devsonplayer              D  com.devson.devsonplayer/com.devson.devsonplayer.MainActivity,This DecorView@cf16764[MainActivity] change focus to true
2026-03-18 12:59:22.232  6079-6079  Quality                 com.devson.devsonplayer              I  Skipped: false 5 cost 93.8329 refreshRate 16696832 bit true processName com.devson.devsonplayer
2026-03-18 12:59:22.591  6079-6079  Quality                 com.devson.devsonplayer              I  Skipped: true 1 cost 18.402552 refreshRate 16730403 bit true processName com.devson.devsonplayer
2026-03-18 12:59:23.237  6079-6079  OnBackInvokedCallback   com.devson.devsonplayer              W  OnBackInvokedCallback is not enabled for the application.
                                                                                                    Set 'android:enableOnBackInvokedCallback="true"' in the application manifest.
2026-03-18 12:59:23.241  6079-6079  WindowManager           com.devson.devsonplayer              D  Add to mViews: DecorView@9958ea0[MainActivity],pkg= com.devson.devsonplayer
2026-03-18 12:59:23.256  6079-6079  ViewRootImplExtImpl     com.devson.devsonplayer              D  onDisplayChanged -1 for VRI android.view.ViewRootImpl@2d4f4cc
2026-03-18 12:59:23.258  6079-6079  InputEventReceiver      com.devson.devsonplayer              D  Input log is disabled
2026-03-18 12:59:23.269  6079-6079  OplusBracketLog         com.devson.devsonplayer              E  [OplusViewMirrorManager] updateHostViewRootIfNeeded, not support android.view.ViewRootImpl@2d4f4cc
2026-03-18 12:59:23.269  6079-6079  OnBackInvokedCallback   com.devson.devsonplayer              W  OnBackInvokedCallback is not enabled for the application.
                                                                                                    Set 'android:enableOnBackInvokedCallback="true"' in the application manifest.
2026-03-18 12:59:23.370  6079-6079  BufferQueueConsumer     com.devson.devsonplayer              D  [](id:17bf00000003,api:0,p:-1,c:6079) connect: controlledByApp=false
2026-03-18 12:59:23.370  6079-6079  IPCThreadState          com.devson.devsonplayer              E  attemptIncStrongHandle(94): Not supported
2026-03-18 12:59:23.371  6079-6079  ZoomWindowDecorView     com.devson.devsonplayer              V  setLastReportedMergedConfiguration mZoomDisplayHeight: 720 getDecorView.160796320
2026-03-18 12:59:23.400  6079-6079  VRI[MainActivity]       com.devson.devsonplayer              D  registerCallbacksForSync syncBuffer=false
2026-03-18 12:59:23.423  6079-6398  BLASTBufferQueue        com.devson.devsonplayer              D  [VRI[MainActivity]#3](f:0,a:1) acquireNextBufferLocked size=1600x720 mFrameNumber=1 applyTransaction=true mTimestamp=18344744584170(auto) mPendingTransactions.size=0 graphicBufferId=26109106192414 transform=7
2026-03-18 12:59:23.424  6079-6398  VRI[MainActivity]       com.devson.devsonplayer              D  Received frameCommittedCallback lastAttemptedDrawFrameNum=1 didProduceBuffer=true syncBuffer=false
2026-03-18 12:59:23.425  6079-6398  Parcel                  com.devson.devsonplayer              W  Expecting binder but got null!
2026-03-18 12:59:23.426  6079-6079  VRI[MainActivity]       com.devson.devsonplayer              D  draw finished.
2026-03-18 12:59:23.426  6079-6079  VRI[MainActivity]       com.devson.devsonplayer              D  onFocusEvent false
2026-03-18 12:59:23.427  6079-6079  Quality                 com.devson.devsonplayer              I  Skipped: false 10 cost 170.24286 refreshRate 16683579 bit true processName com.devson.devsonplayer
2026-03-18 12:59:23.463  6079-6079  Quality                 com.devson.devsonplayer              I  Skipped: false 1 cost 22.445435 refreshRate 16697100 bit true processName com.devson.devsonplayer
2026-03-18 12:59:23.500  6079-6079  VRI[MainActivity]       com.devson.devsonplayer              D  onFocusEvent true
2026-03-18 12:59:23.504  6079-6079  Quality                 com.devson.devsonplayer              I  Skipped: true 1 cost 29.78042 refreshRate 16698529 bit true processName com.devson.devsonplayer
2026-03-18 12:59:23.542  6079-6079  Quality                 com.devson.devsonplayer              I  Skipped: false 2 cost 34.652824 refreshRate 16694052 bit true processName com.devson.devsonplayer
2026-03-18 12:59:23.746  6079-6079  Quality                 com.devson.devsonplayer              I  Skipped: true 1 cost 21.13459 refreshRate 16699599 bit true processName com.devson.devsonplayer
2026-03-18 12:59:23.775  6079-6079  Quality                 com.devson.devsonplayer              I  Skipped: true 1 cost 17.151745 refreshRate 16703811 bit true processName com.devson.devsonplayer
2026-03-18 12:59:24.256  6079-6079  FFmpegDecoder           com.devson.devsonplayer              I  Seamless Fallback: Switching audio stream to absolute index 3
2026-03-18 12:59:24.257  6079-6079  FFmpegDecoder           com.devson.devsonplayer              I  Audio codec opened: aac  sr=0  ch=2  fmt=u8
2026-03-18 12:59:24.257  6079-6079  FFmpegDecoder           com.devson.devsonplayer              E  openAudioCodec: swr_init failed: Invalid argument
2026-03-18 12:59:24.265  6079-6079  Quality                 com.devson.devsonplayer              I  Skipped: false 1 cost 22.44111 refreshRate 16710426 bit true processName com.devson.devsonplayer
2026-03-18 12:59:24.276  6079-6079  OplusScrollToTopManager com.devson.devsonplayer              D  com.devson.devsonplayer/com.devson.devsonplayer.MainActivity,window dying
2026-03-18 12:59:24.276  6079-6079  OplusScrollToTopManager com.devson.devsonplayer              D  com.devson.devsonplayer/com.devson.devsonplayer.MainActivity,unregisterSystemUIBroadcastReceiver
2026-03-18 12:59:24.276  6079-6079  OplusScrollToTopManager com.devson.devsonplayer              D  com.devson.devsonplayer/com.devson.devsonplayer.MainActivity, unregisterSystemUIBroadcastReceiver failed java.lang.IllegalArgumentException: Receiver not registered: android.view.OplusScrollToTopManager$2@54d430f
2026-03-18 12:59:24.294  6079-6079  ZoomWindowDecorView     com.devson.devsonplayer              V  removeZoomView
2026-03-18 12:59:24.295  6079-6079  OpenGLRenderer          com.devson.devsonplayer              D  RenderProxy::destroy: this=0xb400007c813cf200, mContext=0xb400007c0d12a600
2026-03-18 12:59:24.295  6079-6398  OpenGLRenderer          com.devson.devsonplayer              D  SkiaOpenGLPipeline::setSurface: this=0xb400007c193f3400, surface=NULL
2026-03-18 12:59:24.298  6079-6079  BLASTBufferQueue        com.devson.devsonplayer              D  [VRI[MainActivity]#3](f:0,a:1) destructor()
2026-03-18 12:59:24.299  6079-6079  BufferQueueConsumer     com.devson.devsonplayer              D  [VRI[MainActivity]#3(BLAST Consumer)3](id:17bf00000003,api:0,p:-1,c:6079) disconnect
2026-03-18 12:59:24.327  6079-6079  Quality                 com.devson.devsonplayer              I  Skipped: true 3 cost 50.758564 refreshRate 16703064 bit true processName com.devson.devsonplayer
2026-03-18 12:59:24.351  6079-6079  VRI[MainActivity]       com.devson.devsonplayer              D  onFocusEvent true
2026-03-18 12:59:25.357  6079-6079  OnBackInvokedCallback   com.devson.devsonplayer              W  OnBackInvokedCallback is not enabled for the application.
                                                                                                    Set 'android:enableOnBackInvokedCallback="true"' in the application manifest.
2026-03-18 12:59:25.362  6079-6079  WindowManager           com.devson.devsonplayer              D  Add to mViews: DecorView@55f3bde[MainActivity],pkg= com.devson.devsonplayer
2026-03-18 12:59:25.378  6079-6079  ViewRootImplExtImpl     com.devson.devsonplayer              D  onDisplayChanged -1 for VRI android.view.ViewRootImpl@b9f37ea
2026-03-18 12:59:25.380  6079-6079  InputEventReceiver      com.devson.devsonplayer              D  Input log is disabled
2026-03-18 12:59:25.389  6079-6079  OplusBracketLog         com.devson.devsonplayer              E  [OplusViewMirrorManager] updateHostViewRootIfNeeded, not support android.view.ViewRootImpl@b9f37ea
2026-03-18 12:59:25.389  6079-6079  OnBackInvokedCallback   com.devson.devsonplayer              W  OnBackInvokedCallback is not enabled for the application.
                                                                                                    Set 'android:enableOnBackInvokedCallback="true"' in the application manifest.
2026-03-18 12:59:25.542  6079-6079  BufferQueueConsumer     com.devson.devsonplayer              D  [](id:17bf00000004,api:0,p:-1,c:6079) connect: controlledByApp=false
2026-03-18 12:59:25.543  6079-6079  IPCThreadState          com.devson.devsonplayer              E  attemptIncStrongHandle(96): Not supported
2026-03-18 12:59:25.544  6079-6079  ZoomWindowDecorView     com.devson.devsonplayer              V  setLastReportedMergedConfiguration mZoomDisplayHeight: 720 getDecorView.90127326
2026-03-18 12:59:25.584  6079-6079  VRI[MainActivity]       com.devson.devsonplayer              D  registerCallbacksForSync syncBuffer=false
2026-03-18 12:59:25.613  6079-6398  BLASTBufferQueue        com.devson.devsonplayer              D  [VRI[MainActivity]#4](f:0,a:1) acquireNextBufferLocked size=1600x720 mFrameNumber=1 applyTransaction=true mTimestamp=18346934169016(auto) mPendingTransactions.size=0 graphicBufferId=26109106192422 transform=7
2026-03-18 12:59:25.614  6079-6398  VRI[MainActivity]       com.devson.devsonplayer              D  Received frameCommittedCallback lastAttemptedDrawFrameNum=1 didProduceBuffer=true syncBuffer=false
2026-03-18 12:59:25.615  6079-6398  Parcel                  com.devson.devsonplayer              W  Expecting binder but got null!
2026-03-18 12:59:25.615  6079-6079  VRI[MainActivity]       com.devson.devsonplayer              D  draw finished.
2026-03-18 12:59:25.616  6079-6079  VRI[MainActivity]       com.devson.devsonplayer              D  onFocusEvent false
2026-03-18 12:59:25.622  6079-6079  Quality                 com.devson.devsonplayer              I  Skipped: false 17 cost 293.51468 refreshRate 16693509 bit true processName com.devson.devsonplayer
2026-03-18 12:59:25.648  6079-6079  OplusScrollToTopManager com.devson.devsonplayer              D  com.devson.devsonplayer/com.devson.devsonplayer.MainActivity,This DecorView@cf16764[MainActivity] change focus to true
2026-03-18 12:59:25.659  6079-6079  Quality                 com.devson.devsonplayer              I  Skipped: false 1 cost 30.579086 refreshRate 16701281 bit true processName com.devson.devsonplayer
2026-03-18 12:59:25.709  6079-6079  VRI[MainActivity]       com.devson.devsonplayer              D  onFocusEvent true
2026-03-18 12:59:25.715  6079-6079  Quality                 com.devson.devsonplayer              I  Skipped: true 3 cost 53.07628 refreshRate 16701297 bit true processName com.devson.devsonplayer
2026-03-18 12:59:26.640  6079-6079  FFmpegDecoder           com.devson.devsonplayer              I  Seamless Fallback: Switching audio stream to absolute index 1
2026-03-18 12:59:26.641  6079-6079  FFmpegDecoder           com.devson.devsonplayer              I  Audio codec opened: aac  sr=0  ch=2  fmt=u8
2026-03-18 12:59:26.641  6079-6079  FFmpegDecoder           com.devson.devsonplayer              E  openAudioCodec: swr_init failed: Invalid argument
2026-03-18 12:59:26.654  6079-6079  OplusScrollToTopManager com.devson.devsonplayer              D  com.devson.devsonplayer/com.devson.devsonplayer.MainActivity,window dying
2026-03-18 12:59:26.654  6079-6079  OplusScrollToTopManager com.devson.devsonplayer              D  com.devson.devsonplayer/com.devson.devsonplayer.MainActivity,unregisterSystemUIBroadcastReceiver
2026-03-18 12:59:26.654  6079-6079  OplusScrollToTopManager com.devson.devsonplayer              D  com.devson.devsonplayer/com.devson.devsonplayer.MainActivity, unregisterSystemUIBroadcastReceiver failed java.lang.IllegalArgumentException: Receiver not registered: android.view.OplusScrollToTopManager$2@256de65
2026-03-18 12:59:26.674  6079-6079  ZoomWindowDecorView     com.devson.devsonplayer              V  removeZoomView
2026-03-18 12:59:26.675  6079-6079  OpenGLRenderer          com.devson.devsonplayer              D  RenderProxy::destroy: this=0xb400007c87215000, mContext=0xb400007c0d155740
2026-03-18 12:59:26.675  6079-6398  OpenGLRenderer          com.devson.devsonplayer              D  SkiaOpenGLPipeline::setSurface: this=0xb400007c080dd800, surface=NULL
2026-03-18 12:59:26.679  6079-6079  BLASTBufferQueue        com.devson.devsonplayer              D  [VRI[MainActivity]#4](f:0,a:1) destructor()
2026-03-18 12:59:26.679  6079-6079  BufferQueueConsumer     com.devson.devsonplayer              D  [VRI[MainActivity]#4(BLAST Consumer)4](id:17bf00000004,api:0,p:-1,c:6079) disconnect
2026-03-18 12:59:26.711  6079-6079  OplusScrollToTopManager com.devson.devsonplayer              D  com.devson.devsonplayer/com.devson.devsonplayer.MainActivity,This DecorView@cf16764[MainActivity] change focus to false
2026-03-18 12:59:26.717  6079-6079  Quality                 com.devson.devsonplayer              I  Skipped: true 3 cost 52.24165 refreshRate 16700829 bit true processName com.devson.devsonplayer
2026-03-18 12:59:26.739  6079-6079  VRI[MainActivity]       com.devson.devsonplayer              D  onFocusEvent true
2026-03-18 12:59:27.410  6079-6079  AudioManagerExtImpl     com.devson.devsonplayer              D  getStreamVolume packageName=com.devson.devsonplayer, index=10, streamType=3
2026-03-18 12:59:27.870  6079-6079  OplusScrollToTopManager com.devson.devsonplayer              D  com.devson.devsonplayer/com.devson.devsonplayer.MainActivity,This DecorView@cf16764[MainActivity] change focus to true
2026-03-18 12:59:27.870  6079-6079  Quality                 com.devson.devsonplayer              I  Skipped: false 5 cost 86.57105 refreshRate 16703263 bit true processName com.devson.devsonplayer
2026-03-18 12:59:28.594  6079-6079  AAudio                  com.devson.devsonplayer              D  AAudioStream_requestFlush(s#1) called
2026-03-18 12:59:28.594  6079-6079  AAudio                  com.devson.devsonplayer              E  can only flush stream when PAUSED, OPEN or STOPPED, state = AAUDIO_STREAM_STATE_STARTING
2026-03-18 12:59:30.047  6079-6079  AAudio                  com.devson.devsonplayer              D  AAudioStream_requestFlush(s#1) called
2026-03-18 12:59:30.047  6079-6079  AAudio                  com.devson.devsonplayer              E  can only flush stream when PAUSED, OPEN or STOPPED, state = AAUDIO_STREAM_STATE_STARTING
2026-03-18 12:59:31.637  6079-6079  AudioManagerExtImpl     com.devson.devsonplayer              D  getStreamVolume packageName=com.devson.devsonplayer, index=10, streamType=3
2026-03-18 12:59:32.078  6079-6079  Quality                 com.devson.devsonplayer              I  Skipped: false 5 cost 85.85771 refreshRate 16703636 bit true processName com.devson.devsonplayer
2026-03-18 12:59:32.126  6079-6079  Quality                 com.devson.devsonplayer              I  Skipped: true 1 cost 16.752285 refreshRate 16698661 bit true processName com.devson.devsonplayer
2026-03-18 12:59:32.589  6079-6079  AudioManagerExtImpl     com.devson.devsonplayer              D  getStreamVolume packageName=com.devson.devsonplayer, index=10, streamType=3
2026-03-18 12:59:33.187  6079-6079  AAudio                  com.devson.devsonplayer              D  AAudioStream_requestFlush(s#1) called
2026-03-18 12:59:33.187  6079-6079  AAudio                  com.devson.devsonplayer              E  can only flush stream when PAUSED, OPEN or STOPPED, state = AAUDIO_STREAM_STATE_STARTING
2026-03-18 12:59:33.859  6079-6079  AudioManagerExtImpl     com.devson.devsonplayer              D  getStreamVolume packageName=com.devson.devsonplayer, index=10, streamType=3
2026-03-18 12:59:34.282  6079-6079  Quality                 com.devson.devsonplayer              I  Skipped: false 4 cost 68.120514 refreshRate 16706025 bit true processName com.devson.devsonplayer
2026-03-18 12:59:35.342  6079-6079  AAudio                  com.devson.devsonplayer              D  AAudioStream_requestFlush(s#1) called
2026-03-18 12:59:35.342  6079-6079  AAudio                  com.devson.devsonplayer              E  can only flush stream when PAUSED, OPEN or STOPPED, state = AAUDIO_STREAM_STATE_STARTING
2026-03-18 12:59:36.092  6079-6079  AAudio                  com.devson.devsonplayer              D  AAudioStream_requestPause(s#1) called
2026-03-18 12:59:36.092  6079-6079  AAudioStream            com.devson.devsonplayer              D  setState(s#1) from 3 to 5
2026-03-18 12:59:36.092  6079-6079  AudioTrack              com.devson.devsonplayer              D  pause(370): prior state:STATE_ACTIVE output 53 stream 3 session 2729
2026-03-18 12:59:36.093  6079-6079  AudioTrackExtImpl       com.devson.devsonplayer              D  clearAudioBoostTid
2026-03-18 12:59:36.094  6079-6079  AudioTrackExtImpl       com.devson.devsonplayer              D  clearAudioBoostTid  pid 6079  tid 6602
2026-03-18 12:59:36.095  6079-6079  AudioTrackExtImpl       com.devson.devsonplayer              D  clearAudioBoostTid  pid 6079  tid 7422
2026-03-18 12:59:36.729  6079-6079  AAudio                  com.devson.devsonplayer              D  AAudioStream_requestStart(s#1) called --------------
2026-03-18 12:59:36.729  6079-6079  AAudioStream            com.devson.devsonplayer              D  setState(s#1) from 5 to 3
2026-03-18 12:59:36.729  6079-6079  AudioTrack              com.devson.devsonplayer              D  start(370): prior state:STATE_PAUSED output 53 stream 3 session 2729
2026-03-18 12:59:36.766  6079-6079  AudioTrackExtImpl       com.devson.devsonplayer              D  setAudioBoostTid
2026-03-18 12:59:36.768  6079-6079  AudioTrackExtImpl       com.devson.devsonplayer              D  oplusDumpValue PID is 6079  Tid is 6079
2026-03-18 12:59:36.769  6079-6079  AAudio                  com.devson.devsonplayer              D  AAudioStream_requestStart(s#1) returned 0 ---------
2026-03-18 12:59:36.769  6079-6122  AudioStreamTrack        com.devson.devsonplayer              D  onAudioDeviceUpdate() audioIo 53 devId 339 => 339
2026-03-18 12:59:36.772  6079-6079  Quality                 com.devson.devsonplayer              I  Skipped: false 2 cost 36.9304 refreshRate 16704885 bit true processName com.devson.devsonplayer
2026-03-18 12:59:36.823  6079-6079  Quality                 com.devson.devsonplayer              I  Skipped: true 1 cost 19.623732 refreshRate 16735151 bit true processName com.devson.devsonplayer
2026-03-18 12:59:37.361  6079-6079  AAudio                  com.devson.devsonplayer              D  AAudioStream_requestPause(s#1) called
2026-03-18 12:59:37.361  6079-6079  AAudioStream            com.devson.devsonplayer              D  setState(s#1) from 3 to 5
2026-03-18 12:59:37.361  6079-6079  AudioTrack              com.devson.devsonplayer              D  pause(370): prior state:STATE_ACTIVE output 53 stream 3 session 2729
2026-03-18 12:59:37.362  6079-6079  AudioTrackExtImpl       com.devson.devsonplayer              D  clearAudioBoostTid
2026-03-18 12:59:37.363  6079-6079  AudioTrackExtImpl       com.devson.devsonplayer              D  clearAudioBoostTid  pid 6079  tid 6079
2026-03-18 12:59:37.698  6079-6079  AAudio                  com.devson.devsonplayer              D  AAudioStream_requestStart(s#1) called --------------
2026-03-18 12:59:37.699  6079-6079  AAudioStream            com.devson.devsonplayer              D  setState(s#1) from 5 to 3
2026-03-18 12:59:37.699  6079-6079  AudioTrack              com.devson.devsonplayer              D  start(370): prior state:STATE_PAUSED output 53 stream 3 session 2729
2026-03-18 12:59:37.721  6079-6079  AudioTrackExtImpl       com.devson.devsonplayer              D  setAudioBoostTid
2026-03-18 12:59:37.723  6079-6079  AudioTrackExtImpl       com.devson.devsonplayer              D  oplusDumpValue PID is 6079  Tid is 6079
2026-03-18 12:59:37.723  6079-6079  AAudio                  com.devson.devsonplayer              D  AAudioStream_requestStart(s#1) returned 0 ---------
2026-03-18 12:59:37.724  6079-6122  AudioStreamTrack        com.devson.devsonplayer              D  onAudioDeviceUpdate() audioIo 53 devId 339 => 339
2026-03-18 12:59:37.727  6079-6079  Quality                 com.devson.devsonplayer              I  Skipped: false 1 cost 21.98851 refreshRate 16737076 bit true processName com.devson.devsonplayer
2026-03-18 12:59:37.773  6079-6079  Quality                 com.devson.devsonplayer              I  Skipped: true 1 cost 17.862066 refreshRate 16737444 bit true processName com.devson.devsonplayer
2026-03-18 12:59:38.480  6079-6079  AAudio                  com.devson.devsonplayer              D  AAudioStream_requestFlush(s#1) called
2026-03-18 12:59:38.480  6079-6079  AAudio                  com.devson.devsonplayer              E  can only flush stream when PAUSED, OPEN or STOPPED, state = AAUDIO_STREAM_STATE_STARTING
2026-03-18 12:59:38.782  6079-6079  AAudio                  com.devson.devsonplayer              D  AAudioStream_requestFlush(s#1) called
2026-03-18 12:59:38.782  6079-6079  AAudio                  com.devson.devsonplayer              E  can only flush stream when PAUSED, OPEN or STOPPED, state = AAUDIO_STREAM_STATE_STARTING
2026-03-18 12:59:39.078  6079-6079  AAudio                  com.devson.devsonplayer              D  AAudioStream_requestFlush(s#1) called
2026-03-18 12:59:39.078  6079-6079  AAudio                  com.devson.devsonplayer              E  can only flush stream when PAUSED, OPEN or STOPPED, state = AAUDIO_STREAM_STATE_STARTING
2026-03-18 12:59:39.955  6079-6398  Quality                 com.devson.devsonplayer              I  JankCountInfo: com.devson.devsonplayer basic:0-0-0 action:-1 data:0-8 type:2 stage:5-0-0 type:3 stage:12-0-0 type:4 stage:2-0-0 type:5 stage:1-0-0 action:0 data:0-0 type:2 stage:1-0-0 action:1 data:0-1 type:3 stage:3-0-0 type:5 stage:1-0-0 action:2 data:0-2 type:2 stage:1-0-0 type:3 stage:3-0-0 action:6 data:0-4 type:2 stage:2-0-0 type:3 stage:1-0-0 action:8 data:0-0 type:3 stage:1-0-0 action:10 data:0-0 type:2 stage:1-0-0 action:13 data:0-0 type:2 stage:1-0-0
2026-03-18 12:59:40.144  6079-6079  ScrollIdentify          com.devson.devsonplayer              I  on fling
2026-03-18 12:59:40.146  6079-6079  Quality                 com.devson.devsonplayer              I  Skipped: true 1 cost 20.42328 refreshRate 16700070 bit true processName com.devson.devsonplayer
2026-03-18 12:59:40.148  6079-6079  AAudio                  com.devson.devsonplayer              D  AAudioStream_requestFlush(s#1) called
2026-03-18 12:59:40.148  6079-6079  AAudio                  com.devson.devsonplayer              E  can only flush stream when PAUSED, OPEN or STOPPED, state = AAUDIO_STREAM_STATE_STARTING
2026-03-18 12:59:40.175  6079-6388  libPerfCtl              com.devson.devsonplayer              I  fbcNotifySbeRescue ret=-1
2026-03-18 12:59:40.185  6079-6388  libPerfCtl              com.devson.devsonplayer              I  fbcNotifySbeRescue ret=-1
2026-03-18 12:59:40.435  6079-6388  libPerfCtl              com.devson.devsonplayer              I  fbcNotifySbeRescue ret=-1
2026-03-18 12:59:40.436  6079-6388  libPerfCtl              com.devson.devsonplayer              I  fbcNotifySbeRescue ret=-1
2026-03-18 12:59:40.686  6079-6388  libPerfCtl              com.devson.devsonplayer              I  fbcNotifySbeRescue ret=-1
2026-03-18 12:59:40.696  6079-6388  libPerfCtl              com.devson.devsonplayer              I  fbcNotifySbeRescue ret=-1
2026-03-18 12:59:40.963  6079-6079  Quality                 com.devson.devsonplayer              I  Skipped: true 1 cost 19.051588 refreshRate 16701233 bit true processName com.devson.devsonplayer
2026-03-18 12:59:41.007  6079-6079  ScrollIdentify          com.devson.devsonplayer              I  on fling
2026-03-18 12:59:41.010  6079-6079  AAudio                  com.devson.devsonplayer              D  AAudioStream_requestFlush(s#1) called
2026-03-18 12:59:41.010  6079-6079  AAudio                  com.devson.devsonplayer              E  can only flush stream when PAUSED, OPEN or STOPPED, state = AAUDIO_STREAM_STATE_STARTING
2026-03-18 12:59:41.038  6079-6388  libPerfCtl              com.devson.devsonplayer              I  fbcNotifySbeRescue ret=-1
2026-03-18 12:59:41.050  6079-6388  libPerfCtl              com.devson.devsonplayer              I  fbcNotifySbeRescue ret=-1
2026-03-18 12:59:41.059  6079-6388  libPerfCtl              com.devson.devsonplayer              I  fbcNotifySbeRescue ret=-1
2026-03-18 12:59:41.065  6079-6388  libPerfCtl              com.devson.devsonplayer              I  fbcNotifySbeRescue ret=-1
2026-03-18 12:59:41.153  6079-6388  libPerfCtl              com.devson.devsonplayer              I  fbcNotifySbeRescue ret=-1
2026-03-18 12:59:41.167  6079-6388  libPerfCtl              com.devson.devsonplayer              I  fbcNotifySbeRescue ret=-1
2026-03-18 12:59:41.554  6079-6388  libPerfCtl              com.devson.devsonplayer              I  fbcNotifySbeRescue ret=-1
2026-03-18 12:59:41.558  6079-6388  libPerfCtl              com.devson.devsonplayer              I  fbcNotifySbeRescue ret=-1
2026-03-18 12:59:41.710  6079-6079  AudioManagerExtImpl     com.devson.devsonplayer              D  getStreamVolume packageName=com.devson.devsonplayer, index=10, streamType=3
2026-03-18 12:59:42.209  6079-6079  Quality                 com.devson.devsonplayer              I  Skipped: false 4 cost 79.66555 refreshRate 16705874 bit true processName com.devson.devsonplayer
2026-03-18 12:59:42.519  6079-6079  Quality                 com.devson.devsonplayer              I  Skipped: true 1 cost 22.129328 refreshRate 16707512 bit true processName com.devson.devsonplayer
2026-03-18 12:59:42.836  6079-6079  ScrollIdentify          com.devson.devsonplayer              I  on fling
2026-03-18 12:59:42.838  6079-6079  AAudio                  com.devson.devsonplayer              D  AAudioStream_requestFlush(s#1) called
2026-03-18 12:59:42.839  6079-6079  AAudio                  com.devson.devsonplayer              E  can only flush stream when PAUSED, OPEN or STOPPED, state = AAUDIO_STREAM_STATE_STARTING
2026-03-18 12:59:42.862  6079-6388  libPerfCtl              com.devson.devsonplayer              I  fbcNotifySbeRescue ret=-1
2026-03-18 12:59:42.876  6079-6388  libPerfCtl              com.devson.devsonplayer              I  fbcNotifySbeRescue ret=-1
2026-03-18 12:59:43.375  6079-6388  libPerfCtl              com.devson.devsonplayer              I  fbcNotifySbeRescue ret=-1
2026-03-18 12:59:43.387  6079-6388  libPerfCtl              com.devson.devsonplayer              I  fbcNotifySbeRescue ret=-1
2026-03-18 12:59:43.495  6079-6079  AudioManagerExtImpl     com.devson.devsonplayer              D  getStreamVolume packageName=com.devson.devsonplayer, index=10, streamType=3
2026-03-18 12:59:43.608  6079-6079  ScrollIdentify          com.devson.devsonplayer              I  on fling
2026-03-18 12:59:43.665  6079-6388  libPerfCtl              com.devson.devsonplayer              I  fbcNotifySbeRescue ret=-1
2026-03-18 12:59:43.675  6079-6388  libPerfCtl              com.devson.devsonplayer              I  fbcNotifySbeRescue ret=-1
2026-03-18 12:59:43.891  6079-6388  libPerfCtl              com.devson.devsonplayer              I  fbcNotifySbeRescue ret=-1
2026-03-18 12:59:43.910  6079-6388  libPerfCtl              com.devson.devsonplayer              I  fbcNotifySbeRescue ret=-1
2026-03-18 12:59:44.034  6079-6079  AudioManagerExtImpl     com.devson.devsonplayer              D  getStreamVolume packageName=com.devson.devsonplayer, index=10, streamType=3
2026-03-18 12:59:44.175  6079-6079  ScrollIdentify          com.devson.devsonplayer              I  on fling
2026-03-18 12:59:44.464  6079-6079  AudioManagerExtImpl     com.devson.devsonplayer              D  getStreamVolume packageName=com.devson.devsonplayer, index=10, streamType=3
2026-03-18 12:59:44.592  6079-6079  ScrollIdentify          com.devson.devsonplayer              I  on fling
2026-03-18 12:59:44.627  6079-6388  libPerfCtl              com.devson.devsonplayer              I  fbcNotifySbeRescue ret=-1
2026-03-18 12:59:44.635  6079-6388  libPerfCtl              com.devson.devsonplayer              I  fbcNotifySbeRescue ret=-1
2026-03-18 12:59:44.878  6079-6388  libPerfCtl              com.devson.devsonplayer              I  fbcNotifySbeRescue ret=-1
2026-03-18 12:59:44.888  6079-6388  libPerfCtl              com.devson.devsonplayer              I  fbcNotifySbeRescue ret=-1
2026-03-18 12:59:44.913  6079-6388  libPerfCtl              com.devson.devsonplayer              I  fbcNotifySbeRescue ret=-1
2026-03-18 12:59:44.931  6079-6388  libPerfCtl              com.devson.devsonplayer              I  fbcNotifySbeRescue ret=-1
2026-03-18 12:59:44.978  6079-6388  libPerfCtl              com.devson.devsonplayer              I  fbcNotifySbeRescue ret=-1
2026-03-18 12:59:44.989  6079-6388  libPerfCtl              com.devson.devsonplayer              I  fbcNotifySbeRescue ret=-1
2026-03-18 12:59:44.998  6079-6388  libPerfCtl              com.devson.devsonplayer              I  fbcNotifySbeRescue ret=-1
2026-03-18 12:59:45.007  6079-6388  libPerfCtl              com.devson.devsonplayer              I  fbcNotifySbeRescue ret=-1
2026-03-18 12:59:45.013  6079-6079  ScrollIdentify          com.devson.devsonplayer              I  on fling
2026-03-18 12:59:45.015  6079-6079  AAudio                  com.devson.devsonplayer              D  AAudioStream_requestFlush(s#1) called
2026-03-18 12:59:45.015  6079-6079  AAudio                  com.devson.devsonplayer              E  can only flush stream when PAUSED, OPEN or STOPPED, state = AAUDIO_STREAM_STATE_STARTING
2026-03-18 12:59:45.016  6079-6388  libPerfCtl              com.devson.devsonplayer              I  fbcNotifySbeRescue ret=-1
2026-03-18 12:59:45.033  6079-6388  libPerfCtl              com.devson.devsonplayer              I  fbcNotifySbeRescue ret=-1
2026-03-18 12:59:45.045  6079-6388  libPerfCtl              com.devson.devsonplayer              I  fbcNotifySbeRescue ret=-1
2026-03-18 12:59:45.056  6079-6388  libPerfCtl              com.devson.devsonplayer              I  fbcNotifySbeRescue ret=-1
2026-03-18 12:59:45.228  6079-6388  libPerfCtl              com.devson.devsonplayer              I  fbcNotifySbeRescue ret=-1
2026-03-18 12:59:45.235  6079-6388  libPerfCtl              com.devson.devsonplayer              I  fbcNotifySbeRescue ret=-1
2026-03-18 12:59:45.295  6079-6388  libPerfCtl              com.devson.devsonplayer              I  fbcNotifySbeRescue ret=-1
2026-03-18 12:59:45.325  6079-6388  libPerfCtl              com.devson.devsonplayer              I  fbcNotifySbeRescue ret=-1
2026-03-18 12:59:45.328  6079-6079  Quality                 com.devson.devsonplayer              I  Skipped: true 1 cost 24.976831 refreshRate 16706059 bit true processName com.devson.devsonplayer
2026-03-18 12:59:45.332  6079-6388  libPerfCtl              com.devson.devsonplayer              I  fbcNotifySbeRescue ret=-1
2026-03-18 12:59:45.341  6079-6388  libPerfCtl              com.devson.devsonplayer              I  fbcNotifySbeRescue ret=-1
2026-03-18 12:59:45.575  6079-6079  Quality                 com.devson.devsonplayer              I  Skipped: true 1 cost 21.564487 refreshRate 16706288 bit true processName com.devson.devsonplayer
2026-03-18 12:59:45.612  6079-6079  Quality                 com.devson.devsonplayer              I  Skipped: true 1 cost 25.54685 refreshRate 16704985 bit true processName com.devson.devsonplayer
2026-03-18 12:59:46.609  6079-6079  AudioManagerExtImpl     com.devson.devsonplayer              D  getStreamVolume packageName=com.devson.devsonplayer, index=10, streamType=3
2026-03-18 12:59:47.117  6079-6079  Quality                 com.devson.devsonplayer              I  Skipped: false 4 cost 77.66507 refreshRate 16698194 bit true processName com.devson.devsonplayer
2026-03-18 12:59:47.441  6079-6079  Quality                 com.devson.devsonplayer              I  Skipped: true 1 cost 17.549189 refreshRate 16695763 bit true processName com.devson.devsonplayer
2026-03-18 12:59:47.488  6079-6079  AudioManagerExtImpl     com.devson.devsonplayer              D  getStreamVolume packageName=com.devson.devsonplayer, index=10, streamType=3
2026-03-18 12:59:47.862  6079-6079  Quality                 com.devson.devsonplayer              I  Skipped: true 1 cost 20.81022 refreshRate 16705893 bit true processName com.devson.devsonplayer
2026-03-18 12:59:47.967  6079-6079  Quality                 com.devson.devsonplayer              I  Skipped: true 1 cost 25.189575 refreshRate 16699050 bit true processName com.devson.devsonplayer
2026-03-18 12:59:48.217  6079-6079  Quality                 com.devson.devsonplayer              I  Skipped: true 2 cost 41.700104 refreshRate 16701061 bit true processName com.devson.devsonplayer
