--------- beginning of system
--------- beginning of main
2026-03-18 14:26:50.925  1675-1788  PackageMan...ilsExtImpl system_server                        E  Fix up user restrict data of pkg: com.devson.devsonplayer
2026-03-18 14:26:51.517  1675-1788  ArtManagerService       system_server                        E  Failed to prepare profile for com.devson.devsonplayer:/data/app/~~ucvu5-IdeEsjVSd9AzUjfg==/com.devson.devsonplayer-5yr-SkflaICgo_b8eLhQdw==/base.apk
---------------------------- PROCESS STARTED (23793) for package com.devson.devsonplayer ----------------------------
2026-03-18 14:26:53.459 23793-23793 OneTrace                com.devson.devsonplayer              I  Mark active for pid=23793? true
2026-03-18 14:26:53.460 23793-23793 cutils-dev              com.devson.devsonplayer              D  otrace_set_tracing_enabled? true
2026-03-18 14:26:53.467 23793-23807 cutils-dev              com.devson.devsonplayer              D  properties changed in otrace_seq_number_changed!
2026-03-18 14:26:53.555  1675-1729  OplusThermalStats       system_server                        E  Error getting package info: com.devson.devsonplayer
2026-03-18 14:26:53.632 23793-23793 Compatibil...geReporter com.devson.devsonplayer              D  Compat change id reported: 171979766; UID 10469; state: ENABLED
2026-03-18 14:26:53.635 23793-23793 oplus.andr...actoryImpl com.devson.devsonplayer              I  get feature:IOplusAutoResolutionFeature
2026-03-18 14:26:53.635 23793-23793 oplus.andr...actoryImpl com.devson.devsonplayer              I  getOplusAutoResolutionFeature
2026-03-18 14:26:53.707 23793-23793 OplusFeatureCache       com.devson.devsonplayer              I  Milliseconds spent on init(): 70
2026-03-18 14:26:53.713 23793-23793 CompactWindowAppManager com.devson.devsonplayer              D  initCompactApplicationInfo CompactMode: , NormalMode: 
2026-03-18 14:26:53.758 23793-23793 libc                    com.devson.devsonplayer              W  Access denied finding property "ro.odm.prev.product.name"
2026-03-18 14:26:53.763 23793-23793 LoadedApk               com.devson.devsonplayer              D  mApplicationInfo overrideDisplayId:null
2026-03-18 14:26:54.717 23793-23793 nativeloader            com.devson.devsonplayer              D  Configuring clns-4 for other apk /data/app/~~ucvu5-IdeEsjVSd9AzUjfg==/com.devson.devsonplayer-5yr-SkflaICgo_b8eLhQdw==/base.apk. target_sdk_version=36, uses_libraries=, library_path=/data/app/~~ucvu5-IdeEsjVSd9AzUjfg==/com.devson.devsonplayer-5yr-SkflaICgo_b8eLhQdw==/lib/arm64:/data/app/~~ucvu5-IdeEsjVSd9AzUjfg==/com.devson.devsonplayer-5yr-SkflaICgo_b8eLhQdw==/base.apk!/lib/arm64-v8a, permitted_path=/data:/mnt/expand:/data/user/0/com.devson.devsonplayer
2026-03-18 14:26:54.718 23793-23793 Quality                 com.devson.devsonplayer              I  ActivityThread: createClassLoader delay 954 /data/app/~~ucvu5-IdeEsjVSd9AzUjfg==/com.devson.devsonplayer-5yr-SkflaICgo_b8eLhQdw==/base.apk 23793
2026-03-18 14:26:54.721 23793-23793 Quality                 com.devson.devsonplayer              I  ActivityThread: createOrUpdateClassLoaderLocked delay 958 com.devson.devsonplayer 23793
2026-03-18 14:26:54.733 23793-23793 nativeloader            com.devson.devsonplayer              D  Load libframework-connectivity-jni.so using APEX ns com_android_tethering for caller /apex/com.android.tethering/javalib/framework-connectivity.jar: ok
2026-03-18 14:26:54.745 23793-23793 GraphicsEnvironment     com.devson.devsonplayer              V  ANGLE Developer option for 'com.devson.devsonplayer' set to: 'default'
2026-03-18 14:26:54.746 23793-23793 GraphicsEnvironment     com.devson.devsonplayer              V  ANGLE GameManagerService for com.devson.devsonplayer: false
2026-03-18 14:26:54.746 23793-23793 GraphicsEnvironment     com.devson.devsonplayer              V  Neither updatable production driver nor prerelease driver is supported.
2026-03-18 14:26:54.756 23793-23793 NetworkSecurityConfig   com.devson.devsonplayer              D  No Network Security Config specified, using platform default
2026-03-18 14:26:54.759 23793-23793 NetworkSecurityConfig   com.devson.devsonplayer              D  No Network Security Config specified, using platform default
2026-03-18 14:26:54.764 23793-23793 Compatibil...geReporter com.devson.devsonplayer              D  Compat change id reported: 183155436; UID 10469; state: ENABLED
2026-03-18 14:26:54.837 23793-23793 nativeloader            com.devson.devsonplayer              D  Load libSchedAssistJni.so using system ns (caller=/system/framework/oplus-framework.jar): ok
2026-03-18 14:26:54.837 23793-23793 ExtensionsLoader        com.devson.devsonplayer              D  createInstance(64bit) : createExtendedFactory
2026-03-18 14:26:54.838 23793-23793 ExtensionsLoader        com.devson.devsonplayer              D  Opened libSchedAssistExtImpl.so
2026-03-18 14:26:54.838 23793-23793 on.devsonplayer         com.devson.devsonplayer              E  ofbOpen failed with error=No such file or directory
2026-03-18 14:26:54.838 23793-23793 on.devsonplayer         com.devson.devsonplayer              E  sysOpen failed with error=No such file or directory
2026-03-18 14:26:54.838 23793-23793 on.devsonplayer         com.devson.devsonplayer              E  sharedImFd failed with error=Permission denied
2026-03-18 14:26:54.841 23793-23793 OplusGraphicsEvent      com.devson.devsonplayer              D  OplusGraphicsEventListener create now!
2026-03-18 14:26:54.842 23793-23793 OplusGraphicsEvent      com.devson.devsonplayer              D  addEventListener success!
2026-03-18 14:26:54.851 23793-23793 OplusActivityManager    com.devson.devsonplayer              D  get AMS extension: android.os.BinderProxy@56bf63c
2026-03-18 14:26:54.852 23793-23793 Quality                 com.devson.devsonplayer              I  ActivityThread: bindApplication delay 1227 com.devson.devsonplayer 23793
2026-03-18 14:26:54.853 23793-23829 Quality                 com.devson.devsonplayer              I  Blocked msg = Package name: com.devson.devsonplayer [ schedGroup: 5 schedPolicy: 1073741824 ] process the message: { when=-1s330ms what=110 target=android.app.ActivityThread$H obj=AppBindData{appInfo=ApplicationInfo{2664fc5 com.devson.devsonplayer}} } took 1227 ms
2026-03-18 14:26:54.869 23793-23982 nativeloader            com.devson.devsonplayer              D  Load libpowerhalwrap_jni.so using system ns (caller=/system/framework/mediatek-framework.jar): ok
2026-03-18 14:26:54.869 23793-23793 PowerHalWrapper         com.devson.devsonplayer              I  PowerHalWrapper.getInstance 
2026-03-18 14:26:54.869 23793-23982 PowerHalWrapper         com.devson.devsonplayer              I  PowerHalWrapper.getInstance 
2026-03-18 14:26:54.889 23793-23793 MSYNC3-Var...efreshRate com.devson.devsonplayer              I  Variable refreshrate is disabled
2026-03-18 14:26:55.047 23793-23793 oplus.andr...actoryImpl com.devson.devsonplayer              I  Unknow feature:IOplusTextViewRTLUtilForUG
2026-03-18 14:26:55.061 23793-23996 libMEOW                 com.devson.devsonplayer              D  meow new tls: 0xb400007c8b497b40
2026-03-18 14:26:55.062 23793-23996 libMEOW                 com.devson.devsonplayer              D  meow reload base cfg path: na
2026-03-18 14:26:55.062 23793-23996 libMEOW                 com.devson.devsonplayer              D  meow reload overlay cfg path: na
2026-03-18 14:26:55.153 23793-23793 OplusWindowManager      com.devson.devsonplayer              D  get WMS extension: android.os.BinderProxy@5d3b435
2026-03-18 14:26:55.223 23793-23996 QT                      com.devson.devsonplayer              E  [QT]file does not exist
2026-03-18 14:26:55.226 23793-23996 libMEOW                 com.devson.devsonplayer              D  applied 1 plugins for [com.devson.devsonplayer]:
2026-03-18 14:26:55.226 23793-23996 libMEOW                 com.devson.devsonplayer              D    plugin 1: [libMEOW_gift.so]: 0xb400007c84296000
2026-03-18 14:26:55.227 23793-23996 libMEOW                 com.devson.devsonplayer              D  rebuild call chain: 0xb400007c8b4b37c0
2026-03-18 14:26:55.227 23793-23996 libMEOW                 com.devson.devsonplayer              D  meow delete tls: 0xb400007c8b497b40
2026-03-18 14:26:55.267 23793-23793 Quality                 com.devson.devsonplayer              I  ActivityThread: activityStart delay 373 com.devson.devsonplayer 23793
2026-03-18 14:26:55.283 23793-23793 OplusInputMethodUtil    com.devson.devsonplayer              D  init sDebug to false, init sDebugIme to false, init sAlwaysOn to false
2026-03-18 14:26:55.283 23793-23793 OplusInputMethodUtil    com.devson.devsonplayer              D  updateDebugToClass InputMethodManager.DEBUG = false
2026-03-18 14:26:55.283 23793-23793 OplusInputMethodUtil    com.devson.devsonplayer              D  updateDebugToClass ImeFocusController.DEBUG = false
2026-03-18 14:26:55.283 23793-23793 OplusInputMethodUtil    com.devson.devsonplayer              D  updateDebugToClass BaseInputConnection.DEBUG = false
2026-03-18 14:26:55.283 23793-23793 OplusInputMethodUtil    com.devson.devsonplayer              D  updateDebugToClass ImeFocusController.sDebugIme = false
2026-03-18 14:26:55.324 23793-23793 SurfaceFactory          com.devson.devsonplayer              I  [static] sSurfaceFactory = com.mediatek.view.impl.SurfaceFactoryImpl@42f70f6
2026-03-18 14:26:55.347 23793-23793 WindowManager           com.devson.devsonplayer              D  Add to mViews: DecorView@cf16764[MainActivity],pkg= com.devson.devsonplayer
2026-03-18 14:26:55.350 23793-23986 ExtensionsLoader        com.devson.devsonplayer              D  createInstance(64bit) : createExtendedFactory
2026-03-18 14:26:55.373 23793-24032 OplusSlideAnimOptHelper com.devson.devsonplayer              I  checkListMode: is blacklist mode = true
2026-03-18 14:26:55.412 23793-24032 OplusSlideAnimOptHelper com.devson.devsonplayer              D  com.devson.devsonplayer scrollEffectOpt enable = true
2026-03-18 14:26:55.478 23793-23986 ExtensionsLoader        com.devson.devsonplayer              D  Opened libhwuiextimpl.so
2026-03-18 14:26:55.478 23793-23793 ExtensionsLoader        com.devson.devsonplayer              D  createInstance(64bit) : createExtendedFactory
2026-03-18 14:26:55.478 23793-23793 ExtensionsLoader        com.devson.devsonplayer              D  Opened libSchedAssistExtImpl.so
2026-03-18 14:26:55.510 23793-23793 ViewRootImplExtImpl     com.devson.devsonplayer              D  onDisplayChanged -1 for VRI android.view.ViewRootImpl@79dd3ef
2026-03-18 14:26:55.512 23793-23793 libMEOW                 com.devson.devsonplayer              D  meow new tls: 0xb400007c8732c400
2026-03-18 14:26:55.512 23793-23793 libMEOW                 com.devson.devsonplayer              D  applied 1 plugins for [com.devson.devsonplayer]:
2026-03-18 14:26:55.512 23793-23793 libMEOW                 com.devson.devsonplayer              D    plugin 1: [libMEOW_gift.so]: 0xb400007c84296000
2026-03-18 14:26:55.513 23793-23793 libMEOW                 com.devson.devsonplayer              D  rebuild call chain: 0xb400007c873d6f00
2026-03-18 14:26:55.514 23793-23793 InputEventReceiver      com.devson.devsonplayer              D  Input log is disabled
2026-03-18 14:26:55.517 23793-23793 Quality                 com.devson.devsonplayer              I  ActivityThread: activityLifecycle delay 624 com.devson.devsonplayer 23793
2026-03-18 14:26:55.521 23793-23793 Choreographer           com.devson.devsonplayer              I  Skipped 40 frames!  The application may be doing too much work on its main thread.
2026-03-18 14:26:55.521 23793-23793 Quality                 com.devson.devsonplayer              I  Skipped: false 14 cost 248.82532 refreshRate 16735335 bit true processName com.devson.devsonplayer
2026-03-18 14:26:55.523 23793-23793 OplusBracketLog         com.devson.devsonplayer              E  [OplusViewMirrorManager] updateHostViewRootIfNeeded, not support android.view.ViewRootImpl@79dd3ef
2026-03-18 14:26:55.927 23793-23793 on.devsonplayer         com.devson.devsonplayer              I  hiddenapi: Accessing hidden method Landroid/os/SystemProperties;->addChangeCallback(Ljava/lang/Runnable;)V (runtime_flags=0, domain=platform, api=unsupported) from Landroidx/compose/ui/platform/AndroidComposeView$Companion; (domain=app, TargetSdkVersion=36) using reflection: allowed
2026-03-18 14:26:55.967 23793-23793 Vibrator                com.devson.devsonplayer              D  SystemVibrator Created
2026-03-18 14:26:56.237 23793-23793 BufferQueueConsumer     com.devson.devsonplayer              D  [](id:5cf100000000,api:0,p:-1,c:23793) connect: controlledByApp=false
2026-03-18 14:26:56.240 23793-23793 ExtensionsLoader        com.devson.devsonplayer              D  createInstance(64bit) : createExtendedFactory
2026-03-18 14:26:56.240 23793-23793 ExtensionsLoader        com.devson.devsonplayer              D  Opened libSchedAssistExtImpl.so
2026-03-18 14:26:56.250 23793-23793 ZoomWindowDecorView     com.devson.devsonplayer              V  setLastReportedMergedConfiguration mZoomDisplayHeight: 1600 getDecorView.217147236
2026-03-18 14:26:56.263 23793-23986 libMEOW                 com.devson.devsonplayer              D  meow new tls: 0xb400007c87376880
2026-03-18 14:26:56.263 23793-23986 libMEOW                 com.devson.devsonplayer              D  applied 1 plugins for [com.devson.devsonplayer]:
2026-03-18 14:26:56.263 23793-23986 libMEOW                 com.devson.devsonplayer              D    plugin 1: [libMEOW_gift.so]: 0xb400007c84296000
2026-03-18 14:26:56.263 23793-23986 libMEOW                 com.devson.devsonplayer              D  rebuild call chain: 0xb400007c21026540
2026-03-18 14:26:56.276 23793-23793 VRI[MainActivity]       com.devson.devsonplayer              D  registerCallbacksForSync syncBuffer=false
2026-03-18 14:26:56.319 23793-23986 OpenGLRenderer          com.devson.devsonplayer              E  Device claims wide gamut support, cannot find matching config, error = EGL_SUCCESS
2026-03-18 14:26:56.320 23793-23986 OpenGLRenderer          com.devson.devsonplayer              W  Failed to initialize 101010-2 format, error = EGL_SUCCESS
2026-03-18 14:26:56.323 23793-23986 skia                    com.devson.devsonplayer              D  GrGLMakeAssembledInterface verStr OpenGL ES 3.2 v1.r32p1-01eac0.2a893c04ca0026c2e6802dbe7d7af5c5
2026-03-18 14:26:56.324 23793-23986 skia                    com.devson.devsonplayer              D  GrGLMakeAssembledGLESInterface verStr OpenGL ES 3.2 v1.r32p1-01eac0.2a893c04ca0026c2e6802dbe7d7af5c5
2026-03-18 14:26:56.324 23793-23986 skia                    com.devson.devsonplayer              D  extensions init verString=OpenGL ES 3.2 v1.r32p1-01eac0.2a893c04ca0026c2e6802dbe7d7af5c5
2026-03-18 14:26:56.344 23793-23986 Quality                 com.devson.devsonplayer              I  ActivityThread: setSurface delay 92 com.devson.devsonplayer 23793
2026-03-18 14:26:56.383 23793-23986 hw-ProcessState         com.devson.devsonplayer              D  Binder ioctl to enable oneway spam detection failed: Invalid argument
2026-03-18 14:26:56.403 23793-23986 mali                    com.devson.devsonplayer              I  [DebugProp] GPU Debug-Mechanism Disable !
2026-03-18 14:26:56.756 23793-23986 BLASTBufferQueue        com.devson.devsonplayer              D  [VRI[MainActivity]#0](f:0,a:1) acquireNextBufferLocked size=720x1600 mFrameNumber=1 applyTransaction=true mTimestamp=23550404271788(auto) mPendingTransactions.size=0 graphicBufferId=102190156873728 transform=0
2026-03-18 14:26:56.756 23793-23986 VRI[MainActivity]       com.devson.devsonplayer              D  Received frameCommittedCallback lastAttemptedDrawFrameNum=1 didProduceBuffer=true syncBuffer=false
2026-03-18 14:26:56.760 23793-23986 Parcel                  com.devson.devsonplayer              W  Expecting binder but got null!
2026-03-18 14:26:56.761 23793-23793 VRI[MainActivity]       com.devson.devsonplayer              D  draw finished.
2026-03-18 14:26:56.769 23793-23793 DynamicFra...igManager] com.devson.devsonplayer              I  initFrameRateConfig: 
                                                                                                    	levels: [120, 60, 40, 30]
                                                                                                    	thresholds: [400, 80, 30]
                                                                                                    	scrollbar fade frame rate: 0
2026-03-18 14:26:56.769 23793-23793 DynamicFra...igManager] com.devson.devsonplayer              I  FRTCConfigManager: FRTC_CAPABILITY = 120, package name = com.devson.devsonplayer, PACKAGE_ENABLE = false
2026-03-18 14:26:56.770 23793-23793 DynamicFra...ontroller] com.devson.devsonplayer              I  init info: mPackageName = com.devson.devsonplayer, mIsEnabled = false
2026-03-18 14:26:56.771 23793-23793 Quality                 com.devson.devsonplayer              I  ActivityThread: doFrame delay 1250 com.devson.devsonplayer 23793
2026-03-18 14:26:56.783 23793-23817 OpenGLRenderer          com.devson.devsonplayer              I  Davey! duration=1905ms; Flags=1, FrameTimelineVsyncId=6471819, IntendedVsync=23548500864633, Vsync=23549170278033, InputEventId=0, HandleInputStart=23549172977326, AnimationStart=23549172997711, PerformTraversalsStart=23549173332095, DrawStart=23549996423480, FrameDeadline=23548520864633, FrameInterval=23549171921711, FrameStartTime=16735335, SyncQueued=23550013548403, SyncStart=23550014643557, IssueDrawCommandsStart=23550016786864, SwapBuffers=23550400303557, FrameCompleted=23550407677711, DequeueBufferDuration=11518769, QueueBufferDuration=3024539, GpuCompleted=23550404112711, SwapBuffersCompleted=23550407677711, DisplayPresentTime=0, CommandSubmissionCompleted=23550400303557, 
2026-03-18 14:26:56.798 23793-23829 Quality                 com.devson.devsonplayer              I  Blocked msg = Package name: com.devson.devsonplayer [ schedGroup: 5 schedPolicy: 1073741824 ] process the message: { when=-1s921ms what=0 target=android.view.Choreographer$FrameHandler callback=android.view.Choreographer$FrameDisplayEventReceiver } took 1250 ms
2026-03-18 14:26:56.873 23793-23793 VRI[MainActivity]       com.devson.devsonplayer              D  onFocusEvent true
2026-03-18 14:26:56.880 23793-23793 Quality                 com.devson.devsonplayer              I  Skipped: false 5 cost 96.47545 refreshRate 16729064 bit true processName com.devson.devsonplayer
2026-03-18 14:26:56.882 23793-23793 VRI[MainActivity]       com.devson.devsonplayer              D  registerCallbacksForSync syncBuffer=false
2026-03-18 14:26:56.882 23793-23986 VRI[MainActivity]       com.devson.devsonplayer              D  Received frameCommittedCallback lastAttemptedDrawFrameNum=2 didProduceBuffer=false syncBuffer=false
2026-03-18 14:26:56.883 23793-23793 VRI[MainActivity]       com.devson.devsonplayer              D  draw finished.
2026-03-18 14:26:56.946 23793-23793 VRI[MainActivity]       com.devson.devsonplayer              D  onFocusEvent false
2026-03-18 14:26:57.727  1675-1779  VerityUtils             system_server                        E  Failed to measure fs-verity, errno 1: /data/app/~~ucvu5-IdeEsjVSd9AzUjfg==/com.devson.devsonplayer-5yr-SkflaICgo_b8eLhQdw==/base.apk
2026-03-18 14:26:57.950 23793-23793 OplusScrollToTopManager com.devson.devsonplayer              D  com.devson.devsonplayer/com.devson.devsonplayer.MainActivity,This DecorView@cf16764[MainActivity] change focus to false
2026-03-18 14:26:58.679  1675-1729  OplusThermalStats       system_server                        E  Error getting package info: com.devson.devsonplayer
2026-03-18 14:26:58.685 23793-23793 Compatibil...geReporter com.devson.devsonplayer              D  Compat change id reported: 78294732; UID 10469; state: ENABLED
2026-03-18 14:26:58.751 23793-23807 on.devsonplayer         com.devson.devsonplayer              I  Compiler allocated 4797KB to compile void android.view.ViewRootImpl.performTraversals()
2026-03-18 14:26:59.201 23793-23793 Quality                 com.devson.devsonplayer              I  ActivityThread: doFrame delay 503 com.devson.devsonplayer 23793
2026-03-18 14:26:59.201 23793-23793 VRI[MainActivity]       com.devson.devsonplayer              D  onFocusEvent true
2026-03-18 14:26:59.262 23793-23793 Quality                 com.devson.devsonplayer              I  Skipped: false 18 cost 306.70218 refreshRate 16747315 bit true processName com.devson.devsonplayer
2026-03-18 14:26:59.594 23793-23793 Quality                 com.devson.devsonplayer              I  Skipped: true 1 cost 21.283628 refreshRate 16679435 bit true processName com.devson.devsonplayer
2026-03-18 14:26:59.868 23793-23793 Quality                 com.devson.devsonplayer              I  Skipped: true 14 cost 245.15549 refreshRate 16696536 bit true processName com.devson.devsonplayer
2026-03-18 14:27:00.300 23793-23793 Quality                 com.devson.devsonplayer              I  Skipped: false 25 cost 426.34415 refreshRate 16687034 bit true processName com.devson.devsonplayer
2026-03-18 14:27:00.308 23793-23793 OplusScrollToTopManager com.devson.devsonplayer              D  com.devson.devsonplayer/com.devson.devsonplayer.MainActivity,This DecorView@cf16764[MainActivity] change focus to true
2026-03-18 14:27:00.968 23793-23793 OplusInput...erInternal com.devson.devsonplayer              D  get inputMethodManager extension: com.android.internal.view.IInputMethodManager$Stub$Proxy@e5ac7a
2026-03-18 14:27:01.029 23793-23793 Quality                 com.devson.devsonplayer              I  Skipped: false 3 cost 53.910767 refreshRate 16691383 bit true processName com.devson.devsonplayer
2026-03-18 14:27:01.053 23793-23793 OnBackInvokedCallback   com.devson.devsonplayer              W  OnBackInvokedCallback is not enabled for the application.
                                                                                                    Set 'android:enableOnBackInvokedCallback="true"' in the application manifest.
2026-03-18 14:27:01.680 23793-23793 Quality                 com.devson.devsonplayer              I  ActivityThread: doFrame delay 651 com.devson.devsonplayer 23793
2026-03-18 14:27:01.688 23793-24835 ProfileInstaller        com.devson.devsonplayer              D  Installing profile for com.devson.devsonplayer
2026-03-18 14:27:01.693 23793-23793 Choreographer           com.devson.devsonplayer              I  Skipped 38 frames!  The application may be doing too much work on its main thread.
2026-03-18 14:27:01.693 23793-23793 Quality                 com.devson.devsonplayer              I  Skipped: false 38 cost 634.42084 refreshRate 16692452 bit true processName com.devson.devsonplayer
2026-03-18 14:27:01.700 23793-23818 OpenGLRenderer          com.devson.devsonplayer              I  Davey! duration=717ms; Flags=0, FrameTimelineVsyncId=6478805, IntendedVsync=23554626686560, Vsync=23554676760709, InputEventId=149891360, HandleInputStart=23554680725403, AnimationStart=23554680847172, PerformTraversalsStart=23554747896172, DrawStart=23554748124403, FrameDeadline=23554646686560, FrameInterval=23554680597326, FrameStartTime=16691383, SyncQueued=23555331269403, SyncStart=23555331377096, IssueDrawCommandsStart=23555331636711, SwapBuffers=23555338067249, FrameCompleted=23555343936096, DequeueBufferDuration=47615, QueueBufferDuration=695462, GpuCompleted=23555343936096, SwapBuffersCompleted=23555342198865, DisplayPresentTime=0, CommandSubmissionCompleted=23555338067249, 
2026-03-18 14:27:02.184 23793-23793 on.devsonplayer         com.devson.devsonplayer              I  hiddenapi: Accessing hidden method Landroid/view/ViewTreeObserver;->dispatchOnScrollChanged()V (runtime_flags=0, domain=platform, api=unsupported) from Landroidx/compose/ui/platform/AndroidComposeView$Companion; (domain=app, TargetSdkVersion=36) using reflection: allowed
2026-03-18 14:27:02.283 23793-23793 ScrollIdentify          com.devson.devsonplayer              I  on fling
2026-03-18 14:27:02.285 23793-23793 Quality                 com.devson.devsonplayer              I  Skipped: true 4 cost 73.70791 refreshRate 16699726 bit true processName com.devson.devsonplayer
2026-03-18 14:27:02.431 23793-23793 Quality                 com.devson.devsonplayer              I  Skipped: true 6 cost 102.633995 refreshRate 16699854 bit true processName com.devson.devsonplayer
2026-03-18 14:27:02.448 23793-23983 libPerfCtl              com.devson.devsonplayer              I  fbcNotifySbeRescue ret=-1
2026-03-18 14:27:03.126 23793-23983 libPerfCtl              com.devson.devsonplayer              I  fbcNotifySbeRescue ret=-1
2026-03-18 14:27:03.126 23793-23793 Quality                 com.devson.devsonplayer              I  ActivityThread: doFrame delay 695 com.devson.devsonplayer 23793
2026-03-18 14:27:03.135 23793-23983 libPerfCtl              com.devson.devsonplayer              I  fbcNotifySbeRescue ret=-1
2026-03-18 14:27:03.137 23793-23826 OpenGLRenderer          com.devson.devsonplayer              I  Davey! duration=802ms; Flags=0, FrameTimelineVsyncId=6480016, IntendedVsync=23555980010103, Vsync=23556080209227, InputEventId=0, HandleInputStart=23556082957326, AnimationStart=23556082962942, PerformTraversalsStart=23556708325019, DrawStart=23556708620711, FrameDeadline=23556016709957, FrameInterval=23556082644096, FrameStartTime=16699854, SyncQueued=23556776297019, SyncStart=23556776429019, IssueDrawCommandsStart=23556776696173, SwapBuffers=23556780636480, FrameCompleted=23556783091557, DequeueBufferDuration=75308, QueueBufferDuration=466231, GpuCompleted=23556783091557, SwapBuffersCompleted=23556781754019, DisplayPresentTime=0, CommandSubmissionCompleted=23556780636480, 
2026-03-18 14:27:03.164 23793-23793 ScrollIdentify          com.devson.devsonplayer              I  on fling
2026-03-18 14:27:03.182 23793-23793 ScrollIdentify          com.devson.devsonplayer              I  on fling
2026-03-18 14:27:03.484 23793-23793 ScrollIdentify          com.devson.devsonplayer              I  on fling
2026-03-18 14:27:03.504 23793-23793 Choreographer           com.devson.devsonplayer              I  Skipped 63 frames!  The application may be doing too much work on its main thread.
2026-03-18 14:27:03.504 23793-23793 Quality                 com.devson.devsonplayer              I  Skipped: false 63 cost 1058.8452 refreshRate 16699854 bit true processName com.devson.devsonplayer
2026-03-18 14:27:03.602 23793-23983 libPerfCtl              com.devson.devsonplayer              I  fbcNotifySbeRescue ret=-1
2026-03-18 14:27:03.611 23793-23983 libPerfCtl              com.devson.devsonplayer              I  fbcNotifySbeRescue ret=-1
2026-03-18 14:27:03.616 23793-23793 Quality                 com.devson.devsonplayer              I  Skipped: false 2 cost 34.417316 refreshRate 16702882 bit true processName com.devson.devsonplayer
2026-03-18 14:27:03.622 23793-23826 OpenGLRenderer          com.devson.devsonplayer              I  Davey! duration=1163ms; Flags=0, FrameTimelineVsyncId=6480121, IntendedVsync=23556096909081, Vsync=23557148999883, InputEventId=31754767, HandleInputStart=23557156252403, AnimationStart=23557156255557, PerformTraversalsStart=23557225522634, DrawStart=23557225690634, FrameDeadline=23556133608935, FrameInterval=23557155754250, FrameStartTime=16699854, SyncQueued=23557252873942, SyncStart=23557252993634, IssueDrawCommandsStart=23557253244788, SwapBuffers=23557258320711, FrameCompleted=23557261007557, DequeueBufferDuration=96000, QueueBufferDuration=474385, GpuCompleted=23557261007557, SwapBuffersCompleted=23557260087557, DisplayPresentTime=0, CommandSubmissionCompleted=23557258320711, 
2026-03-18 14:27:03.745 23793-23808 on.devsonplayer         com.devson.devsonplayer              I  Background concurrent copying GC freed 6989KB AllocSpace bytes, 0(0B) LOS objects, 64% free, 6800KB/18MB, paused 1.931ms,60us total 504.450ms
2026-03-18 14:27:03.782  3410-3851  Battery                 com.oplus.battery                    E  AppStats: Uid = 10468; pkgName = com.devson.devsonplayer; CpuFgTime = 0 ms; CpuBgTime = 11041 ms.
2026-03-18 14:27:03.782  3410-3851  Battery                 com.oplus.battery                    E  AppStats: Uid = 10468; pkgName = com.devson.devsonplayer; CpuKernelFgTime = 0 ms; CpuKernelBgTime = 1195 ms.
2026-03-18 14:27:03.783  3410-3851  Battery                 com.oplus.battery                    E  AppStats: Uid = 10468; pkgName = com.devson.devsonplayer; CpuUserFgTime = 0 ms ; CpuUserBgTime = 9846 ms.
2026-03-18 14:27:03.783  3410-3851  Battery                 com.oplus.battery                    E  AppStats: Uid = 10468; pkgName = com.devson.devsonplayer; CpuFgPower = 0.0 mAh.; CpuBgPower = 0.5929119444444444 mAh.
2026-03-18 14:27:03.785  3410-3851  Battery                 com.oplus.battery                    E  AppStats: Uid = 10468; pkgName = com.devson.devsonplayer; AlarmFgWakeupCount = 0; AlarmBgWakeupCount = 0
2026-03-18 14:27:03.785  3410-3851  Battery                 com.oplus.battery                    E  AppStats: Uid = 10468; pkgName = com.devson.devsonplayer; JobFgCount = 0; JobBgCount = 0; JobFgTime = 0; JobBgTime = 0
2026-03-18 14:27:03.786  3410-3851  Battery                 com.oplus.battery                    E  AppStats: Uid = 10468; pkgName = com.devson.devsonplayer; SyncFgCount = 0; SyncBgCount = 0; SyncFgTime = 0; SyncBgTime = 0
2026-03-18 14:27:03.787  3410-3851  Battery                 com.oplus.battery                    E  AppStats: Uid = 10468; pkgName = com.devson.devsonplayer; WakeLockFgTime = 0 ms; WakeLockFgPower = 0.0 mAh.; WakeLockBgTime = 0 ms; WakeLockBgPower = 0.0 mAh.
2026-03-18 14:27:03.788  3410-3851  Battery                 com.oplus.battery                    E  AppStats: Uid = 10468; pkgName = com.devson.devsonplayer; ScreenFgTime = 190674 ms; ScreenFgPower = 4.24196685 mAh.
2026-03-18 14:27:03.788  3410-3851  Battery                 com.oplus.battery                    E  AppStats: Uid = 10468; pkgName = com.devson.devsonplayer; FgWifiRxBytes = 0 Bytes; BgWifiRxBytes = 0 Bytes; FgWifiTxBytes = 0 Bytes; BgWifiTxBytes = 0 Bytes; FgWifiRxPackets = 0 ; BgWifiRxPackets = 0 ; FgWifiTxPackets = 0 ; BgWifiTxPackets = 0 ; FgWiFiScanTimeMs = 0 ; BgWiFiScanTimeMs = 0 ; FgWiFiBatchScanTimeMs = 0 ; BgWiFiBatchScanTimeMs = 0 
2026-03-18 14:27:03.788  3410-3851  Battery                 com.oplus.battery                    E  AppStats: Uid = 10468; pkgName = com.devson.devsonplayer; FgWifiRxPacketsPower = 0.0 mAh; BgWifiRxPacketsPower = 0.0 mAh; FgWifiTxPacketsPower = 0.0 mAh; BgWifiTxPacketsPower = 0.0 mAh; FgWifiScanPower = 0.0 mAh; BgWifiScanPower = 0.0 mAh; FgWifiBatchScanPower = 0.0 mAh; BgWifiBatchScanPower = 0.0 mAh; FgWiFiTotalPower = 0.0 mAh; BgWiFiTotalPower = 0.0 mAh.
2026-03-18 14:27:03.788  3410-3851  Battery                 com.oplus.battery                    E  AppStats: Uid = 10468; pkgName = com.devson.devsonplayer; FgMobileRxBytes = 0 Bytes; BgMobileRxBytes = 83216854286 Bytes; FgMobileTxBytes = 0 Bytes; BgMobileTxBytes = 7032512506 Bytes; FgMobileRxPackets = 0 ; BgMobileRxPackets = 73403676 ; FgMobileTxPackets = 0 ; BgMobileTxPackets = 17595048 ; FgMobileActiveCount = 0 ; BgMobileActiveCount = 0 ; FgMobileActiveTime = 0 ; BgMobileActiveTime = 0 
2026-03-18 14:27:03.788  3410-3851  Battery                 com.oplus.battery                    E  AppStats: Uid = 10468; pkgName = com.devson.devsonplayer; FgMobileRxPacketsPower = 0.0 mAh; BgMobileRxPacketsPower = 88.85288425244444 mAh; FgMobileTxPacketsPower = 0.0 mAh; BgMobileTxPacketsPower = 21.298262546962963 mAh; FgMobileTotalPower = 55.0755733997037 mAh; BgMobileTotalPower = 55.0755733997037 mAh.
2026-03-18 14:27:03.788  3410-3851  Battery                 com.oplus.battery                    E  AppStats: Uid = 10468; pkgName = com.devson.devsonplayer; FgGpsTime = 0 ms; BgGpsTime = 0 ms.
2026-03-18 14:27:03.788  3410-3851  Battery                 com.oplus.battery                    E  AppStats: Uid = 10468; pkgName = com.devson.devsonplayer; FgGpsPower = 0.0 mAh; BgGpsPower = 0.0 mAh.
2026-03-18 14:27:03.788  3410-3851  Battery                 com.oplus.battery                    E  AppStats: Uid = 10468; pkgName = com.devson.devsonplayer; FgSensorTime = 0 ms; BgSensorTime = 0 ms.
2026-03-18 14:27:03.788  3410-3851  Battery                 com.oplus.battery                    E  AppStats: Uid = 10468; pkgName = com.devson.devsonplayer; FgSensorPower = 0.0 mAh; BgSensorPower = 0.0 mAh.
2026-03-18 14:27:03.788  3410-3851  Battery                 com.oplus.battery                    E  AppStats: Uid = 10468; pkgName = com.devson.devsonplayer; FgCameraTime = 0 ms; BgCameraTime = 0 ms
2026-03-18 14:27:03.788  3410-3851  Battery                 com.oplus.battery                    E  AppStats: Uid = 10468; pkgName = com.devson.devsonplayer; FgCameraPower = 0.0 mAh; BgCameraPower = 0.0 mAh
2026-03-18 14:27:03.788  3410-3851  Battery                 com.oplus.battery                    E  AppStats: Uid = 10468; pkgName = com.devson.devsonplayer; FgFlashLightTime = 0 ms; BgFlashLightTime = 0 ms
2026-03-18 14:27:03.788  3410-3851  Battery                 com.oplus.battery                    E  AppStats: Uid = 10468; pkgName = com.devson.devsonplayer; FgFlashLightPower = 0.0 mAh; BgFlashLightPower = 0.0 mAh
2026-03-18 14:27:04.020 23793-23983 libPerfCtl              com.devson.devsonplayer              I  fbcNotifySbeRescue ret=-1
2026-03-18 14:27:04.041 23793-23793 ScrollIdentify          com.devson.devsonplayer              I  on fling
2026-03-18 14:27:04.057 23793-23983 libPerfCtl              com.devson.devsonplayer              I  fbcNotifySbeRescue ret=-1
2026-03-18 14:27:04.139 23793-23793 ScrollIdentify          com.devson.devsonplayer              I  on fling
2026-03-18 14:27:04.155 23793-23793 Choreographer           com.devson.devsonplayer              I  Skipped 31 frames!  The application may be doing too much work on its main thread.
2026-03-18 14:27:04.155 23793-23793 Quality                 com.devson.devsonplayer              I  Skipped: false 31 cost 523.4003 refreshRate 16703128 bit true processName com.devson.devsonplayer
2026-03-18 14:27:04.247 23793-23983 libPerfCtl              com.devson.devsonplayer              I  fbcNotifySbeRescue ret=-1
2026-03-18 14:27:04.256 23793-23983 libPerfCtl              com.devson.devsonplayer              I  fbcNotifySbeRescue ret=-1
2026-03-18 14:27:04.282 23793-23793 Quality                 com.devson.devsonplayer              I  Skipped: false 2 cost 48.820656 refreshRate 16703760 bit true processName com.devson.devsonplayer
2026-03-18 14:27:04.512 23793-23983 libPerfCtl              com.devson.devsonplayer              I  fbcNotifySbeRescue ret=-1
2026-03-18 14:27:04.521 23793-23983 libPerfCtl              com.devson.devsonplayer              I  fbcNotifySbeRescue ret=-1
2026-03-18 14:27:04.532 23793-23793 ScrollIdentify          com.devson.devsonplayer              I  on fling
2026-03-18 14:27:04.649 23793-23793 Quality                 com.devson.devsonplayer              I  Skipped: false 20 cost 349.4946 refreshRate 16703157 bit true processName com.devson.devsonplayer
2026-03-18 14:27:04.672 23793-23983 libPerfCtl              com.devson.devsonplayer              I  fbcNotifySbeRescue ret=-1
2026-03-18 14:27:04.697 23793-23983 libPerfCtl              com.devson.devsonplayer              I  fbcNotifySbeRescue ret=-1
2026-03-18 14:27:04.698 23793-23793 Quality                 com.devson.devsonplayer              I  Skipped: false 1 cost 31.002087 refreshRate 16702808 bit true processName com.devson.devsonplayer
2026-03-18 14:27:04.703 23793-23983 libPerfCtl              com.devson.devsonplayer              I  fbcNotifySbeRescue ret=-1
2026-03-18 14:27:04.711 23793-23983 libPerfCtl              com.devson.devsonplayer              I  fbcNotifySbeRescue ret=-1
2026-03-18 14:27:04.740 23793-23983 libPerfCtl              com.devson.devsonplayer              I  fbcNotifySbeRescue ret=-1
2026-03-18 14:27:04.748 23793-23983 libPerfCtl              com.devson.devsonplayer              I  fbcNotifySbeRescue ret=-1
2026-03-18 14:27:04.802 23793-23793 ScrollIdentify          com.devson.devsonplayer              I  on fling
2026-03-18 14:27:04.803 23793-23793 Quality                 com.devson.devsonplayer              I  Skipped: false 4 cost 69.200424 refreshRate 16702355 bit true processName com.devson.devsonplayer
2026-03-18 14:27:04.902 23793-23983 libPerfCtl              com.devson.devsonplayer              I  fbcNotifySbeRescue ret=-1
2026-03-18 14:27:04.904 23793-23793 Quality                 com.devson.devsonplayer              I  Skipped: false 1 cost 20.243176 refreshRate 16701856 bit true processName com.devson.devsonplayer
2026-03-18 14:27:04.910 23793-23983 libPerfCtl              com.devson.devsonplayer              I  fbcNotifySbeRescue ret=-1
2026-03-18 14:27:05.103 23793-23983 libPerfCtl              com.devson.devsonplayer              I  fbcNotifySbeRescue ret=-1
2026-03-18 14:27:05.111 23793-23983 libPerfCtl              com.devson.devsonplayer              I  fbcNotifySbeRescue ret=-1
2026-03-18 14:27:05.146 23793-23793 ScrollIdentify          com.devson.devsonplayer              I  on fling
2026-03-18 14:27:05.396 23793-23793 Quality                 com.devson.devsonplayer              I  Skipped: false 28 cost 478.10385 refreshRate 16701856 bit true processName com.devson.devsonplayer
2026-03-18 14:27:05.548 23793-23983 libPerfCtl              com.devson.devsonplayer              I  fbcNotifySbeRescue ret=-1
2026-03-18 14:27:05.556 23793-23793 ScrollIdentify          com.devson.devsonplayer              I  on fling
2026-03-18 14:27:05.570 23793-23793 Quality                 com.devson.devsonplayer              I  Skipped: false 9 cost 151.20778 refreshRate 16701560 bit true processName com.devson.devsonplayer
2026-03-18 14:27:05.603 23793-23793 Quality                 com.devson.devsonplayer              I  Skipped: false 1 cost 17.025251 refreshRate 16701358 bit true processName com.devson.devsonplayer
2026-03-18 14:27:05.603 23793-23983 libPerfCtl              com.devson.devsonplayer              I  fbcNotifySbeRescue ret=-1
2026-03-18 14:27:05.677 23793-23983 libPerfCtl              com.devson.devsonplayer              I  fbcNotifySbeRescue ret=-1
2026-03-18 14:27:05.693 23793-23983 libPerfCtl              com.devson.devsonplayer              I  fbcNotifySbeRescue ret=-1
2026-03-18 14:27:05.694 23793-23793 Quality                 com.devson.devsonplayer              I  Skipped: false 4 cost 75.49545 refreshRate 16700682 bit true processName com.devson.devsonplayer
2026-03-18 14:27:05.774 23793-23983 libPerfCtl              com.devson.devsonplayer              I  fbcNotifySbeRescue ret=-1
2026-03-18 14:27:05.784 23793-23793 ScrollIdentify          com.devson.devsonplayer              I  on fling
2026-03-18 14:27:05.790 23793-23793 Quality                 com.devson.devsonplayer              I  Skipped: false 4 cost 71.147385 refreshRate 16700000 bit true processName com.devson.devsonplayer
2026-03-18 14:27:05.792 23793-23983 libPerfCtl              com.devson.devsonplayer              I  fbcNotifySbeRescue ret=-1
2026-03-18 14:27:05.810 23793-23983 libPerfCtl              com.devson.devsonplayer              I  fbcNotifySbeRescue ret=-1
2026-03-18 14:27:05.828 23793-23983 libPerfCtl              com.devson.devsonplayer              I  fbcNotifySbeRescue ret=-1
2026-03-18 14:27:05.894 23793-23983 libPerfCtl              com.devson.devsonplayer              I  fbcNotifySbeRescue ret=-1
2026-03-18 14:27:05.902 23793-23983 libPerfCtl              com.devson.devsonplayer              I  fbcNotifySbeRescue ret=-1
2026-03-18 14:27:05.902 23793-23793 Quality                 com.devson.devsonplayer              I  Skipped: false 3 cost 66.52994 refreshRate 16699999 bit true processName com.devson.devsonplayer
2026-03-18 14:27:06.049 23793-23983 libPerfCtl              com.devson.devsonplayer              I  fbcNotifySbeRescue ret=-1
2026-03-18 14:27:06.058 23793-23983 libPerfCtl              com.devson.devsonplayer              I  fbcNotifySbeRescue ret=-1
2026-03-18 14:27:06.069 23793-23793 ScrollIdentify          com.devson.devsonplayer              I  on fling
2026-03-18 14:27:06.145 23793-23793 Quality                 com.devson.devsonplayer              I  Skipped: false 13 cost 225.78014 refreshRate 16699315 bit true processName com.devson.devsonplayer
2026-03-18 14:27:06.164 23793-23983 libPerfCtl              com.devson.devsonplayer              I  fbcNotifySbeRescue ret=-1
2026-03-18 14:27:06.172 23793-23983 libPerfCtl              com.devson.devsonplayer              I  fbcNotifySbeRescue ret=-1
2026-03-18 14:27:06.181 23793-23983 libPerfCtl              com.devson.devsonplayer              I  fbcNotifySbeRescue ret=-1
2026-03-18 14:27:06.190 23793-23983 libPerfCtl              com.devson.devsonplayer              I  fbcNotifySbeRescue ret=-1
2026-03-18 14:27:06.190 23793-23793 Quality                 com.devson.devsonplayer              I  Skipped: false 1 cost 20.159904 refreshRate 16698558 bit true processName com.devson.devsonplayer
2026-03-18 14:27:06.260 23793-23983 libPerfCtl              com.devson.devsonplayer              I  fbcNotifySbeRescue ret=-1
2026-03-18 14:27:06.269 23793-23983 libPerfCtl              com.devson.devsonplayer              I  fbcNotifySbeRescue ret=-1
2026-03-18 14:27:06.281 23793-23793 Quality                 com.devson.devsonplayer              I  Skipped: false 4 cost 77.47521 refreshRate 16697807 bit true processName com.devson.devsonplayer
2026-03-18 14:27:06.301 23793-23983 libPerfCtl              com.devson.devsonplayer              I  fbcNotifySbeRescue ret=-1
2026-03-18 14:27:06.312 23793-23983 libPerfCtl              com.devson.devsonplayer              I  fbcNotifySbeRescue ret=-1
2026-03-18 14:27:06.431 23793-23983 libPerfCtl              com.devson.devsonplayer              I  fbcNotifySbeRescue ret=-1
2026-03-18 14:27:06.439 23793-23983 libPerfCtl              com.devson.devsonplayer              I  fbcNotifySbeRescue ret=-1
2026-03-18 14:27:06.440 23793-23793 ScrollIdentify          com.devson.devsonplayer              I  on fling
2026-03-18 14:27:06.446 23793-23793 Quality                 com.devson.devsonplayer              I  Skipped: false 7 cost 125.68066 refreshRate 16699191 bit true processName com.devson.devsonplayer
2026-03-18 14:27:06.464 23793-23983 libPerfCtl              com.devson.devsonplayer              I  fbcNotifySbeRescue ret=-1
2026-03-18 14:27:06.480 23793-23983 libPerfCtl              com.devson.devsonplayer              I  fbcNotifySbeRescue ret=-1
2026-03-18 14:27:06.515 23793-23793 Quality                 com.devson.devsonplayer              I  Skipped: false 2 cost 44.861984 refreshRate 16698711 bit true processName com.devson.devsonplayer
2026-03-18 14:27:06.653 23793-23983 libPerfCtl              com.devson.devsonplayer              I  fbcNotifySbeRescue ret=-1
2026-03-18 14:27:06.661 23793-23983 libPerfCtl              com.devson.devsonplayer              I  fbcNotifySbeRescue ret=-1
2026-03-18 14:27:06.668 23793-23793 Quality                 com.devson.devsonplayer              I  Skipped: false 8 cost 147.57938 refreshRate 16701506 bit true processName com.devson.devsonplayer
2026-03-18 14:27:06.691 23793-23983 libPerfCtl              com.devson.devsonplayer              I  fbcNotifySbeRescue ret=-1
2026-03-18 14:27:06.700 23793-23983 libPerfCtl              com.devson.devsonplayer              I  fbcNotifySbeRescue ret=-1
2026-03-18 14:27:06.708 23793-23793 Quality                 com.devson.devsonplayer              I  Skipped: false 1 cost 20.350163 refreshRate 16701517 bit true processName com.devson.devsonplayer
2026-03-18 14:27:06.720 23793-23793 ScrollIdentify          com.devson.devsonplayer              I  on fling
2026-03-18 14:27:06.942 23793-23983 libPerfCtl              com.devson.devsonplayer              I  fbcNotifySbeRescue ret=-1
2026-03-18 14:27:06.971 23793-23983 libPerfCtl              com.devson.devsonplayer              I  fbcNotifySbeRescue ret=-1
2026-03-18 14:27:06.972 23793-23793 Quality                 com.devson.devsonplayer              I  Skipped: false 15 cost 251.04512 refreshRate 16701247 bit true processName com.devson.devsonplayer
2026-03-18 14:27:07.006 23793-23983 libPerfCtl              com.devson.devsonplayer              I  fbcNotifySbeRescue ret=-1
2026-03-18 14:27:07.015 23793-23983 libPerfCtl              com.devson.devsonplayer              I  fbcNotifySbeRescue ret=-1
2026-03-18 14:27:07.020 23793-23793 ScrollIdentify          com.devson.devsonplayer              I  on fling
2026-03-18 14:27:07.021 23793-23793 Quality                 com.devson.devsonplayer              I  Skipped: true 1 cost 32.976273 refreshRate 16700937 bit true processName com.devson.devsonplayer
2026-03-18 14:27:07.031 23793-23793 Compatibil...geReporter com.devson.devsonplayer              D  Compat change id reported: 171228096; UID 10469; state: ENABLED
2026-03-18 14:27:07.059 23793-23983 libPerfCtl              com.devson.devsonplayer              I  fbcNotifySbeRescue ret=-1
2026-03-18 14:27:07.067 23793-23983 libPerfCtl              com.devson.devsonplayer              I  fbcNotifySbeRescue ret=-1
2026-03-18 14:27:07.072 23793-23793 Quality                 com.devson.devsonplayer              I  Skipped: true 1 cost 33.31346 refreshRate 16701683 bit true processName com.devson.devsonplayer
2026-03-18 14:27:07.195 23793-23983 libPerfCtl              com.devson.devsonplayer              I  fbcNotifySbeRescue ret=-1
2026-03-18 14:27:07.202 23793-23793 Quality                 com.devson.devsonplayer              I  Skipped: false 6 cost 113.95454 refreshRate 16701683 bit true processName com.devson.devsonplayer
2026-03-18 14:27:07.282 23793-23983 libPerfCtl              com.devson.devsonplayer              I  fbcNotifySbeRescue ret=-1
2026-03-18 14:27:07.291 23793-23983 libPerfCtl              com.devson.devsonplayer              I  fbcNotifySbeRescue ret=-1
2026-03-18 14:27:07.316 23793-23983 libPerfCtl              com.devson.devsonplayer              I  fbcNotifySbeRescue ret=-1
2026-03-18 14:27:07.316 23793-23793 ScrollIdentify          com.devson.devsonplayer              I  on fling
2026-03-18 14:27:07.327 23793-23983 libPerfCtl              com.devson.devsonplayer              I  fbcNotifySbeRescue ret=-1
2026-03-18 14:27:07.336 23793-23983 libPerfCtl              com.devson.devsonplayer              I  fbcNotifySbeRescue ret=-1
2026-03-18 14:27:07.341 23793-23983 libPerfCtl              com.devson.devsonplayer              I  fbcNotifySbeRescue ret=-1
2026-03-18 14:27:07.540 23793-23793 Quality                 com.devson.devsonplayer              I  Skipped: false 1 cost 17.401812 refreshRate 16731525 bit true processName com.devson.devsonplayer
2026-03-18 14:27:07.565 23793-23983 libPerfCtl              com.devson.devsonplayer              I  fbcNotifySbeRescue ret=-1
2026-03-18 14:27:07.575 23793-23983 libPerfCtl              com.devson.devsonplayer              I  fbcNotifySbeRescue ret=-1
2026-03-18 14:27:07.599 23793-23983 libPerfCtl              com.devson.devsonplayer              I  fbcNotifySbeRescue ret=-1
2026-03-18 14:27:07.605 23793-23983 libPerfCtl              com.devson.devsonplayer              I  fbcNotifySbeRescue ret=-1
2026-03-18 14:27:07.633 23793-23983 libPerfCtl              com.devson.devsonplayer              I  fbcNotifySbeRescue ret=-1
2026-03-18 14:27:07.638 23793-23793 ScrollIdentify          com.devson.devsonplayer              I  on fling
2026-03-18 14:27:07.648 23793-23983 libPerfCtl              com.devson.devsonplayer              I  fbcNotifySbeRescue ret=-1
2026-03-18 14:27:08.229 23793-23983 libPerfCtl              com.devson.devsonplayer              I  fbcNotifySbeRescue ret=-1
2026-03-18 14:27:08.248 23793-23983 libPerfCtl              com.devson.devsonplayer              I  fbcNotifySbeRescue ret=-1
2026-03-18 14:27:08.249 23793-23793 OnBackInvokedCallback   com.devson.devsonplayer              W  OnBackInvokedCallback is not enabled for the application.
                                                                                                    Set 'android:enableOnBackInvokedCallback="true"' in the application manifest.
2026-03-18 14:27:08.257 23793-23983 libPerfCtl              com.devson.devsonplayer              I  fbcNotifySbeRescue ret=-1
2026-03-18 14:27:08.359 23793-23793 nativeloader            com.devson.devsonplayer              D  Load /data/app/~~ucvu5-IdeEsjVSd9AzUjfg==/com.devson.devsonplayer-5yr-SkflaICgo_b8eLhQdw==/base.apk!/lib/arm64-v8a/libdevson_player.so using class loader ns clns-4 (caller=/data/app/~~ucvu5-IdeEsjVSd9AzUjfg==/com.devson.devsonplayer-5yr-SkflaICgo_b8eLhQdw==/base.apk!classes5.dex): ok
2026-03-18 14:27:08.581 23793-23793 SurfaceView             com.devson.devsonplayer              I  166804879 onAttachedToWindow
2026-03-18 14:27:08.693 23793-23793 BufferQueueConsumer     com.devson.devsonplayer              D  [](id:5cf100000001,api:0,p:-1,c:23793) connect: controlledByApp=false
2026-03-18 14:27:08.695 23793-23793 SurfaceView             com.devson.devsonplayer              I  166804879 visibleChanged -- surfaceCreated 
2026-03-18 14:27:08.696 23793-23793 SurfaceView             com.devson.devsonplayer              I  166804879 surfaceChanged -- format=4 w=720 h=1600
2026-03-18 14:27:08.738 23793-23983 libPerfCtl              com.devson.devsonplayer              I  fbcNotifySbeRescue ret=-1
2026-03-18 14:27:08.783 23793-23793 Choreographer           com.devson.devsonplayer              I  Skipped 30 frames!  The application may be doing too much work on its main thread.
