2026-03-18 14:27:16.558 23793-23793 Quality                 com.devson.devsonplayer              I  Skipped: true 2 cost 33.795204 refreshRate 16704502 bit true processName com.devson.devsonplayer
2026-03-18 14:27:16.623 23793-25665 FFmpegDecoder           com.devson.devsonplayer              E  swr_init failed
2026-03-18 14:27:16.708 23793-25665 FFmpegDecoder           com.devson.devsonplayer              E  swr_init failed
2026-03-18 14:27:16.709 23793-25665 FFmpegDecoder           com.devson.devsonplayer              E  swr_init failed
2026-03-18 14:27:16.709 23793-25665 FFmpegDecoder           com.devson.devsonplayer              E  swr_init failed
2026-03-18 14:27:16.710 23793-25665 FFmpegDecoder           com.devson.devsonplayer              E  swr_init failed
2026-03-18 14:27:16.710 23793-25665 FFmpegDecoder           com.devson.devsonplayer              E  swr_init failed
2026-03-18 14:27:16.710 23793-25665 FFmpegDecoder           com.devson.devsonplayer              E  swr_init failed
2026-03-18 14:27:16.711 23793-25665 FFmpegDecoder           com.devson.devsonplayer              E  swr_init failed
2026-03-18 14:27:16.711 23793-25665 FFmpegDecoder           com.devson.devsonplayer              E  swr_init failed
2026-03-18 14:27:16.711 23793-25665 FFmpegDecoder           com.devson.devsonplayer              E  swr_init failed
2026-03-18 14:27:16.712 23793-25665 FFmpegDecoder           com.devson.devsonplayer              E  swr_init failed
2026-03-18 14:27:16.712 23793-25665 FFmpegDecoder           com.devson.devsonplayer              E  swr_init failed
2026-03-18 14:27:16.712 23793-25665 FFmpegDecoder           com.devson.devsonplayer              E  swr_init failed
2026-03-18 14:27:16.713 23793-25665 FFmpegDecoder           com.devson.devsonplayer              E  swr_init failed
2026-03-18 14:27:16.713 23793-25665 FFmpegDecoder           com.devson.devsonplayer              E  swr_init failed
2026-03-18 14:27:16.713 23793-25665 FFmpegDecoder           com.devson.devsonplayer              E  swr_init failed
2026-03-18 14:27:16.714 23793-25665 FFmpegDecoder           com.devson.devsonplayer              E  swr_init failed
2026-03-18 14:27:16.714 23793-25665 FFmpegDecoder           com.devson.devsonplayer              E  swr_init failed
2026-03-18 14:27:16.714 23793-25665 FFmpegDecoder           com.devson.devsonplayer              E  swr_init failed
2026-03-18 14:27:16.715 23793-25665 FFmpegDecoder           com.devson.devsonplayer              E  swr_init failed
2026-03-18 14:27:16.715 23793-25665 FFmpegDecoder           com.devson.devsonplayer              E  swr_init failed
2026-03-18 14:27:16.716 23793-25665 FFmpegDecoder           com.devson.devsonplayer              E  swr_init failed
2026-03-18 14:27:16.716 23793-25665 FFmpegDecoder           com.devson.devsonplayer              E  swr_init failed
2026-03-18 14:27:16.717 23793-25665 FFmpegDecoder           com.devson.devsonplayer              E  swr_init failed
2026-03-18 14:27:16.717 23793-25665 FFmpegDecoder           com.devson.devsonplayer              E  swr_init failed
2026-03-18 14:27:16.717 23793-25665 FFmpegDecoder           com.devson.devsonplayer              E  swr_init failed
2026-03-18 14:27:16.718 23793-25665 FFmpegDecoder           com.devson.devsonplayer              E  swr_init failed
2026-03-18 14:27:16.718 23793-25665 FFmpegDecoder           com.devson.devsonplayer              E  swr_init failed
2026-03-18 14:27:16.718 23793-25665 FFmpegDecoder           com.devson.devsonplayer              E  swr_init failed
2026-03-18 14:27:16.719 23793-25665 FFmpegDecoder           com.devson.devsonplayer              E  swr_init failed
2026-03-18 14:27:16.719 23793-25665 FFmpegDecoder           com.devson.devsonplayer              E  swr_init failed
2026-03-18 14:27:16.719 23793-25665 FFmpegDecoder           com.devson.devsonplayer              E  swr_init failed
2026-03-18 14:27:16.720 23793-25665 FFmpegDecoder           com.devson.devsonplayer              E  swr_init failed
2026-03-18 14:27:16.720 23793-25665 FFmpegDecoder           com.devson.devsonplayer              E  swr_init failed
2026-03-18 14:27:16.720 23793-25665 FFmpegDecoder           com.devson.devsonplayer              E  swr_init failed
2026-03-18 14:27:16.721 23793-25665 FFmpegDecoder           com.devson.devsonplayer              E  swr_init failed
2026-03-18 14:27:16.721 23793-25665 FFmpegDecoder           com.devson.devsonplayer              E  swr_init failed
2026-03-18 14:27:16.721 23793-25665 FFmpegDecoder           com.devson.devsonplayer              E  swr_init failed
2026-03-18 14:27:16.722 23793-25665 FFmpegDecoder           com.devson.devsonplayer              E  swr_init failed
2026-03-18 14:27:16.722 23793-25665 FFmpegDecoder           com.devson.devsonplayer              E  swr_init failed
2026-03-18 14:27:16.723 23793-25665 FFmpegDecoder           com.devson.devsonplayer              E  swr_init failed
2026-03-18 14:27:16.848 23793-25665 FFmpegDecoder           com.devson.devsonplayer              E  swr_init failed
2026-03-18 14:27:16.848 23793-25665 FFmpegDecoder           com.devson.devsonplayer              E  swr_init failed
2026-03-18 14:27:16.849 23793-25665 FFmpegDecoder           com.devson.devsonplayer              E  swr_init failed
2026-03-18 14:27:16.849 23793-25665 FFmpegDecoder           com.devson.devsonplayer              E  swr_init failed
2026-03-18 14:27:16.850 23793-25665 FFmpegDecoder           com.devson.devsonplayer              E  swr_init failed
2026-03-18 14:27:16.850 23793-25665 FFmpegDecoder           com.devson.devsonplayer              E  swr_init failed
2026-03-18 14:27:16.851 23793-25665 FFmpegDecoder           com.devson.devsonplayer              E  swr_init failed
2026-03-18 14:27:16.851 23793-25665 FFmpegDecoder           com.devson.devsonplayer              E  swr_init failed
2026-03-18 14:27:16.963 23793-25665 FFmpegDecoder           com.devson.devsonplayer              E  swr_init failed
2026-03-18 14:27:16.963 23793-25665 FFmpegDecoder           com.devson.devsonplayer              E  swr_init failed
2026-03-18 14:27:16.964 23793-25665 FFmpegDecoder           com.devson.devsonplayer              E  swr_init failed
2026-03-18 14:27:16.964 23793-25665 FFmpegDecoder           com.devson.devsonplayer              E  swr_init failed
2026-03-18 14:27:16.965 23793-25665 FFmpegDecoder           com.devson.devsonplayer              E  swr_init failed
2026-03-18 14:27:16.965 23793-25665 FFmpegDecoder           com.devson.devsonplayer              E  swr_init failed
2026-03-18 14:27:16.966 23793-25665 FFmpegDecoder           com.devson.devsonplayer              E  swr_init failed
2026-03-18 14:27:16.966 23793-25665 FFmpegDecoder           com.devson.devsonplayer              E  swr_init failed
2026-03-18 14:27:17.210 23793-25665 FFmpegDecoder           com.devson.devsonplayer              E  swr_init failed
2026-03-18 14:27:17.211 23793-25665 FFmpegDecoder           com.devson.devsonplayer              E  swr_init failed
2026-03-18 14:27:17.213 23793-25665 FFmpegDecoder           com.devson.devsonplayer              E  swr_init failed
2026-03-18 14:27:17.214 23793-25665 FFmpegDecoder           com.devson.devsonplayer              E  swr_init failed
2026-03-18 14:27:17.215 23793-25665 FFmpegDecoder           com.devson.devsonplayer              E  swr_init failed
2026-03-18 14:27:17.216 23793-25665 FFmpegDecoder           com.devson.devsonplayer              E  swr_init failed
2026-03-18 14:27:17.217 23793-25665 FFmpegDecoder           com.devson.devsonplayer              E  swr_init failed
2026-03-18 14:27:17.218 23793-25665 FFmpegDecoder           com.devson.devsonplayer              E  swr_init failed
2026-03-18 14:27:17.340 23793-25665 FFmpegDecoder           com.devson.devsonplayer              E  swr_init failed
2026-03-18 14:27:17.341 23793-25665 FFmpegDecoder           com.devson.devsonplayer              E  swr_init failed
2026-03-18 14:27:17.342 23793-25665 FFmpegDecoder           com.devson.devsonplayer              E  swr_init failed
2026-03-18 14:27:17.342 23793-25665 FFmpegDecoder           com.devson.devsonplayer              E  swr_init failed
2026-03-18 14:27:17.343 23793-25665 FFmpegDecoder           com.devson.devsonplayer              E  swr_init failed
2026-03-18 14:27:17.343 23793-25665 FFmpegDecoder           com.devson.devsonplayer              E  swr_init failed
2026-03-18 14:27:17.344 23793-25665 FFmpegDecoder           com.devson.devsonplayer              E  swr_init failed
2026-03-18 14:27:17.344 23793-25665 FFmpegDecoder           com.devson.devsonplayer              E  swr_init failed
2026-03-18 14:27:17.700 23793-23793 Quality                 com.devson.devsonplayer              I  Skipped: true 6 cost 106.4721 refreshRate 16707582 bit true processName com.devson.devsonplayer
2026-03-18 14:27:17.716 23793-25665 FFmpegDecoder           com.devson.devsonplayer              E  swr_init failed
2026-03-18 14:27:17.717 23793-25665 FFmpegDecoder           com.devson.devsonplayer              E  swr_init failed
2026-03-18 14:27:17.718 23793-25665 FFmpegDecoder           com.devson.devsonplayer              E  swr_init failed
2026-03-18 14:27:17.719 23793-25665 FFmpegDecoder           com.devson.devsonplayer              E  swr_init failed
2026-03-18 14:27:17.720 23793-25665 FFmpegDecoder           com.devson.devsonplayer              E  swr_init failed
2026-03-18 14:27:17.721 23793-25665 FFmpegDecoder           com.devson.devsonplayer              E  swr_init failed
2026-03-18 14:27:17.722 23793-25665 FFmpegDecoder           com.devson.devsonplayer              E  swr_init failed
2026-03-18 14:27:17.723 23793-25665 FFmpegDecoder           com.devson.devsonplayer              E  swr_init failed
2026-03-18 14:27:17.724 23793-25665 FFmpegDecoder           com.devson.devsonplayer              E  swr_init failed
2026-03-18 14:27:17.725 23793-25665 FFmpegDecoder           com.devson.devsonplayer              E  swr_init failed
2026-03-18 14:27:17.726 23793-25665 FFmpegDecoder           com.devson.devsonplayer              E  swr_init failed
2026-03-18 14:27:17.727 23793-25665 FFmpegDecoder           com.devson.devsonplayer              E  swr_init failed
2026-03-18 14:27:17.746 23793-25665 FFmpegDecoder           com.devson.devsonplayer              E  swr_init failed
2026-03-18 14:27:17.747 23793-25665 FFmpegDecoder           com.devson.devsonplayer              E  swr_init failed
2026-03-18 14:27:17.747 23793-25665 FFmpegDecoder           com.devson.devsonplayer              E  swr_init failed
2026-03-18 14:27:17.748 23793-25665 FFmpegDecoder           com.devson.devsonplayer              E  swr_init failed
2026-03-18 14:27:17.748 23793-25665 FFmpegDecoder           com.devson.devsonplayer              E  swr_init failed
2026-03-18 14:27:17.749 23793-25665 FFmpegDecoder           com.devson.devsonplayer              E  swr_init failed
2026-03-18 14:27:17.749 23793-25665 FFmpegDecoder           com.devson.devsonplayer              E  swr_init failed
2026-03-18 14:27:17.749 23793-25665 FFmpegDecoder           com.devson.devsonplayer              E  swr_init failed
2026-03-18 14:27:17.750 23793-25665 FFmpegDecoder           com.devson.devsonplayer              E  swr_init failed
2026-03-18 14:27:17.752 23793-23793 OnBackInvokedCallback   com.devson.devsonplayer              W  OnBackInvokedCallback is not enabled for the application.
                                                                                                    Set 'android:enableOnBackInvokedCallback="true"' in the application manifest.
2026-03-18 14:27:17.758 23793-23793 WindowManager           com.devson.devsonplayer              D  Add to mViews: DecorView@d088f46[MainActivity],pkg= com.devson.devsonplayer
2026-03-18 14:27:17.773 23793-23793 ViewRootImplExtImpl     com.devson.devsonplayer              D  onDisplayChanged -1 for VRI android.view.ViewRootImpl@2ae59d2
2026-03-18 14:27:17.775 23793-23793 InputEventReceiver      com.devson.devsonplayer              D  Input log is disabled
2026-03-18 14:27:17.780 23793-23793 OplusBracketLog         com.devson.devsonplayer              E  [OplusViewMirrorManager] updateHostViewRootIfNeeded, not support android.view.ViewRootImpl@2ae59d2
2026-03-18 14:27:17.781 23793-23793 OnBackInvokedCallback   com.devson.devsonplayer              W  OnBackInvokedCallback is not enabled for the application.
                                                                                                    Set 'android:enableOnBackInvokedCallback="true"' in the application manifest.
2026-03-18 14:27:17.871 23793-23793 BufferQueueConsumer     com.devson.devsonplayer              D  [](id:5cf100000002,api:0,p:-1,c:23793) connect: controlledByApp=false
2026-03-18 14:27:17.873 23793-23793 ZoomWindowDecorView     com.devson.devsonplayer              V  setLastReportedMergedConfiguration mZoomDisplayHeight: 720 getDecorView.218664774
2026-03-18 14:27:17.898 23793-23793 VRI[MainActivity]       com.devson.devsonplayer              D  registerCallbacksForSync syncBuffer=false
2026-03-18 14:27:17.909 23793-25665 FFmpegDecoder           com.devson.devsonplayer              E  swr_init failed
2026-03-18 14:27:17.910 23793-25665 FFmpegDecoder           com.devson.devsonplayer              E  swr_init failed
2026-03-18 14:27:17.910 23793-25665 FFmpegDecoder           com.devson.devsonplayer              E  swr_init failed
2026-03-18 14:27:17.910 23793-25665 FFmpegDecoder           com.devson.devsonplayer              E  swr_init failed
2026-03-18 14:27:17.911 23793-25665 FFmpegDecoder           com.devson.devsonplayer              E  swr_init failed
2026-03-18 14:27:17.911 23793-25665 FFmpegDecoder           com.devson.devsonplayer              E  swr_init failed
2026-03-18 14:27:17.911 23793-25665 FFmpegDecoder           com.devson.devsonplayer              E  swr_init failed
2026-03-18 14:27:17.912 23793-25665 FFmpegDecoder           com.devson.devsonplayer              E  swr_init failed
2026-03-18 14:27:17.915 23793-23986 BLASTBufferQueue        com.devson.devsonplayer              D  [VRI[MainActivity]#2](f:0,a:1) acquireNextBufferLocked size=1600x720 mFrameNumber=1 applyTransaction=true mTimestamp=23571565713635(auto) mPendingTransactions.size=0 graphicBufferId=102190156873745 transform=7
2026-03-18 14:27:17.915 23793-23986 VRI[MainActivity]       com.devson.devsonplayer              D  Received frameCommittedCallback lastAttemptedDrawFrameNum=1 didProduceBuffer=true syncBuffer=false
2026-03-18 14:27:17.916 23793-23986 Parcel                  com.devson.devsonplayer              W  Expecting binder but got null!
2026-03-18 14:27:17.917 23793-23793 VRI[MainActivity]       com.devson.devsonplayer              D  draw finished.
2026-03-18 14:27:17.917 23793-23793 VRI[MainActivity]       com.devson.devsonplayer              D  onFocusEvent false
2026-03-18 14:27:17.918 23793-23793 Quality                 com.devson.devsonplayer              I  Skipped: false 12 cost 208.0471 refreshRate 16691409 bit true processName com.devson.devsonplayer
2026-03-18 14:27:17.964 23793-23793 Quality                 com.devson.devsonplayer              I  Skipped: false 2 cost 36.327286 refreshRate 16707714 bit true processName com.devson.devsonplayer
2026-03-18 14:27:17.992 23793-23793 VRI[MainActivity]       com.devson.devsonplayer              D  onFocusEvent true
2026-03-18 14:27:17.998 23793-23793 Quality                 com.devson.devsonplayer              I  Skipped: true 1 cost 20.895067 refreshRate 16703083 bit true processName com.devson.devsonplayer
2026-03-18 14:27:18.030 23793-23793 Quality                 com.devson.devsonplayer              I  Skipped: false 1 cost 19.19716 refreshRate 16725577 bit true processName com.devson.devsonplayer
2026-03-18 14:27:18.131 23793-23793 Quality                 com.devson.devsonplayer              I  Skipped: true 1 cost 19.654427 refreshRate 16706226 bit true processName com.devson.devsonplayer
2026-03-18 14:27:18.203 23793-25665 FFmpegDecoder           com.devson.devsonplayer              E  swr_init failed
2026-03-18 14:27:18.260 23793-25665 FFmpegDecoder           com.devson.devsonplayer              E  swr_init failed
2026-03-18 14:27:18.261 23793-25665 FFmpegDecoder           com.devson.devsonplayer              E  swr_init failed
2026-03-18 14:27:18.261 23793-25665 FFmpegDecoder           com.devson.devsonplayer              E  swr_init failed
2026-03-18 14:27:18.262 23793-25665 FFmpegDecoder           com.devson.devsonplayer              E  swr_init failed
2026-03-18 14:27:18.262 23793-25665 FFmpegDecoder           com.devson.devsonplayer              E  swr_init failed
2026-03-18 14:27:18.263 23793-25665 FFmpegDecoder           com.devson.devsonplayer              E  swr_init failed
2026-03-18 14:27:18.263 23793-25665 FFmpegDecoder           com.devson.devsonplayer              E  swr_init failed
2026-03-18 14:27:18.264 23793-25665 FFmpegDecoder           com.devson.devsonplayer              E  swr_init failed
2026-03-18 14:27:18.264 23793-25665 FFmpegDecoder           com.devson.devsonplayer              E  swr_init failed
2026-03-18 14:27:18.264 23793-25665 FFmpegDecoder           com.devson.devsonplayer              E  swr_init failed
2026-03-18 14:27:18.265 23793-25665 FFmpegDecoder           com.devson.devsonplayer              E  swr_init failed
2026-03-18 14:27:18.268 23793-25665 FFmpegDecoder           com.devson.devsonplayer              E  swr_init failed
2026-03-18 14:27:18.269 23793-25665 FFmpegDecoder           com.devson.devsonplayer              E  swr_init failed
2026-03-18 14:27:18.270 23793-25665 FFmpegDecoder           com.devson.devsonplayer              E  swr_init failed
2026-03-18 14:27:18.271 23793-25665 FFmpegDecoder           com.devson.devsonplayer              E  swr_init failed
2026-03-18 14:27:18.422 23793-25665 FFmpegDecoder           com.devson.devsonplayer              E  swr_init failed
2026-03-18 14:27:18.423 23793-25665 FFmpegDecoder           com.devson.devsonplayer              E  swr_init failed
2026-03-18 14:27:18.424 23793-25665 FFmpegDecoder           com.devson.devsonplayer              E  swr_init failed
2026-03-18 14:27:18.424 23793-25665 FFmpegDecoder           com.devson.devsonplayer              E  swr_init failed
2026-03-18 14:27:18.424 23793-25665 FFmpegDecoder           com.devson.devsonplayer              E  swr_init failed
2026-03-18 14:27:18.425 23793-25665 FFmpegDecoder           com.devson.devsonplayer              E  swr_init failed
2026-03-18 14:27:18.427 23793-25665 FFmpegDecoder           com.devson.devsonplayer              E  swr_init failed
2026-03-18 14:27:18.427 23793-25665 FFmpegDecoder           com.devson.devsonplayer              E  swr_init failed
2026-03-18 14:27:18.631 23793-25665 FFmpegDecoder           com.devson.devsonplayer              E  swr_init failed
2026-03-18 14:27:18.631 23793-25665 FFmpegDecoder           com.devson.devsonplayer              E  swr_init failed
2026-03-18 14:27:18.632 23793-25665 FFmpegDecoder           com.devson.devsonplayer              E  swr_init failed
2026-03-18 14:27:18.633 23793-25665 FFmpegDecoder           com.devson.devsonplayer              E  swr_init failed
2026-03-18 14:27:18.633 23793-25665 FFmpegDecoder           com.devson.devsonplayer              E  swr_init failed
2026-03-18 14:27:18.634 23793-25665 FFmpegDecoder           com.devson.devsonplayer              E  swr_init failed
2026-03-18 14:27:18.634 23793-25665 FFmpegDecoder           com.devson.devsonplayer              E  swr_init failed
2026-03-18 14:27:18.634 23793-25665 FFmpegDecoder           com.devson.devsonplayer              E  swr_init failed
2026-03-18 14:27:18.903 23793-25665 FFmpegDecoder           com.devson.devsonplayer              E  swr_init failed
2026-03-18 14:27:18.905 23793-25665 FFmpegDecoder           com.devson.devsonplayer              E  swr_init failed
2026-03-18 14:27:18.906 23793-25665 FFmpegDecoder           com.devson.devsonplayer              E  swr_init failed
2026-03-18 14:27:18.908 23793-25665 FFmpegDecoder           com.devson.devsonplayer              E  swr_init failed
2026-03-18 14:27:18.908 23793-25665 FFmpegDecoder           com.devson.devsonplayer              E  swr_init failed
2026-03-18 14:27:18.909 23793-25665 FFmpegDecoder           com.devson.devsonplayer              E  swr_init failed
2026-03-18 14:27:18.909 23793-25665 FFmpegDecoder           com.devson.devsonplayer              E  swr_init failed
2026-03-18 14:27:18.910 23793-25665 FFmpegDecoder           com.devson.devsonplayer              E  swr_init failed
2026-03-18 14:27:18.910 23793-25665 FFmpegDecoder           com.devson.devsonplayer              E  swr_init failed
2026-03-18 14:27:18.958 23793-23793 OplusScrollToTopManager com.devson.devsonplayer              D  com.devson.devsonplayer/com.devson.devsonplayer.MainActivity,This DecorView@cf16764[MainActivity] change focus to false
2026-03-18 14:27:19.021 23793-23793 OplusScrollToTopManager com.devson.devsonplayer              D  com.devson.devsonplayer/com.devson.devsonplayer.MainActivity,This DecorView@d088f46[MainActivity] change focus to true
2026-03-18 14:27:19.072 23793-25665 FFmpegDecoder           com.devson.devsonplayer              E  swr_init failed
2026-03-18 14:27:19.074 23793-25665 FFmpegDecoder           com.devson.devsonplayer              E  swr_init failed
2026-03-18 14:27:19.075 23793-25665 FFmpegDecoder           com.devson.devsonplayer              E  swr_init failed
2026-03-18 14:27:19.075 23793-25665 FFmpegDecoder           com.devson.devsonplayer              E  swr_init failed
2026-03-18 14:27:19.075 23793-25665 FFmpegDecoder           com.devson.devsonplayer              E  swr_init failed
2026-03-18 14:27:19.076 23793-25665 FFmpegDecoder           com.devson.devsonplayer              E  swr_init failed
2026-03-18 14:27:19.076 23793-25665 FFmpegDecoder           com.devson.devsonplayer              E  swr_init failed
2026-03-18 14:27:19.077 23793-25665 FFmpegDecoder           com.devson.devsonplayer              E  swr_init failed
2026-03-18 14:27:19.211 23793-25665 FFmpegDecoder           com.devson.devsonplayer              E  swr_init failed
2026-03-18 14:27:19.212 23793-25665 FFmpegDecoder           com.devson.devsonplayer              E  swr_init failed
2026-03-18 14:27:19.213 23793-25665 FFmpegDecoder           com.devson.devsonplayer              E  swr_init failed
2026-03-18 14:27:19.215 23793-25665 FFmpegDecoder           com.devson.devsonplayer              E  swr_init failed
2026-03-18 14:27:19.216 23793-23793 Quality                 com.devson.devsonplayer              I  Skipped: false 1 cost 18.072515 refreshRate 16732790 bit true processName com.devson.devsonplayer
2026-03-18 14:27:19.216 23793-25665 FFmpegDecoder           com.devson.devsonplayer              E  swr_init failed
2026-03-18 14:27:19.218 23793-25665 FFmpegDecoder           com.devson.devsonplayer              E  swr_init failed
2026-03-18 14:27:19.218 23793-25665 FFmpegDecoder           com.devson.devsonplayer              E  swr_init failed
2026-03-18 14:27:19.220 23793-25665 FFmpegDecoder           com.devson.devsonplayer              E  swr_init failed
2026-03-18 14:27:19.351 23793-25665 FFmpegDecoder           com.devson.devsonplayer              E  swr_init failed
2026-03-18 14:27:19.352 23793-25665 FFmpegDecoder           com.devson.devsonplayer              E  swr_init failed
2026-03-18 14:27:19.353 23793-25665 FFmpegDecoder           com.devson.devsonplayer              E  swr_init failed
2026-03-18 14:27:19.354 23793-25665 FFmpegDecoder           com.devson.devsonplayer              E  swr_init failed
2026-03-18 14:27:19.354 23793-25665 FFmpegDecoder           com.devson.devsonplayer              E  swr_init failed
2026-03-18 14:27:19.354 23793-25665 FFmpegDecoder           com.devson.devsonplayer              E  swr_init failed
2026-03-18 14:27:19.355 23793-25665 FFmpegDecoder           com.devson.devsonplayer              E  swr_init failed
2026-03-18 14:27:19.355 23793-25665 FFmpegDecoder           com.devson.devsonplayer              E  swr_init failed
2026-03-18 14:27:19.508 23793-23793 OplusScrollToTopManager com.devson.devsonplayer              D  com.devson.devsonplayer/com.devson.devsonplayer.MainActivity,window dying
2026-03-18 14:27:19.508 23793-23793 OplusScrollToTopManager com.devson.devsonplayer              D  com.devson.devsonplayer/com.devson.devsonplayer.MainActivity,unregisterSystemUIBroadcastReceiver 
2026-03-18 14:27:19.508 23793-23793 OplusScrollToTopManager com.devson.devsonplayer              D  com.devson.devsonplayer/com.devson.devsonplayer.MainActivity, unregisterSystemUIBroadcastReceiver failed java.lang.IllegalArgumentException: Receiver not registered: android.view.OplusScrollToTopManager$2@30d17c2
2026-03-18 14:27:19.536 23793-23793 ZoomWindowDecorView     com.devson.devsonplayer              V  removeZoomView
2026-03-18 14:27:19.536 23793-23793 OpenGLRenderer          com.devson.devsonplayer              D  RenderProxy::destroy: this=0xb400007bc94eb000, mContext=0xb400007be24f63c0
2026-03-18 14:27:19.537 23793-23986 OpenGLRenderer          com.devson.devsonplayer              D  SkiaOpenGLPipeline::setSurface: this=0xb400007bf4684e00, surface=NULL
2026-03-18 14:27:19.539 23793-23793 BLASTBufferQueue        com.devson.devsonplayer              D  [VRI[MainActivity]#2](f:0,a:1) destructor()
2026-03-18 14:27:19.539 23793-23793 BufferQueueConsumer     com.devson.devsonplayer              D  [VRI[MainActivity]#2(BLAST Consumer)2](id:5cf100000002,api:0,p:-1,c:23793) disconnect
2026-03-18 14:27:19.570 23793-23793 Quality                 com.devson.devsonplayer              I  Skipped: true 3 cost 55.655674 refreshRate 16668141 bit true processName com.devson.devsonplayer
2026-03-18 14:27:19.599 23793-23793 VRI[MainActivity]       com.devson.devsonplayer              D  onFocusEvent true
2026-03-18 14:27:19.609 23793-23793 Quality                 com.devson.devsonplayer              I  Skipped: false 1 cost 28.14801 refreshRate 16704099 bit true processName com.devson.devsonplayer
2026-03-18 14:27:19.627 23793-23793 AudioManagerExtImpl     com.devson.devsonplayer              D  getStreamVolume packageName=com.devson.devsonplayer, index=10, streamType=3
2026-03-18 14:27:19.690 23793-25665 FFmpegDecoder           com.devson.devsonplayer              E  swr_init failed
2026-03-18 14:27:19.690 23793-25665 FFmpegDecoder           com.devson.devsonplayer              E  swr_init failed
2026-03-18 14:27:19.691 23793-25665 FFmpegDecoder           com.devson.devsonplayer              E  swr_init failed
2026-03-18 14:27:19.691 23793-25665 FFmpegDecoder           com.devson.devsonplayer              E  swr_init failed
2026-03-18 14:27:19.692 23793-25665 FFmpegDecoder           com.devson.devsonplayer              E  swr_init failed
2026-03-18 14:27:19.692 23793-25665 FFmpegDecoder           com.devson.devsonplayer              E  swr_init failed
2026-03-18 14:27:19.692 23793-25665 FFmpegDecoder           com.devson.devsonplayer              E  swr_init failed
2026-03-18 14:27:19.693 23793-25665 FFmpegDecoder           com.devson.devsonplayer              E  swr_init failed
2026-03-18 14:27:19.693 23793-25665 FFmpegDecoder           com.devson.devsonplayer              E  swr_init failed
2026-03-18 14:27:19.693 23793-25665 FFmpegDecoder           com.devson.devsonplayer              E  swr_init failed
2026-03-18 14:27:19.694 23793-25665 FFmpegDecoder           com.devson.devsonplayer              E  swr_init failed
2026-03-18 14:27:19.694 23793-25665 FFmpegDecoder           com.devson.devsonplayer              E  swr_init failed
2026-03-18 14:27:19.694 23793-25665 FFmpegDecoder           com.devson.devsonplayer              E  swr_init failed
2026-03-18 14:27:19.695 23793-25665 FFmpegDecoder           com.devson.devsonplayer              E  swr_init failed
2026-03-18 14:27:19.695 23793-25665 FFmpegDecoder           com.devson.devsonplayer              E  swr_init failed
2026-03-18 14:27:19.696 23793-25665 FFmpegDecoder           com.devson.devsonplayer              E  swr_init failed
2026-03-18 14:27:19.883 23793-25665 FFmpegDecoder           com.devson.devsonplayer              E  swr_init failed
2026-03-18 14:27:19.883 23793-25665 FFmpegDecoder           com.devson.devsonplayer              E  swr_init failed
2026-03-18 14:27:19.884 23793-25665 FFmpegDecoder           com.devson.devsonplayer              E  swr_init failed
2026-03-18 14:27:19.885 23793-25665 FFmpegDecoder           com.devson.devsonplayer              E  swr_init failed
2026-03-18 14:27:19.885 23793-25665 FFmpegDecoder           com.devson.devsonplayer              E  swr_init failed
2026-03-18 14:27:19.886 23793-25665 FFmpegDecoder           com.devson.devsonplayer              E  swr_init failed
2026-03-18 14:27:19.886 23793-25665 FFmpegDecoder           com.devson.devsonplayer              E  swr_init failed
2026-03-18 14:27:19.887 23793-25665 FFmpegDecoder           com.devson.devsonplayer              E  swr_init failed
2026-03-18 14:27:20.042 23793-25665 FFmpegDecoder           com.devson.devsonplayer              E  swr_init failed
2026-03-18 14:27:20.043 23793-25665 FFmpegDecoder           com.devson.devsonplayer              E  swr_init failed
2026-03-18 14:27:20.044 23793-25665 FFmpegDecoder           com.devson.devsonplayer              E  swr_init failed
2026-03-18 14:27:20.045 23793-25665 FFmpegDecoder           com.devson.devsonplayer              E  swr_init failed
2026-03-18 14:27:20.045 23793-25665 FFmpegDecoder           com.devson.devsonplayer              E  swr_init failed
2026-03-18 14:27:20.046 23793-25665 FFmpegDecoder           com.devson.devsonplayer              E  swr_init failed
2026-03-18 14:27:20.046 23793-25665 FFmpegDecoder           com.devson.devsonplayer              E  swr_init failed
2026-03-18 14:27:20.047 23793-25665 FFmpegDecoder           com.devson.devsonplayer              E  swr_init failed
2026-03-18 14:27:20.092 23793-23793 Quality                 com.devson.devsonplayer              I  Skipped: false 8 cost 142.55309 refreshRate 16732462 bit true processName com.devson.devsonplayer
2026-03-18 14:27:20.116 23793-23793 Quality                 com.devson.devsonplayer              I  Skipped: false 1 cost 17.478294 refreshRate 16670787 bit true processName com.devson.devsonplayer
2026-03-18 14:27:20.205 23793-25665 FFmpegDecoder           com.devson.devsonplayer              E  swr_init failed
2026-03-18 14:27:20.207 23793-25665 FFmpegDecoder           com.devson.devsonplayer              E  swr_init failed
2026-03-18 14:27:20.207 23793-25665 FFmpegDecoder           com.devson.devsonplayer              E  swr_init failed
2026-03-18 14:27:20.208 23793-25665 FFmpegDecoder           com.devson.devsonplayer              E  swr_init failed
2026-03-18 14:27:20.209 23793-25665 FFmpegDecoder           com.devson.devsonplayer              E  swr_init failed
2026-03-18 14:27:20.209 23793-25665 FFmpegDecoder           com.devson.devsonplayer              E  swr_init failed
2026-03-18 14:27:20.210 23793-25665 FFmpegDecoder           com.devson.devsonplayer              E  swr_init failed
2026-03-18 14:27:20.210 23793-25665 FFmpegDecoder           com.devson.devsonplayer              E  swr_init failed
2026-03-18 14:27:20.369 23793-25665 FFmpegDecoder           com.devson.devsonplayer              E  swr_init failed
2026-03-18 14:27:20.370 23793-25665 FFmpegDecoder           com.devson.devsonplayer              E  swr_init failed
2026-03-18 14:27:20.370 23793-25665 FFmpegDecoder           com.devson.devsonplayer              E  swr_init failed
2026-03-18 14:27:20.370 23793-25665 FFmpegDecoder           com.devson.devsonplayer              E  swr_init failed
2026-03-18 14:27:20.371 23793-25665 FFmpegDecoder           com.devson.devsonplayer              E  swr_init failed
2026-03-18 14:27:20.371 23793-25665 FFmpegDecoder           com.devson.devsonplayer              E  swr_init failed
2026-03-18 14:27:20.372 23793-25665 FFmpegDecoder           com.devson.devsonplayer              E  swr_init failed
2026-03-18 14:27:20.372 23793-25665 FFmpegDecoder           com.devson.devsonplayer              E  swr_init failed
2026-03-18 14:27:20.458 23793-23793 Quality                 com.devson.devsonplayer              I  Skipped: true 1 cost 25.686392 refreshRate 16704144 bit true processName com.devson.devsonplayer
2026-03-18 14:27:20.619 23793-23793 OplusScrollToTopManager com.devson.devsonplayer              D  com.devson.devsonplayer/com.devson.devsonplayer.MainActivity,This DecorView@cf16764[MainActivity] change focus to true
2026-03-18 14:27:20.633 23793-25665 FFmpegDecoder           com.devson.devsonplayer              E  swr_init failed
2026-03-18 14:27:20.634 23793-25665 FFmpegDecoder           com.devson.devsonplayer              E  swr_init failed
2026-03-18 14:27:20.635 23793-25665 FFmpegDecoder           com.devson.devsonplayer              E  swr_init failed
2026-03-18 14:27:20.636 23793-25665 FFmpegDecoder           com.devson.devsonplayer              E  swr_init failed
2026-03-18 14:27:20.636 23793-25665 FFmpegDecoder           com.devson.devsonplayer              E  swr_init failed
2026-03-18 14:27:20.637 23793-25665 FFmpegDecoder           com.devson.devsonplayer              E  swr_init failed
2026-03-18 14:27:20.637 23793-25665 FFmpegDecoder           com.devson.devsonplayer              E  swr_init failed
2026-03-18 14:27:20.637 23793-25665 FFmpegDecoder           com.devson.devsonplayer              E  swr_init failed
2026-03-18 14:27:20.638 23793-25665 FFmpegDecoder           com.devson.devsonplayer              E  swr_init failed
2026-03-18 14:27:20.638 23793-25665 FFmpegDecoder           com.devson.devsonplayer              E  swr_init failed
2026-03-18 14:27:20.639 23793-25665 FFmpegDecoder           com.devson.devsonplayer              E  swr_init failed
2026-03-18 14:27:20.639 23793-25665 FFmpegDecoder           com.devson.devsonplayer              E  swr_init failed
2026-03-18 14:27:20.639 23793-25665 FFmpegDecoder           com.devson.devsonplayer              E  swr_init failed
2026-03-18 14:27:20.640 23793-25665 FFmpegDecoder           com.devson.devsonplayer              E  swr_init failed
2026-03-18 14:27:20.640 23793-25665 FFmpegDecoder           com.devson.devsonplayer              E  swr_init failed
2026-03-18 14:27:20.641 23793-25665 FFmpegDecoder           com.devson.devsonplayer              E  swr_init failed
2026-03-18 14:27:20.750 23793-25665 FFmpegDecoder           com.devson.devsonplayer              E  swr_init failed
2026-03-18 14:27:20.751 23793-25665 FFmpegDecoder           com.devson.devsonplayer              E  swr_init failed
2026-03-18 14:27:20.751 23793-25665 FFmpegDecoder           com.devson.devsonplayer              E  swr_init failed
2026-03-18 14:27:20.752 23793-25665 FFmpegDecoder           com.devson.devsonplayer              E  swr_init failed
2026-03-18 14:27:20.753 23793-25665 FFmpegDecoder           com.devson.devsonplayer              E  swr_init failed
2026-03-18 14:27:20.755 23793-25665 FFmpegDecoder           com.devson.devsonplayer              E  swr_init failed
2026-03-18 14:27:20.756 23793-25665 FFmpegDecoder           com.devson.devsonplayer              E  swr_init failed
2026-03-18 14:27:20.757 23793-25665 FFmpegDecoder           com.devson.devsonplayer              E  swr_init failed
2026-03-18 14:27:20.920 23793-25665 FFmpegDecoder           com.devson.devsonplayer              E  swr_init failed
2026-03-18 14:27:20.921 23793-25665 FFmpegDecoder           com.devson.devsonplayer              E  swr_init failed
2026-03-18 14:27:20.922 23793-25665 FFmpegDecoder           com.devson.devsonplayer              E  swr_init failed
2026-03-18 14:27:20.923 23793-25665 FFmpegDecoder           com.devson.devsonplayer              E  swr_init failed
2026-03-18 14:27:20.924 23793-25665 FFmpegDecoder           com.devson.devsonplayer              E  swr_init failed
2026-03-18 14:27:20.926 23793-25665 FFmpegDecoder           com.devson.devsonplayer              E  swr_init failed
2026-03-18 14:27:20.927 23793-25665 FFmpegDecoder           com.devson.devsonplayer              E  swr_init failed
2026-03-18 14:27:20.928 23793-25665 FFmpegDecoder           com.devson.devsonplayer              E  swr_init failed
2026-03-18 14:27:21.086 23793-25665 FFmpegDecoder           com.devson.devsonplayer              E  swr_init failed
2026-03-18 14:27:21.244 23793-25665 FFmpegDecoder           com.devson.devsonplayer              E  swr_init failed
2026-03-18 14:27:21.245 23793-25665 FFmpegDecoder           com.devson.devsonplayer              E  swr_init failed
2026-03-18 14:27:21.246 23793-25665 FFmpegDecoder           com.devson.devsonplayer              E  swr_init failed
2026-03-18 14:27:21.247 23793-25665 FFmpegDecoder           com.devson.devsonplayer              E  swr_init failed
2026-03-18 14:27:21.248 23793-25665 FFmpegDecoder           com.devson.devsonplayer              E  swr_init failed
2026-03-18 14:27:21.249 23793-25665 FFmpegDecoder           com.devson.devsonplayer              E  swr_init failed
2026-03-18 14:27:21.250 23793-25665 FFmpegDecoder           com.devson.devsonplayer              E  swr_init failed
2026-03-18 14:27:21.252 23793-25665 FFmpegDecoder           com.devson.devsonplayer              E  swr_init failed
2026-03-18 14:27:21.253 23793-25665 FFmpegDecoder           com.devson.devsonplayer              E  swr_init failed
2026-03-18 14:27:21.255 23793-25665 FFmpegDecoder           com.devson.devsonplayer              E  swr_init failed
2026-03-18 14:27:21.256 23793-25665 FFmpegDecoder           com.devson.devsonplayer              E  swr_init failed
2026-03-18 14:27:21.257 23793-25665 FFmpegDecoder           com.devson.devsonplayer              E  swr_init failed
2026-03-18 14:27:21.258 23793-25665 FFmpegDecoder           com.devson.devsonplayer              E  swr_init failed
2026-03-18 14:27:21.259 23793-25665 FFmpegDecoder           com.devson.devsonplayer              E  swr_init failed
2026-03-18 14:27:21.260 23793-25665 FFmpegDecoder           com.devson.devsonplayer              E  swr_init failed
2026-03-18 14:27:21.261 23793-25665 FFmpegDecoder           com.devson.devsonplayer              E  swr_init failed
2026-03-18 14:27:21.262 23793-25665 FFmpegDecoder           com.devson.devsonplayer              E  swr_init failed
2026-03-18 14:27:21.262 23793-25665 FFmpegDecoder           com.devson.devsonplayer              E  swr_init failed
2026-03-18 14:27:21.263 23793-25665 FFmpegDecoder           com.devson.devsonplayer              E  swr_init failed
2026-03-18 14:27:21.264 23793-25665 FFmpegDecoder           com.devson.devsonplayer              E  swr_init failed
2026-03-18 14:27:21.266 23793-25665 FFmpegDecoder           com.devson.devsonplayer              E  swr_init failed
2026-03-18 14:27:21.267 23793-25665 FFmpegDecoder           com.devson.devsonplayer              E  swr_init failed
2026-03-18 14:27:21.268 23793-25665 FFmpegDecoder           com.devson.devsonplayer              E  swr_init failed
2026-03-18 14:27:21.269 23793-25665 FFmpegDecoder           com.devson.devsonplayer              E  swr_init failed
2026-03-18 14:27:21.270 23793-25665 FFmpegDecoder           com.devson.devsonplayer              E  swr_init failed
2026-03-18 14:27:21.271 23793-25665 FFmpegDecoder           com.devson.devsonplayer              E  swr_init failed
2026-03-18 14:27:21.273 23793-25665 FFmpegDecoder           com.devson.devsonplayer              E  swr_init failed
2026-03-18 14:27:21.274 23793-25665 FFmpegDecoder           com.devson.devsonplayer              E  swr_init failed
2026-03-18 14:27:21.275 23793-25665 FFmpegDecoder           com.devson.devsonplayer              E  swr_init failed
2026-03-18 14:27:21.276 23793-25665 FFmpegDecoder           com.devson.devsonplayer              E  swr_init failed
2026-03-18 14:27:21.277 23793-25665 FFmpegDecoder           com.devson.devsonplayer              E  swr_init failed
2026-03-18 14:27:21.278 23793-25665 FFmpegDecoder           com.devson.devsonplayer              E  swr_init failed
2026-03-18 14:27:21.279 23793-25665 FFmpegDecoder           com.devson.devsonplayer              E  swr_init failed
2026-03-18 14:27:21.280 23793-25665 FFmpegDecoder           com.devson.devsonplayer              E  swr_init failed
2026-03-18 14:27:21.281 23793-25665 FFmpegDecoder           com.devson.devsonplayer              E  swr_init failed
2026-03-18 14:27:21.282 23793-25665 FFmpegDecoder           com.devson.devsonplayer              E  swr_init failed
2026-03-18 14:27:21.283 23793-25665 FFmpegDecoder           com.devson.devsonplayer              E  swr_init failed
2026-03-18 14:27:21.283 23793-25665 FFmpegDecoder           com.devson.devsonplayer              E  swr_init failed
2026-03-18 14:27:21.284 23793-25665 FFmpegDecoder           com.devson.devsonplayer              E  swr_init failed
2026-03-18 14:27:21.285 23793-25665 FFmpegDecoder           com.devson.devsonplayer              E  swr_init failed
2026-03-18 14:27:21.286 23793-25665 FFmpegDecoder           com.devson.devsonplayer              E  swr_init failed
2026-03-18 14:27:21.287 23793-25665 FFmpegDecoder           com.devson.devsonplayer              E  swr_init failed
2026-03-18 14:27:21.288 23793-25665 FFmpegDecoder           com.devson.devsonplayer              E  swr_init failed
2026-03-18 14:27:21.289 23793-25665 FFmpegDecoder           com.devson.devsonplayer              E  swr_init failed
2026-03-18 14:27:21.290 23793-25665 FFmpegDecoder           com.devson.devsonplayer              E  swr_init failed
2026-03-18 14:27:21.291 23793-25665 FFmpegDecoder           com.devson.devsonplayer              E  swr_init failed
2026-03-18 14:27:21.292 23793-25665 FFmpegDecoder           com.devson.devsonplayer              E  swr_init failed
2026-03-18 14:27:21.292 23793-25665 FFmpegDecoder           com.devson.devsonplayer              E  swr_init failed
2026-03-18 14:27:21.681 23793-25665 FFmpegDecoder           com.devson.devsonplayer              E  swr_init failed
2026-03-18 14:27:21.682 23793-25665 FFmpegDecoder           com.devson.devsonplayer              E  swr_init failed
2026-03-18 14:27:21.683 23793-25665 FFmpegDecoder           com.devson.devsonplayer              E  swr_init failed
2026-03-18 14:27:21.684 23793-25665 FFmpegDecoder           com.devson.devsonplayer              E  swr_init failed
2026-03-18 14:27:21.685 23793-25665 FFmpegDecoder           com.devson.devsonplayer              E  swr_init failed
2026-03-18 14:27:21.687 23793-25665 FFmpegDecoder           com.devson.devsonplayer              E  swr_init failed
2026-03-18 14:27:21.687 23793-25665 FFmpegDecoder           com.devson.devsonplayer              E  swr_init failed
2026-03-18 14:27:21.687 23793-25665 FFmpegDecoder           com.devson.devsonplayer              E  swr_init failed
2026-03-18 14:27:21.877 23793-25665 FFmpegDecoder           com.devson.devsonplayer              E  swr_init failed
2026-03-18 14:27:21.878 23793-25665 FFmpegDecoder           com.devson.devsonplayer              E  swr_init failed
2026-03-18 14:27:21.880 23793-25665 FFmpegDecoder           com.devson.devsonplayer              E  swr_init failed
2026-03-18 14:27:21.881 23793-25665 FFmpegDecoder           com.devson.devsonplayer              E  swr_init failed
2026-03-18 14:27:21.882 23793-25665 FFmpegDecoder           com.devson.devsonplayer              E  swr_init failed
2026-03-18 14:27:21.883 23793-25665 FFmpegDecoder           com.devson.devsonplayer              E  swr_init failed
2026-03-18 14:27:21.885 23793-25665 FFmpegDecoder           com.devson.devsonplayer              E  swr_init failed
2026-03-18 14:27:21.886 23793-25665 FFmpegDecoder           com.devson.devsonplayer              E  swr_init failed
2026-03-18 14:27:22.034 23793-23793 AudioManagerExtImpl     com.devson.devsonplayer              D  getStreamVolume packageName=com.devson.devsonplayer, index=10, streamType=3
2026-03-18 14:27:22.054 23793-25665 FFmpegDecoder           com.devson.devsonplayer              E  swr_init failed
2026-03-18 14:27:22.055 23793-25665 FFmpegDecoder           com.devson.devsonplayer              E  swr_init failed
2026-03-18 14:27:22.055 23793-25665 FFmpegDecoder           com.devson.devsonplayer              E  swr_init failed
2026-03-18 14:27:22.056 23793-25665 FFmpegDecoder           com.devson.devsonplayer              E  swr_init failed
2026-03-18 14:27:22.056 23793-25665 FFmpegDecoder           com.devson.devsonplayer              E  swr_init failed
2026-03-18 14:27:22.056 23793-25665 FFmpegDecoder           com.devson.devsonplayer              E  swr_init failed
2026-03-18 14:27:22.057 23793-25665 FFmpegDecoder           com.devson.devsonplayer              E  swr_init failed
2026-03-18 14:27:22.057 23793-25665 FFmpegDecoder           com.devson.devsonplayer              E  swr_init failed
2026-03-18 14:27:22.198 23793-25665 FFmpegDecoder           com.devson.devsonplayer              E  swr_init failed
2026-03-18 14:27:22.200 23793-25665 FFmpegDecoder           com.devson.devsonplayer              E  swr_init failed
2026-03-18 14:27:22.201 23793-25665 FFmpegDecoder           com.devson.devsonplayer              E  swr_init failed
2026-03-18 14:27:22.202 23793-25665 FFmpegDecoder           com.devson.devsonplayer              E  swr_init failed
2026-03-18 14:27:22.204 23793-25665 FFmpegDecoder           com.devson.devsonplayer              E  swr_init failed
2026-03-18 14:27:22.205 23793-25665 FFmpegDecoder           com.devson.devsonplayer              E  swr_init failed
2026-03-18 14:27:22.207 23793-25665 FFmpegDecoder           com.devson.devsonplayer              E  swr_init failed
2026-03-18 14:27:22.208 23793-25665 FFmpegDecoder           com.devson.devsonplayer              E  swr_init failed
2026-03-18 14:27:22.532 23793-25665 FFmpegDecoder           com.devson.devsonplayer              E  swr_init failed
2026-03-18 14:27:22.533 23793-25665 FFmpegDecoder           com.devson.devsonplayer              E  swr_init failed
2026-03-18 14:27:22.533 23793-25665 FFmpegDecoder           com.devson.devsonplayer              E  swr_init failed
2026-03-18 14:27:22.534 23793-25665 FFmpegDecoder           com.devson.devsonplayer              E  swr_init failed
2026-03-18 14:27:22.535 23793-25665 FFmpegDecoder           com.devson.devsonplayer              E  swr_init failed
2026-03-18 14:27:22.536 23793-25665 FFmpegDecoder           com.devson.devsonplayer              E  swr_init failed
2026-03-18 14:27:22.537 23793-25665 FFmpegDecoder           com.devson.devsonplayer              E  swr_init failed
2026-03-18 14:27:22.538 23793-25665 FFmpegDecoder           com.devson.devsonplayer              E  swr_init failed
2026-03-18 14:27:22.709 23793-23793 Quality                 com.devson.devsonplayer              I  Skipped: true 1 cost 21.70007 refreshRate 16699327 bit true processName com.devson.devsonplayer
2026-03-18 14:27:22.711 23793-25665 FFmpegDecoder           com.devson.devsonplayer              E  swr_init failed
2026-03-18 14:27:22.757 23793-23793 Quality                 com.devson.devsonplayer              I  Skipped: true 1 cost 19.338547 refreshRate 16703466 bit true processName com.devson.devsonplayer
2026-03-18 14:27:23.118 23793-25665 FFmpegDecoder           com.devson.devsonplayer              E  swr_init failed
2026-03-18 14:27:23.121 23793-25665 FFmpegDecoder           com.devson.devsonplayer              E  swr_init failed
2026-03-18 14:27:23.124 23793-25665 FFmpegDecoder           com.devson.devsonplayer              E  swr_init failed
2026-03-18 14:27:23.126 23793-25665 FFmpegDecoder           com.devson.devsonplayer              E  swr_init failed
2026-03-18 14:27:23.129 23793-25665 FFmpegDecoder           com.devson.devsonplayer              E  swr_init failed
2026-03-18 14:27:23.129 23793-25665 FFmpegDecoder           com.devson.devsonplayer              E  swr_init failed
2026-03-18 14:27:23.129 23793-25665 FFmpegDecoder           com.devson.devsonplayer              E  swr_init failed
2026-03-18 14:27:23.130 23793-25665 FFmpegDecoder           com.devson.devsonplayer              E  swr_init failed
2026-03-18 14:27:23.131 23793-25665 FFmpegDecoder           com.devson.devsonplayer              E  swr_init failed
2026-03-18 14:27:23.132 23793-25665 FFmpegDecoder           com.devson.devsonplayer              E  swr_init failed
2026-03-18 14:27:23.133 23793-25665 FFmpegDecoder           com.devson.devsonplayer              E  swr_init failed
2026-03-18 14:27:23.135 23793-25665 FFmpegDecoder           com.devson.devsonplayer              E  swr_init failed
2026-03-18 14:27:23.136 23793-25665 FFmpegDecoder           com.devson.devsonplayer              E  swr_init failed
2026-03-18 14:27:23.138 23793-25665 FFmpegDecoder           com.devson.devsonplayer              E  swr_init failed
2026-03-18 14:27:23.140 23793-25665 FFmpegDecoder           com.devson.devsonplayer              E  swr_init failed
2026-03-18 14:27:23.142 23793-25665 FFmpegDecoder           com.devson.devsonplayer              E  swr_init failed
2026-03-18 14:27:23.143 23793-25665 FFmpegDecoder           com.devson.devsonplayer              E  swr_init failed
2026-03-18 14:27:23.145 23793-25665 FFmpegDecoder           com.devson.devsonplayer              E  swr_init failed
2026-03-18 14:27:23.147 23793-25665 FFmpegDecoder           com.devson.devsonplayer              E  swr_init failed
2026-03-18 14:27:23.149 23793-25665 FFmpegDecoder           com.devson.devsonplayer              E  swr_init failed
2026-03-18 14:27:23.149 23793-25665 FFmpegDecoder           com.devson.devsonplayer              E  swr_init failed
