2026-03-18 14:27:08.784 23793-23793 Quality                 com.devson.devsonplayer              I  Skipped: false 30 cost 509.37186 refreshRate 16693209 bit true processName com.devson.devsonplayer
2026-03-18 14:27:08.885 23793-23793 Quality                 com.devson.devsonplayer              I  Skipped: false 5 cost 93.42526 refreshRate 16665329 bit true processName com.devson.devsonplayer
2026-03-18 14:27:09.091 23793-23793 Quality                 com.devson.devsonplayer              I  Skipped: true 11 cost 199.2096 refreshRate 16718367 bit true processName com.devson.devsonplayer
2026-03-18 14:27:09.124 23793-23793 Quality                 com.devson.devsonplayer              I  Skipped: false 1 cost 30.853985 refreshRate 16718367 bit true processName com.devson.devsonplayer
2026-03-18 14:27:09.255 23793-23793 Quality                 com.devson.devsonplayer              I  Skipped: false 6 cost 112.54394 refreshRate 16705504 bit true processName com.devson.devsonplayer
2026-03-18 14:27:10.926 23793-24381 DecoderSelector         com.devson.devsonplayer              I  selectDecoder: mime=video/hevc 1280x720 10bit
2026-03-18 14:27:10.927 23793-24381 DecoderSelector         com.devson.devsonplayer              I  HEVC video detected → Forcing SOFTWARE decoder by default
2026-03-18 14:27:11.034 23793-23793 ExoPlayerImpl           com.devson.devsonplayer              I  Init 997fc23 [AndroidXMedia3/1.5.1] [RED8AF, RMX3430, realme, 33]
2026-03-18 14:27:11.135 23793-23793 on.devsonplayer         com.devson.devsonplayer              I  hiddenapi: Accessing hidden method Landroid/media/AudioTrack;->getLatency()I (runtime_flags=0, domain=platform, api=unsupported) from Landroidx/media3/exoplayer/audio/AudioTrackPositionTracker; (domain=app, TargetSdkVersion=36) using reflection: allowed
2026-03-18 14:27:11.243 23793-24905 FFmpegDecoder           com.devson.devsonplayer              I  FFmpegDecoder created
2026-03-18 14:27:11.243 23793-24905 libMEOW                 com.devson.devsonplayer              D  meow new tls: 0xb400007c06f13380
2026-03-18 14:27:11.243 23793-24905 libMEOW                 com.devson.devsonplayer              D  applied 1 plugins for [com.devson.devsonplayer]:
2026-03-18 14:27:11.243 23793-24905 libMEOW                 com.devson.devsonplayer              D    plugin 1: [libMEOW_gift.so]: 0xb400007c84296000
2026-03-18 14:27:11.244 23793-24905 libMEOW                 com.devson.devsonplayer              D  rebuild call chain: 0xb400007c06f224c0
2026-03-18 14:27:11.245 23793-23793 Quality                 com.devson.devsonplayer              I  Skipped: true 18 cost 313.8714 refreshRate 16724412 bit true processName com.devson.devsonplayer
2026-03-18 14:27:11.257 23793-23793 SurfaceView             com.devson.devsonplayer              I  166804879 surfaceChanged -- format=4 w=720 h=405
2026-03-18 14:27:11.278 23793-24905 VideoRenderer           com.devson.devsonplayer              I  VideoRenderer initialised 1920x1080
2026-03-18 14:27:11.278 23793-24905 OboeAudio               com.devson.devsonplayer              I  openStream() OUTPUT -------- OboeVersion1.8.0 --------
2026-03-18 14:27:11.289 23793-24905 AAudio                  com.devson.devsonplayer              I  AAudioStreamBuilder_openStream() called ----------------------------------------
2026-03-18 14:27:11.289 23793-24905 AudioStreamBuilder      com.devson.devsonplayer              I  rate   =  44100, channels  = 2, channelMask = 0x80000003, format   = 1, sharing = SH, dir = OUTPUT
2026-03-18 14:27:11.290 23793-24905 AudioStreamBuilder      com.devson.devsonplayer              I  device =      0, sessionId = -1, perfMode = 12, callback: ON with frames = 0, error callback: ON
2026-03-18 14:27:11.290 23793-24905 AudioStreamBuilder      com.devson.devsonplayer              I  usage  =      1, contentType = 2, inputPreset = 6, allowedCapturePolicy = 0
2026-03-18 14:27:11.290 23793-24905 AudioStreamBuilder      com.devson.devsonplayer              I  privacy sensitive = false, opPackageName = (null), attributionTag = (null)
2026-03-18 14:27:11.296 23793-24905 on.devsonplayer         com.devson.devsonplayer              D  PlayerBase::PlayerBase()
2026-03-18 14:27:11.299 23793-24905 AudioStreamTrack        com.devson.devsonplayer              D  open(), request notificationFrames = -8, frameCount = 0
2026-03-18 14:27:11.301 23793-24905 AudioTrack              com.devson.devsonplayer              I  set(): type=audio,case=1,attributes=1,content_type=2,usage=1,source=0,flags=0x8000
2026-03-18 14:27:11.301 23793-24905 AudioTrackExtImpl       com.devson.devsonplayer              D  AudioTrackExtImpl init
2026-03-18 14:27:11.301 23793-24905 AudioTrack              com.devson.devsonplayer              D  set(): streamType -1, sampleRate 44100, format 0x1, channelMask 0x3, frameCount 0, flags #104, notificationFrames -8, sessionId 0, transferType 1, uid -1, pid -1
2026-03-18 14:27:11.301 23793-24905 AudioTrack              com.devson.devsonplayer              I  set(): 0xb400007be25c6c00, Create AudioTrackThread, tid = 25657
2026-03-18 14:27:11.301 23793-24905 ListServiceUtils        com.devson.devsonplayer              D  mListServiceUtils::init CallingPid 23793
2026-03-18 14:27:11.302 23793-24905 ListServiceUtils        com.devson.devsonplayer              D  mListServiceUtils::init this 0xb400007be2589900
2026-03-18 14:27:11.302 23793-24905 ListServiceUtils        com.devson.devsonplayer              V  checkInListByUid module:audio-choppy-boost uid:10469 cost 238us return 0
2026-03-18 14:27:11.302 23793-24905 AudioTrackExtImpl       com.devson.devsonplayer              D  setAudioBoostTid
2026-03-18 14:27:11.304 23793-24905 AudioTrackExtImpl       com.devson.devsonplayer              D  oplusDumpValue PID is 23793  Tid is 25657
2026-03-18 14:27:11.304 23793-24905 AudioTrackExtImpl       com.devson.devsonplayer              D  setAudioBoostTid
2026-03-18 14:27:11.306 23793-24905 AudioTrackExtImpl       com.devson.devsonplayer              D  oplusDumpValue PID is 23793  Tid is 24905
2026-03-18 14:27:11.306 23793-24905 AudioTrackExtImpl       com.devson.devsonplayer              D  oplusDumpValue PID is 23793  Tid is 25657
2026-03-18 14:27:11.332 23793-24905 AudioTrack              com.devson.devsonplayer              I  createTrack_l(435) on outputId(53) : 0xb400007be25c6c00, mCblk = 0x7d318fa000,  mLatency = 424, mAfLatency = 210, frameCount = 9450, mSampleRate = 44100, mFlags = 0, mReqFrameCount = 9450, mNotificationFramesAct = 882
2026-03-18 14:27:11.334 23793-24905 ListServiceUtils        com.devson.devsonplayer              V  checkInListByUid start module:change-futex-timeout uid:10469  time 23564985582us
2026-03-18 14:27:11.334 23793-24905 ListServiceUtils        com.devson.devsonplayer              V  checkInListByUid end module:change-futex-timeout uid:10469  time 23564985782us
2026-03-18 14:27:11.334 23793-24905 ListServiceUtils        com.devson.devsonplayer              D  checkInListByUid module:change-futex-timeout uid:10469 cost 199us return 0
2026-03-18 14:27:11.335 23793-24905 AudioTrack              com.devson.devsonplayer              D  setVolume(435) left 1.000 right 1.000 , callingPid 23793
2026-03-18 14:27:11.336 23793-24905 AudioStreamTrack        com.devson.devsonplayer              D  open() flags changed from 0x00000104 to 0x00000000
2026-03-18 14:27:11.336 23793-24905 AudioStreamTrack        com.devson.devsonplayer              D  open() perfMode changed from 12 to 10
2026-03-18 14:27:11.336 23793-24905 AAudioStream            com.devson.devsonplayer              D  setState(s#1) from 0 to 2
2026-03-18 14:27:11.338 23793-24905 AAudio                  com.devson.devsonplayer              I  AAudioStreamBuilder_openStream() returns 0 = AAUDIO_OK for s#1 ----------------
2026-03-18 14:27:11.338 23793-24905 AudioRenderer           com.devson.devsonplayer              I  Oboe stream opened: 44100Hz 2ch burst=882
2026-03-18 14:27:11.445 23793-24905 FFmpegDecoder           com.devson.devsonplayer              I  Streams: video=0  audio=1
2026-03-18 14:27:11.447 23793-24905 FFmpegDecoder           com.devson.devsonplayer              I  Video: hevc  0x1280  pix_fmt=yuv420p  profile=0  threads=4
2026-03-18 14:27:11.447 23793-24905 FFmpegDecoder           com.devson.devsonplayer              I  Already YUV420P — no SWS needed
2026-03-18 14:27:11.447 23793-24905 FFmpegDecoder           com.devson.devsonplayer              I  Audio: aac  0Hz  ch=2
2026-03-18 14:27:11.447 23793-24905 FFmpegDecoder           com.devson.devsonplayer              I  Decoder initialised: 0x1280  duration=5.00s  codec=hevc
2026-03-18 14:27:11.447 23793-24905 NativePlayer            com.devson.devsonplayer              I  NativePlayer init OK  handle=0xb400007bf73d4000
2026-03-18 14:27:11.590 23793-23793 Quality                 com.devson.devsonplayer              I  SlowBinder: com.devson.devsonplayer to android.app.IActivityClientController cost= 301 code= 26
2026-03-18 14:27:11.592 23793-23793 Quality                 com.devson.devsonplayer              I  Skipped: false 19 cost 326.8296 refreshRate 16724412 bit true processName com.devson.devsonplayer
2026-03-18 14:27:11.609 23793-23793 ViewRootImplExtImpl     com.devson.devsonplayer              D  onDisplayChanged 0 for VRI android.view.ViewRootImpl@79dd3ef
2026-03-18 14:27:11.670 23793-23793 ZoomWindowDecorView     com.devson.devsonplayer              V  setLastReportedMergedConfiguration mZoomDisplayHeight: 720 getDecorView.217147236
2026-03-18 14:27:11.675 23793-25185 AAudio                  com.devson.devsonplayer              D  AAudioStream_requestStart(s#1) called --------------
2026-03-18 14:27:11.675 23793-25185 AAudioStream            com.devson.devsonplayer              D  setState(s#1) from 2 to 3
2026-03-18 14:27:11.675 23793-25185 AudioTrack              com.devson.devsonplayer              D  start(435): prior state:STATE_STOPPED output 53 stream 3 session 3321
2026-03-18 14:27:11.712 23793-25185 AudioTrackExtImpl       com.devson.devsonplayer              D  setAudioBoostTid
2026-03-18 14:27:11.724 23793-25185 AudioTrackExtImpl       com.devson.devsonplayer              D  oplusDumpValue PID is 23793  Tid is 24905
2026-03-18 14:27:11.724 23793-25185 AudioTrackExtImpl       com.devson.devsonplayer              D  oplusDumpValue PID is 23793  Tid is 25185
2026-03-18 14:27:11.724 23793-25185 AudioTrackExtImpl       com.devson.devsonplayer              D  oplusDumpValue PID is 23793  Tid is 25657
2026-03-18 14:27:11.725 23793-25185 AAudio                  com.devson.devsonplayer              D  AAudioStream_requestStart(s#1) returned 0 ---------
2026-03-18 14:27:11.725 23793-25486 AudioStreamTrack        com.devson.devsonplayer              D  onAudioDeviceUpdate() audioIo 53 devId 339 => 339
2026-03-18 14:27:11.733 23793-25663 FFmpegDecoder           com.devson.devsonplayer              I  Demux thread started
2026-03-18 14:27:11.738 23793-23793 SurfaceView             com.devson.devsonplayer              I  166804879 surfaceChanged -- format=4 w=1280 h=720
2026-03-18 14:27:11.739 23793-25665 FFmpegDecoder           com.devson.devsonplayer              I  Audio decode thread started
2026-03-18 14:27:11.746 23793-25665 FFmpegDecoder           com.devson.devsonplayer              E  swr_init failed
2026-03-18 14:27:11.748 23793-25665 FFmpegDecoder           com.devson.devsonplayer              E  swr_init failed
2026-03-18 14:27:11.754 23793-25665 FFmpegDecoder           com.devson.devsonplayer              E  swr_init failed
2026-03-18 14:27:11.755 23793-25665 FFmpegDecoder           com.devson.devsonplayer              E  swr_init failed
2026-03-18 14:27:11.756 23793-25665 FFmpegDecoder           com.devson.devsonplayer              E  swr_init failed
2026-03-18 14:27:11.757 23793-25665 FFmpegDecoder           com.devson.devsonplayer              E  swr_init failed
2026-03-18 14:27:11.758 23793-25665 FFmpegDecoder           com.devson.devsonplayer              E  swr_init failed
2026-03-18 14:27:11.759 23793-25665 FFmpegDecoder           com.devson.devsonplayer              E  swr_init failed
2026-03-18 14:27:11.760 23793-25665 FFmpegDecoder           com.devson.devsonplayer              E  swr_init failed
2026-03-18 14:27:11.780 23793-25664 FFmpegDecoder           com.devson.devsonplayer              I  Video decode thread started
2026-03-18 14:27:11.788 23793-25665 FFmpegDecoder           com.devson.devsonplayer              E  swr_init failed
2026-03-18 14:27:11.789 23793-25665 FFmpegDecoder           com.devson.devsonplayer              E  swr_init failed
2026-03-18 14:27:11.790 23793-25665 FFmpegDecoder           com.devson.devsonplayer              E  swr_init failed
2026-03-18 14:27:11.791 23793-25665 FFmpegDecoder           com.devson.devsonplayer              E  swr_init failed
2026-03-18 14:27:11.791 23793-23793 SurfaceSyncer           com.devson.devsonplayer              E  Failed to find sync for id=0
2026-03-18 14:27:11.791 23793-23793 SurfaceSyncer           com.devson.devsonplayer              E  Failed to find sync for id=1
2026-03-18 14:27:11.791 23793-23793 SurfaceSyncer           com.devson.devsonplayer              E  Failed to find sync for id=2
2026-03-18 14:27:11.791 23793-23793 VRI[MainActivity]       com.devson.devsonplayer              D  registerCallbacksForSync syncBuffer=false
2026-03-18 14:27:11.792 23793-25665 FFmpegDecoder           com.devson.devsonplayer              E  swr_init failed
2026-03-18 14:27:11.795 23793-25665 FFmpegDecoder           com.devson.devsonplayer              E  swr_init failed
2026-03-18 14:27:11.796 23793-25665 FFmpegDecoder           com.devson.devsonplayer              E  swr_init failed
2026-03-18 14:27:11.797 23793-25665 FFmpegDecoder           com.devson.devsonplayer              E  swr_init failed
2026-03-18 14:27:11.798 23793-25665 FFmpegDecoder           com.devson.devsonplayer              E  swr_init failed
2026-03-18 14:27:11.800 23793-25665 FFmpegDecoder           com.devson.devsonplayer              E  swr_init failed
2026-03-18 14:27:11.801 23793-25665 FFmpegDecoder           com.devson.devsonplayer              E  swr_init failed
2026-03-18 14:27:11.803 23793-25665 FFmpegDecoder           com.devson.devsonplayer              E  swr_init failed
2026-03-18 14:27:11.812 23793-23986 BLASTBufferQueue        com.devson.devsonplayer              D  [VRI[MainActivity]#0](f:0,a:2) producer disconnected before: mAbandoned=0
                                                                                                    - BufferQueue mMaxAcquiredBufferCount=2 mMaxDequeuedBufferCount=2
                                                                                                      mDequeueBufferCannotBlock=0 mAsyncMode=0
                                                                                                      mQueueBufferCanDrop=0 mLegacyBufferDrop=1
                                                                                                      default-size=[1600x720] default-format=1   transform-hint=04 frame-counter=218
                                                                                                      mTransformHintInUse=04 mAutoPrerotation=0
                                                                                                    FIFO(0):
                                                                                                    (mConsumerName=VRI[MainActivity]#0(BLAST Consumer)0, mConnectedApi=1, mConsumerUsageBits=2304, mId=5cf100000000, producer=[23793:com.devson.devsonplayer], consumer=[23793:com.devson.devsonplayer])
                                                                                                    Slots:
                                                                                                     >[00:0xb400007c8b490f00] state=ACQUIRED 0xb400007c8b469900 frame=218 [ 720x1600: 720,  1]
                                                                                                      [01:0x0] state=FREE    
                                                                                                      [02:0x0] state=FREE    
                                                                                                      [03:0x0] state=FREE    
2026-03-18 14:27:11.813 23793-23986 VRI[MainActivity]       com.devson.devsonplayer              D  Received frameCommittedCallback lastAttemptedDrawFrameNum=218 didProduceBuffer=true syncBuffer=false
2026-03-18 14:27:11.813 23793-23793 VRI[MainActivity]       com.devson.devsonplayer              D  draw finished.
2026-03-18 14:27:11.815 23793-23793 Quality                 com.devson.devsonplayer              I  Skipped: false 7 cost 117.97323 refreshRate 16666667 bit true processName com.devson.devsonplayer
2026-03-18 14:27:11.848 23793-25665 FFmpegDecoder           com.devson.devsonplayer              E  swr_init failed
2026-03-18 14:27:11.852 23793-25665 FFmpegDecoder           com.devson.devsonplayer              E  swr_init failed
2026-03-18 14:27:11.853 23793-25665 FFmpegDecoder           com.devson.devsonplayer              E  swr_init failed
2026-03-18 14:27:11.854 23793-25665 FFmpegDecoder           com.devson.devsonplayer              E  swr_init failed
2026-03-18 14:27:11.855 23793-25665 FFmpegDecoder           com.devson.devsonplayer              E  swr_init failed
2026-03-18 14:27:11.856 23793-25665 FFmpegDecoder           com.devson.devsonplayer              E  swr_init failed
2026-03-18 14:27:11.863 23793-25665 FFmpegDecoder           com.devson.devsonplayer              E  swr_init failed
2026-03-18 14:27:11.864 23793-25665 FFmpegDecoder           com.devson.devsonplayer              E  swr_init failed
2026-03-18 14:27:11.865 23793-25665 FFmpegDecoder           com.devson.devsonplayer              E  swr_init failed
2026-03-18 14:27:11.869 23793-25665 FFmpegDecoder           com.devson.devsonplayer              E  swr_init failed
2026-03-18 14:27:11.870 23793-25665 FFmpegDecoder           com.devson.devsonplayer              E  swr_init failed
2026-03-18 14:27:11.881 23793-25665 FFmpegDecoder           com.devson.devsonplayer              E  swr_init failed
2026-03-18 14:27:11.881 23793-25665 FFmpegDecoder           com.devson.devsonplayer              E  swr_init failed
2026-03-18 14:27:11.882 23793-25665 FFmpegDecoder           com.devson.devsonplayer              E  swr_init failed
2026-03-18 14:27:11.883 23793-25665 FFmpegDecoder           com.devson.devsonplayer              E  swr_init failed
2026-03-18 14:27:11.883 23793-25665 FFmpegDecoder           com.devson.devsonplayer              E  swr_init failed
2026-03-18 14:27:11.884 23793-25665 FFmpegDecoder           com.devson.devsonplayer              E  swr_init failed
2026-03-18 14:27:11.885 23793-25665 FFmpegDecoder           com.devson.devsonplayer              E  swr_init failed
2026-03-18 14:27:11.885 23793-25665 FFmpegDecoder           com.devson.devsonplayer              E  swr_init failed
2026-03-18 14:27:11.886 23793-25665 FFmpegDecoder           com.devson.devsonplayer              E  swr_init failed
2026-03-18 14:27:11.887 23793-25665 FFmpegDecoder           com.devson.devsonplayer              E  swr_init failed
2026-03-18 14:27:11.887 23793-25665 FFmpegDecoder           com.devson.devsonplayer              E  swr_init failed
2026-03-18 14:27:11.934 23793-25657 AAudioStream            com.devson.devsonplayer              D  setState(s#1) from 3 to 4
2026-03-18 14:27:11.993 23793-25664 FFmpegDecoder           com.devson.devsonplayer              I  Already YUV420P — no SWS needed
2026-03-18 14:27:11.993 23793-25664 libMEOW                 com.devson.devsonplayer              D  meow new tls: 0xb400007bf4f61f40
2026-03-18 14:27:11.993 23793-25664 libMEOW                 com.devson.devsonplayer              D  applied 1 plugins for [com.devson.devsonplayer]:
2026-03-18 14:27:11.993 23793-25664 libMEOW                 com.devson.devsonplayer              D    plugin 1: [libMEOW_gift.so]: 0xb400007c84296000
2026-03-18 14:27:11.993 23793-25664 libMEOW                 com.devson.devsonplayer              D  rebuild call chain: 0xb400007bd5df21c0
2026-03-18 14:27:12.006 23793-25664 BLASTBufferQueue        com.devson.devsonplayer              E  [SurfaceView[com.devson.devsonplayer/com.devson.devsonplayer.MainActivity]#1](f:0,a:0) rejecting buffer:active_size=1280x720, requested_size=1280x720 buffer{size=720x1600 transform=0}
2026-03-18 14:27:12.200 23793-25665 FFmpegDecoder           com.devson.devsonplayer              E  swr_init failed
2026-03-18 14:27:12.200 23793-25665 FFmpegDecoder           com.devson.devsonplayer              E  swr_init failed
2026-03-18 14:27:12.201 23793-25665 FFmpegDecoder           com.devson.devsonplayer              E  swr_init failed
2026-03-18 14:27:12.201 23793-25665 FFmpegDecoder           com.devson.devsonplayer              E  swr_init failed
2026-03-18 14:27:12.203 23793-25665 FFmpegDecoder           com.devson.devsonplayer              E  swr_init failed
2026-03-18 14:27:12.204 23793-25665 FFmpegDecoder           com.devson.devsonplayer              E  swr_init failed
2026-03-18 14:27:12.205 23793-25665 FFmpegDecoder           com.devson.devsonplayer              E  swr_init failed
2026-03-18 14:27:12.205 23793-25665 FFmpegDecoder           com.devson.devsonplayer              E  swr_init failed
2026-03-18 14:27:12.222 23793-25650 AudioCapabilities       com.devson.devsonplayer              W  Unsupported mime audio/x-adpcm-dvi-ima
2026-03-18 14:27:12.223 23793-25650 AudioCapabilities       com.devson.devsonplayer              W  Unsupported mime audio/x-adpcm-dvi-ima
2026-03-18 14:27:12.223 23793-25650 AudioCapabilities       com.devson.devsonplayer              W  Unsupported mime audio/x-adpcm-ms
2026-03-18 14:27:12.224 23793-25650 AudioCapabilities       com.devson.devsonplayer              W  Unsupported mime audio/x-adpcm-ms
2026-03-18 14:27:12.224 23793-25650 AudioCapabilities       com.devson.devsonplayer              W  Unsupported mime audio/alac
2026-03-18 14:27:12.225 23793-25650 AudioCapabilities       com.devson.devsonplayer              W  Unsupported mime audio/alac
2026-03-18 14:27:12.225 23793-25650 AudioCapabilities       com.devson.devsonplayer              W  Unsupported mime audio/ape
2026-03-18 14:27:12.225 23793-25650 AudioCapabilities       com.devson.devsonplayer              W  Unsupported mime audio/ape
2026-03-18 14:27:12.241 23793-25650 AudioCapabilities       com.devson.devsonplayer              W  Unsupported mime audio/ffmpeg
2026-03-18 14:27:12.270 23793-25650 VideoCapabilities       com.devson.devsonplayer              W  Unrecognized profile/level 32768/256 for video/mp4v-es
2026-03-18 14:27:12.271 23793-25650 VideoCapabilities       com.devson.devsonplayer              W  Unrecognized profile/level 32768/256 for video/mp4v-es
2026-03-18 14:27:12.274 23793-25650 VideoCapabilities       com.devson.devsonplayer              W  Unsupported mime video/x-ms-wmv
2026-03-18 14:27:12.275 23793-25650 VideoCapabilities       com.devson.devsonplayer              W  Unsupported mime video/x-ms-wmv
2026-03-18 14:27:12.304 23793-25650 VideoCapabilities       com.devson.devsonplayer              W  Unsupported mime video/ffmpeg
2026-03-18 14:27:12.831 23793-25665 FFmpegDecoder           com.devson.devsonplayer              E  swr_init failed
2026-03-18 14:27:12.832 23793-25665 FFmpegDecoder           com.devson.devsonplayer              E  swr_init failed
2026-03-18 14:27:12.833 23793-25665 FFmpegDecoder           com.devson.devsonplayer              E  swr_init failed
2026-03-18 14:27:12.834 23793-25665 FFmpegDecoder           com.devson.devsonplayer              E  swr_init failed
2026-03-18 14:27:12.835 23793-25665 FFmpegDecoder           com.devson.devsonplayer              E  swr_init failed
2026-03-18 14:27:12.836 23793-25665 FFmpegDecoder           com.devson.devsonplayer              E  swr_init failed
2026-03-18 14:27:12.837 23793-25665 FFmpegDecoder           com.devson.devsonplayer              E  swr_init failed
2026-03-18 14:27:12.838 23793-25665 FFmpegDecoder           com.devson.devsonplayer              E  swr_init failed
2026-03-18 14:27:13.204 23793-25665 FFmpegDecoder           com.devson.devsonplayer              E  swr_init failed
2026-03-18 14:27:13.205 23793-25665 FFmpegDecoder           com.devson.devsonplayer              E  swr_init failed
2026-03-18 14:27:13.205 23793-25665 FFmpegDecoder           com.devson.devsonplayer              E  swr_init failed
2026-03-18 14:27:13.206 23793-25665 FFmpegDecoder           com.devson.devsonplayer              E  swr_init failed
2026-03-18 14:27:13.206 23793-25665 FFmpegDecoder           com.devson.devsonplayer              E  swr_init failed
2026-03-18 14:27:13.207 23793-25665 FFmpegDecoder           com.devson.devsonplayer              E  swr_init failed
2026-03-18 14:27:13.207 23793-25665 FFmpegDecoder           com.devson.devsonplayer              E  swr_init failed
2026-03-18 14:27:13.208 23793-25665 FFmpegDecoder           com.devson.devsonplayer              E  swr_init failed
2026-03-18 14:27:13.208 23793-25665 FFmpegDecoder           com.devson.devsonplayer              E  swr_init failed
2026-03-18 14:27:13.209 23793-25665 FFmpegDecoder           com.devson.devsonplayer              E  swr_init failed
2026-03-18 14:27:13.210 23793-25665 FFmpegDecoder           com.devson.devsonplayer              E  swr_init failed
2026-03-18 14:27:13.210 23793-25665 FFmpegDecoder           com.devson.devsonplayer              E  swr_init failed
2026-03-18 14:27:13.211 23793-25665 FFmpegDecoder           com.devson.devsonplayer              E  swr_init failed
2026-03-18 14:27:13.211 23793-25665 FFmpegDecoder           com.devson.devsonplayer              E  swr_init failed
2026-03-18 14:27:13.211 23793-25665 FFmpegDecoder           com.devson.devsonplayer              E  swr_init failed
2026-03-18 14:27:13.212 23793-25665 FFmpegDecoder           com.devson.devsonplayer              E  swr_init failed
2026-03-18 14:27:13.617 23793-23793 Quality                 com.devson.devsonplayer              I  Skipped: true 1 cost 29.95198 refreshRate 16793216 bit true processName com.devson.devsonplayer
2026-03-18 14:27:13.684 23793-25665 FFmpegDecoder           com.devson.devsonplayer              E  swr_init failed
2026-03-18 14:27:13.705 23793-23793 Quality                 com.devson.devsonplayer              I  Skipped: true 2 cost 34.28896 refreshRate 16762863 bit true processName com.devson.devsonplayer
2026-03-18 14:27:13.706 23793-25665 FFmpegDecoder           com.devson.devsonplayer              E  swr_init failed
2026-03-18 14:27:13.708 23793-25665 FFmpegDecoder           com.devson.devsonplayer              E  swr_init failed
2026-03-18 14:27:13.709 23793-25665 FFmpegDecoder           com.devson.devsonplayer              E  swr_init failed
2026-03-18 14:27:13.712 23793-25665 FFmpegDecoder           com.devson.devsonplayer              E  swr_init failed
2026-03-18 14:27:13.715 23793-25665 FFmpegDecoder           com.devson.devsonplayer              E  swr_init failed
2026-03-18 14:27:13.717 23793-25665 FFmpegDecoder           com.devson.devsonplayer              E  swr_init failed
2026-03-18 14:27:13.769 23793-25665 FFmpegDecoder           com.devson.devsonplayer              E  swr_init failed
2026-03-18 14:27:13.769 23793-25665 FFmpegDecoder           com.devson.devsonplayer              E  swr_init failed
2026-03-18 14:27:13.769 23793-25665 FFmpegDecoder           com.devson.devsonplayer              E  swr_init failed
2026-03-18 14:27:13.770 23793-25665 FFmpegDecoder           com.devson.devsonplayer              E  swr_init failed
2026-03-18 14:27:13.770 23793-25665 FFmpegDecoder           com.devson.devsonplayer              E  swr_init failed
2026-03-18 14:27:13.770 23793-25665 FFmpegDecoder           com.devson.devsonplayer              E  swr_init failed
2026-03-18 14:27:13.771 23793-25665 FFmpegDecoder           com.devson.devsonplayer              E  swr_init failed
2026-03-18 14:27:13.771 23793-25665 FFmpegDecoder           com.devson.devsonplayer              E  swr_init failed
2026-03-18 14:27:13.772 23793-25665 FFmpegDecoder           com.devson.devsonplayer              E  swr_init failed
2026-03-18 14:27:13.773 23793-25665 FFmpegDecoder           com.devson.devsonplayer              E  swr_init failed
2026-03-18 14:27:13.773 23793-23793 Quality                 com.devson.devsonplayer              I  Skipped: false 2 cost 34.89525 refreshRate 16785220 bit true processName com.devson.devsonplayer
2026-03-18 14:27:13.773 23793-25665 FFmpegDecoder           com.devson.devsonplayer              E  swr_init failed
2026-03-18 14:27:13.774 23793-25665 FFmpegDecoder           com.devson.devsonplayer              E  swr_init failed
2026-03-18 14:27:13.774 23793-25665 FFmpegDecoder           com.devson.devsonplayer              E  swr_init failed
2026-03-18 14:27:13.774 23793-25665 FFmpegDecoder           com.devson.devsonplayer              E  swr_init failed
2026-03-18 14:27:13.775 23793-25665 FFmpegDecoder           com.devson.devsonplayer              E  swr_init failed
2026-03-18 14:27:13.775 23793-25665 FFmpegDecoder           com.devson.devsonplayer              E  swr_init failed
2026-03-18 14:27:13.776 23793-25665 FFmpegDecoder           com.devson.devsonplayer              E  swr_init failed
2026-03-18 14:27:13.776 23793-25665 FFmpegDecoder           com.devson.devsonplayer              E  swr_init failed
2026-03-18 14:27:13.776 23793-25665 FFmpegDecoder           com.devson.devsonplayer              E  swr_init failed
2026-03-18 14:27:13.777 23793-25665 FFmpegDecoder           com.devson.devsonplayer              E  swr_init failed
2026-03-18 14:27:13.777 23793-25665 FFmpegDecoder           com.devson.devsonplayer              E  swr_init failed
2026-03-18 14:27:13.778 23793-25665 FFmpegDecoder           com.devson.devsonplayer              E  swr_init failed
2026-03-18 14:27:13.778 23793-25665 FFmpegDecoder           com.devson.devsonplayer              E  swr_init failed
2026-03-18 14:27:13.778 23793-25665 FFmpegDecoder           com.devson.devsonplayer              E  swr_init failed
2026-03-18 14:27:13.779 23793-25665 FFmpegDecoder           com.devson.devsonplayer              E  swr_init failed
2026-03-18 14:27:13.779 23793-25665 FFmpegDecoder           com.devson.devsonplayer              E  swr_init failed
2026-03-18 14:27:13.802 23793-23808 on.devsonplayer         com.devson.devsonplayer              I  NativeAlloc concurrent copying GC freed 3346KB AllocSpace bytes, 6(232KB) LOS objects, 63% free, 7063KB/18MB, paused 331us,151us total 147.505ms
2026-03-18 14:27:13.873 23793-25665 FFmpegDecoder           com.devson.devsonplayer              E  swr_init failed
2026-03-18 14:27:13.874 23793-25665 FFmpegDecoder           com.devson.devsonplayer              E  swr_init failed
2026-03-18 14:27:13.875 23793-25665 FFmpegDecoder           com.devson.devsonplayer              E  swr_init failed
2026-03-18 14:27:13.876 23793-25665 FFmpegDecoder           com.devson.devsonplayer              E  swr_init failed
2026-03-18 14:27:13.877 23793-25665 FFmpegDecoder           com.devson.devsonplayer              E  swr_init failed
2026-03-18 14:27:13.877 23793-25665 FFmpegDecoder           com.devson.devsonplayer              E  swr_init failed
2026-03-18 14:27:13.878 23793-25665 FFmpegDecoder           com.devson.devsonplayer              E  swr_init failed
2026-03-18 14:27:13.880 23793-25665 FFmpegDecoder           com.devson.devsonplayer              E  swr_init failed
2026-03-18 14:27:14.003 23793-25665 FFmpegDecoder           com.devson.devsonplayer              E  swr_init failed
2026-03-18 14:27:14.004 23793-25665 FFmpegDecoder           com.devson.devsonplayer              E  swr_init failed
2026-03-18 14:27:14.005 23793-25665 FFmpegDecoder           com.devson.devsonplayer              E  swr_init failed
2026-03-18 14:27:14.006 23793-25665 FFmpegDecoder           com.devson.devsonplayer              E  swr_init failed
2026-03-18 14:27:14.007 23793-25665 FFmpegDecoder           com.devson.devsonplayer              E  swr_init failed
2026-03-18 14:27:14.008 23793-25665 FFmpegDecoder           com.devson.devsonplayer              E  swr_init failed
2026-03-18 14:27:14.009 23793-25665 FFmpegDecoder           com.devson.devsonplayer              E  swr_init failed
2026-03-18 14:27:14.011 23793-25665 FFmpegDecoder           com.devson.devsonplayer              E  swr_init failed
2026-03-18 14:27:14.092 23793-25665 FFmpegDecoder           com.devson.devsonplayer              E  swr_init failed
2026-03-18 14:27:14.093 23793-25665 FFmpegDecoder           com.devson.devsonplayer              E  swr_init failed
2026-03-18 14:27:14.094 23793-25665 FFmpegDecoder           com.devson.devsonplayer              E  swr_init failed
2026-03-18 14:27:14.095 23793-25665 FFmpegDecoder           com.devson.devsonplayer              E  swr_init failed
2026-03-18 14:27:14.096 23793-25665 FFmpegDecoder           com.devson.devsonplayer              E  swr_init failed
2026-03-18 14:27:14.097 23793-25665 FFmpegDecoder           com.devson.devsonplayer              E  swr_init failed
2026-03-18 14:27:14.098 23793-25665 FFmpegDecoder           com.devson.devsonplayer              E  swr_init failed
2026-03-18 14:27:14.099 23793-25665 FFmpegDecoder           com.devson.devsonplayer              E  swr_init failed
2026-03-18 14:27:14.346 23793-25665 FFmpegDecoder           com.devson.devsonplayer              E  swr_init failed
2026-03-18 14:27:14.347 23793-25665 FFmpegDecoder           com.devson.devsonplayer              E  swr_init failed
2026-03-18 14:27:14.348 23793-25665 FFmpegDecoder           com.devson.devsonplayer              E  swr_init failed
2026-03-18 14:27:14.349 23793-25665 FFmpegDecoder           com.devson.devsonplayer              E  swr_init failed
2026-03-18 14:27:14.349 23793-25665 FFmpegDecoder           com.devson.devsonplayer              E  swr_init failed
2026-03-18 14:27:14.350 23793-25665 FFmpegDecoder           com.devson.devsonplayer              E  swr_init failed
2026-03-18 14:27:14.350 23793-25665 FFmpegDecoder           com.devson.devsonplayer              E  swr_init failed
2026-03-18 14:27:14.350 23793-25665 FFmpegDecoder           com.devson.devsonplayer              E  swr_init failed
2026-03-18 14:27:14.407 23793-25665 FFmpegDecoder           com.devson.devsonplayer              E  swr_init failed
2026-03-18 14:27:14.408 23793-25665 FFmpegDecoder           com.devson.devsonplayer              E  swr_init failed
2026-03-18 14:27:14.408 23793-25665 FFmpegDecoder           com.devson.devsonplayer              E  swr_init failed
2026-03-18 14:27:14.409 23793-25665 FFmpegDecoder           com.devson.devsonplayer              E  swr_init failed
2026-03-18 14:27:14.409 23793-25665 FFmpegDecoder           com.devson.devsonplayer              E  swr_init failed
2026-03-18 14:27:14.410 23793-25665 FFmpegDecoder           com.devson.devsonplayer              E  swr_init failed
2026-03-18 14:27:14.410 23793-25665 FFmpegDecoder           com.devson.devsonplayer              E  swr_init failed
2026-03-18 14:27:14.411 23793-25665 FFmpegDecoder           com.devson.devsonplayer              E  swr_init failed
2026-03-18 14:27:14.619 23793-25665 FFmpegDecoder           com.devson.devsonplayer              E  swr_init failed
2026-03-18 14:27:14.619 23793-25665 FFmpegDecoder           com.devson.devsonplayer              E  swr_init failed
2026-03-18 14:27:14.620 23793-25665 FFmpegDecoder           com.devson.devsonplayer              E  swr_init failed
2026-03-18 14:27:14.620 23793-25665 FFmpegDecoder           com.devson.devsonplayer              E  swr_init failed
2026-03-18 14:27:14.621 23793-25665 FFmpegDecoder           com.devson.devsonplayer              E  swr_init failed
2026-03-18 14:27:14.621 23793-25665 FFmpegDecoder           com.devson.devsonplayer              E  swr_init failed
2026-03-18 14:27:14.683 23793-25665 FFmpegDecoder           com.devson.devsonplayer              E  swr_init failed
2026-03-18 14:27:14.684 23793-25665 FFmpegDecoder           com.devson.devsonplayer              E  swr_init failed
2026-03-18 14:27:14.774 23793-25665 FFmpegDecoder           com.devson.devsonplayer              E  swr_init failed
2026-03-18 14:27:14.774 23793-25665 FFmpegDecoder           com.devson.devsonplayer              E  swr_init failed
2026-03-18 14:27:14.775 23793-25665 FFmpegDecoder           com.devson.devsonplayer              E  swr_init failed
2026-03-18 14:27:14.775 23793-25665 FFmpegDecoder           com.devson.devsonplayer              E  swr_init failed
2026-03-18 14:27:14.775 23793-25665 FFmpegDecoder           com.devson.devsonplayer              E  swr_init failed
2026-03-18 14:27:14.776 23793-25665 FFmpegDecoder           com.devson.devsonplayer              E  swr_init failed
2026-03-18 14:27:14.776 23793-25665 FFmpegDecoder           com.devson.devsonplayer              E  swr_init failed
2026-03-18 14:27:14.777 23793-25665 FFmpegDecoder           com.devson.devsonplayer              E  swr_init failed
2026-03-18 14:27:15.051 23793-25665 FFmpegDecoder           com.devson.devsonplayer              E  swr_init failed
2026-03-18 14:27:15.051 23793-25665 FFmpegDecoder           com.devson.devsonplayer              E  swr_init failed
2026-03-18 14:27:15.052 23793-25665 FFmpegDecoder           com.devson.devsonplayer              E  swr_init failed
2026-03-18 14:27:15.052 23793-25665 FFmpegDecoder           com.devson.devsonplayer              E  swr_init failed
2026-03-18 14:27:15.052 23793-25665 FFmpegDecoder           com.devson.devsonplayer              E  swr_init failed
2026-03-18 14:27:15.053 23793-25665 FFmpegDecoder           com.devson.devsonplayer              E  swr_init failed
2026-03-18 14:27:15.053 23793-25665 FFmpegDecoder           com.devson.devsonplayer              E  swr_init failed
2026-03-18 14:27:15.053 23793-25665 FFmpegDecoder           com.devson.devsonplayer              E  swr_init failed
2026-03-18 14:27:15.054 23793-25665 FFmpegDecoder           com.devson.devsonplayer              E  swr_init failed
2026-03-18 14:27:15.054 23793-25665 FFmpegDecoder           com.devson.devsonplayer              E  swr_init failed
2026-03-18 14:27:15.054 23793-25665 FFmpegDecoder           com.devson.devsonplayer              E  swr_init failed
2026-03-18 14:27:15.055 23793-25665 FFmpegDecoder           com.devson.devsonplayer              E  swr_init failed
2026-03-18 14:27:15.055 23793-25665 FFmpegDecoder           com.devson.devsonplayer              E  swr_init failed
2026-03-18 14:27:15.055 23793-25665 FFmpegDecoder           com.devson.devsonplayer              E  swr_init failed
2026-03-18 14:27:15.056 23793-25665 FFmpegDecoder           com.devson.devsonplayer              E  swr_init failed
2026-03-18 14:27:15.056 23793-25665 FFmpegDecoder           com.devson.devsonplayer              E  swr_init failed
2026-03-18 14:27:15.057 23793-25665 FFmpegDecoder           com.devson.devsonplayer              E  swr_init failed
2026-03-18 14:27:15.057 23793-25665 FFmpegDecoder           com.devson.devsonplayer              E  swr_init failed
2026-03-18 14:27:15.058 23793-25665 FFmpegDecoder           com.devson.devsonplayer              E  swr_init failed
2026-03-18 14:27:15.058 23793-25665 FFmpegDecoder           com.devson.devsonplayer              E  swr_init failed
2026-03-18 14:27:15.059 23793-25665 FFmpegDecoder           com.devson.devsonplayer              E  swr_init failed
2026-03-18 14:27:15.060 23793-25665 FFmpegDecoder           com.devson.devsonplayer              E  swr_init failed
2026-03-18 14:27:15.060 23793-25665 FFmpegDecoder           com.devson.devsonplayer              E  swr_init failed
2026-03-18 14:27:15.061 23793-25665 FFmpegDecoder           com.devson.devsonplayer              E  swr_init failed
2026-03-18 14:27:15.062 23793-25665 FFmpegDecoder           com.devson.devsonplayer              E  swr_init failed
2026-03-18 14:27:15.063 23793-25665 FFmpegDecoder           com.devson.devsonplayer              E  swr_init failed
2026-03-18 14:27:15.064 23793-25665 FFmpegDecoder           com.devson.devsonplayer              E  swr_init failed
2026-03-18 14:27:15.064 23793-25665 FFmpegDecoder           com.devson.devsonplayer              E  swr_init failed
2026-03-18 14:27:15.065 23793-25665 FFmpegDecoder           com.devson.devsonplayer              E  swr_init failed
2026-03-18 14:27:15.065 23793-25665 FFmpegDecoder           com.devson.devsonplayer              E  swr_init failed
2026-03-18 14:27:15.066 23793-25665 FFmpegDecoder           com.devson.devsonplayer              E  swr_init failed
2026-03-18 14:27:15.066 23793-25665 FFmpegDecoder           com.devson.devsonplayer              E  swr_init failed
2026-03-18 14:27:15.067 23793-25665 FFmpegDecoder           com.devson.devsonplayer              E  swr_init failed
2026-03-18 14:27:15.067 23793-25665 FFmpegDecoder           com.devson.devsonplayer              E  swr_init failed
2026-03-18 14:27:15.068 23793-25665 FFmpegDecoder           com.devson.devsonplayer              E  swr_init failed
2026-03-18 14:27:15.068 23793-25665 FFmpegDecoder           com.devson.devsonplayer              E  swr_init failed
2026-03-18 14:27:15.069 23793-25665 FFmpegDecoder           com.devson.devsonplayer              E  swr_init failed
2026-03-18 14:27:15.069 23793-25665 FFmpegDecoder           com.devson.devsonplayer              E  swr_init failed
2026-03-18 14:27:15.069 23793-25665 FFmpegDecoder           com.devson.devsonplayer              E  swr_init failed
2026-03-18 14:27:15.070 23793-25665 FFmpegDecoder           com.devson.devsonplayer              E  swr_init failed
2026-03-18 14:27:15.136 23793-25665 FFmpegDecoder           com.devson.devsonplayer              E  swr_init failed
2026-03-18 14:27:15.137 23793-25665 FFmpegDecoder           com.devson.devsonplayer              E  swr_init failed
2026-03-18 14:27:15.137 23793-25665 FFmpegDecoder           com.devson.devsonplayer              E  swr_init failed
2026-03-18 14:27:15.138 23793-25665 FFmpegDecoder           com.devson.devsonplayer              E  swr_init failed
2026-03-18 14:27:15.138 23793-25665 FFmpegDecoder           com.devson.devsonplayer              E  swr_init failed
2026-03-18 14:27:15.138 23793-25665 FFmpegDecoder           com.devson.devsonplayer              E  swr_init failed
2026-03-18 14:27:15.139 23793-25665 FFmpegDecoder           com.devson.devsonplayer              E  swr_init failed
2026-03-18 14:27:15.139 23793-25665 FFmpegDecoder           com.devson.devsonplayer              E  swr_init failed
2026-03-18 14:27:15.299 23793-25665 FFmpegDecoder           com.devson.devsonplayer              E  swr_init failed
2026-03-18 14:27:15.300 23793-25665 FFmpegDecoder           com.devson.devsonplayer              E  swr_init failed
2026-03-18 14:27:15.301 23793-25665 FFmpegDecoder           com.devson.devsonplayer              E  swr_init failed
2026-03-18 14:27:15.302 23793-25665 FFmpegDecoder           com.devson.devsonplayer              E  swr_init failed
2026-03-18 14:27:15.302 23793-25665 FFmpegDecoder           com.devson.devsonplayer              E  swr_init failed
2026-03-18 14:27:15.303 23793-25665 FFmpegDecoder           com.devson.devsonplayer              E  swr_init failed
2026-03-18 14:27:15.304 23793-25665 FFmpegDecoder           com.devson.devsonplayer              E  swr_init failed
2026-03-18 14:27:15.305 23793-25665 FFmpegDecoder           com.devson.devsonplayer              E  swr_init failed
2026-03-18 14:27:15.329 23793-23793 Quality                 com.devson.devsonplayer              I  Skipped: true 2 cost 39.48774 refreshRate 16710039 bit true processName com.devson.devsonplayer
2026-03-18 14:27:15.531 23793-25665 FFmpegDecoder           com.devson.devsonplayer              E  swr_init failed
2026-03-18 14:27:15.532 23793-25665 FFmpegDecoder           com.devson.devsonplayer              E  swr_init failed
2026-03-18 14:27:15.534 23793-25665 FFmpegDecoder           com.devson.devsonplayer              E  swr_init failed
2026-03-18 14:27:15.535 23793-25665 FFmpegDecoder           com.devson.devsonplayer              E  swr_init failed
2026-03-18 14:27:15.537 23793-25665 FFmpegDecoder           com.devson.devsonplayer              E  swr_init failed
2026-03-18 14:27:15.537 23793-25665 FFmpegDecoder           com.devson.devsonplayer              E  swr_init failed
2026-03-18 14:27:15.538 23793-25665 FFmpegDecoder           com.devson.devsonplayer              E  swr_init failed
2026-03-18 14:27:15.538 23793-25665 FFmpegDecoder           com.devson.devsonplayer              E  swr_init failed
2026-03-18 14:27:15.675 23793-23793 AudioManagerExtImpl     com.devson.devsonplayer              D  getStreamVolume packageName=com.devson.devsonplayer, index=10, streamType=3
2026-03-18 14:27:15.769 23793-25665 FFmpegDecoder           com.devson.devsonplayer              E  swr_init failed
2026-03-18 14:27:15.770 23793-25665 FFmpegDecoder           com.devson.devsonplayer              E  swr_init failed
2026-03-18 14:27:15.771 23793-25665 FFmpegDecoder           com.devson.devsonplayer              E  swr_init failed
2026-03-18 14:27:15.772 23793-25665 FFmpegDecoder           com.devson.devsonplayer              E  swr_init failed
2026-03-18 14:27:15.773 23793-25665 FFmpegDecoder           com.devson.devsonplayer              E  swr_init failed
2026-03-18 14:27:15.774 23793-25665 FFmpegDecoder           com.devson.devsonplayer              E  swr_init failed
2026-03-18 14:27:15.775 23793-25665 FFmpegDecoder           com.devson.devsonplayer              E  swr_init failed
2026-03-18 14:27:15.776 23793-25665 FFmpegDecoder           com.devson.devsonplayer              E  swr_init failed
2026-03-18 14:27:15.895 23793-25665 FFmpegDecoder           com.devson.devsonplayer              E  swr_init failed
2026-03-18 14:27:15.897 23793-25665 FFmpegDecoder           com.devson.devsonplayer              E  swr_init failed
2026-03-18 14:27:15.898 23793-25665 FFmpegDecoder           com.devson.devsonplayer              E  swr_init failed
2026-03-18 14:27:15.899 23793-25665 FFmpegDecoder           com.devson.devsonplayer              E  swr_init failed
2026-03-18 14:27:15.900 23793-25665 FFmpegDecoder           com.devson.devsonplayer              E  swr_init failed
2026-03-18 14:27:15.945 23793-25665 FFmpegDecoder           com.devson.devsonplayer              E  swr_init failed
2026-03-18 14:27:15.946 23793-25665 FFmpegDecoder           com.devson.devsonplayer              E  swr_init failed
2026-03-18 14:27:15.946 23793-25665 FFmpegDecoder           com.devson.devsonplayer              E  swr_init failed
2026-03-18 14:27:16.130 23793-25665 FFmpegDecoder           com.devson.devsonplayer              E  swr_init failed
2026-03-18 14:27:16.131 23793-25665 FFmpegDecoder           com.devson.devsonplayer              E  swr_init failed
2026-03-18 14:27:16.131 23793-25665 FFmpegDecoder           com.devson.devsonplayer              E  swr_init failed
2026-03-18 14:27:16.132 23793-25665 FFmpegDecoder           com.devson.devsonplayer              E  swr_init failed
2026-03-18 14:27:16.133 23793-25665 FFmpegDecoder           com.devson.devsonplayer              E  swr_init failed
2026-03-18 14:27:16.135 23793-25665 FFmpegDecoder           com.devson.devsonplayer              E  swr_init failed
2026-03-18 14:27:16.135 23793-25665 FFmpegDecoder           com.devson.devsonplayer              E  swr_init failed
2026-03-18 14:27:16.137 23793-25665 FFmpegDecoder           com.devson.devsonplayer              E  swr_init failed
2026-03-18 14:27:16.176 23793-23793 Quality                 com.devson.devsonplayer              I  Skipped: false 5 cost 85.89629 refreshRate 16702715 bit true processName com.devson.devsonplayer
2026-03-18 14:27:16.222 23793-25665 FFmpegDecoder           com.devson.devsonplayer              E  swr_init failed
2026-03-18 14:27:16.222 23793-25665 FFmpegDecoder           com.devson.devsonplayer              E  swr_init failed
2026-03-18 14:27:16.223 23793-25665 FFmpegDecoder           com.devson.devsonplayer              E  swr_init failed
2026-03-18 14:27:16.223 23793-25665 FFmpegDecoder           com.devson.devsonplayer              E  swr_init failed
2026-03-18 14:27:16.223 23793-25665 FFmpegDecoder           com.devson.devsonplayer              E  swr_init failed
2026-03-18 14:27:16.224 23793-25665 FFmpegDecoder           com.devson.devsonplayer              E  swr_init failed
2026-03-18 14:27:16.224 23793-25665 FFmpegDecoder           com.devson.devsonplayer              E  swr_init failed
2026-03-18 14:27:16.224 23793-25665 FFmpegDecoder           com.devson.devsonplayer              E  swr_init failed
2026-03-18 14:27:16.551 23793-25665 FFmpegDecoder           com.devson.devsonplayer              E  swr_init failed
2026-03-18 14:27:16.552 23793-25665 FFmpegDecoder           com.devson.devsonplayer              E  swr_init failed
2026-03-18 14:27:16.552 23793-25665 FFmpegDecoder           com.devson.devsonplayer              E  swr_init failed
2026-03-18 14:27:16.553 23793-25665 FFmpegDecoder           com.devson.devsonplayer              E  swr_init failed
2026-03-18 14:27:16.553 23793-25665 FFmpegDecoder           com.devson.devsonplayer              E  swr_init failed
2026-03-18 14:27:16.554 23793-25665 FFmpegDecoder           com.devson.devsonplayer              E  swr_init failed
2026-03-18 14:27:16.554 23793-25665 FFmpegDecoder           com.devson.devsonplayer              E  swr_init failed
2026-03-18 14:27:16.554 23793-25665 FFmpegDecoder           com.devson.devsonplayer              E  swr_init failed
